Java HotSpot(TM) 64-Bit Server VM (25.71-b15) for bsd-amd64 JRE (1.8.0_71-b15), built on Dec 22 2015 15:11:44 by "java_re" with gcc 4.2.1 (Based on Apple Inc. build 5658) (LLVM build 2336.11.00)
Memory: 4k page, physical 16777216k(645736k free)

/proc/meminfo:

CommandLine flags: -XX:CMSInitiatingOccupancyFraction=50 -XX:CMSMaxAbortablePrecleanTime=6000 -XX:+CMSParallelRemarkEnabled -XX:+CMSScavengeBeforeRemark -XX:ConcGCThreads=4 -XX:InitialHeapSize=536870912 -XX:MaxHeapSize=536870912 -XX:MaxTenuringThreshold=8 -XX:NewRatio=3 -XX:OldPLABSize=16 -XX:ParallelGCThreads=4 -XX:+ParallelRefProcEnabled -XX:PretenureSizeThreshold=67108864 -XX:+PrintGC -XX:+PrintGCApplicationStoppedTime -XX:+PrintGCDateStamps -XX:+PrintGCDetails -XX:+PrintGCTimeStamps -XX:+PrintHeapAtGC -XX:+PrintTenuringDistribution -XX:SurvivorRatio=4 -XX:TargetSurvivorRatio=90 -XX:ThreadStackSize=256 -XX:+UseCMSInitiatingOccupancyOnly -XX:+UseCompressedClassPointers -XX:+UseCompressedOops -XX:+UseConcMarkSweepGC -XX:+UseParNewGC 
2016-04-04T17:28:22.564-0800: 0.233: Total time for which application threads were stopped: 0.0001499 seconds, Stopping threads took: 0.0000102 seconds
2016-04-04T17:28:22.623-0800: 0.292: Total time for which application threads were stopped: 0.0001147 seconds, Stopping threads took: 0.0000105 seconds
2016-04-04T17:28:22.687-0800: 0.356: Total time for which application threads were stopped: 0.0001135 seconds, Stopping threads took: 0.0000089 seconds
2016-04-04T17:28:22.719-0800: 0.388: Total time for which application threads were stopped: 0.0001636 seconds, Stopping threads took: 0.0000210 seconds
2016-04-04T17:28:22.729-0800: 0.398: Total time for which application threads were stopped: 0.0001484 seconds, Stopping threads took: 0.0000190 seconds
2016-04-04T17:28:22.736-0800: 0.405: Total time for which application threads were stopped: 0.0001345 seconds, Stopping threads took: 0.0000130 seconds
{Heap before GC invocations=0 (full 0):
 par new generation   total 109248K, used 87424K [0x00000007a0000000, 0x00000007a8000000, 0x00000007a8000000)
  eden space 87424K, 100% used [0x00000007a0000000, 0x00000007a5560000, 0x00000007a5560000)
  from space 21824K,   0% used [0x00000007a5560000, 0x00000007a5560000, 0x00000007a6ab0000)
  to   space 21824K,   0% used [0x00000007a6ab0000, 0x00000007a6ab0000, 0x00000007a8000000)
 concurrent mark-sweep generation total 393216K, used 0K [0x00000007a8000000, 0x00000007c0000000, 0x00000007c0000000)
 Metaspace       used 10060K, capacity 10204K, committed 10496K, reserved 1058816K
  class space    used 1153K, capacity 1208K, committed 1280K, reserved 1048576K
2016-04-04T17:28:22.915-0800: 0.584: [GC (Allocation Failure) 2016-04-04T17:28:22.915-0800: 0.584: [ParNew
Desired survivor size 20112992 bytes, new threshold 8 (max 8)
- age   1:    5553744 bytes,    5553744 total
: 87424K->5494K(109248K), 0.0055023 secs] 87424K->5494K(502464K), 0.0055764 secs] [Times: user=0.02 sys=0.01, real=0.01 secs] 
Heap after GC invocations=1 (full 0):
 par new generation   total 109248K, used 5494K [0x00000007a0000000, 0x00000007a8000000, 0x00000007a8000000)
  eden space 87424K,   0% used [0x00000007a0000000, 0x00000007a0000000, 0x00000007a5560000)
  from space 21824K,  25% used [0x00000007a6ab0000, 0x00000007a700d8b0, 0x00000007a8000000)
  to   space 21824K,   0% used [0x00000007a5560000, 0x00000007a5560000, 0x00000007a6ab0000)
 concurrent mark-sweep generation total 393216K, used 0K [0x00000007a8000000, 0x00000007c0000000, 0x00000007c0000000)
 Metaspace       used 10060K, capacity 10204K, committed 10496K, reserved 1058816K
  class space    used 1153K, capacity 1208K, committed 1280K, reserved 1048576K
}
2016-04-04T17:28:22.920-0800: 0.589: Total time for which application threads were stopped: 0.0057515 seconds, Stopping threads took: 0.0000216 seconds
2016-04-04T17:28:22.983-0800: 0.652: Total time for which application threads were stopped: 0.0001753 seconds, Stopping threads took: 0.0000219 seconds
2016-04-04T17:28:23.012-0800: 0.681: Total time for which application threads were stopped: 0.0001542 seconds, Stopping threads took: 0.0000131 seconds
2016-04-04T17:28:23.100-0800: 0.768: Total time for which application threads were stopped: 0.0002338 seconds, Stopping threads took: 0.0000148 seconds
2016-04-04T17:28:23.100-0800: 0.769: Total time for which application threads were stopped: 0.0001521 seconds, Stopping threads took: 0.0000102 seconds
2016-04-04T17:28:23.103-0800: 0.772: Total time for which application threads were stopped: 0.0001584 seconds, Stopping threads took: 0.0000097 seconds
2016-04-04T17:28:23.519-0800: 1.188: Total time for which application threads were stopped: 0.0002728 seconds, Stopping threads took: 0.0000209 seconds
{Heap before GC invocations=1 (full 0):
 par new generation   total 109248K, used 92918K [0x00000007a0000000, 0x00000007a8000000, 0x00000007a8000000)
  eden space 87424K, 100% used [0x00000007a0000000, 0x00000007a5560000, 0x00000007a5560000)
  from space 21824K,  25% used [0x00000007a6ab0000, 0x00000007a700d8b0, 0x00000007a8000000)
  to   space 21824K,   0% used [0x00000007a5560000, 0x00000007a5560000, 0x00000007a6ab0000)
 concurrent mark-sweep generation total 393216K, used 0K [0x00000007a8000000, 0x00000007c0000000, 0x00000007c0000000)
 Metaspace       used 19281K, capacity 19636K, committed 19840K, reserved 1067008K
  class space    used 2275K, capacity 2388K, committed 2432K, reserved 1048576K
2016-04-04T17:28:23.687-0800: 1.356: [GC (Allocation Failure) 2016-04-04T17:28:23.687-0800: 1.356: [ParNew
Desired survivor size 20112992 bytes, new threshold 8 (max 8)
- age   1:    9041632 bytes,    9041632 total
- age   2:    2482384 bytes,   11524016 total
: 92918K->14243K(109248K), 0.0088859 secs] 92918K->14243K(502464K), 0.0089585 secs] [Times: user=0.03 sys=0.01, real=0.01 secs] 
Heap after GC invocations=2 (full 0):
 par new generation   total 109248K, used 14243K [0x00000007a0000000, 0x00000007a8000000, 0x00000007a8000000)
  eden space 87424K,   0% used [0x00000007a0000000, 0x00000007a0000000, 0x00000007a5560000)
  from space 21824K,  65% used [0x00000007a5560000, 0x00000007a6348f80, 0x00000007a6ab0000)
  to   space 21824K,   0% used [0x00000007a6ab0000, 0x00000007a6ab0000, 0x00000007a8000000)
 concurrent mark-sweep generation total 393216K, used 0K [0x00000007a8000000, 0x00000007c0000000, 0x00000007c0000000)
 Metaspace       used 19281K, capacity 19636K, committed 19840K, reserved 1067008K
  class space    used 2275K, capacity 2388K, committed 2432K, reserved 1048576K
}
2016-04-04T17:28:23.696-0800: 1.365: Total time for which application threads were stopped: 0.0092066 seconds, Stopping threads took: 0.0000653 seconds
2016-04-04T17:28:23.746-0800: 1.415: Total time for which application threads were stopped: 0.0002280 seconds, Stopping threads took: 0.0000128 seconds
2016-04-04T17:28:23.771-0800: 1.441: Total time for which application threads were stopped: 0.0002734 seconds, Stopping threads took: 0.0000720 seconds
2016-04-04T17:28:23.789-0800: 1.458: Total time for which application threads were stopped: 0.0001827 seconds, Stopping threads took: 0.0000100 seconds
{Heap before GC invocations=2 (full 0):
 par new generation   total 109248K, used 101667K [0x00000007a0000000, 0x00000007a8000000, 0x00000007a8000000)
  eden space 87424K, 100% used [0x00000007a0000000, 0x00000007a5560000, 0x00000007a5560000)
  from space 21824K,  65% used [0x00000007a5560000, 0x00000007a6348f80, 0x00000007a6ab0000)
  to   space 21824K,   0% used [0x00000007a6ab0000, 0x00000007a6ab0000, 0x00000007a8000000)
 concurrent mark-sweep generation total 393216K, used 0K [0x00000007a8000000, 0x00000007c0000000, 0x00000007c0000000)
 Metaspace       used 20420K, capacity 20768K, committed 20992K, reserved 1067008K
  class space    used 2400K, capacity 2487K, committed 2560K, reserved 1048576K
2016-04-04T17:28:23.871-0800: 1.540: [GC (Allocation Failure) 2016-04-04T17:28:23.871-0800: 1.540: [ParNew
Desired survivor size 20112992 bytes, new threshold 8 (max 8)
- age   1:    2719312 bytes,    2719312 total
- age   2:    3502496 bytes,    6221808 total
- age   3:    2478184 bytes,    8699992 total
: 101667K->13992K(109248K), 0.0066164 secs] 101667K->13992K(502464K), 0.0066872 secs] [Times: user=0.03 sys=0.00, real=0.00 secs] 
Heap after GC invocations=3 (full 0):
 par new generation   total 109248K, used 13992K [0x00000007a0000000, 0x00000007a8000000, 0x00000007a8000000)
  eden space 87424K,   0% used [0x00000007a0000000, 0x00000007a0000000, 0x00000007a5560000)
  from space 21824K,  64% used [0x00000007a6ab0000, 0x00000007a785a390, 0x00000007a8000000)
  to   space 21824K,   0% used [0x00000007a5560000, 0x00000007a5560000, 0x00000007a6ab0000)
 concurrent mark-sweep generation total 393216K, used 0K [0x00000007a8000000, 0x00000007c0000000, 0x00000007c0000000)
 Metaspace       used 20420K, capacity 20768K, committed 20992K, reserved 1067008K
  class space    used 2400K, capacity 2487K, committed 2560K, reserved 1048576K
}
2016-04-04T17:28:23.877-0800: 1.546: Total time for which application threads were stopped: 0.0068933 seconds, Stopping threads took: 0.0000399 seconds
{Heap before GC invocations=3 (full 0):
 par new generation   total 109248K, used 101416K [0x00000007a0000000, 0x00000007a8000000, 0x00000007a8000000)
  eden space 87424K, 100% used [0x00000007a0000000, 0x00000007a5560000, 0x00000007a5560000)
  from space 21824K,  64% used [0x00000007a6ab0000, 0x00000007a785a390, 0x00000007a8000000)
  to   space 21824K,   0% used [0x00000007a5560000, 0x00000007a5560000, 0x00000007a6ab0000)
 concurrent mark-sweep generation total 393216K, used 0K [0x00000007a8000000, 0x00000007c0000000, 0x00000007c0000000)
 Metaspace       used 20723K, capacity 21080K, committed 21248K, reserved 1069056K
  class space    used 2433K, capacity 2523K, committed 2560K, reserved 1048576K
2016-04-04T17:28:23.943-0800: 1.612: [GC (Allocation Failure) 2016-04-04T17:28:23.943-0800: 1.612: [ParNew
Desired survivor size 20112992 bytes, new threshold 8 (max 8)
- age   1:     475120 bytes,     475120 total
- age   2:    1685320 bytes,    2160440 total
- age   3:    3482800 bytes,    5643240 total
- age   4:    2478184 bytes,    8121424 total
: 101416K->10026K(109248K), 0.0059097 secs] 101416K->10026K(502464K), 0.0059504 secs] [Times: user=0.02 sys=0.00, real=0.00 secs] 
Heap after GC invocations=4 (full 0):
 par new generation   total 109248K, used 10026K [0x00000007a0000000, 0x00000007a8000000, 0x00000007a8000000)
  eden space 87424K,   0% used [0x00000007a0000000, 0x00000007a0000000, 0x00000007a5560000)
  from space 21824K,  45% used [0x00000007a5560000, 0x00000007a5f2a920, 0x00000007a6ab0000)
  to   space 21824K,   0% used [0x00000007a6ab0000, 0x00000007a6ab0000, 0x00000007a8000000)
 concurrent mark-sweep generation total 393216K, used 0K [0x00000007a8000000, 0x00000007c0000000, 0x00000007c0000000)
 Metaspace       used 20723K, capacity 21080K, committed 21248K, reserved 1069056K
  class space    used 2433K, capacity 2523K, committed 2560K, reserved 1048576K
}
2016-04-04T17:28:23.949-0800: 1.618: Total time for which application threads were stopped: 0.0061073 seconds, Stopping threads took: 0.0000312 seconds
2016-04-04T17:28:23.958-0800: 1.627: Total time for which application threads were stopped: 0.0000527 seconds, Stopping threads took: 0.0000121 seconds
2016-04-04T17:28:23.973-0800: 1.642: Total time for which application threads were stopped: 0.0000651 seconds, Stopping threads took: 0.0000105 seconds
{Heap before GC invocations=4 (full 0):
 par new generation   total 109248K, used 97450K [0x00000007a0000000, 0x00000007a8000000, 0x00000007a8000000)
  eden space 87424K, 100% used [0x00000007a0000000, 0x00000007a5560000, 0x00000007a5560000)
  from space 21824K,  45% used [0x00000007a5560000, 0x00000007a5f2a920, 0x00000007a6ab0000)
  to   space 21824K,   0% used [0x00000007a6ab0000, 0x00000007a6ab0000, 0x00000007a8000000)
 concurrent mark-sweep generation total 393216K, used 0K [0x00000007a8000000, 0x00000007c0000000, 0x00000007c0000000)
 Metaspace       used 21396K, capacity 21694K, committed 21884K, reserved 1069056K
  class space    used 2529K, capacity 2620K, committed 2684K, reserved 1048576K
2016-04-04T17:28:24.024-0800: 1.693: [GC (Allocation Failure) 2016-04-04T17:28:24.024-0800: 1.693: [ParNew
Desired survivor size 20112992 bytes, new threshold 8 (max 8)
- age   1:     671424 bytes,     671424 total
- age   2:     114704 bytes,     786128 total
- age   3:    1685288 bytes,    2471416 total
- age   4:    3481720 bytes,    5953136 total
- age   5:    2478184 bytes,    8431320 total
: 97450K->10593K(109248K), 0.0059827 secs] 97450K->10593K(502464K), 0.0060337 secs] [Times: user=0.02 sys=0.00, real=0.01 secs] 
Heap after GC invocations=5 (full 0):
 par new generation   total 109248K, used 10593K [0x00000007a0000000, 0x00000007a8000000, 0x00000007a8000000)
  eden space 87424K,   0% used [0x00000007a0000000, 0x00000007a0000000, 0x00000007a5560000)
  from space 21824K,  48% used [0x00000007a6ab0000, 0x00000007a7508640, 0x00000007a8000000)
  to   space 21824K,   0% used [0x00000007a5560000, 0x00000007a5560000, 0x00000007a6ab0000)
 concurrent mark-sweep generation total 393216K, used 0K [0x00000007a8000000, 0x00000007c0000000, 0x00000007c0000000)
 Metaspace       used 21396K, capacity 21694K, committed 21884K, reserved 1069056K
  class space    used 2529K, capacity 2620K, committed 2684K, reserved 1048576K
}
2016-04-04T17:28:24.030-0800: 1.699: Total time for which application threads were stopped: 0.0061638 seconds, Stopping threads took: 0.0000131 seconds
2016-04-04T17:28:24.031-0800: 1.700: [GC (CMS Initial Mark) [1 CMS-initial-mark: 0K(393216K)] 12087K(502464K), 0.0015925 secs] [Times: user=0.01 sys=0.00, real=0.00 secs] 
2016-04-04T17:28:24.032-0800: 1.701: Total time for which application threads were stopped: 0.0017565 seconds, Stopping threads took: 0.0000732 seconds
2016-04-04T17:28:24.032-0800: 1.701: [CMS-concurrent-mark-start]
2016-04-04T17:28:24.032-0800: 1.701: [CMS-concurrent-mark: 0.000/0.000 secs] [Times: user=0.00 sys=0.00, real=0.00 secs] 
2016-04-04T17:28:24.032-0800: 1.702: [CMS-concurrent-preclean-start]
2016-04-04T17:28:24.033-0800: 1.702: [CMS-concurrent-preclean: 0.001/0.001 secs] [Times: user=0.00 sys=0.00, real=0.00 secs] 
2016-04-04T17:28:24.033-0800: 1.702: [CMS-concurrent-abortable-preclean-start]
2016-04-04T17:28:24.057-0800: 1.726: Total time for which application threads were stopped: 0.0000978 seconds, Stopping threads took: 0.0000251 seconds
2016-04-04T17:28:24.101-0800: 1.770: Total time for which application threads were stopped: 0.0001496 seconds, Stopping threads took: 0.0000831 seconds
2016-04-04T17:28:24.101-0800: 1.770: [CMS-concurrent-abortable-preclean: 0.042/0.068 secs] [Times: user=0.31 sys=0.00, real=0.07 secs] 
2016-04-04T17:28:24.101-0800: 1.770: [GC (CMS Final Remark) [YG occupancy: 97039 K (109248 K)]2016-04-04T17:28:24.101-0800: 1.770: [Rescan (parallel) , 0.0132066 secs]2016-04-04T17:28:24.115-0800: 1.784: [weak refs processing, 0.0008568 secs]2016-04-04T17:28:24.116-0800: 1.785: [class unloading, 0.0027730 secs]2016-04-04T17:28:24.118-0800: 1.787: [scrub symbol table, 0.0020384 secs]2016-04-04T17:28:24.120-0800: 1.789: [scrub string table, 0.0002234 secs][1 CMS-remark: 0K(393216K)] 97039K(502464K), 0.0201480 secs] [Times: user=0.06 sys=0.00, real=0.02 secs] 
2016-04-04T17:28:24.122-0800: 1.791: Total time for which application threads were stopped: 0.0202542 seconds, Stopping threads took: 0.0000463 seconds
2016-04-04T17:28:24.122-0800: 1.791: [CMS-concurrent-sweep-start]
{Heap before GC invocations=5 (full 1):
 par new generation   total 109248K, used 97039K [0x00000007a0000000, 0x00000007a8000000, 0x00000007a8000000)
  eden space 87424K,  98% used [0x00000007a0000000, 0x00000007a546b888, 0x00000007a5560000)
  from space 21824K,  48% used [0x00000007a6ab0000, 0x00000007a7508640, 0x00000007a8000000)
  to   space 21824K,   0% used [0x00000007a5560000, 0x00000007a5560000, 0x00000007a6ab0000)
 concurrent mark-sweep generation total 393216K, used 0K [0x00000007a8000000, 0x00000007c0000000, 0x00000007c0000000)
 Metaspace       used 21818K, capacity 22214K, committed 22548K, reserved 1069056K
  class space    used 2581K, capacity 2686K, committed 2760K, reserved 1048576K
2016-04-04T17:28:24.122-0800: 1.791: [GC (GCLocker Initiated GC) 2016-04-04T17:28:24.122-0800: 1.791: [ParNew
Desired survivor size 20112992 bytes, new threshold 8 (max 8)
- age   1:     893256 bytes,     893256 total
- age   2:     138064 bytes,    1031320 total
- age   3:     113504 bytes,    1144824 total
- age   4:    1684680 bytes,    2829504 total
- age   5:    3478560 bytes,    6308064 total
- age   6:    2478184 bytes,    8786248 total
: 97039K->12133K(109248K), 0.0055326 secs] 97039K->12133K(502464K), 0.0055656 secs] [Times: user=0.02 sys=0.00, real=0.00 secs] 
Heap after GC invocations=6 (full 1):
 par new generation   total 109248K, used 12133K [0x00000007a0000000, 0x00000007a8000000, 0x00000007a8000000)
  eden space 87424K,   0% used [0x00000007a0000000, 0x00000007a0000000, 0x00000007a5560000)
  from space 21824K,  55% used [0x00000007a5560000, 0x00000007a6139480, 0x00000007a6ab0000)
  to   space 21824K,   0% used [0x00000007a6ab0000, 0x00000007a6ab0000, 0x00000007a8000000)
 concurrent mark-sweep generation total 393216K, used 0K [0x00000007a8000000, 0x00000007c0000000, 0x00000007c0000000)
 Metaspace       used 21818K, capacity 22214K, committed 22548K, reserved 1069056K
  class space    used 2581K, capacity 2686K, committed 2760K, reserved 1048576K
}
2016-04-04T17:28:24.127-0800: 1.796: Total time for which application threads were stopped: 0.0057457 seconds, Stopping threads took: 0.0000609 seconds
2016-04-04T17:28:24.127-0800: 1.797: [CMS-concurrent-sweep: 0.000/0.006 secs] [Times: user=0.02 sys=0.00, real=0.00 secs] 
2016-04-04T17:28:24.128-0800: 1.797: [CMS-concurrent-reset-start]
2016-04-04T17:28:24.130-0800: 1.799: [CMS-concurrent-reset: 0.003/0.003 secs] [Times: user=0.01 sys=0.01, real=0.01 secs] 
2016-04-04T17:28:24.140-0800: 1.810: Total time for which application threads were stopped: 0.0002277 seconds, Stopping threads took: 0.0000102 seconds
2016-04-04T17:28:24.190-0800: 1.859: Total time for which application threads were stopped: 0.0003436 seconds, Stopping threads took: 0.0000390 seconds
2016-04-04T17:28:24.267-0800: 1.936: Total time for which application threads were stopped: 0.0002874 seconds, Stopping threads took: 0.0000105 seconds
2016-04-04T17:28:24.279-0800: 1.948: Total time for which application threads were stopped: 0.0003190 seconds, Stopping threads took: 0.0000144 seconds
{Heap before GC invocations=6 (full 1):
 par new generation   total 109248K, used 99557K [0x00000007a0000000, 0x00000007a8000000, 0x00000007a8000000)
  eden space 87424K, 100% used [0x00000007a0000000, 0x00000007a5560000, 0x00000007a5560000)
  from space 21824K,  55% used [0x00000007a5560000, 0x00000007a6139480, 0x00000007a6ab0000)
  to   space 21824K,   0% used [0x00000007a6ab0000, 0x00000007a6ab0000, 0x00000007a8000000)
 concurrent mark-sweep generation total 393216K, used 0K [0x00000007a8000000, 0x00000007c0000000, 0x00000007c0000000)
 Metaspace       used 26542K, capacity 26960K, committed 27336K, reserved 1073152K
  class space    used 3127K, capacity 3243K, committed 3272K, reserved 1048576K
2016-04-04T17:28:24.528-0800: 2.198: [GC (Allocation Failure) 2016-04-04T17:28:24.528-0800: 2.198: [ParNew
Desired survivor size 20112992 bytes, new threshold 7 (max 8)
- age   1:   14802336 bytes,   14802336 total
- age   2:     170504 bytes,   14972840 total
- age   3:     138064 bytes,   15110904 total
- age   4:     113232 bytes,   15224136 total
- age   5:     291832 bytes,   15515968 total
- age   6:    3468760 bytes,   18984728 total
- age   7:    2477968 bytes,   21462696 total
: 99557K->21824K(109248K), 0.0116839 secs] 99557K->21901K(502464K), 0.0117363 secs] [Times: user=0.04 sys=0.01, real=0.02 secs] 
Heap after GC invocations=7 (full 1):
 par new generation   total 109248K, used 21824K [0x00000007a0000000, 0x00000007a8000000, 0x00000007a8000000)
  eden space 87424K,   0% used [0x00000007a0000000, 0x00000007a0000000, 0x00000007a5560000)
  from space 21824K, 100% used [0x00000007a6ab0000, 0x00000007a8000000, 0x00000007a8000000)
  to   space 21824K,   0% used [0x00000007a5560000, 0x00000007a5560000, 0x00000007a6ab0000)
 concurrent mark-sweep generation total 393216K, used 77K [0x00000007a8000000, 0x00000007c0000000, 0x00000007c0000000)
 Metaspace       used 26542K, capacity 26960K, committed 27336K, reserved 1073152K
  class space    used 3127K, capacity 3243K, committed 3272K, reserved 1048576K
}
2016-04-04T17:28:24.540-0800: 2.209: Total time for which application threads were stopped: 0.0120230 seconds, Stopping threads took: 0.0001112 seconds
2016-04-04T17:28:24.548-0800: 2.217: Total time for which application threads were stopped: 0.0003338 seconds, Stopping threads took: 0.0000133 seconds
2016-04-04T17:28:25.550-0800: 3.219: Total time for which application threads were stopped: 0.0001544 seconds, Stopping threads took: 0.0000221 seconds
2016-04-04T17:28:26.414-0800: 4.083: Total time for which application threads were stopped: 0.0005165 seconds, Stopping threads took: 0.0000384 seconds
2016-04-04T17:28:54.968-0800: 32.638: Total time for which application threads were stopped: 0.0000640 seconds, Stopping threads took: 0.0000118 seconds
2016-04-04T17:28:54.971-0800: 32.641: Total time for which application threads were stopped: 0.0000342 seconds, Stopping threads took: 0.0000065 seconds
2016-04-04T17:28:54.993-0800: 32.664: Total time for which application threads were stopped: 0.0003849 seconds, Stopping threads took: 0.0000249 seconds
2016-04-04T17:28:55.004-0800: 32.675: Total time for which application threads were stopped: 0.0000734 seconds, Stopping threads took: 0.0000151 seconds
2016-04-04T17:28:55.037-0800: 32.708: Total time for which application threads were stopped: 0.0000776 seconds, Stopping threads took: 0.0000170 seconds
2016-04-04T17:28:55.037-0800: 32.708: Total time for which application threads were stopped: 0.0000491 seconds, Stopping threads took: 0.0000084 seconds
2016-04-04T17:28:55.037-0800: 32.708: Total time for which application threads were stopped: 0.0001396 seconds, Stopping threads took: 0.0001057 seconds
2016-04-04T17:28:55.038-0800: 32.708: Total time for which application threads were stopped: 0.0000458 seconds, Stopping threads took: 0.0000082 seconds
2016-04-04T17:28:55.038-0800: 32.708: Total time for which application threads were stopped: 0.0000380 seconds, Stopping threads took: 0.0000085 seconds
2016-04-04T17:28:55.038-0800: 32.708: Total time for which application threads were stopped: 0.0000565 seconds, Stopping threads took: 0.0000224 seconds
2016-04-04T17:28:55.038-0800: 32.709: Total time for which application threads were stopped: 0.0000348 seconds, Stopping threads took: 0.0000066 seconds
2016-04-04T17:28:55.038-0800: 32.709: Total time for which application threads were stopped: 0.0000298 seconds, Stopping threads took: 0.0000062 seconds
2016-04-04T17:28:55.038-0800: 32.709: Total time for which application threads were stopped: 0.0000647 seconds, Stopping threads took: 0.0000317 seconds
2016-04-04T17:28:55.038-0800: 32.709: Total time for which application threads were stopped: 0.0000432 seconds, Stopping threads took: 0.0000160 seconds
2016-04-04T17:28:55.042-0800: 32.712: Total time for which application threads were stopped: 0.0001103 seconds, Stopping threads took: 0.0000584 seconds
2016-04-04T17:28:55.042-0800: 32.712: Total time for which application threads were stopped: 0.0000955 seconds, Stopping threads took: 0.0000509 seconds
2016-04-04T17:28:55.042-0800: 32.713: Total time for which application threads were stopped: 0.0000678 seconds, Stopping threads took: 0.0000322 seconds
2016-04-04T17:28:55.042-0800: 32.713: Total time for which application threads were stopped: 0.0001061 seconds, Stopping threads took: 0.0000672 seconds
2016-04-04T17:28:55.043-0800: 32.714: Total time for which application threads were stopped: 0.0001082 seconds, Stopping threads took: 0.0000479 seconds
2016-04-04T17:28:55.043-0800: 32.714: Total time for which application threads were stopped: 0.0001235 seconds, Stopping threads took: 0.0000776 seconds
2016-04-04T17:28:55.045-0800: 32.716: Total time for which application threads were stopped: 0.0000935 seconds, Stopping threads took: 0.0000352 seconds
2016-04-04T17:28:55.049-0800: 32.719: Total time for which application threads were stopped: 0.0001001 seconds, Stopping threads took: 0.0000479 seconds
2016-04-04T17:28:55.049-0800: 32.720: Total time for which application threads were stopped: 0.0000685 seconds, Stopping threads took: 0.0000344 seconds
2016-04-04T17:28:55.049-0800: 32.720: Total time for which application threads were stopped: 0.0000644 seconds, Stopping threads took: 0.0000301 seconds
2016-04-04T17:28:55.049-0800: 32.720: Total time for which application threads were stopped: 0.0000642 seconds, Stopping threads took: 0.0000266 seconds
2016-04-04T17:28:55.050-0800: 32.720: Total time for which application threads were stopped: 0.0000896 seconds, Stopping threads took: 0.0000376 seconds
2016-04-04T17:28:55.050-0800: 32.720: Total time for which application threads were stopped: 0.0000907 seconds, Stopping threads took: 0.0000391 seconds
2016-04-04T17:28:55.050-0800: 32.720: Total time for which application threads were stopped: 0.0000833 seconds, Stopping threads took: 0.0000339 seconds
2016-04-04T17:28:55.050-0800: 32.721: Total time for which application threads were stopped: 0.0000967 seconds, Stopping threads took: 0.0000506 seconds
2016-04-04T17:28:55.051-0800: 32.721: Total time for which application threads were stopped: 0.0001608 seconds, Stopping threads took: 0.0000242 seconds
2016-04-04T17:28:55.051-0800: 32.722: Total time for which application threads were stopped: 0.0001024 seconds, Stopping threads took: 0.0000510 seconds
2016-04-04T17:28:55.054-0800: 32.724: Total time for which application threads were stopped: 0.0000547 seconds, Stopping threads took: 0.0000098 seconds
2016-04-04T17:28:55.054-0800: 32.725: Total time for which application threads were stopped: 0.0000803 seconds, Stopping threads took: 0.0000338 seconds
2016-04-04T17:28:55.055-0800: 32.725: Total time for which application threads were stopped: 0.0000830 seconds, Stopping threads took: 0.0000234 seconds
2016-04-04T17:28:55.055-0800: 32.725: Total time for which application threads were stopped: 0.0001190 seconds, Stopping threads took: 0.0000779 seconds
2016-04-04T17:28:55.055-0800: 32.726: Total time for which application threads were stopped: 0.0001141 seconds, Stopping threads took: 0.0000690 seconds
2016-04-04T17:28:55.055-0800: 32.726: Total time for which application threads were stopped: 0.0000759 seconds, Stopping threads took: 0.0000388 seconds
2016-04-04T17:28:55.056-0800: 32.726: Total time for which application threads were stopped: 0.0000822 seconds, Stopping threads took: 0.0000285 seconds
2016-04-04T17:28:55.056-0800: 32.726: Total time for which application threads were stopped: 0.0000776 seconds, Stopping threads took: 0.0000375 seconds
2016-04-04T17:28:55.073-0800: 32.744: Total time for which application threads were stopped: 0.0001396 seconds, Stopping threads took: 0.0000508 seconds
2016-04-04T17:28:55.074-0800: 32.744: Total time for which application threads were stopped: 0.0000990 seconds, Stopping threads took: 0.0000496 seconds
2016-04-04T17:28:55.074-0800: 32.744: Total time for which application threads were stopped: 0.0000860 seconds, Stopping threads took: 0.0000390 seconds
2016-04-04T17:28:55.075-0800: 32.745: Total time for which application threads were stopped: 0.0001332 seconds, Stopping threads took: 0.0000723 seconds
2016-04-04T17:28:55.075-0800: 32.746: Total time for which application threads were stopped: 0.0002926 seconds, Stopping threads took: 0.0002432 seconds
2016-04-04T17:28:55.080-0800: 32.750: Total time for which application threads were stopped: 0.0000725 seconds, Stopping threads took: 0.0000281 seconds
2016-04-04T17:28:55.080-0800: 32.751: Total time for which application threads were stopped: 0.0002547 seconds, Stopping threads took: 0.0000399 seconds
2016-04-04T17:28:55.155-0800: 32.826: Total time for which application threads were stopped: 0.0001330 seconds, Stopping threads took: 0.0000346 seconds
2016-04-04T17:28:55.170-0800: 32.841: Total time for which application threads were stopped: 0.0001128 seconds, Stopping threads took: 0.0000353 seconds
2016-04-04T17:28:55.178-0800: 32.848: Total time for which application threads were stopped: 0.0000800 seconds, Stopping threads took: 0.0000267 seconds
2016-04-04T17:28:55.178-0800: 32.848: Total time for which application threads were stopped: 0.0000572 seconds, Stopping threads took: 0.0000226 seconds
2016-04-04T17:28:55.178-0800: 32.848: Total time for which application threads were stopped: 0.0000486 seconds, Stopping threads took: 0.0000085 seconds
2016-04-04T17:28:55.178-0800: 32.849: Total time for which application threads were stopped: 0.0000564 seconds, Stopping threads took: 0.0000193 seconds
2016-04-04T17:28:55.178-0800: 32.849: Total time for which application threads were stopped: 0.0000596 seconds, Stopping threads took: 0.0000250 seconds
2016-04-04T17:28:55.179-0800: 32.850: Total time for which application threads were stopped: 0.0000557 seconds, Stopping threads took: 0.0000091 seconds
2016-04-04T17:28:55.180-0800: 32.850: Total time for which application threads were stopped: 0.0000699 seconds, Stopping threads took: 0.0000223 seconds
2016-04-04T17:28:55.182-0800: 32.853: Total time for which application threads were stopped: 0.0000859 seconds, Stopping threads took: 0.0000431 seconds
2016-04-04T17:28:55.183-0800: 32.853: Total time for which application threads were stopped: 0.0000869 seconds, Stopping threads took: 0.0000414 seconds
2016-04-04T17:28:55.183-0800: 32.854: Total time for which application threads were stopped: 0.0000872 seconds, Stopping threads took: 0.0000509 seconds
2016-04-04T17:28:55.183-0800: 32.854: Total time for which application threads were stopped: 0.0001109 seconds, Stopping threads took: 0.0000661 seconds
2016-04-04T17:28:55.183-0800: 32.854: Total time for which application threads were stopped: 0.0000644 seconds, Stopping threads took: 0.0000244 seconds
2016-04-04T17:28:55.183-0800: 32.854: Total time for which application threads were stopped: 0.0000826 seconds, Stopping threads took: 0.0000390 seconds
2016-04-04T17:28:55.184-0800: 32.854: Total time for which application threads were stopped: 0.0000607 seconds, Stopping threads took: 0.0000191 seconds
2016-04-04T17:28:55.187-0800: 32.858: Total time for which application threads were stopped: 0.0000588 seconds, Stopping threads took: 0.0000117 seconds
2016-04-04T17:28:55.188-0800: 32.859: Total time for which application threads were stopped: 0.0000970 seconds, Stopping threads took: 0.0000104 seconds
2016-04-04T17:28:55.307-0800: 32.977: Total time for which application threads were stopped: 0.0007536 seconds, Stopping threads took: 0.0000162 seconds
2016-04-04T17:28:55.307-0800: 32.978: Total time for which application threads were stopped: 0.0002559 seconds, Stopping threads took: 0.0000210 seconds
2016-04-04T17:28:55.308-0800: 32.979: Total time for which application threads were stopped: 0.0000821 seconds, Stopping threads took: 0.0000231 seconds
2016-04-04T17:28:55.308-0800: 32.979: Total time for which application threads were stopped: 0.0000588 seconds, Stopping threads took: 0.0000175 seconds
2016-04-04T17:28:55.308-0800: 32.979: Total time for which application threads were stopped: 0.0000691 seconds, Stopping threads took: 0.0000212 seconds
2016-04-04T17:28:55.309-0800: 32.979: Total time for which application threads were stopped: 0.0000513 seconds, Stopping threads took: 0.0000067 seconds
2016-04-04T17:28:55.309-0800: 32.979: Total time for which application threads were stopped: 0.0000533 seconds, Stopping threads took: 0.0000059 seconds
2016-04-04T17:28:55.314-0800: 32.985: Total time for which application threads were stopped: 0.0000556 seconds, Stopping threads took: 0.0000104 seconds
2016-04-04T17:28:55.314-0800: 32.985: Total time for which application threads were stopped: 0.0000404 seconds, Stopping threads took: 0.0000067 seconds
2016-04-04T17:28:55.314-0800: 32.985: Total time for which application threads were stopped: 0.0000468 seconds, Stopping threads took: 0.0000083 seconds
2016-04-04T17:28:55.314-0800: 32.985: Total time for which application threads were stopped: 0.0000339 seconds, Stopping threads took: 0.0000064 seconds
2016-04-04T17:28:55.314-0800: 32.985: Total time for which application threads were stopped: 0.0000443 seconds, Stopping threads took: 0.0000170 seconds
2016-04-04T17:28:55.314-0800: 32.985: Total time for which application threads were stopped: 0.0000401 seconds, Stopping threads took: 0.0000079 seconds
2016-04-04T17:28:56.317-0800: 33.988: Total time for which application threads were stopped: 0.0002234 seconds, Stopping threads took: 0.0000521 seconds
2016-04-04T17:28:58.179-0800: 35.849: Total time for which application threads were stopped: 0.0001192 seconds, Stopping threads took: 0.0000174 seconds
2016-04-04T17:28:58.179-0800: 35.849: Total time for which application threads were stopped: 0.0000627 seconds, Stopping threads took: 0.0000079 seconds
2016-04-04T17:28:58.179-0800: 35.850: Total time for which application threads were stopped: 0.0000541 seconds, Stopping threads took: 0.0000058 seconds
2016-04-04T17:28:58.179-0800: 35.850: Total time for which application threads were stopped: 0.0000552 seconds, Stopping threads took: 0.0000055 seconds
2016-04-04T17:28:58.179-0800: 35.850: Total time for which application threads were stopped: 0.0000663 seconds, Stopping threads took: 0.0000094 seconds
2016-04-04T17:28:58.184-0800: 35.855: Total time for which application threads were stopped: 0.0000758 seconds, Stopping threads took: 0.0000222 seconds
2016-04-04T17:28:58.184-0800: 35.855: Total time for which application threads were stopped: 0.0000669 seconds, Stopping threads took: 0.0000246 seconds
2016-04-04T17:28:58.184-0800: 35.855: Total time for which application threads were stopped: 0.0000501 seconds, Stopping threads took: 0.0000079 seconds
2016-04-04T17:28:58.184-0800: 35.855: Total time for which application threads were stopped: 0.0000335 seconds, Stopping threads took: 0.0000058 seconds
2016-04-04T17:28:58.184-0800: 35.855: Total time for which application threads were stopped: 0.0000615 seconds, Stopping threads took: 0.0000162 seconds
2016-04-04T17:28:59.188-0800: 36.859: Total time for which application threads were stopped: 0.0001285 seconds, Stopping threads took: 0.0000349 seconds
2016-04-04T17:29:08.197-0800: 45.868: Total time for which application threads were stopped: 0.0001720 seconds, Stopping threads took: 0.0000751 seconds
2016-04-04T17:29:28.313-0800: 65.985: Total time for which application threads were stopped: 0.0000918 seconds, Stopping threads took: 0.0000155 seconds
2016-04-04T17:29:29.317-0800: 66.989: Total time for which application threads were stopped: 0.0001548 seconds, Stopping threads took: 0.0000289 seconds
2016-04-04T17:29:29.354-0800: 67.026: Total time for which application threads were stopped: 0.0000787 seconds, Stopping threads took: 0.0000154 seconds
2016-04-04T17:29:29.354-0800: 67.026: Total time for which application threads were stopped: 0.0000364 seconds, Stopping threads took: 0.0000070 seconds
2016-04-04T17:29:29.354-0800: 67.026: Total time for which application threads were stopped: 0.0000443 seconds, Stopping threads took: 0.0000093 seconds
2016-04-04T17:29:29.354-0800: 67.026: Total time for which application threads were stopped: 0.0000467 seconds, Stopping threads took: 0.0000093 seconds
2016-04-04T17:29:33.416-0800: 71.088: Total time for which application threads were stopped: 0.0000911 seconds, Stopping threads took: 0.0000241 seconds
2016-04-04T17:29:33.416-0800: 71.089: Total time for which application threads were stopped: 0.0000631 seconds, Stopping threads took: 0.0000215 seconds
2016-04-04T17:29:33.416-0800: 71.089: Total time for which application threads were stopped: 0.0000503 seconds, Stopping threads took: 0.0000095 seconds
2016-04-04T17:29:34.417-0800: 72.089: Total time for which application threads were stopped: 0.0001327 seconds, Stopping threads took: 0.0000304 seconds
2016-04-04T17:29:34.987-0800: 72.660: Total time for which application threads were stopped: 0.0001198 seconds, Stopping threads took: 0.0000299 seconds
2016-04-04T17:29:34.988-0800: 72.660: Total time for which application threads were stopped: 0.0000932 seconds, Stopping threads took: 0.0000214 seconds
2016-04-04T17:29:34.988-0800: 72.661: Total time for which application threads were stopped: 0.0000840 seconds, Stopping threads took: 0.0000387 seconds
2016-04-04T17:29:34.988-0800: 72.661: Total time for which application threads were stopped: 0.0000714 seconds, Stopping threads took: 0.0000426 seconds
2016-04-04T17:29:34.988-0800: 72.661: Total time for which application threads were stopped: 0.0000696 seconds, Stopping threads took: 0.0000217 seconds
2016-04-04T17:29:34.989-0800: 72.661: Total time for which application threads were stopped: 0.0000639 seconds, Stopping threads took: 0.0000219 seconds
2016-04-04T17:29:34.989-0800: 72.661: Total time for which application threads were stopped: 0.0000535 seconds, Stopping threads took: 0.0000225 seconds
2016-04-04T17:29:34.989-0800: 72.661: Total time for which application threads were stopped: 0.0000549 seconds, Stopping threads took: 0.0000092 seconds
2016-04-04T17:29:34.989-0800: 72.662: Total time for which application threads were stopped: 0.0000451 seconds, Stopping threads took: 0.0000150 seconds
2016-04-04T17:29:34.989-0800: 72.662: Total time for which application threads were stopped: 0.0000364 seconds, Stopping threads took: 0.0000074 seconds
2016-04-04T17:29:34.989-0800: 72.662: Total time for which application threads were stopped: 0.0000349 seconds, Stopping threads took: 0.0000073 seconds
2016-04-04T17:29:34.990-0800: 72.662: Total time for which application threads were stopped: 0.0000299 seconds, Stopping threads took: 0.0000059 seconds
2016-04-04T17:29:34.990-0800: 72.662: Total time for which application threads were stopped: 0.0000517 seconds, Stopping threads took: 0.0000202 seconds
2016-04-04T17:29:34.990-0800: 72.662: Total time for which application threads were stopped: 0.0000473 seconds, Stopping threads took: 0.0000168 seconds
2016-04-04T17:29:34.990-0800: 72.662: Total time for which application threads were stopped: 0.0000437 seconds, Stopping threads took: 0.0000175 seconds
2016-04-04T17:29:34.990-0800: 72.663: Total time for which application threads were stopped: 0.0000724 seconds, Stopping threads took: 0.0000422 seconds
2016-04-04T17:29:34.990-0800: 72.663: Total time for which application threads were stopped: 0.0000535 seconds, Stopping threads took: 0.0000079 seconds
2016-04-04T17:29:34.990-0800: 72.663: Total time for which application threads were stopped: 0.0000516 seconds, Stopping threads took: 0.0000192 seconds
2016-04-04T17:29:34.991-0800: 72.663: Total time for which application threads were stopped: 0.0000388 seconds, Stopping threads took: 0.0000088 seconds
2016-04-04T17:29:34.991-0800: 72.663: Total time for which application threads were stopped: 0.0000491 seconds, Stopping threads took: 0.0000085 seconds
2016-04-04T17:29:34.991-0800: 72.663: Total time for which application threads were stopped: 0.0000522 seconds, Stopping threads took: 0.0000218 seconds
2016-04-04T17:29:34.991-0800: 72.664: Total time for which application threads were stopped: 0.0000633 seconds, Stopping threads took: 0.0000180 seconds
2016-04-04T17:29:34.991-0800: 72.664: Total time for which application threads were stopped: 0.0000655 seconds, Stopping threads took: 0.0000235 seconds
2016-04-04T17:29:34.996-0800: 72.668: Total time for which application threads were stopped: 0.0000816 seconds, Stopping threads took: 0.0000121 seconds
2016-04-04T17:29:34.996-0800: 72.668: Total time for which application threads were stopped: 0.0000505 seconds, Stopping threads took: 0.0000188 seconds
2016-04-04T17:29:34.996-0800: 72.668: Total time for which application threads were stopped: 0.0000443 seconds, Stopping threads took: 0.0000083 seconds
2016-04-04T17:29:34.996-0800: 72.668: Total time for which application threads were stopped: 0.0000322 seconds, Stopping threads took: 0.0000046 seconds
2016-04-04T17:29:34.996-0800: 72.668: Total time for which application threads were stopped: 0.0000268 seconds, Stopping threads took: 0.0000029 seconds
2016-04-04T17:29:35.000-0800: 72.673: Total time for which application threads were stopped: 0.0000711 seconds, Stopping threads took: 0.0000221 seconds
2016-04-04T17:29:35.000-0800: 72.673: Total time for which application threads were stopped: 0.0000478 seconds, Stopping threads took: 0.0000175 seconds
2016-04-04T17:29:35.000-0800: 72.673: Total time for which application threads were stopped: 0.0000593 seconds, Stopping threads took: 0.0000190 seconds
2016-04-04T17:29:35.000-0800: 72.673: Total time for which application threads were stopped: 0.0000403 seconds, Stopping threads took: 0.0000072 seconds
2016-04-04T17:29:35.000-0800: 72.673: Total time for which application threads were stopped: 0.0000480 seconds, Stopping threads took: 0.0000148 seconds
2016-04-04T17:29:36.005-0800: 73.678: Total time for which application threads were stopped: 0.0002224 seconds, Stopping threads took: 0.0000492 seconds
2016-04-04T17:29:50.047-0800: 87.720: Total time for which application threads were stopped: 0.0000945 seconds, Stopping threads took: 0.0000203 seconds
2016-04-04T17:29:54.507-0800: 92.181: Total time for which application threads were stopped: 0.0000762 seconds, Stopping threads took: 0.0000169 seconds
2016-04-04T17:29:54.507-0800: 92.181: Total time for which application threads were stopped: 0.0000308 seconds, Stopping threads took: 0.0000058 seconds
2016-04-04T17:29:54.507-0800: 92.181: Total time for which application threads were stopped: 0.0000280 seconds, Stopping threads took: 0.0000051 seconds
2016-04-04T17:29:54.509-0800: 92.182: Total time for which application threads were stopped: 0.0000701 seconds, Stopping threads took: 0.0000093 seconds
2016-04-04T17:29:54.550-0800: 92.223: Total time for which application threads were stopped: 0.0000832 seconds, Stopping threads took: 0.0000160 seconds
2016-04-04T17:29:54.550-0800: 92.224: Total time for which application threads were stopped: 0.0001019 seconds, Stopping threads took: 0.0000086 seconds
2016-04-04T17:29:54.551-0800: 92.224: Total time for which application threads were stopped: 0.0000509 seconds, Stopping threads took: 0.0000104 seconds
2016-04-04T17:29:54.551-0800: 92.224: Total time for which application threads were stopped: 0.0000513 seconds, Stopping threads took: 0.0000104 seconds
2016-04-04T17:29:54.552-0800: 92.225: Total time for which application threads were stopped: 0.0000551 seconds, Stopping threads took: 0.0000087 seconds
2016-04-04T17:29:54.554-0800: 92.227: Total time for which application threads were stopped: 0.0000481 seconds, Stopping threads took: 0.0000095 seconds
2016-04-04T17:29:54.556-0800: 92.230: Total time for which application threads were stopped: 0.0000466 seconds, Stopping threads took: 0.0000091 seconds
2016-04-04T17:29:54.556-0800: 92.230: Total time for which application threads were stopped: 0.0000408 seconds, Stopping threads took: 0.0000078 seconds
2016-04-04T17:29:54.572-0800: 92.246: Total time for which application threads were stopped: 0.0000939 seconds, Stopping threads took: 0.0000238 seconds
2016-04-04T17:29:54.572-0800: 92.246: Total time for which application threads were stopped: 0.0000477 seconds, Stopping threads took: 0.0000084 seconds
2016-04-04T17:29:54.572-0800: 92.246: Total time for which application threads were stopped: 0.0000497 seconds, Stopping threads took: 0.0000094 seconds
2016-04-04T17:29:54.574-0800: 92.247: Total time for which application threads were stopped: 0.0000576 seconds, Stopping threads took: 0.0000161 seconds
2016-04-04T17:29:54.574-0800: 92.247: Total time for which application threads were stopped: 0.0000327 seconds, Stopping threads took: 0.0000070 seconds
2016-04-04T17:30:00.773-0800: 98.447: Total time for which application threads were stopped: 0.0001371 seconds, Stopping threads took: 0.0000163 seconds
2016-04-04T17:30:00.774-0800: 98.447: Total time for which application threads were stopped: 0.0000982 seconds, Stopping threads took: 0.0000579 seconds
2016-04-04T17:30:00.774-0800: 98.448: Total time for which application threads were stopped: 0.0000652 seconds, Stopping threads took: 0.0000311 seconds
2016-04-04T17:30:00.774-0800: 98.448: Total time for which application threads were stopped: 0.0000875 seconds, Stopping threads took: 0.0000267 seconds
2016-04-04T17:30:00.774-0800: 98.448: Total time for which application threads were stopped: 0.0000595 seconds, Stopping threads took: 0.0000278 seconds
2016-04-04T17:30:00.774-0800: 98.448: Total time for which application threads were stopped: 0.0000431 seconds, Stopping threads took: 0.0000142 seconds
2016-04-04T17:30:00.774-0800: 98.448: Total time for which application threads were stopped: 0.0000564 seconds, Stopping threads took: 0.0000077 seconds
2016-04-04T17:30:00.781-0800: 98.454: Total time for which application threads were stopped: 0.0001055 seconds, Stopping threads took: 0.0000463 seconds
2016-04-04T17:30:00.781-0800: 98.455: Total time for which application threads were stopped: 0.0000768 seconds, Stopping threads took: 0.0000451 seconds
2016-04-04T17:30:00.781-0800: 98.455: Total time for which application threads were stopped: 0.0001037 seconds, Stopping threads took: 0.0000618 seconds
2016-04-04T17:30:00.785-0800: 98.459: Total time for which application threads were stopped: 0.0001447 seconds, Stopping threads took: 0.0000659 seconds
2016-04-04T17:30:00.785-0800: 98.459: Total time for which application threads were stopped: 0.0001080 seconds, Stopping threads took: 0.0000639 seconds
2016-04-04T17:30:00.785-0800: 98.459: Total time for which application threads were stopped: 0.0000718 seconds, Stopping threads took: 0.0000271 seconds
2016-04-04T17:30:00.786-0800: 98.459: Total time for which application threads were stopped: 0.0000579 seconds, Stopping threads took: 0.0000246 seconds
2016-04-04T17:30:00.786-0800: 98.460: Total time for which application threads were stopped: 0.0000760 seconds, Stopping threads took: 0.0000354 seconds
2016-04-04T17:30:00.786-0800: 98.460: Total time for which application threads were stopped: 0.0000479 seconds, Stopping threads took: 0.0000101 seconds
2016-04-04T17:30:00.790-0800: 98.464: Total time for which application threads were stopped: 0.0001541 seconds, Stopping threads took: 0.0000867 seconds
2016-04-04T17:30:00.790-0800: 98.464: Total time for which application threads were stopped: 0.0002857 seconds, Stopping threads took: 0.0002322 seconds
2016-04-04T17:30:00.791-0800: 98.464: Total time for which application threads were stopped: 0.0000787 seconds, Stopping threads took: 0.0000284 seconds
2016-04-04T17:30:00.943-0800: 98.617: Total time for which application threads were stopped: 0.0001089 seconds, Stopping threads took: 0.0000243 seconds
2016-04-04T17:30:00.943-0800: 98.617: Total time for which application threads were stopped: 0.0000522 seconds, Stopping threads took: 0.0000093 seconds
2016-04-04T17:30:00.943-0800: 98.617: Total time for which application threads were stopped: 0.0000304 seconds, Stopping threads took: 0.0000032 seconds
2016-04-04T17:30:00.943-0800: 98.617: Total time for which application threads were stopped: 0.0000286 seconds, Stopping threads took: 0.0000028 seconds
2016-04-04T17:30:00.943-0800: 98.617: Total time for which application threads were stopped: 0.0000752 seconds, Stopping threads took: 0.0000027 seconds
2016-04-04T17:30:00.947-0800: 98.621: Total time for which application threads were stopped: 0.0000680 seconds, Stopping threads took: 0.0000126 seconds
2016-04-04T17:30:00.947-0800: 98.621: Total time for which application threads were stopped: 0.0000686 seconds, Stopping threads took: 0.0000103 seconds
2016-04-04T17:30:00.982-0800: 98.656: Total time for which application threads were stopped: 0.0002726 seconds, Stopping threads took: 0.0000512 seconds
2016-04-04T17:30:00.982-0800: 98.656: Total time for which application threads were stopped: 0.0000896 seconds, Stopping threads took: 0.0000189 seconds
2016-04-04T17:30:00.986-0800: 98.660: Total time for which application threads were stopped: 0.0000726 seconds, Stopping threads took: 0.0000213 seconds
2016-04-04T17:30:00.987-0800: 98.660: Total time for which application threads were stopped: 0.0000486 seconds, Stopping threads took: 0.0000120 seconds
2016-04-04T17:30:10.969-0800: 108.644: Total time for which application threads were stopped: 0.0001148 seconds, Stopping threads took: 0.0000260 seconds
2016-04-04T17:30:22.659-0800: 120.334: Total time for which application threads were stopped: 0.0000902 seconds, Stopping threads took: 0.0000162 seconds
2016-04-04T17:30:22.659-0800: 120.334: Total time for which application threads were stopped: 0.0000514 seconds, Stopping threads took: 0.0000075 seconds
2016-04-04T17:30:22.663-0800: 120.338: Total time for which application threads were stopped: 0.0000727 seconds, Stopping threads took: 0.0000208 seconds
2016-04-04T17:30:22.663-0800: 120.338: Total time for which application threads were stopped: 0.0000367 seconds, Stopping threads took: 0.0000065 seconds
2016-04-04T17:30:22.692-0800: 120.367: Total time for which application threads were stopped: 0.0001753 seconds, Stopping threads took: 0.0000219 seconds
2016-04-04T17:30:22.692-0800: 120.367: Total time for which application threads were stopped: 0.0000806 seconds, Stopping threads took: 0.0000106 seconds
2016-04-04T17:30:22.696-0800: 120.371: Total time for which application threads were stopped: 0.0000843 seconds, Stopping threads took: 0.0000109 seconds
2016-04-04T17:30:22.696-0800: 120.371: Total time for which application threads were stopped: 0.0000544 seconds, Stopping threads took: 0.0000189 seconds
2016-04-04T17:30:23.701-0800: 121.376: Total time for which application threads were stopped: 0.0002392 seconds, Stopping threads took: 0.0000546 seconds
2016-04-04T17:30:32.677-0800: 130.353: Total time for which application threads were stopped: 0.0001121 seconds, Stopping threads took: 0.0000285 seconds
2016-04-04T17:30:57.050-0800: 154.727: Total time for which application threads were stopped: 0.0001599 seconds, Stopping threads took: 0.0000463 seconds
2016-04-04T17:30:57.052-0800: 154.728: Total time for which application threads were stopped: 0.0000748 seconds, Stopping threads took: 0.0000258 seconds
2016-04-04T17:30:57.166-0800: 154.842: Total time for which application threads were stopped: 0.0002070 seconds, Stopping threads took: 0.0000430 seconds
2016-04-04T17:30:57.406-0800: 155.083: Total time for which application threads were stopped: 0.0001270 seconds, Stopping threads took: 0.0000205 seconds
2016-04-04T17:30:57.414-0800: 155.091: Total time for which application threads were stopped: 0.0000967 seconds, Stopping threads took: 0.0000144 seconds
2016-04-04T17:30:57.417-0800: 155.094: Total time for which application threads were stopped: 0.0000657 seconds, Stopping threads took: 0.0000123 seconds
2016-04-04T17:30:57.418-0800: 155.094: Total time for which application threads were stopped: 0.0000513 seconds, Stopping threads took: 0.0000100 seconds
{Heap before GC invocations=7 (full 1):
 par new generation   total 109248K, used 109248K [0x00000007a0000000, 0x00000007a8000000, 0x00000007a8000000)
  eden space 87424K, 100% used [0x00000007a0000000, 0x00000007a5560000, 0x00000007a5560000)
  from space 21824K, 100% used [0x00000007a6ab0000, 0x00000007a8000000, 0x00000007a8000000)
  to   space 21824K,   0% used [0x00000007a5560000, 0x00000007a5560000, 0x00000007a6ab0000)
 concurrent mark-sweep generation total 393216K, used 77K [0x00000007a8000000, 0x00000007c0000000, 0x00000007c0000000)
 Metaspace       used 31713K, capacity 32076K, committed 32456K, reserved 1077248K
  class space    used 3661K, capacity 3771K, committed 3784K, reserved 1048576K
2016-04-04T17:30:57.461-0800: 155.137: [GC (Allocation Failure) 2016-04-04T17:30:57.461-0800: 155.137: [ParNew
Desired survivor size 20112992 bytes, new threshold 7 (max 8)
- age   1:    7343856 bytes,    7343856 total
- age   2:   11073320 bytes,   18417176 total
- age   3:     157672 bytes,   18574848 total
- age   4:     136168 bytes,   18711016 total
- age   5:     112144 bytes,   18823160 total
- age   6:     290760 bytes,   19113920 total
- age   7:    3219008 bytes,   22332928 total
: 109248K->21824K(109248K), 0.0236706 secs] 109325K->27369K(502464K), 0.0237484 secs] [Times: user=0.07 sys=0.01, real=0.02 secs] 
Heap after GC invocations=8 (full 1):
 par new generation   total 109248K, used 21824K [0x00000007a0000000, 0x00000007a8000000, 0x00000007a8000000)
  eden space 87424K,   0% used [0x00000007a0000000, 0x00000007a0000000, 0x00000007a5560000)
  from space 21824K, 100% used [0x00000007a5560000, 0x00000007a6ab0000, 0x00000007a6ab0000)
  to   space 21824K,   0% used [0x00000007a6ab0000, 0x00000007a6ab0000, 0x00000007a8000000)
 concurrent mark-sweep generation total 393216K, used 5545K [0x00000007a8000000, 0x00000007c0000000, 0x00000007c0000000)
 Metaspace       used 31713K, capacity 32076K, committed 32456K, reserved 1077248K
  class space    used 3661K, capacity 3771K, committed 3784K, reserved 1048576K
}
2016-04-04T17:30:57.485-0800: 155.161: Total time for which application threads were stopped: 0.0239557 seconds, Stopping threads took: 0.0000343 seconds
2016-04-04T17:30:57.501-0800: 155.177: Total time for which application threads were stopped: 0.0001046 seconds, Stopping threads took: 0.0000172 seconds
2016-04-04T17:30:57.512-0800: 155.188: Total time for which application threads were stopped: 0.0001037 seconds, Stopping threads took: 0.0000299 seconds
2016-04-04T17:30:57.512-0800: 155.189: Total time for which application threads were stopped: 0.0000871 seconds, Stopping threads took: 0.0000485 seconds
2016-04-04T17:30:57.512-0800: 155.189: Total time for which application threads were stopped: 0.0000821 seconds, Stopping threads took: 0.0000477 seconds
2016-04-04T17:30:57.513-0800: 155.189: Total time for which application threads were stopped: 0.0000814 seconds, Stopping threads took: 0.0000370 seconds
2016-04-04T17:30:57.513-0800: 155.189: Total time for which application threads were stopped: 0.0000768 seconds, Stopping threads took: 0.0000359 seconds
2016-04-04T17:30:57.513-0800: 155.189: Total time for which application threads were stopped: 0.0000590 seconds, Stopping threads took: 0.0000251 seconds
2016-04-04T17:30:57.513-0800: 155.190: Total time for which application threads were stopped: 0.0000842 seconds, Stopping threads took: 0.0000540 seconds
2016-04-04T17:30:57.513-0800: 155.190: Total time for which application threads were stopped: 0.0000789 seconds, Stopping threads took: 0.0000496 seconds
2016-04-04T17:30:57.513-0800: 155.190: Total time for which application threads were stopped: 0.0000556 seconds, Stopping threads took: 0.0000307 seconds
2016-04-04T17:30:58.519-0800: 156.195: Total time for which application threads were stopped: 0.0003109 seconds, Stopping threads took: 0.0000480 seconds
2016-04-04T17:31:13.583-0800: 171.261: Total time for which application threads were stopped: 0.0002430 seconds, Stopping threads took: 0.0000479 seconds
2016-04-04T17:31:22.699-0800: 180.377: Total time for which application threads were stopped: 0.0001030 seconds, Stopping threads took: 0.0000252 seconds
2016-04-04T17:31:42.601-0800: 200.280: Total time for which application threads were stopped: 0.0000805 seconds, Stopping threads took: 0.0000156 seconds
2016-04-04T17:31:42.616-0800: 200.295: Total time for which application threads were stopped: 0.0000884 seconds, Stopping threads took: 0.0000281 seconds
2016-04-04T17:31:42.617-0800: 200.295: Total time for which application threads were stopped: 0.0000860 seconds, Stopping threads took: 0.0000320 seconds
2016-04-04T17:31:42.617-0800: 200.296: Total time for which application threads were stopped: 0.0001108 seconds, Stopping threads took: 0.0000646 seconds
2016-04-04T17:31:42.617-0800: 200.296: Total time for which application threads were stopped: 0.0001084 seconds, Stopping threads took: 0.0000492 seconds
2016-04-04T17:31:42.618-0800: 200.297: Total time for which application threads were stopped: 0.0001518 seconds, Stopping threads took: 0.0001133 seconds
2016-04-04T17:31:42.620-0800: 200.299: Total time for which application threads were stopped: 0.0000983 seconds, Stopping threads took: 0.0000422 seconds
2016-04-04T17:31:42.620-0800: 200.299: Total time for which application threads were stopped: 0.0001011 seconds, Stopping threads took: 0.0000530 seconds
2016-04-04T17:31:42.620-0800: 200.299: Total time for which application threads were stopped: 0.0000900 seconds, Stopping threads took: 0.0000279 seconds
2016-04-04T17:31:42.621-0800: 200.299: Total time for which application threads were stopped: 0.0000940 seconds, Stopping threads took: 0.0000291 seconds
2016-04-04T17:31:42.624-0800: 200.303: Total time for which application threads were stopped: 0.0001261 seconds, Stopping threads took: 0.0000639 seconds
2016-04-04T17:31:42.656-0800: 200.334: Total time for which application threads were stopped: 0.0001083 seconds, Stopping threads took: 0.0000325 seconds
2016-04-04T17:31:42.702-0800: 200.381: Total time for which application threads were stopped: 0.0001067 seconds, Stopping threads took: 0.0000146 seconds
2016-04-04T17:31:42.703-0800: 200.381: Total time for which application threads were stopped: 0.0000495 seconds, Stopping threads took: 0.0000094 seconds
2016-04-04T17:31:42.703-0800: 200.382: Total time for which application threads were stopped: 0.0000596 seconds, Stopping threads took: 0.0000228 seconds
2016-04-04T17:31:42.703-0800: 200.382: Total time for which application threads were stopped: 0.0000589 seconds, Stopping threads took: 0.0000162 seconds
2016-04-04T17:31:42.707-0800: 200.386: Total time for which application threads were stopped: 0.0000807 seconds, Stopping threads took: 0.0000221 seconds
2016-04-04T17:31:42.707-0800: 200.386: Total time for which application threads were stopped: 0.0000641 seconds, Stopping threads took: 0.0000178 seconds
2016-04-04T17:31:42.732-0800: 200.410: Total time for which application threads were stopped: 0.0000947 seconds, Stopping threads took: 0.0000272 seconds
2016-04-04T17:31:42.732-0800: 200.410: Total time for which application threads were stopped: 0.0000605 seconds, Stopping threads took: 0.0000168 seconds
2016-04-04T17:31:42.736-0800: 200.415: Total time for which application threads were stopped: 0.0000921 seconds, Stopping threads took: 0.0000251 seconds
2016-04-04T17:31:42.736-0800: 200.415: Total time for which application threads were stopped: 0.0000484 seconds, Stopping threads took: 0.0000066 seconds
2016-04-04T17:31:47.723-0800: 205.402: Total time for which application threads were stopped: 0.0001303 seconds, Stopping threads took: 0.0000286 seconds
2016-04-04T17:31:52.728-0800: 210.407: Total time for which application threads were stopped: 0.0001480 seconds, Stopping threads took: 0.0000467 seconds
2016-04-04T17:31:53.728-0800: 211.408: Total time for which application threads were stopped: 0.0001950 seconds, Stopping threads took: 0.0000494 seconds
2016-04-04T17:32:06.979-0800: 224.659: Total time for which application threads were stopped: 0.0001858 seconds, Stopping threads took: 0.0000371 seconds
2016-04-04T17:32:06.980-0800: 224.660: Total time for which application threads were stopped: 0.0000872 seconds, Stopping threads took: 0.0000275 seconds
2016-04-04T17:32:07.158-0800: 224.838: Total time for which application threads were stopped: 0.0001380 seconds, Stopping threads took: 0.0000337 seconds
2016-04-04T17:32:07.164-0800: 224.844: Total time for which application threads were stopped: 0.0000614 seconds, Stopping threads took: 0.0000114 seconds
2016-04-04T17:32:07.166-0800: 224.846: Total time for which application threads were stopped: 0.0000871 seconds, Stopping threads took: 0.0000357 seconds
2016-04-04T17:32:07.167-0800: 224.846: Total time for which application threads were stopped: 0.0001144 seconds, Stopping threads took: 0.0000691 seconds
2016-04-04T17:32:07.215-0800: 224.895: Total time for which application threads were stopped: 0.0001256 seconds, Stopping threads took: 0.0000179 seconds
2016-04-04T17:32:07.215-0800: 224.895: Total time for which application threads were stopped: 0.0000521 seconds, Stopping threads took: 0.0000082 seconds
2016-04-04T17:32:07.226-0800: 224.906: Total time for which application threads were stopped: 0.0000836 seconds, Stopping threads took: 0.0000313 seconds
2016-04-04T17:32:07.226-0800: 224.906: Total time for which application threads were stopped: 0.0000974 seconds, Stopping threads took: 0.0000604 seconds
2016-04-04T17:32:07.226-0800: 224.906: Total time for which application threads were stopped: 0.0001042 seconds, Stopping threads took: 0.0000671 seconds
2016-04-04T17:32:07.226-0800: 224.906: Total time for which application threads were stopped: 0.0000970 seconds, Stopping threads took: 0.0000560 seconds
2016-04-04T17:32:07.227-0800: 224.907: Total time for which application threads were stopped: 0.0001479 seconds, Stopping threads took: 0.0001116 seconds
2016-04-04T17:32:07.227-0800: 224.907: Total time for which application threads were stopped: 0.0000842 seconds, Stopping threads took: 0.0000518 seconds
2016-04-04T17:32:07.227-0800: 224.907: Total time for which application threads were stopped: 0.0000720 seconds, Stopping threads took: 0.0000399 seconds
2016-04-04T17:32:08.232-0800: 225.912: Total time for which application threads were stopped: 0.0002345 seconds, Stopping threads took: 0.0000480 seconds
2016-04-04T17:32:38.574-0800: 256.256: Total time for which application threads were stopped: 0.0001043 seconds, Stopping threads took: 0.0000271 seconds
2016-04-04T17:32:38.576-0800: 256.257: Total time for which application threads were stopped: 0.0000661 seconds, Stopping threads took: 0.0000084 seconds
2016-04-04T17:32:38.697-0800: 256.378: Total time for which application threads were stopped: 0.0001327 seconds, Stopping threads took: 0.0000197 seconds
2016-04-04T17:32:38.701-0800: 256.382: Total time for which application threads were stopped: 0.0000846 seconds, Stopping threads took: 0.0000165 seconds
2016-04-04T17:32:38.703-0800: 256.385: Total time for which application threads were stopped: 0.0000782 seconds, Stopping threads took: 0.0000265 seconds
2016-04-04T17:32:38.703-0800: 256.385: Total time for which application threads were stopped: 0.0000842 seconds, Stopping threads took: 0.0000088 seconds
2016-04-04T17:32:38.730-0800: 256.412: Total time for which application threads were stopped: 0.0001164 seconds, Stopping threads took: 0.0000430 seconds
2016-04-04T17:32:38.731-0800: 256.413: Total time for which application threads were stopped: 0.0000884 seconds, Stopping threads took: 0.0000311 seconds
2016-04-04T17:32:38.740-0800: 256.422: Total time for which application threads were stopped: 0.0001034 seconds, Stopping threads took: 0.0000491 seconds
2016-04-04T17:32:38.740-0800: 256.422: Total time for which application threads were stopped: 0.0000778 seconds, Stopping threads took: 0.0000364 seconds
2016-04-04T17:32:38.740-0800: 256.422: Total time for which application threads were stopped: 0.0000531 seconds, Stopping threads took: 0.0000183 seconds
2016-04-04T17:32:38.740-0800: 256.422: Total time for which application threads were stopped: 0.0000496 seconds, Stopping threads took: 0.0000152 seconds
2016-04-04T17:32:38.741-0800: 256.423: Total time for which application threads were stopped: 0.0000597 seconds, Stopping threads took: 0.0000209 seconds
2016-04-04T17:32:38.741-0800: 256.423: Total time for which application threads were stopped: 0.0000720 seconds, Stopping threads took: 0.0000372 seconds
2016-04-04T17:32:38.741-0800: 256.423: Total time for which application threads were stopped: 0.0000526 seconds, Stopping threads took: 0.0000209 seconds
2016-04-04T17:32:38.741-0800: 256.423: Total time for which application threads were stopped: 0.0000655 seconds, Stopping threads took: 0.0000280 seconds
2016-04-04T17:32:38.742-0800: 256.423: Total time for which application threads were stopped: 0.0000657 seconds, Stopping threads took: 0.0000302 seconds
2016-04-04T17:32:38.742-0800: 256.423: Total time for which application threads were stopped: 0.0000541 seconds, Stopping threads took: 0.0000235 seconds
2016-04-04T17:32:38.742-0800: 256.423: Total time for which application threads were stopped: 0.0000389 seconds, Stopping threads took: 0.0000076 seconds
2016-04-04T17:32:42.738-0800: 260.420: Total time for which application threads were stopped: 0.0001539 seconds, Stopping threads took: 0.0000283 seconds
2016-04-04T17:33:05.165-0800: 282.847: Total time for which application threads were stopped: 0.0001380 seconds, Stopping threads took: 0.0000278 seconds
2016-04-04T17:33:05.179-0800: 282.862: Total time for which application threads were stopped: 0.0001064 seconds, Stopping threads took: 0.0000158 seconds
2016-04-04T17:33:05.180-0800: 282.862: Total time for which application threads were stopped: 0.0000889 seconds, Stopping threads took: 0.0000463 seconds
2016-04-04T17:33:05.180-0800: 282.863: Total time for which application threads were stopped: 0.0000671 seconds, Stopping threads took: 0.0000231 seconds
2016-04-04T17:33:05.181-0800: 282.864: Total time for which application threads were stopped: 0.0001167 seconds, Stopping threads took: 0.0000323 seconds
2016-04-04T17:33:05.182-0800: 282.864: Total time for which application threads were stopped: 0.0000881 seconds, Stopping threads took: 0.0000448 seconds
2016-04-04T17:33:05.182-0800: 282.865: Total time for which application threads were stopped: 0.0001026 seconds, Stopping threads took: 0.0000438 seconds
2016-04-04T17:33:05.182-0800: 282.865: Total time for which application threads were stopped: 0.0001062 seconds, Stopping threads took: 0.0000389 seconds
2016-04-04T17:33:05.182-0800: 282.865: Total time for which application threads were stopped: 0.0000817 seconds, Stopping threads took: 0.0000239 seconds
2016-04-04T17:33:05.183-0800: 282.866: Total time for which application threads were stopped: 0.0001215 seconds, Stopping threads took: 0.0000637 seconds
2016-04-04T17:33:05.185-0800: 282.868: Total time for which application threads were stopped: 0.0000859 seconds, Stopping threads took: 0.0000177 seconds
2016-04-04T17:33:05.186-0800: 282.869: Total time for which application threads were stopped: 0.0001669 seconds, Stopping threads took: 0.0000556 seconds
2016-04-04T17:33:05.190-0800: 282.872: Total time for which application threads were stopped: 0.0000960 seconds, Stopping threads took: 0.0000301 seconds
2016-04-04T17:33:05.222-0800: 282.905: Total time for which application threads were stopped: 0.0001328 seconds, Stopping threads took: 0.0000167 seconds
2016-04-04T17:33:05.265-0800: 282.948: Total time for which application threads were stopped: 0.0001001 seconds, Stopping threads took: 0.0000194 seconds
2016-04-04T17:33:05.265-0800: 282.948: Total time for which application threads were stopped: 0.0000590 seconds, Stopping threads took: 0.0000096 seconds
2016-04-04T17:33:05.271-0800: 282.953: Total time for which application threads were stopped: 0.0003127 seconds, Stopping threads took: 0.0000324 seconds
2016-04-04T17:33:05.271-0800: 282.954: Total time for which application threads were stopped: 0.0001944 seconds, Stopping threads took: 0.0000267 seconds
2016-04-04T17:33:05.271-0800: 282.954: Total time for which application threads were stopped: 0.0001263 seconds, Stopping threads took: 0.0000267 seconds
2016-04-04T17:33:05.299-0800: 282.982: Total time for which application threads were stopped: 0.0000838 seconds, Stopping threads took: 0.0000117 seconds
2016-04-04T17:33:05.299-0800: 282.982: Total time for which application threads were stopped: 0.0000512 seconds, Stopping threads took: 0.0000157 seconds
2016-04-04T17:33:05.304-0800: 282.987: Total time for which application threads were stopped: 0.0001209 seconds, Stopping threads took: 0.0000185 seconds
2016-04-04T17:33:05.304-0800: 282.987: Total time for which application threads were stopped: 0.0000918 seconds, Stopping threads took: 0.0000448 seconds
2016-04-04T17:33:15.295-0800: 292.978: Total time for which application threads were stopped: 0.0001237 seconds, Stopping threads took: 0.0000234 seconds
2016-04-04T17:33:40.405-0800: 318.089: Total time for which application threads were stopped: 0.0001335 seconds, Stopping threads took: 0.0000292 seconds
2016-04-04T17:33:48.420-0800: 326.105: Total time for which application threads were stopped: 0.0001039 seconds, Stopping threads took: 0.0000299 seconds
2016-04-04T17:33:48.421-0800: 326.106: Total time for which application threads were stopped: 0.0001056 seconds, Stopping threads took: 0.0000213 seconds
2016-04-04T17:33:48.422-0800: 326.107: Total time for which application threads were stopped: 0.0001306 seconds, Stopping threads took: 0.0000721 seconds
{Heap before GC invocations=8 (full 1):
 par new generation   total 109248K, used 109248K [0x00000007a0000000, 0x00000007a8000000, 0x00000007a8000000)
  eden space 87424K, 100% used [0x00000007a0000000, 0x00000007a5560000, 0x00000007a5560000)
  from space 21824K, 100% used [0x00000007a5560000, 0x00000007a6ab0000, 0x00000007a6ab0000)
  to   space 21824K,   0% used [0x00000007a6ab0000, 0x00000007a6ab0000, 0x00000007a8000000)
 concurrent mark-sweep generation total 393216K, used 5545K [0x00000007a8000000, 0x00000007c0000000, 0x00000007c0000000)
 Metaspace       used 32035K, capacity 32466K, committed 32712K, reserved 1079296K
  class space    used 3664K, capacity 3772K, committed 3784K, reserved 1048576K
2016-04-04T17:33:48.432-0800: 326.117: [GC (Allocation Failure) 2016-04-04T17:33:48.432-0800: 326.117: [ParNew
Desired survivor size 20112992 bytes, new threshold 8 (max 8)
- age   1:    1834496 bytes,    1834496 total
- age   2:    4498912 bytes,    6333408 total
- age   3:   10675352 bytes,   17008760 total
- age   4:     130320 bytes,   17139080 total
- age   5:      90944 bytes,   17230024 total
- age   6:      93336 bytes,   17323360 total
- age   7:     229168 bytes,   17552528 total
: 109248K->21824K(109248K), 0.0144840 secs] 114793K->31612K(502464K), 0.0145404 secs] [Times: user=0.06 sys=0.00, real=0.01 secs] 
Heap after GC invocations=9 (full 1):
 par new generation   total 109248K, used 21824K [0x00000007a0000000, 0x00000007a8000000, 0x00000007a8000000)
  eden space 87424K,   0% used [0x00000007a0000000, 0x00000007a0000000, 0x00000007a5560000)
  from space 21824K, 100% used [0x00000007a6ab0000, 0x00000007a8000000, 0x00000007a8000000)
  to   space 21824K,   0% used [0x00000007a5560000, 0x00000007a5560000, 0x00000007a6ab0000)
 concurrent mark-sweep generation total 393216K, used 9788K [0x00000007a8000000, 0x00000007c0000000, 0x00000007c0000000)
 Metaspace       used 32035K, capacity 32466K, committed 32712K, reserved 1079296K
  class space    used 3664K, capacity 3772K, committed 3784K, reserved 1048576K
}
2016-04-04T17:33:48.447-0800: 326.132: Total time for which application threads were stopped: 0.0146994 seconds, Stopping threads took: 0.0000176 seconds
2016-04-04T17:33:48.539-0800: 326.224: Total time for which application threads were stopped: 0.0000968 seconds, Stopping threads took: 0.0000126 seconds
2016-04-04T17:33:48.545-0800: 326.230: Total time for which application threads were stopped: 0.0001460 seconds, Stopping threads took: 0.0000260 seconds
2016-04-04T17:33:48.548-0800: 326.233: Total time for which application threads were stopped: 0.0000688 seconds, Stopping threads took: 0.0000107 seconds
2016-04-04T17:33:48.548-0800: 326.233: Total time for which application threads were stopped: 0.0000495 seconds, Stopping threads took: 0.0000072 seconds
2016-04-04T17:33:48.572-0800: 326.257: Total time for which application threads were stopped: 0.0000883 seconds, Stopping threads took: 0.0000148 seconds
2016-04-04T17:33:48.573-0800: 326.258: Total time for which application threads were stopped: 0.0000600 seconds, Stopping threads took: 0.0000118 seconds
2016-04-04T17:33:48.585-0800: 326.270: Total time for which application threads were stopped: 0.0000671 seconds, Stopping threads took: 0.0000136 seconds
2016-04-04T17:33:48.585-0800: 326.270: Total time for which application threads were stopped: 0.0000736 seconds, Stopping threads took: 0.0000270 seconds
2016-04-04T17:33:48.585-0800: 326.270: Total time for which application threads were stopped: 0.0000550 seconds, Stopping threads took: 0.0000180 seconds
2016-04-04T17:33:48.585-0800: 326.270: Total time for which application threads were stopped: 0.0000489 seconds, Stopping threads took: 0.0000198 seconds
2016-04-04T17:33:49.591-0800: 327.276: Total time for which application threads were stopped: 0.0002771 seconds, Stopping threads took: 0.0000480 seconds
2016-04-04T17:33:51.815-0800: 329.500: Total time for which application threads were stopped: 0.0002010 seconds, Stopping threads took: 0.0001264 seconds
2016-04-04T17:33:51.905-0800: 329.590: Total time for which application threads were stopped: 0.0001226 seconds, Stopping threads took: 0.0000148 seconds
2016-04-04T17:33:51.905-0800: 329.590: Total time for which application threads were stopped: 0.0000391 seconds, Stopping threads took: 0.0000036 seconds
2016-04-04T17:33:51.909-0800: 329.594: Total time for which application threads were stopped: 0.0000961 seconds, Stopping threads took: 0.0000129 seconds
2016-04-04T17:33:51.909-0800: 329.594: Total time for which application threads were stopped: 0.0000733 seconds, Stopping threads took: 0.0000167 seconds
2016-04-04T17:33:51.934-0800: 329.619: Total time for which application threads were stopped: 0.0001375 seconds, Stopping threads took: 0.0000464 seconds
2016-04-04T17:33:51.934-0800: 329.619: Total time for which application threads were stopped: 0.0000668 seconds, Stopping threads took: 0.0000193 seconds
2016-04-04T17:33:51.939-0800: 329.624: Total time for which application threads were stopped: 0.0001158 seconds, Stopping threads took: 0.0000282 seconds
2016-04-04T17:33:51.939-0800: 329.624: Total time for which application threads were stopped: 0.0002534 seconds, Stopping threads took: 0.0001926 seconds
2016-04-04T17:33:55.951-0800: 333.637: Total time for which application threads were stopped: 0.0002245 seconds, Stopping threads took: 0.0000491 seconds
2016-04-04T17:34:01.927-0800: 339.613: Total time for which application threads were stopped: 0.0001248 seconds, Stopping threads took: 0.0000263 seconds
2016-04-04T17:34:40.845-0800: 378.532: Total time for which application threads were stopped: 0.0001102 seconds, Stopping threads took: 0.0000268 seconds
2016-04-04T17:34:40.846-0800: 378.533: Total time for which application threads were stopped: 0.0000832 seconds, Stopping threads took: 0.0000085 seconds
2016-04-04T17:34:40.935-0800: 378.622: Total time for which application threads were stopped: 0.0001459 seconds, Stopping threads took: 0.0000491 seconds
2016-04-04T17:34:40.940-0800: 378.628: Total time for which application threads were stopped: 0.0000649 seconds, Stopping threads took: 0.0000111 seconds
2016-04-04T17:34:40.943-0800: 378.630: Total time for which application threads were stopped: 0.0000642 seconds, Stopping threads took: 0.0000105 seconds
2016-04-04T17:34:40.943-0800: 378.630: Total time for which application threads were stopped: 0.0000459 seconds, Stopping threads took: 0.0000086 seconds
2016-04-04T17:34:40.978-0800: 378.665: Total time for which application threads were stopped: 0.0001503 seconds, Stopping threads took: 0.0000535 seconds
2016-04-04T17:34:40.978-0800: 378.665: Total time for which application threads were stopped: 0.0000842 seconds, Stopping threads took: 0.0000496 seconds
2016-04-04T17:34:40.978-0800: 378.666: Total time for which application threads were stopped: 0.0000807 seconds, Stopping threads took: 0.0000474 seconds
2016-04-04T17:34:40.978-0800: 378.666: Total time for which application threads were stopped: 0.0000675 seconds, Stopping threads took: 0.0000327 seconds
2016-04-04T17:34:40.979-0800: 378.666: Total time for which application threads were stopped: 0.0001083 seconds, Stopping threads took: 0.0000101 seconds
2016-04-04T17:34:40.979-0800: 378.666: Total time for which application threads were stopped: 0.0001083 seconds, Stopping threads took: 0.0000571 seconds
2016-04-04T17:34:40.979-0800: 378.666: Total time for which application threads were stopped: 0.0000923 seconds, Stopping threads took: 0.0000520 seconds
2016-04-04T17:34:40.979-0800: 378.667: Total time for which application threads were stopped: 0.0000778 seconds, Stopping threads took: 0.0000393 seconds
2016-04-04T17:34:40.979-0800: 378.667: Total time for which application threads were stopped: 0.0000579 seconds, Stopping threads took: 0.0000083 seconds
2016-04-04T17:34:40.979-0800: 378.667: Total time for which application threads were stopped: 0.0000722 seconds, Stopping threads took: 0.0000086 seconds
2016-04-04T17:34:40.979-0800: 378.667: Total time for which application threads were stopped: 0.0000832 seconds, Stopping threads took: 0.0000290 seconds
2016-04-04T17:34:40.979-0800: 378.667: Total time for which application threads were stopped: 0.0000465 seconds, Stopping threads took: 0.0000064 seconds
2016-04-04T17:34:40.980-0800: 378.667: Total time for which application threads were stopped: 0.0000426 seconds, Stopping threads took: 0.0000058 seconds
2016-04-04T17:34:40.980-0800: 378.667: Total time for which application threads were stopped: 0.0000527 seconds, Stopping threads took: 0.0000076 seconds
2016-04-04T17:34:40.980-0800: 378.667: Total time for which application threads were stopped: 0.0000449 seconds, Stopping threads took: 0.0000062 seconds
2016-04-04T17:34:40.980-0800: 378.667: Total time for which application threads were stopped: 0.0000430 seconds, Stopping threads took: 0.0000055 seconds
2016-04-04T17:34:40.980-0800: 378.667: Total time for which application threads were stopped: 0.0000424 seconds, Stopping threads took: 0.0000053 seconds
2016-04-04T17:34:41.985-0800: 379.673: Total time for which application threads were stopped: 0.0002679 seconds, Stopping threads took: 0.0000529 seconds
2016-04-04T17:34:51.940-0800: 389.628: Total time for which application threads were stopped: 0.0002392 seconds, Stopping threads took: 0.0000839 seconds
2016-04-04T17:34:56.781-0800: 394.469: Total time for which application threads were stopped: 0.0001073 seconds, Stopping threads took: 0.0000276 seconds
2016-04-04T17:34:56.782-0800: 394.470: Total time for which application threads were stopped: 0.0001464 seconds, Stopping threads took: 0.0000082 seconds
{Heap before GC invocations=9 (full 1):
 par new generation   total 109248K, used 109248K [0x00000007a0000000, 0x00000007a8000000, 0x00000007a8000000)
  eden space 87424K, 100% used [0x00000007a0000000, 0x00000007a5560000, 0x00000007a5560000)
  from space 21824K, 100% used [0x00000007a6ab0000, 0x00000007a8000000, 0x00000007a8000000)
  to   space 21824K,   0% used [0x00000007a5560000, 0x00000007a5560000, 0x00000007a6ab0000)
 concurrent mark-sweep generation total 393216K, used 9788K [0x00000007a8000000, 0x00000007c0000000, 0x00000007c0000000)
 Metaspace       used 32137K, capacity 32536K, committed 32968K, reserved 1079296K
  class space    used 3665K, capacity 3773K, committed 3784K, reserved 1048576K
2016-04-04T17:34:56.835-0800: 394.523: [GC (Allocation Failure) 2016-04-04T17:34:56.835-0800: 394.523: [ParNew
Desired survivor size 20112992 bytes, new threshold 8 (max 8)
- age   1:    2478784 bytes,    2478784 total
- age   2:    1322608 bytes,    3801392 total
- age   3:    4161680 bytes,    7963072 total
- age   4:    9900096 bytes,   17863168 total
- age   5:     120136 bytes,   17983304 total
- age   6:      81968 bytes,   18065272 total
- age   7:      67208 bytes,   18132480 total
- age   8:     195232 bytes,   18327712 total
: 109248K->21824K(109248K), 0.0114226 secs] 119036K->34058K(502464K), 0.0114689 secs] [Times: user=0.06 sys=0.00, real=0.01 secs] 
Heap after GC invocations=10 (full 1):
 par new generation   total 109248K, used 21824K [0x00000007a0000000, 0x00000007a8000000, 0x00000007a8000000)
  eden space 87424K,   0% used [0x00000007a0000000, 0x00000007a0000000, 0x00000007a5560000)
  from space 21824K, 100% used [0x00000007a5560000, 0x00000007a6ab0000, 0x00000007a6ab0000)
  to   space 21824K,   0% used [0x00000007a6ab0000, 0x00000007a6ab0000, 0x00000007a8000000)
 concurrent mark-sweep generation total 393216K, used 12234K [0x00000007a8000000, 0x00000007c0000000, 0x00000007c0000000)
 Metaspace       used 32137K, capacity 32536K, committed 32968K, reserved 1079296K
  class space    used 3665K, capacity 3773K, committed 3784K, reserved 1048576K
}
2016-04-04T17:34:56.846-0800: 394.535: Total time for which application threads were stopped: 0.0116195 seconds, Stopping threads took: 0.0000164 seconds
2016-04-04T17:34:56.874-0800: 394.563: Total time for which application threads were stopped: 0.0000989 seconds, Stopping threads took: 0.0000256 seconds
2016-04-04T17:34:56.881-0800: 394.570: Total time for which application threads were stopped: 0.0000800 seconds, Stopping threads took: 0.0000150 seconds
2016-04-04T17:34:56.883-0800: 394.572: Total time for which application threads were stopped: 0.0000580 seconds, Stopping threads took: 0.0000100 seconds
2016-04-04T17:34:56.883-0800: 394.572: Total time for which application threads were stopped: 0.0000418 seconds, Stopping threads took: 0.0000068 seconds
2016-04-04T17:34:56.915-0800: 394.604: Total time for which application threads were stopped: 0.0000971 seconds, Stopping threads took: 0.0000158 seconds
2016-04-04T17:34:56.916-0800: 394.604: Total time for which application threads were stopped: 0.0001013 seconds, Stopping threads took: 0.0000557 seconds
2016-04-04T17:34:56.916-0800: 394.604: Total time for which application threads were stopped: 0.0000660 seconds, Stopping threads took: 0.0000320 seconds
2016-04-04T17:34:56.916-0800: 394.604: Total time for which application threads were stopped: 0.0000868 seconds, Stopping threads took: 0.0000397 seconds
2016-04-04T17:34:56.916-0800: 394.605: Total time for which application threads were stopped: 0.0000882 seconds, Stopping threads took: 0.0000100 seconds
2016-04-04T17:34:56.916-0800: 394.605: Total time for which application threads were stopped: 0.0000729 seconds, Stopping threads took: 0.0000076 seconds
2016-04-04T17:34:56.917-0800: 394.605: Total time for which application threads were stopped: 0.0000698 seconds, Stopping threads took: 0.0000074 seconds
2016-04-04T17:34:56.917-0800: 394.605: Total time for which application threads were stopped: 0.0000706 seconds, Stopping threads took: 0.0000072 seconds
2016-04-04T17:34:56.917-0800: 394.605: Total time for which application threads were stopped: 0.0001522 seconds, Stopping threads took: 0.0000160 seconds
2016-04-04T17:34:57.919-0800: 395.608: Total time for which application threads were stopped: 0.0002402 seconds, Stopping threads took: 0.0000517 seconds
2016-04-04T17:36:05.094-0800: 462.786: Total time for which application threads were stopped: 0.0000989 seconds, Stopping threads took: 0.0000178 seconds
2016-04-04T17:36:05.107-0800: 462.799: Total time for which application threads were stopped: 0.0000604 seconds, Stopping threads took: 0.0000113 seconds
2016-04-04T17:36:05.108-0800: 462.799: Total time for which application threads were stopped: 0.0000632 seconds, Stopping threads took: 0.0000186 seconds
2016-04-04T17:36:05.109-0800: 462.801: Total time for which application threads were stopped: 0.0000890 seconds, Stopping threads took: 0.0000259 seconds
2016-04-04T17:36:05.109-0800: 462.801: Total time for which application threads were stopped: 0.0001653 seconds, Stopping threads took: 0.0000963 seconds
2016-04-04T17:36:05.109-0800: 462.801: Total time for which application threads were stopped: 0.0001084 seconds, Stopping threads took: 0.0000500 seconds
2016-04-04T17:36:05.110-0800: 462.801: Total time for which application threads were stopped: 0.0001972 seconds, Stopping threads took: 0.0000477 seconds
2016-04-04T17:36:05.110-0800: 462.802: Total time for which application threads were stopped: 0.0000702 seconds, Stopping threads took: 0.0000251 seconds
2016-04-04T17:36:05.113-0800: 462.805: Total time for which application threads were stopped: 0.0000910 seconds, Stopping threads took: 0.0000134 seconds
2016-04-04T17:36:05.113-0800: 462.805: Total time for which application threads were stopped: 0.0001047 seconds, Stopping threads took: 0.0000504 seconds
2016-04-04T17:36:05.113-0800: 462.805: Total time for which application threads were stopped: 0.0001233 seconds, Stopping threads took: 0.0000584 seconds
2016-04-04T17:36:05.113-0800: 462.805: Total time for which application threads were stopped: 0.0000691 seconds, Stopping threads took: 0.0000287 seconds
2016-04-04T17:36:05.117-0800: 462.808: Total time for which application threads were stopped: 0.0000992 seconds, Stopping threads took: 0.0000329 seconds
2016-04-04T17:36:05.199-0800: 462.891: Total time for which application threads were stopped: 0.0001269 seconds, Stopping threads took: 0.0000303 seconds
2016-04-04T17:36:05.199-0800: 462.891: Total time for which application threads were stopped: 0.0000488 seconds, Stopping threads took: 0.0000067 seconds
2016-04-04T17:36:05.204-0800: 462.895: Total time for which application threads were stopped: 0.0001109 seconds, Stopping threads took: 0.0000344 seconds
2016-04-04T17:36:05.204-0800: 462.895: Total time for which application threads were stopped: 0.0000707 seconds, Stopping threads took: 0.0000165 seconds
2016-04-04T17:36:05.232-0800: 462.924: Total time for which application threads were stopped: 0.0001455 seconds, Stopping threads took: 0.0000440 seconds
2016-04-04T17:36:05.232-0800: 462.924: Total time for which application threads were stopped: 0.0000682 seconds, Stopping threads took: 0.0000167 seconds
2016-04-04T17:36:05.237-0800: 462.928: Total time for which application threads were stopped: 0.0000764 seconds, Stopping threads took: 0.0000114 seconds
2016-04-04T17:36:05.237-0800: 462.928: Total time for which application threads were stopped: 0.0000709 seconds, Stopping threads took: 0.0000118 seconds
2016-04-04T17:36:06.238-0800: 463.930: Total time for which application threads were stopped: 0.0002404 seconds, Stopping threads took: 0.0000555 seconds
2016-04-04T17:36:10.223-0800: 467.915: Total time for which application threads were stopped: 0.0001336 seconds, Stopping threads took: 0.0000287 seconds
2016-04-04T17:36:15.226-0800: 472.918: Total time for which application threads were stopped: 0.0002376 seconds, Stopping threads took: 0.0000557 seconds
2016-04-04T17:36:18.762-0800: 476.454: Total time for which application threads were stopped: 0.0001125 seconds, Stopping threads took: 0.0000280 seconds
2016-04-04T17:36:18.842-0800: 476.534: Total time for which application threads were stopped: 0.0001477 seconds, Stopping threads took: 0.0000658 seconds
2016-04-04T17:36:18.846-0800: 476.538: Total time for which application threads were stopped: 0.0000698 seconds, Stopping threads took: 0.0000123 seconds
2016-04-04T17:36:18.847-0800: 476.540: Total time for which application threads were stopped: 0.0000765 seconds, Stopping threads took: 0.0000228 seconds
2016-04-04T17:36:18.848-0800: 476.540: Total time for which application threads were stopped: 0.0000422 seconds, Stopping threads took: 0.0000068 seconds
2016-04-04T17:36:18.866-0800: 476.558: Total time for which application threads were stopped: 0.0000702 seconds, Stopping threads took: 0.0000118 seconds
2016-04-04T17:36:18.866-0800: 476.559: Total time for which application threads were stopped: 0.0000662 seconds, Stopping threads took: 0.0000119 seconds
2016-04-04T17:36:18.866-0800: 476.559: Total time for which application threads were stopped: 0.0000538 seconds, Stopping threads took: 0.0000087 seconds
2016-04-04T17:36:18.867-0800: 476.560: Total time for which application threads were stopped: 0.0001792 seconds, Stopping threads took: 0.0000090 seconds
2016-04-04T17:36:18.877-0800: 476.569: Total time for which application threads were stopped: 0.0000945 seconds, Stopping threads took: 0.0000148 seconds
2016-04-04T17:36:18.877-0800: 476.569: Total time for which application threads were stopped: 0.0000673 seconds, Stopping threads took: 0.0000218 seconds
2016-04-04T17:36:18.877-0800: 476.570: Total time for which application threads were stopped: 0.0000578 seconds, Stopping threads took: 0.0000182 seconds
2016-04-04T17:36:18.877-0800: 476.570: Total time for which application threads were stopped: 0.0000869 seconds, Stopping threads took: 0.0000242 seconds
2016-04-04T17:36:19.883-0800: 477.575: Total time for which application threads were stopped: 0.0002559 seconds, Stopping threads took: 0.0000520 seconds
2016-04-04T17:36:25.000-0800: 482.693: Total time for which application threads were stopped: 0.0001453 seconds, Stopping threads took: 0.0000568 seconds
2016-04-04T17:36:25.092-0800: 482.784: Total time for which application threads were stopped: 0.0001294 seconds, Stopping threads took: 0.0000180 seconds
2016-04-04T17:36:25.092-0800: 482.784: Total time for which application threads were stopped: 0.0000792 seconds, Stopping threads took: 0.0000083 seconds
2016-04-04T17:36:25.097-0800: 482.789: Total time for which application threads were stopped: 0.0000774 seconds, Stopping threads took: 0.0000129 seconds
2016-04-04T17:36:25.097-0800: 482.789: Total time for which application threads were stopped: 0.0000740 seconds, Stopping threads took: 0.0000336 seconds
2016-04-04T17:36:25.121-0800: 482.814: Total time for which application threads were stopped: 0.0000931 seconds, Stopping threads took: 0.0000150 seconds
2016-04-04T17:36:25.121-0800: 482.814: Total time for which application threads were stopped: 0.0000618 seconds, Stopping threads took: 0.0000081 seconds
2016-04-04T17:36:25.126-0800: 482.819: Total time for which application threads were stopped: 0.0000834 seconds, Stopping threads took: 0.0000207 seconds
2016-04-04T17:36:25.127-0800: 482.819: Total time for which application threads were stopped: 0.0000585 seconds, Stopping threads took: 0.0000199 seconds
2016-04-04T17:36:30.112-0800: 487.805: Total time for which application threads were stopped: 0.0001424 seconds, Stopping threads took: 0.0000495 seconds
2016-04-04T17:36:36.383-0800: 494.076: Total time for which application threads were stopped: 0.0000989 seconds, Stopping threads took: 0.0000174 seconds
2016-04-04T17:36:36.392-0800: 494.085: Total time for which application threads were stopped: 0.0002016 seconds, Stopping threads took: 0.0000887 seconds
2016-04-04T17:36:36.392-0800: 494.086: Total time for which application threads were stopped: 0.0000654 seconds, Stopping threads took: 0.0000134 seconds
2016-04-04T17:36:36.392-0800: 494.086: Total time for which application threads were stopped: 0.0000690 seconds, Stopping threads took: 0.0000115 seconds
2016-04-04T17:36:36.393-0800: 494.086: Total time for which application threads were stopped: 0.0000498 seconds, Stopping threads took: 0.0000086 seconds
2016-04-04T17:36:36.403-0800: 494.096: Total time for which application threads were stopped: 0.0000879 seconds, Stopping threads took: 0.0000159 seconds
2016-04-04T17:36:36.403-0800: 494.096: Total time for which application threads were stopped: 0.0000574 seconds, Stopping threads took: 0.0000175 seconds
2016-04-04T17:36:37.403-0800: 495.097: Total time for which application threads were stopped: 0.0001556 seconds, Stopping threads took: 0.0000282 seconds
2016-04-04T17:37:14.685-0800: 532.380: Total time for which application threads were stopped: 0.0001009 seconds, Stopping threads took: 0.0000180 seconds
2016-04-04T17:37:14.686-0800: 532.381: Total time for which application threads were stopped: 0.0000567 seconds, Stopping threads took: 0.0000079 seconds
2016-04-04T17:37:14.687-0800: 532.382: Total time for which application threads were stopped: 0.0000599 seconds, Stopping threads took: 0.0000086 seconds
2016-04-04T17:37:14.687-0800: 532.382: Total time for which application threads were stopped: 0.0000701 seconds, Stopping threads took: 0.0000226 seconds
2016-04-04T17:37:14.687-0800: 532.382: Total time for which application threads were stopped: 0.0000847 seconds, Stopping threads took: 0.0000121 seconds
2016-04-04T17:37:14.687-0800: 532.382: Total time for which application threads were stopped: 0.0000786 seconds, Stopping threads took: 0.0000229 seconds
2016-04-04T17:37:14.688-0800: 532.383: Total time for which application threads were stopped: 0.0000734 seconds, Stopping threads took: 0.0000108 seconds
2016-04-04T17:37:14.688-0800: 532.383: Total time for which application threads were stopped: 0.0000642 seconds, Stopping threads took: 0.0000258 seconds
2016-04-04T17:37:14.688-0800: 532.384: Total time for which application threads were stopped: 0.0000724 seconds, Stopping threads took: 0.0000335 seconds
2016-04-04T17:37:14.688-0800: 532.384: Total time for which application threads were stopped: 0.0000516 seconds, Stopping threads took: 0.0000087 seconds
2016-04-04T17:37:14.689-0800: 532.384: Total time for which application threads were stopped: 0.0000983 seconds, Stopping threads took: 0.0000587 seconds
2016-04-04T17:37:14.689-0800: 532.384: Total time for which application threads were stopped: 0.0000713 seconds, Stopping threads took: 0.0000324 seconds
2016-04-04T17:37:14.689-0800: 532.384: Total time for which application threads were stopped: 0.0000897 seconds, Stopping threads took: 0.0000502 seconds
2016-04-04T17:37:14.689-0800: 532.384: Total time for which application threads were stopped: 0.0000690 seconds, Stopping threads took: 0.0000301 seconds
2016-04-04T17:37:14.690-0800: 532.385: Total time for which application threads were stopped: 0.0000922 seconds, Stopping threads took: 0.0000340 seconds
2016-04-04T17:37:14.690-0800: 532.385: Total time for which application threads were stopped: 0.0001007 seconds, Stopping threads took: 0.0000635 seconds
2016-04-04T17:37:14.690-0800: 532.385: Total time for which application threads were stopped: 0.0000625 seconds, Stopping threads took: 0.0000259 seconds
2016-04-04T17:37:14.690-0800: 532.385: Total time for which application threads were stopped: 0.0001171 seconds, Stopping threads took: 0.0000529 seconds
2016-04-04T17:37:14.690-0800: 532.386: Total time for which application threads were stopped: 0.0000472 seconds, Stopping threads took: 0.0000078 seconds
2016-04-04T17:37:14.691-0800: 532.386: Total time for which application threads were stopped: 0.0000596 seconds, Stopping threads took: 0.0000139 seconds
2016-04-04T17:37:14.691-0800: 532.386: Total time for which application threads were stopped: 0.0000582 seconds, Stopping threads took: 0.0000157 seconds
2016-04-04T17:37:14.691-0800: 532.386: Total time for which application threads were stopped: 0.0000618 seconds, Stopping threads took: 0.0000154 seconds
2016-04-04T17:37:14.691-0800: 532.386: Total time for which application threads were stopped: 0.0000455 seconds, Stopping threads took: 0.0000071 seconds
2016-04-04T17:37:14.691-0800: 532.386: Total time for which application threads were stopped: 0.0000589 seconds, Stopping threads took: 0.0000271 seconds
2016-04-04T17:37:14.691-0800: 532.387: Total time for which application threads were stopped: 0.0000556 seconds, Stopping threads took: 0.0000173 seconds
2016-04-04T17:37:14.692-0800: 532.387: Total time for which application threads were stopped: 0.0000451 seconds, Stopping threads took: 0.0000140 seconds
2016-04-04T17:37:14.692-0800: 532.387: Total time for which application threads were stopped: 0.0000463 seconds, Stopping threads took: 0.0000088 seconds
2016-04-04T17:37:14.692-0800: 532.387: Total time for which application threads were stopped: 0.0000445 seconds, Stopping threads took: 0.0000074 seconds
2016-04-04T17:37:14.693-0800: 532.388: Total time for which application threads were stopped: 0.0000748 seconds, Stopping threads took: 0.0000208 seconds
2016-04-04T17:37:14.693-0800: 532.388: Total time for which application threads were stopped: 0.0000442 seconds, Stopping threads took: 0.0000072 seconds
2016-04-04T17:37:14.695-0800: 532.390: Total time for which application threads were stopped: 0.0001020 seconds, Stopping threads took: 0.0000500 seconds
2016-04-04T17:37:15.696-0800: 533.392: Total time for which application threads were stopped: 0.0002320 seconds, Stopping threads took: 0.0000485 seconds
2016-04-04T17:37:25.126-0800: 542.822: Total time for which application threads were stopped: 0.0001248 seconds, Stopping threads took: 0.0000266 seconds
2016-04-04T17:37:27.035-0800: 544.731: Total time for which application threads were stopped: 0.0001039 seconds, Stopping threads took: 0.0000206 seconds
2016-04-04T17:37:27.036-0800: 544.732: Total time for which application threads were stopped: 0.0000910 seconds, Stopping threads took: 0.0000135 seconds
2016-04-04T17:37:28.040-0800: 545.736: Total time for which application threads were stopped: 0.0002682 seconds, Stopping threads took: 0.0000511 seconds
2016-04-04T17:37:40.669-0800: 558.366: Total time for which application threads were stopped: 0.0001091 seconds, Stopping threads took: 0.0000218 seconds
2016-04-04T17:37:41.675-0800: 559.371: Total time for which application threads were stopped: 0.0002406 seconds, Stopping threads took: 0.0000483 seconds
2016-04-04T17:37:42.799-0800: 560.495: Total time for which application threads were stopped: 0.0001404 seconds, Stopping threads took: 0.0000208 seconds
2016-04-04T17:37:42.817-0800: 560.513: Total time for which application threads were stopped: 0.0004870 seconds, Stopping threads took: 0.0000109 seconds
2016-04-04T17:37:42.822-0800: 560.518: Total time for which application threads were stopped: 0.0000874 seconds, Stopping threads took: 0.0000272 seconds
2016-04-04T17:37:43.824-0800: 561.521: Total time for which application threads were stopped: 0.0002123 seconds, Stopping threads took: 0.0000378 seconds
2016-04-04T17:38:32.605-0800: 610.304: Total time for which application threads were stopped: 0.0000972 seconds, Stopping threads took: 0.0000161 seconds
2016-04-04T17:38:32.606-0800: 610.305: Total time for which application threads were stopped: 0.0004723 seconds, Stopping threads took: 0.0000090 seconds
2016-04-04T17:38:32.606-0800: 610.305: Total time for which application threads were stopped: 0.0002024 seconds, Stopping threads took: 0.0000083 seconds
2016-04-04T17:38:32.621-0800: 610.320: Total time for which application threads were stopped: 0.0001405 seconds, Stopping threads took: 0.0000187 seconds
2016-04-04T17:38:33.627-0800: 611.326: Total time for which application threads were stopped: 0.0002906 seconds, Stopping threads took: 0.0000477 seconds
2016-04-04T17:38:33.662-0800: 611.361: Total time for which application threads were stopped: 0.0007182 seconds, Stopping threads took: 0.0000218 seconds
2016-04-04T17:38:34.116-0800: 611.815: Total time for which application threads were stopped: 0.0001815 seconds, Stopping threads took: 0.0000205 seconds
2016-04-04T17:38:34.320-0800: 612.019: Total time for which application threads were stopped: 0.0007206 seconds, Stopping threads took: 0.0000229 seconds
2016-04-04T17:38:34.935-0800: 612.634: Total time for which application threads were stopped: 0.0008155 seconds, Stopping threads took: 0.0000280 seconds
2016-04-04T17:38:34.949-0800: 612.648: Total time for which application threads were stopped: 0.0003287 seconds, Stopping threads took: 0.0001793 seconds
2016-04-04T17:38:35.536-0800: 613.235: Total time for which application threads were stopped: 0.0001279 seconds, Stopping threads took: 0.0000172 seconds
2016-04-04T17:38:35.583-0800: 613.282: Total time for which application threads were stopped: 0.0001082 seconds, Stopping threads took: 0.0000270 seconds
2016-04-04T17:38:35.583-0800: 613.282: Total time for which application threads were stopped: 0.0000368 seconds, Stopping threads took: 0.0000061 seconds
2016-04-04T17:38:35.714-0800: 613.413: Total time for which application threads were stopped: 0.0001846 seconds, Stopping threads took: 0.0000481 seconds
2016-04-04T17:38:35.714-0800: 613.414: Total time for which application threads were stopped: 0.0001018 seconds, Stopping threads took: 0.0000367 seconds
2016-04-04T17:38:35.715-0800: 613.414: Total time for which application threads were stopped: 0.0000988 seconds, Stopping threads took: 0.0000504 seconds
2016-04-04T17:38:35.715-0800: 613.414: Total time for which application threads were stopped: 0.0001395 seconds, Stopping threads took: 0.0000747 seconds
2016-04-04T17:38:35.716-0800: 613.415: Total time for which application threads were stopped: 0.0001808 seconds, Stopping threads took: 0.0000569 seconds
2016-04-04T17:38:35.716-0800: 613.416: Total time for which application threads were stopped: 0.0001296 seconds, Stopping threads took: 0.0000505 seconds
2016-04-04T17:38:35.718-0800: 613.417: Total time for which application threads were stopped: 0.0001723 seconds, Stopping threads took: 0.0000352 seconds
{Heap before GC invocations=10 (full 1):
 par new generation   total 109248K, used 109248K [0x00000007a0000000, 0x00000007a8000000, 0x00000007a8000000)
  eden space 87424K, 100% used [0x00000007a0000000, 0x00000007a5560000, 0x00000007a5560000)
  from space 21824K, 100% used [0x00000007a5560000, 0x00000007a6ab0000, 0x00000007a6ab0000)
  to   space 21824K,   0% used [0x00000007a6ab0000, 0x00000007a6ab0000, 0x00000007a8000000)
 concurrent mark-sweep generation total 393216K, used 12234K [0x00000007a8000000, 0x00000007c0000000, 0x00000007c0000000)
 Metaspace       used 36524K, capacity 36950K, committed 37448K, reserved 1083392K
  class space    used 4152K, capacity 4309K, committed 4424K, reserved 1048576K
2016-04-04T17:38:35.719-0800: 613.418: [GC (Allocation Failure) 2016-04-04T17:38:35.719-0800: 613.418: [ParNew
Desired survivor size 20112992 bytes, new threshold 8 (max 8)
- age   1:    4473040 bytes,    4473040 total
- age   2:    1152888 bytes,    5625928 total
- age   3:    1226424 bytes,    6852352 total
- age   4:    1814144 bytes,    8666496 total
- age   5:    8464024 bytes,   17130520 total
- age   6:     120136 bytes,   17250656 total
- age   7:      81968 bytes,   17332624 total
- age   8:      67192 bytes,   17399816 total
: 109248K->21824K(109248K), 0.0117836 secs] 121482K->38547K(502464K), 0.0118583 secs] [Times: user=0.04 sys=0.00, real=0.02 secs] 
Heap after GC invocations=11 (full 1):
 par new generation   total 109248K, used 21824K [0x00000007a0000000, 0x00000007a8000000, 0x00000007a8000000)
  eden space 87424K,   0% used [0x00000007a0000000, 0x00000007a0000000, 0x00000007a5560000)
  from space 21824K, 100% used [0x00000007a6ab0000, 0x00000007a8000000, 0x00000007a8000000)
  to   space 21824K,   0% used [0x00000007a5560000, 0x00000007a5560000, 0x00000007a6ab0000)
 concurrent mark-sweep generation total 393216K, used 16723K [0x00000007a8000000, 0x00000007c0000000, 0x00000007c0000000)
 Metaspace       used 36524K, capacity 36950K, committed 37448K, reserved 1083392K
  class space    used 4152K, capacity 4309K, committed 4424K, reserved 1048576K
}
2016-04-04T17:38:35.730-0800: 613.430: Total time for which application threads were stopped: 0.0123142 seconds, Stopping threads took: 0.0000530 seconds
2016-04-04T17:38:35.733-0800: 613.432: Total time for which application threads were stopped: 0.0005885 seconds, Stopping threads took: 0.0000939 seconds
2016-04-04T17:38:35.733-0800: 613.432: Total time for which application threads were stopped: 0.0001894 seconds, Stopping threads took: 0.0000906 seconds
2016-04-04T17:38:35.741-0800: 613.440: Total time for which application threads were stopped: 0.0002608 seconds, Stopping threads took: 0.0000619 seconds
2016-04-04T17:38:35.741-0800: 613.440: Total time for which application threads were stopped: 0.0001600 seconds, Stopping threads took: 0.0000432 seconds
2016-04-04T17:38:35.744-0800: 613.443: Total time for which application threads were stopped: 0.0002801 seconds, Stopping threads took: 0.0000502 seconds
2016-04-04T17:38:35.745-0800: 613.444: Total time for which application threads were stopped: 0.0002374 seconds, Stopping threads took: 0.0000539 seconds
2016-04-04T17:38:35.747-0800: 613.446: Total time for which application threads were stopped: 0.0004932 seconds, Stopping threads took: 0.0000426 seconds
2016-04-04T17:38:35.747-0800: 613.446: Total time for which application threads were stopped: 0.0001454 seconds, Stopping threads took: 0.0000287 seconds
2016-04-04T17:38:35.749-0800: 613.448: Total time for which application threads were stopped: 0.0001338 seconds, Stopping threads took: 0.0000580 seconds
2016-04-04T17:38:36.586-0800: 614.285: Total time for which application threads were stopped: 0.0002415 seconds, Stopping threads took: 0.0000659 seconds
2016-04-04T17:38:36.587-0800: 614.286: Total time for which application threads were stopped: 0.0000925 seconds, Stopping threads took: 0.0000185 seconds
2016-04-04T17:38:39.934-0800: 617.633: Total time for which application threads were stopped: 0.0001594 seconds, Stopping threads took: 0.0000342 seconds
2016-04-04T17:38:39.934-0800: 617.634: Total time for which application threads were stopped: 0.0000910 seconds, Stopping threads took: 0.0000171 seconds
2016-04-04T17:38:40.939-0800: 618.638: Total time for which application threads were stopped: 0.0002640 seconds, Stopping threads took: 0.0000581 seconds
2016-04-04T17:38:41.394-0800: 619.093: Total time for which application threads were stopped: 0.0001087 seconds, Stopping threads took: 0.0000238 seconds
2016-04-04T17:38:44.936-0800: 622.635: Total time for which application threads were stopped: 0.0001561 seconds, Stopping threads took: 0.0000333 seconds
2016-04-04T17:38:44.937-0800: 622.636: Total time for which application threads were stopped: 0.0001001 seconds, Stopping threads took: 0.0000175 seconds
2016-04-04T17:38:46.259-0800: 623.959: Total time for which application threads were stopped: 0.0001446 seconds, Stopping threads took: 0.0000329 seconds
2016-04-04T17:38:46.259-0800: 623.959: Total time for which application threads were stopped: 0.0000837 seconds, Stopping threads took: 0.0000194 seconds
2016-04-04T17:38:56.257-0800: 633.957: Total time for which application threads were stopped: 0.0000875 seconds, Stopping threads took: 0.0000204 seconds
2016-04-04T17:39:10.313-0800: 648.014: Total time for which application threads were stopped: 0.0001379 seconds, Stopping threads took: 0.0000323 seconds
2016-04-04T17:39:13.084-0800: 650.785: Total time for which application threads were stopped: 0.0001163 seconds, Stopping threads took: 0.0000217 seconds
2016-04-04T17:40:00.771-0800: 698.475: Total time for which application threads were stopped: 0.0001013 seconds, Stopping threads took: 0.0000179 seconds
2016-04-04T17:40:00.772-0800: 698.475: Total time for which application threads were stopped: 0.0000524 seconds, Stopping threads took: 0.0000072 seconds
2016-04-04T17:40:00.772-0800: 698.475: Total time for which application threads were stopped: 0.0000445 seconds, Stopping threads took: 0.0000078 seconds
2016-04-04T17:40:00.772-0800: 698.475: Total time for which application threads were stopped: 0.0000398 seconds, Stopping threads took: 0.0000064 seconds
2016-04-04T17:40:00.772-0800: 698.475: Total time for which application threads were stopped: 0.0000374 seconds, Stopping threads took: 0.0000060 seconds
2016-04-04T17:40:00.772-0800: 698.475: Total time for which application threads were stopped: 0.0000358 seconds, Stopping threads took: 0.0000058 seconds
2016-04-04T17:40:00.772-0800: 698.475: Total time for which application threads were stopped: 0.0000362 seconds, Stopping threads took: 0.0000059 seconds
2016-04-04T17:40:00.779-0800: 698.483: Total time for which application threads were stopped: 0.0001348 seconds, Stopping threads took: 0.0000259 seconds
2016-04-04T17:40:00.781-0800: 698.484: Total time for which application threads were stopped: 0.0000668 seconds, Stopping threads took: 0.0000192 seconds
2016-04-04T17:40:00.914-0800: 698.617: Total time for which application threads were stopped: 0.0001116 seconds, Stopping threads took: 0.0000297 seconds
2016-04-04T17:40:00.916-0800: 698.619: Total time for which application threads were stopped: 0.0000956 seconds, Stopping threads took: 0.0000279 seconds
2016-04-04T17:40:00.926-0800: 698.629: Total time for which application threads were stopped: 0.0001440 seconds, Stopping threads took: 0.0000391 seconds
2016-04-04T17:40:00.926-0800: 698.629: Total time for which application threads were stopped: 0.0001127 seconds, Stopping threads took: 0.0000261 seconds
2016-04-04T17:40:00.932-0800: 698.635: Total time for which application threads were stopped: 0.0001324 seconds, Stopping threads took: 0.0000268 seconds
2016-04-04T17:40:00.932-0800: 698.635: Total time for which application threads were stopped: 0.0000765 seconds, Stopping threads took: 0.0000163 seconds
2016-04-04T17:40:00.933-0800: 698.636: Total time for which application threads were stopped: 0.0001147 seconds, Stopping threads took: 0.0000484 seconds
2016-04-04T17:40:00.933-0800: 698.636: Total time for which application threads were stopped: 0.0000950 seconds, Stopping threads took: 0.0000297 seconds
2016-04-04T17:40:00.935-0800: 698.639: Total time for which application threads were stopped: 0.0001035 seconds, Stopping threads took: 0.0000193 seconds
2016-04-04T17:40:00.935-0800: 698.639: Total time for which application threads were stopped: 0.0000481 seconds, Stopping threads took: 0.0000088 seconds
2016-04-04T17:40:00.970-0800: 698.673: Total time for which application threads were stopped: 0.0001201 seconds, Stopping threads took: 0.0000267 seconds
2016-04-04T17:40:00.970-0800: 698.674: Total time for which application threads were stopped: 0.0000525 seconds, Stopping threads took: 0.0000086 seconds
2016-04-04T17:40:01.014-0800: 698.717: Total time for which application threads were stopped: 0.0001727 seconds, Stopping threads took: 0.0000177 seconds
2016-04-04T17:40:01.014-0800: 698.718: Total time for which application threads were stopped: 0.0001430 seconds, Stopping threads took: 0.0000743 seconds
2016-04-04T17:40:01.014-0800: 698.718: Total time for which application threads were stopped: 0.0000804 seconds, Stopping threads took: 0.0000337 seconds
2016-04-04T17:40:01.016-0800: 698.719: Total time for which application threads were stopped: 0.0001345 seconds, Stopping threads took: 0.0000503 seconds
2016-04-04T17:40:01.017-0800: 698.720: Total time for which application threads were stopped: 0.0001975 seconds, Stopping threads took: 0.0000853 seconds
2016-04-04T17:40:01.018-0800: 698.721: Total time for which application threads were stopped: 0.0003172 seconds, Stopping threads took: 0.0000621 seconds
2016-04-04T17:40:01.022-0800: 698.726: Total time for which application threads were stopped: 0.0009918 seconds, Stopping threads took: 0.0008612 seconds
2016-04-04T17:40:01.024-0800: 698.727: Total time for which application threads were stopped: 0.0001701 seconds, Stopping threads took: 0.0000417 seconds
2016-04-04T17:40:01.026-0800: 698.729: Total time for which application threads were stopped: 0.0003050 seconds, Stopping threads took: 0.0000803 seconds
2016-04-04T17:40:01.027-0800: 698.730: Total time for which application threads were stopped: 0.0002451 seconds, Stopping threads took: 0.0000431 seconds
2016-04-04T17:40:01.028-0800: 698.731: Total time for which application threads were stopped: 0.0002326 seconds, Stopping threads took: 0.0000769 seconds
2016-04-04T17:40:05.973-0800: 703.677: Total time for which application threads were stopped: 0.0002641 seconds, Stopping threads took: 0.0000587 seconds
2016-04-04T17:40:05.973-0800: 703.677: Total time for which application threads were stopped: 0.0000935 seconds, Stopping threads took: 0.0000186 seconds
2016-04-04T17:40:05.974-0800: 703.677: Total time for which application threads were stopped: 0.0000864 seconds, Stopping threads took: 0.0000134 seconds
2016-04-04T17:40:05.974-0800: 703.678: Total time for which application threads were stopped: 0.0000812 seconds, Stopping threads took: 0.0000129 seconds
2016-04-04T17:40:11.035-0800: 708.738: Total time for which application threads were stopped: 0.0001583 seconds, Stopping threads took: 0.0000494 seconds
2016-04-04T17:40:12.040-0800: 709.744: Total time for which application threads were stopped: 0.0002531 seconds, Stopping threads took: 0.0000554 seconds
2016-04-04T17:40:16.039-0800: 713.743: Total time for which application threads were stopped: 0.0001461 seconds, Stopping threads took: 0.0000314 seconds
2016-04-04T17:40:21.040-0800: 718.744: Total time for which application threads were stopped: 0.0001087 seconds, Stopping threads took: 0.0000229 seconds
2016-04-04T17:40:26.043-0800: 723.748: Total time for which application threads were stopped: 0.0001396 seconds, Stopping threads took: 0.0000295 seconds
2016-04-04T17:41:06.070-0800: 763.776: Total time for which application threads were stopped: 0.0001303 seconds, Stopping threads took: 0.0000293 seconds
2016-04-04T17:41:11.071-0800: 768.778: Total time for which application threads were stopped: 0.0001464 seconds, Stopping threads took: 0.0000401 seconds
2016-04-04T17:41:14.263-0800: 771.970: Total time for which application threads were stopped: 0.0001175 seconds, Stopping threads took: 0.0000199 seconds
2016-04-04T17:41:14.279-0800: 771.986: Total time for which application threads were stopped: 0.0001330 seconds, Stopping threads took: 0.0000230 seconds
2016-04-04T17:41:14.280-0800: 771.987: Total time for which application threads were stopped: 0.0000550 seconds, Stopping threads took: 0.0000098 seconds
2016-04-04T17:41:14.281-0800: 771.988: Total time for which application threads were stopped: 0.0000771 seconds, Stopping threads took: 0.0000269 seconds
2016-04-04T17:41:14.281-0800: 771.988: Total time for which application threads were stopped: 0.0000762 seconds, Stopping threads took: 0.0000290 seconds
2016-04-04T17:41:14.291-0800: 771.998: Total time for which application threads were stopped: 0.0002152 seconds, Stopping threads took: 0.0000533 seconds
2016-04-04T17:41:14.344-0800: 772.051: Total time for which application threads were stopped: 0.0001686 seconds, Stopping threads took: 0.0000377 seconds
2016-04-04T17:41:14.373-0800: 772.080: Total time for which application threads were stopped: 0.0002403 seconds, Stopping threads took: 0.0000869 seconds
2016-04-04T17:41:14.373-0800: 772.080: Total time for which application threads were stopped: 0.0001110 seconds, Stopping threads took: 0.0000386 seconds
2016-04-04T17:41:14.374-0800: 772.081: Total time for which application threads were stopped: 0.0001433 seconds, Stopping threads took: 0.0000338 seconds
2016-04-04T17:41:14.375-0800: 772.082: Total time for which application threads were stopped: 0.0001705 seconds, Stopping threads took: 0.0000980 seconds
2016-04-04T17:41:14.375-0800: 772.082: Total time for which application threads were stopped: 0.0001306 seconds, Stopping threads took: 0.0000450 seconds
2016-04-04T17:41:14.376-0800: 772.083: Total time for which application threads were stopped: 0.0002597 seconds, Stopping threads took: 0.0000398 seconds
2016-04-04T17:41:15.382-0800: 773.089: Total time for which application threads were stopped: 0.0002614 seconds, Stopping threads took: 0.0000645 seconds
2016-04-04T17:41:19.335-0800: 777.042: Total time for which application threads were stopped: 0.0002059 seconds, Stopping threads took: 0.0000525 seconds
2016-04-04T17:41:19.335-0800: 777.043: Total time for which application threads were stopped: 0.0000910 seconds, Stopping threads took: 0.0000186 seconds
2016-04-04T17:41:19.336-0800: 777.043: Total time for which application threads were stopped: 0.0000800 seconds, Stopping threads took: 0.0000129 seconds
2016-04-04T17:41:19.336-0800: 777.043: Total time for which application threads were stopped: 0.0000856 seconds, Stopping threads took: 0.0000177 seconds
2016-04-04T17:41:19.390-0800: 777.097: Total time for which application threads were stopped: 0.0002889 seconds, Stopping threads took: 0.0000312 seconds
2016-04-04T17:42:10.918-0800: 828.628: Total time for which application threads were stopped: 0.0001159 seconds, Stopping threads took: 0.0000267 seconds
2016-04-04T17:42:13.116-0800: 830.826: Total time for which application threads were stopped: 0.0001022 seconds, Stopping threads took: 0.0000193 seconds
2016-04-04T17:42:13.268-0800: 830.978: Total time for which application threads were stopped: 0.0001629 seconds, Stopping threads took: 0.0000476 seconds
2016-04-04T17:42:14.439-0800: 832.149: Total time for which application threads were stopped: 0.0001303 seconds, Stopping threads took: 0.0000337 seconds
2016-04-04T17:42:14.440-0800: 832.150: Total time for which application threads were stopped: 0.0001764 seconds, Stopping threads took: 0.0001038 seconds
2016-04-04T17:42:14.440-0800: 832.150: Total time for which application threads were stopped: 0.0001611 seconds, Stopping threads took: 0.0000775 seconds
2016-04-04T17:42:14.441-0800: 832.150: Total time for which application threads were stopped: 0.0001244 seconds, Stopping threads took: 0.0000377 seconds
2016-04-04T17:42:14.441-0800: 832.151: Total time for which application threads were stopped: 0.0001622 seconds, Stopping threads took: 0.0000509 seconds
2016-04-04T17:42:14.442-0800: 832.151: Total time for which application threads were stopped: 0.0001536 seconds, Stopping threads took: 0.0000840 seconds
2016-04-04T17:42:14.442-0800: 832.152: Total time for which application threads were stopped: 0.0001566 seconds, Stopping threads took: 0.0000754 seconds
2016-04-04T17:42:14.443-0800: 832.153: Total time for which application threads were stopped: 0.0002949 seconds, Stopping threads took: 0.0000423 seconds
2016-04-04T17:42:19.408-0800: 837.118: Total time for which application threads were stopped: 0.0001489 seconds, Stopping threads took: 0.0000303 seconds
2016-04-04T17:42:19.408-0800: 837.118: Total time for which application threads were stopped: 0.0000903 seconds, Stopping threads took: 0.0000184 seconds
2016-04-04T17:42:19.408-0800: 837.118: Total time for which application threads were stopped: 0.0000800 seconds, Stopping threads took: 0.0000127 seconds
2016-04-04T17:42:19.408-0800: 837.118: Total time for which application threads were stopped: 0.0000724 seconds, Stopping threads took: 0.0000117 seconds
2016-04-04T17:42:19.454-0800: 837.164: Total time for which application threads were stopped: 0.0001497 seconds, Stopping threads took: 0.0000323 seconds
2016-04-04T17:42:22.724-0800: 840.434: Total time for which application threads were stopped: 0.0001445 seconds, Stopping threads took: 0.0000351 seconds
2016-04-04T17:42:29.465-0800: 847.175: Total time for which application threads were stopped: 0.0001758 seconds, Stopping threads took: 0.0000566 seconds
2016-04-04T17:42:34.467-0800: 852.178: Total time for which application threads were stopped: 0.0001457 seconds, Stopping threads took: 0.0000363 seconds
2016-04-04T17:42:44.468-0800: 862.180: Total time for which application threads were stopped: 0.0001256 seconds, Stopping threads took: 0.0000356 seconds
2016-04-04T17:42:54.474-0800: 872.185: Total time for which application threads were stopped: 0.0001752 seconds, Stopping threads took: 0.0000274 seconds
2016-04-04T17:42:57.745-0800: 875.457: Total time for which application threads were stopped: 0.0000918 seconds, Stopping threads took: 0.0000291 seconds
2016-04-04T17:42:59.479-0800: 877.191: Total time for which application threads were stopped: 0.0001889 seconds, Stopping threads took: 0.0000491 seconds
2016-04-04T17:43:04.480-0800: 882.192: Total time for which application threads were stopped: 0.0001334 seconds, Stopping threads took: 0.0000364 seconds
2016-04-04T17:43:09.482-0800: 887.195: Total time for which application threads were stopped: 0.0001233 seconds, Stopping threads took: 0.0000251 seconds
2016-04-04T17:43:14.485-0800: 892.198: Total time for which application threads were stopped: 0.0001075 seconds, Stopping threads took: 0.0000254 seconds
2016-04-04T17:43:19.535-0800: 897.248: Total time for which application threads were stopped: 0.0001155 seconds, Stopping threads took: 0.0000275 seconds
2016-04-04T17:43:24.777-0800: 902.490: Total time for which application threads were stopped: 0.0001005 seconds, Stopping threads took: 0.0000194 seconds
2016-04-04T17:43:24.802-0800: 902.515: Total time for which application threads were stopped: 0.0001555 seconds, Stopping threads took: 0.0000269 seconds
2016-04-04T17:43:24.855-0800: 902.568: Total time for which application threads were stopped: 0.0001489 seconds, Stopping threads took: 0.0000607 seconds
2016-04-04T17:43:24.878-0800: 902.591: Total time for which application threads were stopped: 0.0001642 seconds, Stopping threads took: 0.0000842 seconds
2016-04-04T17:43:24.878-0800: 902.592: Total time for which application threads were stopped: 0.0001242 seconds, Stopping threads took: 0.0000457 seconds
2016-04-04T17:43:24.880-0800: 902.593: Total time for which application threads were stopped: 0.0001420 seconds, Stopping threads took: 0.0000398 seconds
2016-04-04T17:43:24.881-0800: 902.595: Total time for which application threads were stopped: 0.0002397 seconds, Stopping threads took: 0.0000410 seconds
2016-04-04T17:43:24.889-0800: 902.602: Total time for which application threads were stopped: 0.0004016 seconds, Stopping threads took: 0.0002771 seconds
2016-04-04T17:43:25.894-0800: 903.607: Total time for which application threads were stopped: 0.0002563 seconds, Stopping threads took: 0.0000578 seconds
2016-04-04T17:43:29.844-0800: 907.557: Total time for which application threads were stopped: 0.0001449 seconds, Stopping threads took: 0.0000296 seconds
2016-04-04T17:43:29.897-0800: 907.611: Total time for which application threads were stopped: 0.0001316 seconds, Stopping threads took: 0.0000303 seconds
2016-04-04T17:43:34.849-0800: 912.562: Total time for which application threads were stopped: 0.0001893 seconds, Stopping threads took: 0.0000712 seconds
2016-04-04T17:43:34.849-0800: 912.563: Total time for which application threads were stopped: 0.0001035 seconds, Stopping threads took: 0.0000186 seconds
2016-04-04T17:43:34.849-0800: 912.563: Total time for which application threads were stopped: 0.0000708 seconds, Stopping threads took: 0.0000118 seconds
2016-04-04T17:43:35.352-0800: 913.066: Total time for which application threads were stopped: 0.0001274 seconds, Stopping threads took: 0.0000282 seconds
2016-04-04T17:43:39.904-0800: 917.618: Total time for which application threads were stopped: 0.0002674 seconds, Stopping threads took: 0.0000297 seconds
2016-04-04T17:43:45.488-0800: 923.202: Total time for which application threads were stopped: 0.0001283 seconds, Stopping threads took: 0.0000312 seconds
2016-04-04T17:43:48.644-0800: 926.358: Total time for which application threads were stopped: 0.0001124 seconds, Stopping threads took: 0.0000209 seconds
2016-04-04T17:43:48.666-0800: 926.381: Total time for which application threads were stopped: 0.0001369 seconds, Stopping threads took: 0.0000265 seconds
{Heap before GC invocations=11 (full 1):
 par new generation   total 109248K, used 109248K [0x00000007a0000000, 0x00000007a8000000, 0x00000007a8000000)
  eden space 87424K, 100% used [0x00000007a0000000, 0x00000007a5560000, 0x00000007a5560000)
  from space 21824K, 100% used [0x00000007a6ab0000, 0x00000007a8000000, 0x00000007a8000000)
  to   space 21824K,   0% used [0x00000007a5560000, 0x00000007a5560000, 0x00000007a6ab0000)
 concurrent mark-sweep generation total 393216K, used 16723K [0x00000007a8000000, 0x00000007c0000000, 0x00000007c0000000)
 Metaspace       used 36832K, capacity 37224K, committed 37580K, reserved 1083392K
  class space    used 4159K, capacity 4312K, committed 4424K, reserved 1048576K
2016-04-04T17:43:48.784-0800: 926.498: [GC (Allocation Failure) 2016-04-04T17:43:48.784-0800: 926.498: [ParNew
Desired survivor size 20112992 bytes, new threshold 8 (max 8)
- age   1:    1877008 bytes,    1877008 total
- age   2:    2469352 bytes,    4346360 total
- age   3:    1127608 bytes,    5473968 total
- age   4:    1197832 bytes,    6671800 total
- age   5:    1672840 bytes,    8344640 total
- age   6:    8199464 bytes,   16544104 total
- age   7:     120056 bytes,   16664160 total
- age   8:      78864 bytes,   16743024 total
: 109248K->21824K(109248K), 0.0091416 secs] 125971K->40193K(502464K), 0.0091998 secs] [Times: user=0.03 sys=0.00, real=0.01 secs] 
Heap after GC invocations=12 (full 1):
 par new generation   total 109248K, used 21824K [0x00000007a0000000, 0x00000007a8000000, 0x00000007a8000000)
  eden space 87424K,   0% used [0x00000007a0000000, 0x00000007a0000000, 0x00000007a5560000)
  from space 21824K, 100% used [0x00000007a5560000, 0x00000007a6ab0000, 0x00000007a6ab0000)
  to   space 21824K,   0% used [0x00000007a6ab0000, 0x00000007a6ab0000, 0x00000007a8000000)
 concurrent mark-sweep generation total 393216K, used 18369K [0x00000007a8000000, 0x00000007c0000000, 0x00000007c0000000)
 Metaspace       used 36832K, capacity 37224K, committed 37580K, reserved 1083392K
  class space    used 4159K, capacity 4312K, committed 4424K, reserved 1048576K
}
2016-04-04T17:43:48.793-0800: 926.507: Total time for which application threads were stopped: 0.0094087 seconds, Stopping threads took: 0.0000309 seconds
2016-04-04T17:43:48.793-0800: 926.508: Total time for which application threads were stopped: 0.0000989 seconds, Stopping threads took: 0.0000409 seconds
2016-04-04T17:43:48.794-0800: 926.508: Total time for which application threads were stopped: 0.0000514 seconds, Stopping threads took: 0.0000113 seconds
2016-04-04T17:43:48.794-0800: 926.508: Total time for which application threads were stopped: 0.0000603 seconds, Stopping threads took: 0.0000228 seconds
2016-04-04T17:43:48.794-0800: 926.509: Total time for which application threads were stopped: 0.0000783 seconds, Stopping threads took: 0.0000125 seconds
2016-04-04T17:43:48.794-0800: 926.509: Total time for which application threads were stopped: 0.0001531 seconds, Stopping threads took: 0.0000971 seconds
2016-04-04T17:43:48.795-0800: 926.509: Total time for which application threads were stopped: 0.0000497 seconds, Stopping threads took: 0.0000074 seconds
2016-04-04T17:43:48.795-0800: 926.510: Total time for which application threads were stopped: 0.0000722 seconds, Stopping threads took: 0.0000195 seconds
2016-04-04T17:43:48.796-0800: 926.510: Total time for which application threads were stopped: 0.0000596 seconds, Stopping threads took: 0.0000108 seconds
2016-04-04T17:43:48.835-0800: 926.549: Total time for which application threads were stopped: 0.0001620 seconds, Stopping threads took: 0.0000391 seconds
2016-04-04T17:43:48.835-0800: 926.550: Total time for which application threads were stopped: 0.0001432 seconds, Stopping threads took: 0.0000745 seconds
2016-04-04T17:43:48.835-0800: 926.550: Total time for which application threads were stopped: 0.0001048 seconds, Stopping threads took: 0.0000438 seconds
2016-04-04T17:43:48.836-0800: 926.550: Total time for which application threads were stopped: 0.0000978 seconds, Stopping threads took: 0.0000402 seconds
2016-04-04T17:43:48.836-0800: 926.551: Total time for which application threads were stopped: 0.0001644 seconds, Stopping threads took: 0.0000606 seconds
2016-04-04T17:43:48.838-0800: 926.552: Total time for which application threads were stopped: 0.0003345 seconds, Stopping threads took: 0.0000459 seconds
2016-04-04T17:43:48.843-0800: 926.557: Total time for which application threads were stopped: 0.0002061 seconds, Stopping threads took: 0.0000734 seconds
2016-04-04T17:43:49.848-0800: 927.563: Total time for which application threads were stopped: 0.0002906 seconds, Stopping threads took: 0.0000545 seconds
2016-04-04T17:43:50.793-0800: 928.507: [GC (CMS Initial Mark) [1 CMS-initial-mark: 18369K(393216K)] 53024K(502464K), 0.0046300 secs] [Times: user=0.01 sys=0.00, real=0.00 secs] 
2016-04-04T17:43:50.797-0800: 928.512: Total time for which application threads were stopped: 0.0048684 seconds, Stopping threads took: 0.0000353 seconds
2016-04-04T17:43:50.797-0800: 928.512: [CMS-concurrent-mark-start]
2016-04-04T17:43:50.806-0800: 928.521: [CMS-concurrent-mark: 0.009/0.009 secs] [Times: user=0.04 sys=0.00, real=0.01 secs] 
2016-04-04T17:43:50.806-0800: 928.521: [CMS-concurrent-preclean-start]
2016-04-04T17:43:50.807-0800: 928.522: [CMS-concurrent-preclean: 0.001/0.001 secs] [Times: user=0.00 sys=0.00, real=0.00 secs] 
2016-04-04T17:43:50.807-0800: 928.522: [CMS-concurrent-abortable-preclean-start]
2016-04-04T17:43:53.804-0800: 931.519: Total time for which application threads were stopped: 0.0001901 seconds, Stopping threads took: 0.0000667 seconds
2016-04-04T17:43:53.804-0800: 931.519: Total time for which application threads were stopped: 0.0000751 seconds, Stopping threads took: 0.0000119 seconds
2016-04-04T17:43:53.805-0800: 931.520: Total time for which application threads were stopped: 0.0001061 seconds, Stopping threads took: 0.0000187 seconds
2016-04-04T17:43:53.805-0800: 931.520: Total time for which application threads were stopped: 0.0000708 seconds, Stopping threads took: 0.0000117 seconds
 CMS: abort preclean due to time 2016-04-04T17:43:56.917-0800: 934.632: [CMS-concurrent-abortable-preclean: 1.654/6.110 secs] [Times: user=1.66 sys=0.01, real=6.11 secs] 
2016-04-04T17:43:56.917-0800: 934.632: [GC (CMS Final Remark) [YG occupancy: 34790 K (109248 K)]{Heap before GC invocations=12 (full 2):
 par new generation   total 109248K, used 34790K [0x00000007a0000000, 0x00000007a8000000, 0x00000007a8000000)
  eden space 87424K,  14% used [0x00000007a0000000, 0x00000007a0ca9a98, 0x00000007a5560000)
  from space 21824K, 100% used [0x00000007a5560000, 0x00000007a6ab0000, 0x00000007a6ab0000)
  to   space 21824K,   0% used [0x00000007a6ab0000, 0x00000007a6ab0000, 0x00000007a8000000)
 concurrent mark-sweep generation total 393216K, used 18369K [0x00000007a8000000, 0x00000007c0000000, 0x00000007c0000000)
 Metaspace       used 36856K, capacity 37288K, committed 37836K, reserved 1083392K
  class space    used 4159K, capacity 4312K, committed 4424K, reserved 1048576K
2016-04-04T17:43:56.917-0800: 934.632: [GC (CMS Final Remark) 2016-04-04T17:43:56.917-0800: 934.632: [ParNew
Desired survivor size 20112992 bytes, new threshold 8 (max 8)
- age   1:     150224 bytes,     150224 total
- age   2:    1344608 bytes,    1494832 total
- age   3:    2247096 bytes,    3741928 total
- age   4:    1127232 bytes,    4869160 total
- age   5:    1197456 bytes,    6066616 total
- age   6:    1672840 bytes,    7739456 total
- age   7:    8199136 bytes,   15938592 total
- age   8:     120056 bytes,   16058648 total
: 34790K->20875K(109248K), 0.0071801 secs] 53160K->39324K(502464K), 0.0072584 secs] [Times: user=0.02 sys=0.00, real=0.01 secs] 
Heap after GC invocations=13 (full 2):
 par new generation   total 109248K, used 20875K [0x00000007a0000000, 0x00000007a8000000, 0x00000007a8000000)
  eden space 87424K,   0% used [0x00000007a0000000, 0x00000007a0000000, 0x00000007a5560000)
  from space 21824K,  95% used [0x00000007a6ab0000, 0x00000007a7f12d40, 0x00000007a8000000)
  to   space 21824K,   0% used [0x00000007a5560000, 0x00000007a5560000, 0x00000007a6ab0000)
 concurrent mark-sweep generation total 393216K, used 18449K [0x00000007a8000000, 0x00000007c0000000, 0x00000007c0000000)
 Metaspace       used 36856K, capacity 37288K, committed 37836K, reserved 1083392K
  class space    used 4159K, capacity 4312K, committed 4424K, reserved 1048576K
}
2016-04-04T17:43:56.924-0800: 934.639: [Rescan (parallel) , 0.0017432 secs]2016-04-04T17:43:56.926-0800: 934.641: [weak refs processing, 0.0009524 secs]2016-04-04T17:43:56.927-0800: 934.642: [class unloading, 0.0097429 secs]2016-04-04T17:43:56.937-0800: 934.652: [scrub symbol table, 0.0039041 secs]2016-04-04T17:43:56.941-0800: 934.656: [scrub string table, 0.0004996 secs][1 CMS-remark: 18449K(393216K)] 39324K(502464K), 0.0269000 secs] [Times: user=0.04 sys=0.00, real=0.03 secs] 
2016-04-04T17:43:56.944-0800: 934.659: Total time for which application threads were stopped: 0.0270503 seconds, Stopping threads took: 0.0000339 seconds
2016-04-04T17:43:56.944-0800: 934.659: [CMS-concurrent-sweep-start]
2016-04-04T17:43:56.945-0800: 934.660: Total time for which application threads were stopped: 0.0000833 seconds, Stopping threads took: 0.0000187 seconds
2016-04-04T17:43:56.951-0800: 934.665: [CMS-concurrent-sweep: 0.006/0.006 secs] [Times: user=0.01 sys=0.00, real=0.01 secs] 
2016-04-04T17:43:56.951-0800: 934.665: [CMS-concurrent-reset-start]
2016-04-04T17:43:56.951-0800: 934.666: [CMS-concurrent-reset: 0.000/0.000 secs] [Times: user=0.00 sys=0.00, real=0.00 secs] 
2016-04-04T17:44:08.858-0800: 946.573: Total time for which application threads were stopped: 0.0001877 seconds, Stopping threads took: 0.0000487 seconds
2016-04-04T17:44:23.864-0800: 961.580: Total time for which application threads were stopped: 0.0001107 seconds, Stopping threads took: 0.0000209 seconds
2016-04-04T17:44:33.872-0800: 971.588: Total time for which application threads were stopped: 0.0002236 seconds, Stopping threads took: 0.0000407 seconds
2016-04-04T17:44:38.875-0800: 976.592: Total time for which application threads were stopped: 0.0001308 seconds, Stopping threads took: 0.0000413 seconds
2016-04-04T17:44:48.881-0800: 986.598: Total time for which application threads were stopped: 0.0000874 seconds, Stopping threads took: 0.0000194 seconds
2016-04-04T17:44:53.884-0800: 991.601: Total time for which application threads were stopped: 0.0000887 seconds, Stopping threads took: 0.0000216 seconds
2016-04-04T17:46:22.676-0800: 1080.398: Total time for which application threads were stopped: 0.0001427 seconds, Stopping threads took: 0.0000547 seconds
2016-04-04T17:46:55.998-0800: 1113.721: Total time for which application threads were stopped: 0.0001160 seconds, Stopping threads took: 0.0000267 seconds
2016-04-04T17:47:41.022-0800: 1158.748: Total time for which application threads were stopped: 0.0001145 seconds, Stopping threads took: 0.0000279 seconds
2016-04-04T17:48:04.445-0800: 1182.172: Total time for which application threads were stopped: 0.0001285 seconds, Stopping threads took: 0.0000308 seconds
2016-04-04T17:48:07.357-0800: 1185.084: Total time for which application threads were stopped: 0.0001063 seconds, Stopping threads took: 0.0000179 seconds
2016-04-04T17:48:08.362-0800: 1186.089: Total time for which application threads were stopped: 0.0003007 seconds, Stopping threads took: 0.0000532 seconds
2016-04-04T17:48:08.731-0800: 1186.458: Total time for which application threads were stopped: 0.0002251 seconds, Stopping threads took: 0.0000428 seconds
2016-04-04T17:48:09.731-0800: 1187.458: Total time for which application threads were stopped: 0.0001039 seconds, Stopping threads took: 0.0000183 seconds
2016-04-04T17:48:09.766-0800: 1187.493: Total time for which application threads were stopped: 0.0001656 seconds, Stopping threads took: 0.0000542 seconds
2016-04-04T17:48:09.766-0800: 1187.493: Total time for which application threads were stopped: 0.0000922 seconds, Stopping threads took: 0.0000313 seconds
2016-04-04T17:48:09.767-0800: 1187.494: Total time for which application threads were stopped: 0.0001166 seconds, Stopping threads took: 0.0000480 seconds
2016-04-04T17:48:09.767-0800: 1187.494: Total time for which application threads were stopped: 0.0001139 seconds, Stopping threads took: 0.0000359 seconds
2016-04-04T17:48:09.768-0800: 1187.495: Total time for which application threads were stopped: 0.0001114 seconds, Stopping threads took: 0.0000377 seconds
2016-04-04T17:48:09.769-0800: 1187.496: Total time for which application threads were stopped: 0.0002438 seconds, Stopping threads took: 0.0000762 seconds
2016-04-04T17:48:09.775-0800: 1187.502: Total time for which application threads were stopped: 0.0001291 seconds, Stopping threads took: 0.0000291 seconds
2016-04-04T17:48:14.732-0800: 1192.459: Total time for which application threads were stopped: 0.0001649 seconds, Stopping threads took: 0.0000361 seconds
2016-04-04T17:48:15.737-0800: 1193.465: Total time for which application threads were stopped: 0.0002562 seconds, Stopping threads took: 0.0000541 seconds
2016-04-04T17:48:19.733-0800: 1197.460: Total time for which application threads were stopped: 0.0001545 seconds, Stopping threads took: 0.0000325 seconds
2016-04-04T17:48:19.733-0800: 1197.461: Total time for which application threads were stopped: 0.0001100 seconds, Stopping threads took: 0.0000188 seconds
2016-04-04T17:48:19.733-0800: 1197.461: Total time for which application threads were stopped: 0.0000958 seconds, Stopping threads took: 0.0000173 seconds
2016-04-04T17:48:19.786-0800: 1197.514: Total time for which application threads were stopped: 0.0001446 seconds, Stopping threads took: 0.0000271 seconds
2016-04-04T17:48:29.794-0800: 1207.522: Total time for which application threads were stopped: 0.0001636 seconds, Stopping threads took: 0.0000562 seconds
2016-04-04T17:48:34.799-0800: 1212.527: Total time for which application threads were stopped: 0.0001366 seconds, Stopping threads took: 0.0000292 seconds
2016-04-04T17:48:39.801-0800: 1217.530: Total time for which application threads were stopped: 0.0001530 seconds, Stopping threads took: 0.0000460 seconds
2016-04-04T17:48:44.803-0800: 1222.531: Total time for which application threads were stopped: 0.0001230 seconds, Stopping threads took: 0.0000327 seconds
2016-04-04T17:48:49.806-0800: 1227.535: Total time for which application threads were stopped: 0.0001214 seconds, Stopping threads took: 0.0000369 seconds
2016-04-04T17:48:54.810-0800: 1232.540: Total time for which application threads were stopped: 0.0001874 seconds, Stopping threads took: 0.0000493 seconds
2016-04-04T17:48:59.815-0800: 1237.545: Total time for which application threads were stopped: 0.0002581 seconds, Stopping threads took: 0.0000291 seconds
2016-04-04T17:49:51.800-0800: 1289.532: Total time for which application threads were stopped: 0.0001143 seconds, Stopping threads took: 0.0000277 seconds
2016-04-04T17:50:14.546-0800: 1312.279: Total time for which application threads were stopped: 0.0001045 seconds, Stopping threads took: 0.0000207 seconds
2016-04-04T17:50:14.573-0800: 1312.306: Total time for which application threads were stopped: 0.0001410 seconds, Stopping threads took: 0.0000340 seconds
2016-04-04T17:50:14.636-0800: 1312.369: Total time for which application threads were stopped: 0.0002027 seconds, Stopping threads took: 0.0000401 seconds
2016-04-04T17:50:14.636-0800: 1312.369: Total time for which application threads were stopped: 0.0001466 seconds, Stopping threads took: 0.0000874 seconds
2016-04-04T17:50:14.637-0800: 1312.370: Total time for which application threads were stopped: 0.0001994 seconds, Stopping threads took: 0.0001192 seconds
2016-04-04T17:50:14.637-0800: 1312.370: Total time for which application threads were stopped: 0.0001229 seconds, Stopping threads took: 0.0000457 seconds
2016-04-04T17:50:14.637-0800: 1312.371: Total time for which application threads were stopped: 0.0001185 seconds, Stopping threads took: 0.0000331 seconds
2016-04-04T17:50:14.638-0800: 1312.372: Total time for which application threads were stopped: 0.0001861 seconds, Stopping threads took: 0.0000730 seconds
2016-04-04T17:50:14.639-0800: 1312.372: Total time for which application threads were stopped: 0.0001229 seconds, Stopping threads took: 0.0000625 seconds
2016-04-04T17:50:14.640-0800: 1312.373: Total time for which application threads were stopped: 0.0003311 seconds, Stopping threads took: 0.0000935 seconds
2016-04-04T17:50:15.646-0800: 1313.379: Total time for which application threads were stopped: 0.0002442 seconds, Stopping threads took: 0.0000527 seconds
2016-04-04T17:50:19.606-0800: 1317.339: Total time for which application threads were stopped: 0.0001429 seconds, Stopping threads took: 0.0000291 seconds
2016-04-04T17:50:19.655-0800: 1317.388: Total time for which application threads were stopped: 0.0001046 seconds, Stopping threads took: 0.0000227 seconds
2016-04-04T17:50:24.611-0800: 1322.345: Total time for which application threads were stopped: 0.0001959 seconds, Stopping threads took: 0.0000520 seconds
2016-04-04T17:50:24.612-0800: 1322.345: Total time for which application threads were stopped: 0.0001641 seconds, Stopping threads took: 0.0000839 seconds
2016-04-04T17:50:24.612-0800: 1322.346: Total time for which application threads were stopped: 0.0000822 seconds, Stopping threads took: 0.0000169 seconds
2016-04-04T17:50:24.659-0800: 1322.392: Total time for which application threads were stopped: 0.0001940 seconds, Stopping threads took: 0.0000976 seconds
2016-04-04T17:50:29.664-0800: 1327.398: Total time for which application threads were stopped: 0.0001375 seconds, Stopping threads took: 0.0000305 seconds
2016-04-04T17:50:34.669-0800: 1332.403: Total time for which application threads were stopped: 0.0001460 seconds, Stopping threads took: 0.0000542 seconds
2016-04-04T17:50:39.674-0800: 1337.408: Total time for which application threads were stopped: 0.0001206 seconds, Stopping threads took: 0.0000312 seconds
2016-04-04T17:50:44.679-0800: 1342.413: Total time for which application threads were stopped: 0.0001285 seconds, Stopping threads took: 0.0000267 seconds
2016-04-04T17:51:53.831-0800: 1411.569: Total time for which application threads were stopped: 0.0001291 seconds, Stopping threads took: 0.0000286 seconds
2016-04-04T17:54:24.742-0800: 1562.488: Total time for which application threads were stopped: 0.0001190 seconds, Stopping threads took: 0.0000302 seconds
2016-04-04T17:54:29.215-0800: 1566.961: Total time for which application threads were stopped: 0.0000997 seconds, Stopping threads took: 0.0000180 seconds
2016-04-04T17:54:30.221-0800: 1567.966: Total time for which application threads were stopped: 0.0003379 seconds, Stopping threads took: 0.0000485 seconds
2016-04-04T17:55:18.005-0800: 1615.753: Total time for which application threads were stopped: 0.0001190 seconds, Stopping threads took: 0.0000407 seconds
2016-04-04T17:55:18.013-0800: 1615.761: Total time for which application threads were stopped: 0.0000788 seconds, Stopping threads took: 0.0000197 seconds
{Heap before GC invocations=13 (full 2):
 par new generation   total 109248K, used 108299K [0x00000007a0000000, 0x00000007a8000000, 0x00000007a8000000)
  eden space 87424K, 100% used [0x00000007a0000000, 0x00000007a5560000, 0x00000007a5560000)
  from space 21824K,  95% used [0x00000007a6ab0000, 0x00000007a7f12d40, 0x00000007a8000000)
  to   space 21824K,   0% used [0x00000007a5560000, 0x00000007a5560000, 0x00000007a6ab0000)
 concurrent mark-sweep generation total 393216K, used 13533K [0x00000007a8000000, 0x00000007c0000000, 0x00000007c0000000)
 Metaspace       used 37159K, capacity 37616K, committed 38092K, reserved 1083392K
  class space    used 4160K, capacity 4310K, committed 4424K, reserved 1048576K
2016-04-04T17:55:18.083-0800: 1615.831: [GC (Allocation Failure) 2016-04-04T17:55:18.083-0800: 1615.831: [ParNew
Desired survivor size 20112992 bytes, new threshold 8 (max 8)
- age   1:    1719800 bytes,    1719800 total
- age   2:      32856 bytes,    1752656 total
- age   3:     444304 bytes,    2196960 total
- age   4:    1858520 bytes,    4055480 total
- age   5:    1123384 bytes,    5178864 total
- age   6:    1142504 bytes,    6321368 total
- age   7:    1659704 bytes,    7981072 total
- age   8:    8199136 bytes,   16180208 total
: 108299K->19103K(109248K), 0.0070971 secs] 121832K->32756K(502464K), 0.0071677 secs] [Times: user=0.03 sys=0.00, real=0.01 secs] 
Heap after GC invocations=14 (full 2):
 par new generation   total 109248K, used 19103K [0x00000007a0000000, 0x00000007a8000000, 0x00000007a8000000)
  eden space 87424K,   0% used [0x00000007a0000000, 0x00000007a0000000, 0x00000007a5560000)
  from space 21824K,  87% used [0x00000007a5560000, 0x00000007a6807c88, 0x00000007a6ab0000)
  to   space 21824K,   0% used [0x00000007a6ab0000, 0x00000007a6ab0000, 0x00000007a8000000)
 concurrent mark-sweep generation total 393216K, used 13653K [0x00000007a8000000, 0x00000007c0000000, 0x00000007c0000000)
 Metaspace       used 37159K, capacity 37616K, committed 38092K, reserved 1083392K
  class space    used 4160K, capacity 4310K, committed 4424K, reserved 1048576K
}
2016-04-04T17:55:18.090-0800: 1615.838: Total time for which application threads were stopped: 0.0073476 seconds, Stopping threads took: 0.0000284 seconds
2016-04-04T17:55:18.091-0800: 1615.839: Total time for which application threads were stopped: 0.0001350 seconds, Stopping threads took: 0.0000559 seconds
2016-04-04T17:55:18.091-0800: 1615.839: Total time for which application threads were stopped: 0.0000919 seconds, Stopping threads took: 0.0000364 seconds
2016-04-04T17:55:18.091-0800: 1615.839: Total time for which application threads were stopped: 0.0000926 seconds, Stopping threads took: 0.0000428 seconds
2016-04-04T17:55:18.092-0800: 1615.840: Total time for which application threads were stopped: 0.0000623 seconds, Stopping threads took: 0.0000185 seconds
2016-04-04T17:55:18.261-0800: 1616.009: Total time for which application threads were stopped: 0.0001134 seconds, Stopping threads took: 0.0000196 seconds
2016-04-04T17:55:27.294-0800: 1625.042: Total time for which application threads were stopped: 0.0000857 seconds, Stopping threads took: 0.0000204 seconds
2016-04-04T17:55:27.945-0800: 1625.694: Total time for which application threads were stopped: 0.0001536 seconds, Stopping threads took: 0.0000267 seconds
2016-04-04T17:55:32.854-0800: 1630.602: Total time for which application threads were stopped: 0.0001164 seconds, Stopping threads took: 0.0000279 seconds
2016-04-04T17:55:39.879-0800: 1637.628: Total time for which application threads were stopped: 0.0001890 seconds, Stopping threads took: 0.0000485 seconds
2016-04-04T17:55:39.930-0800: 1637.679: Total time for which application threads were stopped: 0.0001151 seconds, Stopping threads took: 0.0000382 seconds
2016-04-04T17:55:40.479-0800: 1638.228: Total time for which application threads were stopped: 0.0001186 seconds, Stopping threads took: 0.0000256 seconds
2016-04-04T17:55:47.395-0800: 1645.144: Total time for which application threads were stopped: 0.0000978 seconds, Stopping threads took: 0.0000238 seconds
2016-04-04T17:56:02.652-0800: 1660.403: Total time for which application threads were stopped: 0.0001053 seconds, Stopping threads took: 0.0000198 seconds
2016-04-04T17:56:02.782-0800: 1660.532: Total time for which application threads were stopped: 0.0001243 seconds, Stopping threads took: 0.0000274 seconds
2016-04-04T17:56:11.433-0800: 1669.183: Total time for which application threads were stopped: 0.0001134 seconds, Stopping threads took: 0.0000268 seconds
2016-04-04T17:56:11.777-0800: 1669.528: Total time for which application threads were stopped: 0.0001203 seconds, Stopping threads took: 0.0000260 seconds
2016-04-04T17:56:36.964-0800: 1694.716: Total time for which application threads were stopped: 0.0001234 seconds, Stopping threads took: 0.0000302 seconds
2016-04-04T17:56:42.572-0800: 1700.325: Total time for which application threads were stopped: 0.0001222 seconds, Stopping threads took: 0.0000300 seconds
2016-04-04T17:56:42.655-0800: 1700.407: Total time for which application threads were stopped: 0.0001113 seconds, Stopping threads took: 0.0000253 seconds
2016-04-04T17:56:43.657-0800: 1701.410: Total time for which application threads were stopped: 0.0001523 seconds, Stopping threads took: 0.0000302 seconds
2016-04-04T17:56:48.682-0800: 1706.434: Total time for which application threads were stopped: 0.0001623 seconds, Stopping threads took: 0.0000197 seconds
2016-04-04T17:57:11.838-0800: 1729.592: Total time for which application threads were stopped: 0.0000977 seconds, Stopping threads took: 0.0000287 seconds
2016-04-04T17:57:19.334-0800: 1737.088: Total time for which application threads were stopped: 0.0000969 seconds, Stopping threads took: 0.0000271 seconds
2016-04-04T18:01:49.146-0800: 2006.913: Total time for which application threads were stopped: 0.0001254 seconds, Stopping threads took: 0.0000411 seconds
2016-04-04T18:06:57.512-0800: 2315.294: Total time for which application threads were stopped: 0.0001199 seconds, Stopping threads took: 0.0000309 seconds
2016-04-04T18:08:33.544-0800: 2411.330: Total time for which application threads were stopped: 0.0001048 seconds, Stopping threads took: 0.0000267 seconds
2016-04-04T18:08:33.548-0800: 2411.335: Total time for which application threads were stopped: 0.0000646 seconds, Stopping threads took: 0.0000118 seconds
2016-04-04T18:08:33.549-0800: 2411.336: Total time for which application threads were stopped: 0.0001381 seconds, Stopping threads took: 0.0000702 seconds
2016-04-04T18:08:33.550-0800: 2411.336: Total time for which application threads were stopped: 0.0001183 seconds, Stopping threads took: 0.0000320 seconds
2016-04-04T18:08:33.552-0800: 2411.338: Total time for which application threads were stopped: 0.0001400 seconds, Stopping threads took: 0.0000539 seconds
2016-04-04T18:08:33.558-0800: 2411.345: Total time for which application threads were stopped: 0.0001178 seconds, Stopping threads took: 0.0000298 seconds
2016-04-04T18:08:33.558-0800: 2411.345: Total time for which application threads were stopped: 0.0000647 seconds, Stopping threads took: 0.0000234 seconds
2016-04-04T18:08:33.558-0800: 2411.345: Total time for which application threads were stopped: 0.0000809 seconds, Stopping threads took: 0.0000292 seconds
2016-04-04T18:08:33.558-0800: 2411.345: Total time for which application threads were stopped: 0.0000625 seconds, Stopping threads took: 0.0000157 seconds
2016-04-04T18:08:33.564-0800: 2411.351: Total time for which application threads were stopped: 0.0001359 seconds, Stopping threads took: 0.0000328 seconds
2016-04-04T18:08:33.564-0800: 2411.351: Total time for which application threads were stopped: 0.0001350 seconds, Stopping threads took: 0.0000614 seconds
2016-04-04T18:08:51.281-0800: 2429.069: Total time for which application threads were stopped: 0.0001048 seconds, Stopping threads took: 0.0000214 seconds
2016-04-04T18:08:51.287-0800: 2429.075: Total time for which application threads were stopped: 0.0001555 seconds, Stopping threads took: 0.0000368 seconds
2016-04-04T18:08:51.288-0800: 2429.075: Total time for which application threads were stopped: 0.0001373 seconds, Stopping threads took: 0.0000488 seconds
2016-04-04T18:08:51.289-0800: 2429.076: Total time for which application threads were stopped: 0.0000870 seconds, Stopping threads took: 0.0000112 seconds
2016-04-04T18:08:51.289-0800: 2429.076: Total time for which application threads were stopped: 0.0000615 seconds, Stopping threads took: 0.0000105 seconds
2016-04-04T18:08:51.289-0800: 2429.076: Total time for which application threads were stopped: 0.0000620 seconds, Stopping threads took: 0.0000098 seconds
2016-04-04T18:08:51.289-0800: 2429.076: Total time for which application threads were stopped: 0.0000514 seconds, Stopping threads took: 0.0000094 seconds
2016-04-04T18:08:51.289-0800: 2429.077: Total time for which application threads were stopped: 0.0002552 seconds, Stopping threads took: 0.0000663 seconds
2016-04-04T18:08:51.294-0800: 2429.081: Total time for which application threads were stopped: 0.0000948 seconds, Stopping threads took: 0.0000275 seconds
2016-04-04T18:08:51.294-0800: 2429.081: Total time for which application threads were stopped: 0.0000682 seconds, Stopping threads took: 0.0000182 seconds
2016-04-04T18:08:51.299-0800: 2429.086: Total time for which application threads were stopped: 0.0001494 seconds, Stopping threads took: 0.0000535 seconds
2016-04-04T18:08:51.299-0800: 2429.086: Total time for which application threads were stopped: 0.0001360 seconds, Stopping threads took: 0.0000389 seconds
2016-04-04T18:08:52.300-0800: 2430.088: Total time for which application threads were stopped: 0.0002372 seconds, Stopping threads took: 0.0000621 seconds
2016-04-04T18:09:24.398-0800: 2462.188: Total time for which application threads were stopped: 0.0002186 seconds, Stopping threads took: 0.0000513 seconds
2016-04-04T18:09:41.448-0800: 2479.238: Total time for which application threads were stopped: 0.0001389 seconds, Stopping threads took: 0.0000308 seconds
2016-04-04T18:09:41.773-0800: 2479.564: Total time for which application threads were stopped: 0.0001256 seconds, Stopping threads took: 0.0000289 seconds
2016-04-04T18:09:42.254-0800: 2480.044: Total time for which application threads were stopped: 0.0001090 seconds, Stopping threads took: 0.0000192 seconds
2016-04-04T18:09:43.259-0800: 2481.049: Total time for which application threads were stopped: 0.0002403 seconds, Stopping threads took: 0.0000501 seconds
2016-04-04T18:09:51.301-0800: 2489.092: Total time for which application threads were stopped: 0.0001713 seconds, Stopping threads took: 0.0000638 seconds
2016-04-04T18:10:28.440-0800: 2526.232: Total time for which application threads were stopped: 0.0001128 seconds, Stopping threads took: 0.0000214 seconds
2016-04-04T18:10:29.440-0800: 2527.232: Total time for which application threads were stopped: 0.0001999 seconds, Stopping threads took: 0.0000315 seconds
2016-04-04T18:10:35.617-0800: 2533.410: Total time for which application threads were stopped: 0.0001502 seconds, Stopping threads took: 0.0000263 seconds
2016-04-04T18:10:35.622-0800: 2533.415: Total time for which application threads were stopped: 0.0007764 seconds, Stopping threads took: 0.0000200 seconds
2016-04-04T18:10:36.624-0800: 2534.416: Total time for which application threads were stopped: 0.0001599 seconds, Stopping threads took: 0.0000435 seconds
2016-04-04T18:10:38.964-0800: 2536.756: Total time for which application threads were stopped: 0.0001119 seconds, Stopping threads took: 0.0000208 seconds
2016-04-04T18:10:39.964-0800: 2537.757: Total time for which application threads were stopped: 0.0001364 seconds, Stopping threads took: 0.0000275 seconds
2016-04-04T18:10:52.199-0800: 2549.992: Total time for which application threads were stopped: 0.0001035 seconds, Stopping threads took: 0.0000193 seconds
2016-04-04T18:11:25.938-0800: 2583.734: Total time for which application threads were stopped: 0.0001655 seconds, Stopping threads took: 0.0000269 seconds
2016-04-04T18:11:26.695-0800: 2584.490: Total time for which application threads were stopped: 0.0001354 seconds, Stopping threads took: 0.0000249 seconds
2016-04-04T18:11:26.695-0800: 2584.490: Total time for which application threads were stopped: 0.0000802 seconds, Stopping threads took: 0.0000159 seconds
2016-04-04T18:11:26.696-0800: 2584.491: Total time for which application threads were stopped: 0.0000702 seconds, Stopping threads took: 0.0000119 seconds
2016-04-04T18:11:26.696-0800: 2584.491: Total time for which application threads were stopped: 0.0000654 seconds, Stopping threads took: 0.0000105 seconds
2016-04-04T18:11:27.008-0800: 2584.804: Total time for which application threads were stopped: 0.0001889 seconds, Stopping threads took: 0.0000408 seconds
2016-04-04T18:11:27.912-0800: 2585.707: Total time for which application threads were stopped: 0.0001516 seconds, Stopping threads took: 0.0000451 seconds
2016-04-04T18:11:27.912-0800: 2585.707: Total time for which application threads were stopped: 0.0001249 seconds, Stopping threads took: 0.0000803 seconds
2016-04-04T18:11:27.913-0800: 2585.708: Total time for which application threads were stopped: 0.0002213 seconds, Stopping threads took: 0.0000992 seconds
2016-04-04T18:11:27.913-0800: 2585.709: Total time for which application threads were stopped: 0.0001338 seconds, Stopping threads took: 0.0000615 seconds
2016-04-04T18:11:27.914-0800: 2585.709: Total time for which application threads were stopped: 0.0001214 seconds, Stopping threads took: 0.0000237 seconds
2016-04-04T18:11:27.914-0800: 2585.710: Total time for which application threads were stopped: 0.0001044 seconds, Stopping threads took: 0.0000244 seconds
2016-04-04T18:11:27.915-0800: 2585.710: Total time for which application threads were stopped: 0.0001034 seconds, Stopping threads took: 0.0000336 seconds
2016-04-04T18:11:27.915-0800: 2585.710: Total time for which application threads were stopped: 0.0001214 seconds, Stopping threads took: 0.0000415 seconds
2016-04-04T18:11:27.916-0800: 2585.711: Total time for which application threads were stopped: 0.0003019 seconds, Stopping threads took: 0.0000890 seconds
2016-04-04T18:11:27.917-0800: 2585.712: Total time for which application threads were stopped: 0.0002964 seconds, Stopping threads took: 0.0001712 seconds
2016-04-04T18:11:27.917-0800: 2585.713: Total time for which application threads were stopped: 0.0001700 seconds, Stopping threads took: 0.0000706 seconds
2016-04-04T18:11:27.919-0800: 2585.714: Total time for which application threads were stopped: 0.0002471 seconds, Stopping threads took: 0.0001191 seconds
2016-04-04T18:11:27.920-0800: 2585.716: Total time for which application threads were stopped: 0.0002035 seconds, Stopping threads took: 0.0000584 seconds
2016-04-04T18:11:27.924-0800: 2585.719: Total time for which application threads were stopped: 0.0001998 seconds, Stopping threads took: 0.0000181 seconds
2016-04-04T18:11:27.925-0800: 2585.720: Total time for which application threads were stopped: 0.0002874 seconds, Stopping threads took: 0.0001350 seconds
2016-04-04T18:11:27.926-0800: 2585.721: Total time for which application threads were stopped: 0.0002329 seconds, Stopping threads took: 0.0000771 seconds
2016-04-04T18:11:27.927-0800: 2585.722: Total time for which application threads were stopped: 0.0002083 seconds, Stopping threads took: 0.0000836 seconds
2016-04-04T18:11:27.927-0800: 2585.722: Total time for which application threads were stopped: 0.0001559 seconds, Stopping threads took: 0.0000361 seconds
2016-04-04T18:11:27.928-0800: 2585.723: Total time for which application threads were stopped: 0.0004008 seconds, Stopping threads took: 0.0000506 seconds
2016-04-04T18:11:27.929-0800: 2585.724: Total time for which application threads were stopped: 0.0001284 seconds, Stopping threads took: 0.0000307 seconds
2016-04-04T18:11:28.929-0800: 2586.725: Total time for which application threads were stopped: 0.0002378 seconds, Stopping threads took: 0.0000430 seconds
2016-04-04T18:11:30.951-0800: 2588.747: Total time for which application threads were stopped: 0.0001827 seconds, Stopping threads took: 0.0000481 seconds
2016-04-04T18:11:30.951-0800: 2588.747: Total time for which application threads were stopped: 0.0001086 seconds, Stopping threads took: 0.0000125 seconds
2016-04-04T18:11:30.952-0800: 2588.747: Total time for which application threads were stopped: 0.0000688 seconds, Stopping threads took: 0.0000168 seconds
2016-04-04T18:11:30.952-0800: 2588.747: Total time for which application threads were stopped: 0.0000524 seconds, Stopping threads took: 0.0000073 seconds
2016-04-04T18:11:30.952-0800: 2588.747: Total time for which application threads were stopped: 0.0000575 seconds, Stopping threads took: 0.0000074 seconds
2016-04-04T18:11:30.952-0800: 2588.747: Total time for which application threads were stopped: 0.0000713 seconds, Stopping threads took: 0.0000114 seconds
2016-04-04T18:11:30.952-0800: 2588.747: Total time for which application threads were stopped: 0.0000766 seconds, Stopping threads took: 0.0000090 seconds
2016-04-04T18:11:30.952-0800: 2588.748: Total time for which application threads were stopped: 0.0000697 seconds, Stopping threads took: 0.0000082 seconds
2016-04-04T18:11:30.952-0800: 2588.748: Total time for which application threads were stopped: 0.0000600 seconds, Stopping threads took: 0.0000083 seconds
{Heap before GC invocations=14 (full 2):
 par new generation   total 109248K, used 106527K [0x00000007a0000000, 0x00000007a8000000, 0x00000007a8000000)
  eden space 87424K, 100% used [0x00000007a0000000, 0x00000007a5560000, 0x00000007a5560000)
  from space 21824K,  87% used [0x00000007a5560000, 0x00000007a6807c88, 0x00000007a6ab0000)
  to   space 21824K,   0% used [0x00000007a6ab0000, 0x00000007a6ab0000, 0x00000007a8000000)
 concurrent mark-sweep generation total 393216K, used 13653K [0x00000007a8000000, 0x00000007c0000000, 0x00000007c0000000)
 Metaspace       used 37348K, capacity 37808K, committed 38348K, reserved 1083392K
  class space    used 4163K, capacity 4310K, committed 4424K, reserved 1048576K
2016-04-04T18:11:31.398-0800: 2589.194: [GC (Allocation Failure) 2016-04-04T18:11:31.398-0800: 2589.194: [ParNew
Desired survivor size 20112992 bytes, new threshold 8 (max 8)
- age   1:    2882288 bytes,    2882288 total
- age   2:     387840 bytes,    3270128 total
- age   3:      25440 bytes,    3295568 total
- age   4:     437936 bytes,    3733504 total
- age   5:    1849416 bytes,    5582920 total
- age   6:    1123304 bytes,    6706224 total
- age   7:    1142504 bytes,    7848728 total
- age   8:    1659624 bytes,    9508352 total
: 106527K->17466K(109248K), 0.0099016 secs] 120180K->39139K(502464K), 0.0099690 secs] [Times: user=0.03 sys=0.00, real=0.01 secs] 
Heap after GC invocations=15 (full 2):
 par new generation   total 109248K, used 17466K [0x00000007a0000000, 0x00000007a8000000, 0x00000007a8000000)
  eden space 87424K,   0% used [0x00000007a0000000, 0x00000007a0000000, 0x00000007a5560000)
  from space 21824K,  80% used [0x00000007a6ab0000, 0x00000007a7bbeab8, 0x00000007a8000000)
  to   space 21824K,   0% used [0x00000007a5560000, 0x00000007a5560000, 0x00000007a6ab0000)
 concurrent mark-sweep generation total 393216K, used 21673K [0x00000007a8000000, 0x00000007c0000000, 0x00000007c0000000)
 Metaspace       used 37348K, capacity 37808K, committed 38348K, reserved 1083392K
  class space    used 4163K, capacity 4310K, committed 4424K, reserved 1048576K
}
2016-04-04T18:11:31.408-0800: 2589.204: Total time for which application threads were stopped: 0.0102099 seconds, Stopping threads took: 0.0000246 seconds
2016-04-04T18:11:31.409-0800: 2589.204: Total time for which application threads were stopped: 0.0001441 seconds, Stopping threads took: 0.0000309 seconds
2016-04-04T18:11:31.409-0800: 2589.204: Total time for which application threads were stopped: 0.0000755 seconds, Stopping threads took: 0.0000122 seconds
2016-04-04T18:11:32.412-0800: 2590.208: Total time for which application threads were stopped: 0.0003404 seconds, Stopping threads took: 0.0000682 seconds
2016-04-04T18:11:42.881-0800: 2600.677: Total time for which application threads were stopped: 0.0001762 seconds, Stopping threads took: 0.0000342 seconds
2016-04-04T18:12:15.966-0800: 2633.764: Total time for which application threads were stopped: 0.0001619 seconds, Stopping threads took: 0.0000423 seconds
2016-04-04T18:13:53.157-0800: 2730.959: Total time for which application threads were stopped: 0.0000810 seconds, Stopping threads took: 0.0000199 seconds
2016-04-04T18:14:23.194-0800: 2760.998: Total time for which application threads were stopped: 0.0000868 seconds, Stopping threads took: 0.0000180 seconds
2016-04-04T18:15:21.122-0800: 2818.928: Total time for which application threads were stopped: 0.0000817 seconds, Stopping threads took: 0.0000196 seconds
2016-04-04T18:15:31.124-0800: 2828.931: Total time for which application threads were stopped: 0.0000984 seconds, Stopping threads took: 0.0000302 seconds
2016-04-04T18:16:33.354-0800: 2891.164: Total time for which application threads were stopped: 0.0001224 seconds, Stopping threads took: 0.0000288 seconds
2016-04-04T18:16:38.372-0800: 2896.183: Total time for which application threads were stopped: 0.0002442 seconds, Stopping threads took: 0.0000486 seconds
2016-04-04T18:16:42.380-0800: 2900.191: Total time for which application threads were stopped: 0.0001744 seconds, Stopping threads took: 0.0000342 seconds
2016-04-04T18:17:17.762-0800: 2935.574: Total time for which application threads were stopped: 0.0001236 seconds, Stopping threads took: 0.0000300 seconds
2016-04-04T18:17:25.228-0800: 2943.041: Total time for which application threads were stopped: 0.0000799 seconds, Stopping threads took: 0.0000198 seconds
2016-04-04T18:17:53.714-0800: 2971.528: Total time for which application threads were stopped: 0.0001219 seconds, Stopping threads took: 0.0000280 seconds
2016-04-04T18:18:46.639-0800: 3024.455: Total time for which application threads were stopped: 0.0001189 seconds, Stopping threads took: 0.0000285 seconds
2016-04-04T18:19:13.566-0800: 3051.384: Total time for which application threads were stopped: 0.0001150 seconds, Stopping threads took: 0.0000270 seconds
2016-04-04T18:19:24.395-0800: 3062.213: Total time for which application threads were stopped: 0.0001222 seconds, Stopping threads took: 0.0000294 seconds
2016-04-04T18:19:34.354-0800: 3072.173: Total time for which application threads were stopped: 0.0001220 seconds, Stopping threads took: 0.0000286 seconds
2016-04-04T18:20:03.312-0800: 3101.132: Total time for which application threads were stopped: 0.0001038 seconds, Stopping threads took: 0.0000382 seconds
2016-04-04T18:20:03.315-0800: 3101.135: Total time for which application threads were stopped: 0.0001072 seconds, Stopping threads took: 0.0000351 seconds
2016-04-04T18:20:03.321-0800: 3101.141: Total time for which application threads were stopped: 0.0001671 seconds, Stopping threads took: 0.0000417 seconds
2016-04-04T18:20:03.321-0800: 3101.141: Total time for which application threads were stopped: 0.0001231 seconds, Stopping threads took: 0.0000529 seconds
2016-04-04T18:20:03.325-0800: 3101.146: Total time for which application threads were stopped: 0.0001109 seconds, Stopping threads took: 0.0000243 seconds
2016-04-04T18:20:03.326-0800: 3101.146: Total time for which application threads were stopped: 0.0001391 seconds, Stopping threads took: 0.0000566 seconds
2016-04-04T18:20:04.327-0800: 3102.148: Total time for which application threads were stopped: 0.0002230 seconds, Stopping threads took: 0.0000512 seconds
2016-04-04T18:20:09.669-0800: 3107.490: Total time for which application threads were stopped: 0.0001230 seconds, Stopping threads took: 0.0000341 seconds
2016-04-04T18:20:09.670-0800: 3107.491: Total time for which application threads were stopped: 0.0000789 seconds, Stopping threads took: 0.0000141 seconds
2016-04-04T18:20:09.670-0800: 3107.491: Total time for which application threads were stopped: 0.0000821 seconds, Stopping threads took: 0.0000331 seconds
2016-04-04T18:20:09.670-0800: 3107.491: Total time for which application threads were stopped: 0.0000954 seconds, Stopping threads took: 0.0000251 seconds
2016-04-04T18:20:09.670-0800: 3107.491: Total time for which application threads were stopped: 0.0000642 seconds, Stopping threads took: 0.0000085 seconds
2016-04-04T18:20:09.670-0800: 3107.491: Total time for which application threads were stopped: 0.0000716 seconds, Stopping threads took: 0.0000082 seconds
2016-04-04T18:20:09.671-0800: 3107.492: Total time for which application threads were stopped: 0.0000895 seconds, Stopping threads took: 0.0000138 seconds
2016-04-04T18:20:09.671-0800: 3107.492: Total time for which application threads were stopped: 0.0001173 seconds, Stopping threads took: 0.0000494 seconds
2016-04-04T18:20:09.671-0800: 3107.492: Total time for which application threads were stopped: 0.0001118 seconds, Stopping threads took: 0.0000329 seconds
2016-04-04T18:20:09.671-0800: 3107.492: Total time for which application threads were stopped: 0.0000979 seconds, Stopping threads took: 0.0000308 seconds
2016-04-04T18:20:09.672-0800: 3107.492: Total time for which application threads were stopped: 0.0000835 seconds, Stopping threads took: 0.0000232 seconds
2016-04-04T18:20:09.672-0800: 3107.492: Total time for which application threads were stopped: 0.0001074 seconds, Stopping threads took: 0.0000332 seconds
2016-04-04T18:20:09.672-0800: 3107.493: Total time for which application threads were stopped: 0.0001031 seconds, Stopping threads took: 0.0000392 seconds
2016-04-04T18:20:09.672-0800: 3107.493: Total time for which application threads were stopped: 0.0001385 seconds, Stopping threads took: 0.0000640 seconds
2016-04-04T18:20:09.673-0800: 3107.493: Total time for which application threads were stopped: 0.0000809 seconds, Stopping threads took: 0.0000142 seconds
2016-04-04T18:20:09.673-0800: 3107.494: Total time for which application threads were stopped: 0.0000973 seconds, Stopping threads took: 0.0000403 seconds
2016-04-04T18:20:09.677-0800: 3107.498: Total time for which application threads were stopped: 0.0001298 seconds, Stopping threads took: 0.0000321 seconds
2016-04-04T18:20:09.677-0800: 3107.498: Total time for which application threads were stopped: 0.0000925 seconds, Stopping threads took: 0.0000115 seconds
2016-04-04T18:20:09.683-0800: 3107.503: Total time for which application threads were stopped: 0.0001695 seconds, Stopping threads took: 0.0000278 seconds
2016-04-04T18:20:09.683-0800: 3107.504: Total time for which application threads were stopped: 0.0001418 seconds, Stopping threads took: 0.0000209 seconds
2016-04-04T18:20:09.683-0800: 3107.504: Total time for which application threads were stopped: 0.0001232 seconds, Stopping threads took: 0.0000245 seconds
2016-04-04T18:20:10.687-0800: 3108.508: Total time for which application threads were stopped: 0.0002344 seconds, Stopping threads took: 0.0000564 seconds
2016-04-04T18:20:52.215-0800: 3150.038: Total time for which application threads were stopped: 0.0001172 seconds, Stopping threads took: 0.0000272 seconds
2016-04-04T18:20:55.351-0800: 3153.174: Total time for which application threads were stopped: 0.0001173 seconds, Stopping threads took: 0.0000268 seconds
2016-04-04T18:21:00.364-0800: 3158.188: Total time for which application threads were stopped: 0.0001490 seconds, Stopping threads took: 0.0000368 seconds
2016-04-04T18:21:09.681-0800: 3167.504: Total time for which application threads were stopped: 0.0001223 seconds, Stopping threads took: 0.0000250 seconds
2016-04-04T18:21:49.812-0800: 3207.638: Total time for which application threads were stopped: 0.0002278 seconds, Stopping threads took: 0.0000487 seconds
2016-04-04T18:22:08.212-0800: 3226.039: Total time for which application threads were stopped: 0.0001230 seconds, Stopping threads took: 0.0000287 seconds
2016-04-04T18:22:28.264-0800: 3246.091: Total time for which application threads were stopped: 0.0001338 seconds, Stopping threads took: 0.0000307 seconds
2016-04-04T18:23:08.282-0800: 3286.112: Total time for which application threads were stopped: 0.0001216 seconds, Stopping threads took: 0.0000280 seconds
2016-04-04T18:23:20.290-0800: 3298.120: Total time for which application threads were stopped: 0.0001186 seconds, Stopping threads took: 0.0000280 seconds
2016-04-04T18:23:33.304-0800: 3311.134: Total time for which application threads were stopped: 0.0001694 seconds, Stopping threads took: 0.0000436 seconds
2016-04-04T18:23:43.329-0800: 3321.160: Total time for which application threads were stopped: 0.0000971 seconds, Stopping threads took: 0.0000242 seconds
2016-04-04T18:24:19.863-0800: 3357.696: Total time for which application threads were stopped: 0.0001888 seconds, Stopping threads took: 0.0000596 seconds
2016-04-04T18:24:19.865-0800: 3357.698: Total time for which application threads were stopped: 0.0000825 seconds, Stopping threads took: 0.0000125 seconds
2016-04-04T18:24:19.865-0800: 3357.698: Total time for which application threads were stopped: 0.0000782 seconds, Stopping threads took: 0.0000106 seconds
2016-04-04T18:24:19.885-0800: 3357.718: Total time for which application threads were stopped: 0.0001258 seconds, Stopping threads took: 0.0000455 seconds
2016-04-04T18:24:19.903-0800: 3357.736: Total time for which application threads were stopped: 0.0002199 seconds, Stopping threads took: 0.0000432 seconds
2016-04-04T18:24:19.903-0800: 3357.736: Total time for which application threads were stopped: 0.0000821 seconds, Stopping threads took: 0.0000260 seconds
2016-04-04T18:24:19.903-0800: 3357.736: Total time for which application threads were stopped: 0.0001153 seconds, Stopping threads took: 0.0000434 seconds
2016-04-04T18:24:19.903-0800: 3357.736: Total time for which application threads were stopped: 0.0000933 seconds, Stopping threads took: 0.0000305 seconds
2016-04-04T18:24:19.904-0800: 3357.736: Total time for which application threads were stopped: 0.0000648 seconds, Stopping threads took: 0.0000099 seconds
2016-04-04T18:24:19.904-0800: 3357.736: Total time for which application threads were stopped: 0.0000646 seconds, Stopping threads took: 0.0000098 seconds
2016-04-04T18:24:19.904-0800: 3357.737: Total time for which application threads were stopped: 0.0000556 seconds, Stopping threads took: 0.0000089 seconds
2016-04-04T18:24:19.904-0800: 3357.737: Total time for which application threads were stopped: 0.0000524 seconds, Stopping threads took: 0.0000087 seconds
2016-04-04T18:24:19.904-0800: 3357.737: Total time for which application threads were stopped: 0.0000535 seconds, Stopping threads took: 0.0000081 seconds
2016-04-04T18:24:19.904-0800: 3357.737: Total time for which application threads were stopped: 0.0000503 seconds, Stopping threads took: 0.0000085 seconds
2016-04-04T18:24:19.904-0800: 3357.737: Total time for which application threads were stopped: 0.0000526 seconds, Stopping threads took: 0.0000090 seconds
2016-04-04T18:24:19.904-0800: 3357.737: Total time for which application threads were stopped: 0.0000531 seconds, Stopping threads took: 0.0000082 seconds
2016-04-04T18:24:19.904-0800: 3357.737: Total time for which application threads were stopped: 0.0000521 seconds, Stopping threads took: 0.0000083 seconds
2016-04-04T18:24:19.904-0800: 3357.737: Total time for which application threads were stopped: 0.0000520 seconds, Stopping threads took: 0.0000083 seconds
2016-04-04T18:24:19.904-0800: 3357.737: Total time for which application threads were stopped: 0.0000545 seconds, Stopping threads took: 0.0000086 seconds
2016-04-04T18:24:19.904-0800: 3357.737: Total time for which application threads were stopped: 0.0000515 seconds, Stopping threads took: 0.0000079 seconds
2016-04-04T18:24:19.905-0800: 3357.737: Total time for which application threads were stopped: 0.0000506 seconds, Stopping threads took: 0.0000189 seconds
2016-04-04T18:24:19.905-0800: 3357.738: Total time for which application threads were stopped: 0.0000645 seconds, Stopping threads took: 0.0000202 seconds
2016-04-04T18:24:19.905-0800: 3357.738: Total time for which application threads were stopped: 0.0000789 seconds, Stopping threads took: 0.0000471 seconds
2016-04-04T18:24:19.905-0800: 3357.738: Total time for which application threads were stopped: 0.0000533 seconds, Stopping threads took: 0.0000086 seconds
2016-04-04T18:24:19.905-0800: 3357.738: Total time for which application threads were stopped: 0.0000545 seconds, Stopping threads took: 0.0000093 seconds
2016-04-04T18:24:19.905-0800: 3357.738: Total time for which application threads were stopped: 0.0001488 seconds, Stopping threads took: 0.0000207 seconds
2016-04-04T18:24:48.987-0800: 3386.821: Total time for which application threads were stopped: 0.0001454 seconds, Stopping threads took: 0.0000170 seconds
2016-04-04T18:24:49.000-0800: 3386.834: Total time for which application threads were stopped: 0.0000838 seconds, Stopping threads took: 0.0000152 seconds
2016-04-04T18:24:49.005-0800: 3386.839: Total time for which application threads were stopped: 0.0000616 seconds, Stopping threads took: 0.0000139 seconds
2016-04-04T18:24:49.005-0800: 3386.840: Total time for which application threads were stopped: 0.0001811 seconds, Stopping threads took: 0.0000871 seconds
2016-04-04T18:24:49.005-0800: 3386.840: Total time for which application threads were stopped: 0.0001272 seconds, Stopping threads took: 0.0000398 seconds
2016-04-04T18:24:49.009-0800: 3386.843: Total time for which application threads were stopped: 0.0001409 seconds, Stopping threads took: 0.0000405 seconds
2016-04-04T18:24:49.101-0800: 3386.935: Total time for which application threads were stopped: 0.0001192 seconds, Stopping threads took: 0.0000252 seconds
2016-04-04T18:24:49.101-0800: 3386.935: Total time for which application threads were stopped: 0.0000669 seconds, Stopping threads took: 0.0000098 seconds
2016-04-04T18:24:49.105-0800: 3386.939: Total time for which application threads were stopped: 0.0000796 seconds, Stopping threads took: 0.0000112 seconds
2016-04-04T18:24:49.105-0800: 3386.940: Total time for which application threads were stopped: 0.0001104 seconds, Stopping threads took: 0.0000567 seconds
2016-04-04T18:24:49.130-0800: 3386.964: Total time for which application threads were stopped: 0.0000993 seconds, Stopping threads took: 0.0000137 seconds
2016-04-04T18:24:49.130-0800: 3386.964: Total time for which application threads were stopped: 0.0000432 seconds, Stopping threads took: 0.0000037 seconds
2016-04-04T18:24:49.134-0800: 3386.968: Total time for which application threads were stopped: 0.0000916 seconds, Stopping threads took: 0.0000203 seconds
2016-04-04T18:24:49.134-0800: 3386.968: Total time for which application threads were stopped: 0.0000473 seconds, Stopping threads took: 0.0000062 seconds
2016-04-04T18:24:50.138-0800: 3387.972: Total time for which application threads were stopped: 0.0001741 seconds, Stopping threads took: 0.0000380 seconds
2016-04-04T18:24:54.121-0800: 3391.955: Total time for which application threads were stopped: 0.0001346 seconds, Stopping threads took: 0.0000227 seconds
2016-04-04T18:25:00.282-0800: 3398.117: Total time for which application threads were stopped: 0.0001213 seconds, Stopping threads took: 0.0000208 seconds
2016-04-04T18:25:00.282-0800: 3398.117: Total time for which application threads were stopped: 0.0000613 seconds, Stopping threads took: 0.0000099 seconds
2016-04-04T18:25:00.282-0800: 3398.117: Total time for which application threads were stopped: 0.0000700 seconds, Stopping threads took: 0.0000135 seconds
2016-04-04T18:25:12.440-0800: 3410.275: Total time for which application threads were stopped: 0.0000983 seconds, Stopping threads took: 0.0000175 seconds
2016-04-04T18:25:12.441-0800: 3410.276: Total time for which application threads were stopped: 0.0000999 seconds, Stopping threads took: 0.0000240 seconds
2016-04-04T18:25:22.645-0800: 3420.481: Total time for which application threads were stopped: 0.0002447 seconds, Stopping threads took: 0.0000420 seconds
2016-04-04T18:25:22.648-0800: 3420.484: Total time for which application threads were stopped: 0.0001204 seconds, Stopping threads took: 0.0000162 seconds
2016-04-04T18:25:22.649-0800: 3420.484: Total time for which application threads were stopped: 0.0002398 seconds, Stopping threads took: 0.0000126 seconds
2016-04-04T18:25:22.649-0800: 3420.485: Total time for which application threads were stopped: 0.0000820 seconds, Stopping threads took: 0.0000200 seconds
2016-04-04T18:25:30.670-0800: 3428.506: Total time for which application threads were stopped: 0.0001434 seconds, Stopping threads took: 0.0000266 seconds
2016-04-04T18:25:39.695-0800: 3437.532: Total time for which application threads were stopped: 0.0001307 seconds, Stopping threads took: 0.0000272 seconds
2016-04-04T18:25:48.517-0800: 3446.354: Total time for which application threads were stopped: 0.0001206 seconds, Stopping threads took: 0.0000378 seconds
2016-04-04T18:25:49.134-0800: 3446.971: Total time for which application threads were stopped: 0.0002506 seconds, Stopping threads took: 0.0000253 seconds
2016-04-04T18:26:04.686-0800: 3462.524: Total time for which application threads were stopped: 0.0001242 seconds, Stopping threads took: 0.0000311 seconds
2016-04-04T18:26:04.687-0800: 3462.525: Total time for which application threads were stopped: 0.0000870 seconds, Stopping threads took: 0.0000286 seconds
2016-04-04T18:26:04.687-0800: 3462.525: Total time for which application threads were stopped: 0.0000668 seconds, Stopping threads took: 0.0000114 seconds
2016-04-04T18:26:04.687-0800: 3462.525: Total time for which application threads were stopped: 0.0000831 seconds, Stopping threads took: 0.0000287 seconds
2016-04-04T18:26:04.687-0800: 3462.525: Total time for which application threads were stopped: 0.0000885 seconds, Stopping threads took: 0.0000128 seconds
2016-04-04T18:26:04.688-0800: 3462.525: Total time for which application threads were stopped: 0.0000602 seconds, Stopping threads took: 0.0000092 seconds
2016-04-04T18:26:04.688-0800: 3462.526: Total time for which application threads were stopped: 0.0000780 seconds, Stopping threads took: 0.0000282 seconds
2016-04-04T18:26:17.732-0800: 3475.570: Total time for which application threads were stopped: 0.0001553 seconds, Stopping threads took: 0.0000335 seconds
2016-04-04T18:26:37.783-0800: 3495.623: Total time for which application threads were stopped: 0.0001266 seconds, Stopping threads took: 0.0000268 seconds
2016-04-04T18:26:58.468-0800: 3516.308: Total time for which application threads were stopped: 0.0001572 seconds, Stopping threads took: 0.0000336 seconds
2016-04-04T18:26:59.110-0800: 3516.951: Total time for which application threads were stopped: 0.0001936 seconds, Stopping threads took: 0.0000423 seconds
2016-04-04T18:26:59.112-0800: 3516.952: Total time for which application threads were stopped: 0.0002061 seconds, Stopping threads took: 0.0000357 seconds
2016-04-04T18:26:59.114-0800: 3516.955: Total time for which application threads were stopped: 0.0002163 seconds, Stopping threads took: 0.0000714 seconds
2016-04-04T18:26:59.115-0800: 3516.955: Total time for which application threads were stopped: 0.0002083 seconds, Stopping threads took: 0.0000668 seconds
2016-04-04T18:26:59.118-0800: 3516.959: Total time for which application threads were stopped: 0.0008808 seconds, Stopping threads took: 0.0007726 seconds
2016-04-04T18:26:59.124-0800: 3516.965: Total time for which application threads were stopped: 0.0002169 seconds, Stopping threads took: 0.0000854 seconds
2016-04-04T18:26:59.125-0800: 3516.965: Total time for which application threads were stopped: 0.0003179 seconds, Stopping threads took: 0.0000615 seconds
2016-04-04T18:27:04.075-0800: 3521.916: Total time for which application threads were stopped: 0.0001326 seconds, Stopping threads took: 0.0000227 seconds
2016-04-04T18:27:04.144-0800: 3521.985: Total time for which application threads were stopped: 0.0001144 seconds, Stopping threads took: 0.0000228 seconds
2016-04-04T18:27:09.078-0800: 3526.919: Total time for which application threads were stopped: 0.0001247 seconds, Stopping threads took: 0.0000275 seconds
2016-04-04T18:27:09.079-0800: 3526.920: Total time for which application threads were stopped: 0.0000844 seconds, Stopping threads took: 0.0000146 seconds
2016-04-04T18:27:09.079-0800: 3526.920: Total time for which application threads were stopped: 0.0000773 seconds, Stopping threads took: 0.0000227 seconds
2016-04-04T18:28:13.925-0800: 3591.769: Total time for which application threads were stopped: 0.0001378 seconds, Stopping threads took: 0.0000267 seconds
2016-04-04T18:29:29.050-0800: 3666.898: Total time for which application threads were stopped: 0.0001175 seconds, Stopping threads took: 0.0000268 seconds
2016-04-04T18:30:10.943-0800: 3708.793: Total time for which application threads were stopped: 0.0001692 seconds, Stopping threads took: 0.0000298 seconds
{Heap before GC invocations=15 (full 2):
 par new generation   total 109248K, used 104890K [0x00000007a0000000, 0x00000007a8000000, 0x00000007a8000000)
  eden space 87424K, 100% used [0x00000007a0000000, 0x00000007a5560000, 0x00000007a5560000)
  from space 21824K,  80% used [0x00000007a6ab0000, 0x00000007a7bbeab8, 0x00000007a8000000)
  to   space 21824K,   0% used [0x00000007a5560000, 0x00000007a5560000, 0x00000007a6ab0000)
 concurrent mark-sweep generation total 393216K, used 21673K [0x00000007a8000000, 0x00000007c0000000, 0x00000007c0000000)
 Metaspace       used 37494K, capacity 37936K, committed 38348K, reserved 1083392K
  class space    used 4166K, capacity 4310K, committed 4424K, reserved 1048576K
2016-04-04T18:30:17.386-0800: 3715.236: [GC (Allocation Failure) 2016-04-04T18:30:17.386-0800: 3715.236: [ParNew
Desired survivor size 20112992 bytes, new threshold 8 (max 8)
- age   1:    3164400 bytes,    3164400 total
- age   2:    1421736 bytes,    4586136 total
- age   3:     256656 bytes,    4842792 total
- age   4:      21560 bytes,    4864352 total
- age   5:     416048 bytes,    5280400 total
- age   6:    1846232 bytes,    7126632 total
- age   7:    1121152 bytes,    8247784 total
- age   8:    1142328 bytes,    9390112 total
: 104890K->11777K(109248K), 0.0091657 secs] 126563K->35142K(502464K), 0.0092310 secs] [Times: user=0.03 sys=0.00, real=0.01 secs] 
Heap after GC invocations=16 (full 2):
 par new generation   total 109248K, used 11777K [0x00000007a0000000, 0x00000007a8000000, 0x00000007a8000000)
  eden space 87424K,   0% used [0x00000007a0000000, 0x00000007a0000000, 0x00000007a5560000)
  from space 21824K,  53% used [0x00000007a5560000, 0x00000007a60e0518, 0x00000007a6ab0000)
  to   space 21824K,   0% used [0x00000007a6ab0000, 0x00000007a6ab0000, 0x00000007a8000000)
 concurrent mark-sweep generation total 393216K, used 23365K [0x00000007a8000000, 0x00000007c0000000, 0x00000007c0000000)
 Metaspace       used 37494K, capacity 37936K, committed 38348K, reserved 1083392K
  class space    used 4166K, capacity 4310K, committed 4424K, reserved 1048576K
}
2016-04-04T18:30:17.395-0800: 3715.245: Total time for which application threads were stopped: 0.0094206 seconds, Stopping threads took: 0.0000305 seconds
2016-04-04T18:30:17.396-0800: 3715.246: Total time for which application threads were stopped: 0.0001148 seconds, Stopping threads took: 0.0000544 seconds
2016-04-04T18:30:17.396-0800: 3715.247: Total time for which application threads were stopped: 0.0000765 seconds, Stopping threads took: 0.0000279 seconds
2016-04-04T18:30:17.397-0800: 3715.247: Total time for which application threads were stopped: 0.0001134 seconds, Stopping threads took: 0.0000493 seconds
2016-04-04T18:30:17.397-0800: 3715.248: Total time for which application threads were stopped: 0.0001024 seconds, Stopping threads took: 0.0000426 seconds
2016-04-04T18:30:17.398-0800: 3715.248: Total time for which application threads were stopped: 0.0003168 seconds, Stopping threads took: 0.0000788 seconds
2016-04-04T18:30:17.420-0800: 3715.270: Total time for which application threads were stopped: 0.0000729 seconds, Stopping threads took: 0.0000128 seconds
2016-04-04T18:30:17.448-0800: 3715.299: Total time for which application threads were stopped: 0.0000821 seconds, Stopping threads took: 0.0000124 seconds
2016-04-04T18:30:31.771-0800: 3729.622: Total time for which application threads were stopped: 0.0001399 seconds, Stopping threads took: 0.0000443 seconds
2016-04-04T18:31:11.778-0800: 3769.631: Total time for which application threads were stopped: 0.0001181 seconds, Stopping threads took: 0.0000257 seconds
2016-04-04T18:31:18.943-0800: 3776.796: Total time for which application threads were stopped: 0.0001202 seconds, Stopping threads took: 0.0000216 seconds
2016-04-04T18:31:19.947-0800: 3777.800: Total time for which application threads were stopped: 0.0000885 seconds, Stopping threads took: 0.0000210 seconds
2016-04-04T18:31:35.951-0800: 3793.805: Total time for which application threads were stopped: 0.0001093 seconds, Stopping threads took: 0.0000233 seconds
{Heap before GC invocations=16 (full 2):
 par new generation   total 109248K, used 99201K [0x00000007a0000000, 0x00000007a8000000, 0x00000007a8000000)
  eden space 87424K, 100% used [0x00000007a0000000, 0x00000007a5560000, 0x00000007a5560000)
  from space 21824K,  53% used [0x00000007a5560000, 0x00000007a60e0518, 0x00000007a6ab0000)
  to   space 21824K,   0% used [0x00000007a6ab0000, 0x00000007a6ab0000, 0x00000007a8000000)
 concurrent mark-sweep generation total 393216K, used 23365K [0x00000007a8000000, 0x00000007c0000000, 0x00000007c0000000)
 Metaspace       used 37495K, capacity 37936K, committed 38348K, reserved 1083392K
  class space    used 4166K, capacity 4310K, committed 4424K, reserved 1048576K
2016-04-04T18:31:45.138-0800: 3802.992: [GC (Allocation Failure) 2016-04-04T18:31:45.138-0800: 3802.992: [ParNew
Desired survivor size 20112992 bytes, new threshold 8 (max 8)
- age   1:    1213296 bytes,    1213296 total
- age   2:    1715024 bytes,    2928320 total
- age   3:     903560 bytes,    3831880 total
- age   4:     157680 bytes,    3989560 total
- age   5:      21584 bytes,    4011144 total
- age   6:     416032 bytes,    4427176 total
- age   7:    1843880 bytes,    6271056 total
- age   8:    1121152 bytes,    7392208 total
: 99201K->12279K(109248K), 0.0075469 secs] 122566K->36760K(502464K), 0.0076330 secs] [Times: user=0.02 sys=0.00, real=0.01 secs] 
Heap after GC invocations=17 (full 2):
 par new generation   total 109248K, used 12279K [0x00000007a0000000, 0x00000007a8000000, 0x00000007a8000000)
  eden space 87424K,   0% used [0x00000007a0000000, 0x00000007a0000000, 0x00000007a5560000)
  from space 21824K,  56% used [0x00000007a6ab0000, 0x00000007a76adc30, 0x00000007a8000000)
  to   space 21824K,   0% used [0x00000007a5560000, 0x00000007a5560000, 0x00000007a6ab0000)
 concurrent mark-sweep generation total 393216K, used 24481K [0x00000007a8000000, 0x00000007c0000000, 0x00000007c0000000)
 Metaspace       used 37495K, capacity 37936K, committed 38348K, reserved 1083392K
  class space    used 4166K, capacity 4310K, committed 4424K, reserved 1048576K
}
2016-04-04T18:31:45.145-0800: 3803.000: Total time for which application threads were stopped: 0.0078208 seconds, Stopping threads took: 0.0000201 seconds
2016-04-04T18:42:08.207-0800: 4426.092: Total time for which application threads were stopped: 0.0001224 seconds, Stopping threads took: 0.0000296 seconds
2016-04-04T22:06:44.836-0800: 4487.736: Total time for which application threads were stopped: 0.0286176 seconds, Stopping threads took: 0.0135481 seconds
2016-04-04T22:06:56.726-0800: 4499.626: Total time for which application threads were stopped: 0.0001247 seconds, Stopping threads took: 0.0000278 seconds
2016-04-04T22:07:42.848-0800: 4545.750: Total time for which application threads were stopped: 0.0001418 seconds, Stopping threads took: 0.0000300 seconds
2016-04-04T22:07:47.058-0800: 4549.960: Total time for which application threads were stopped: 0.0001127 seconds, Stopping threads took: 0.0000240 seconds
2016-04-04T22:07:53.143-0800: 4556.045: Total time for which application threads were stopped: 0.0001360 seconds, Stopping threads took: 0.0000434 seconds
2016-04-04T22:07:53.171-0800: 4556.074: Total time for which application threads were stopped: 0.0002385 seconds, Stopping threads took: 0.0000172 seconds
2016-04-04T22:07:53.172-0800: 4556.075: Total time for which application threads were stopped: 0.0001846 seconds, Stopping threads took: 0.0001354 seconds
2016-04-04T22:07:53.173-0800: 4556.075: Total time for which application threads were stopped: 0.0000411 seconds, Stopping threads took: 0.0000063 seconds
2016-04-04T22:07:53.177-0800: 4556.079: Total time for which application threads were stopped: 0.0000665 seconds, Stopping threads took: 0.0000107 seconds
2016-04-04T22:07:53.177-0800: 4556.080: Total time for which application threads were stopped: 0.0000776 seconds, Stopping threads took: 0.0000100 seconds
Heap
 par new generation   total 109248K, used 33206K [0x00000007a0000000, 0x00000007a8000000, 0x00000007a8000000)
  eden space 87424K,  23% used [0x00000007a0000000, 0x00000007a146fde0, 0x00000007a5560000)
  from space 21824K,  56% used [0x00000007a6ab0000, 0x00000007a76adc30, 0x00000007a8000000)
  to   space 21824K,   0% used [0x00000007a5560000, 0x00000007a5560000, 0x00000007a6ab0000)
 concurrent mark-sweep generation total 393216K, used 24481K [0x00000007a8000000, 0x00000007c0000000, 0x00000007c0000000)
 Metaspace       used 37545K, capacity 38076K, committed 38604K, reserved 1083392K
  class space    used 4173K, capacity 4312K, committed 4424K, reserved 1048576K
