Java HotSpot(TM) 64-Bit Server VM (25.71-b15) for bsd-amd64 JRE (1.8.0_71-b15), built on Dec 22 2015 15:11:44 by "java_re" with gcc 4.2.1 (Based on Apple Inc. build 5658) (LLVM build 2336.11.00)
Memory: 4k page, physical 16777216k(2240096k free)

/proc/meminfo:

CommandLine flags: -XX:CMSInitiatingOccupancyFraction=50 -XX:CMSMaxAbortablePrecleanTime=6000 -XX:+CMSParallelRemarkEnabled -XX:+CMSScavengeBeforeRemark -XX:ConcGCThreads=4 -XX:InitialHeapSize=536870912 -XX:MaxHeapSize=536870912 -XX:MaxTenuringThreshold=8 -XX:NewRatio=3 -XX:OldPLABSize=16 -XX:ParallelGCThreads=4 -XX:+ParallelRefProcEnabled -XX:PretenureSizeThreshold=67108864 -XX:+PrintGC -XX:+PrintGCApplicationStoppedTime -XX:+PrintGCDateStamps -XX:+PrintGCDetails -XX:+PrintGCTimeStamps -XX:+PrintHeapAtGC -XX:+PrintTenuringDistribution -XX:SurvivorRatio=4 -XX:TargetSurvivorRatio=90 -XX:ThreadStackSize=256 -XX:+UseCMSInitiatingOccupancyOnly -XX:+UseCompressedClassPointers -XX:+UseCompressedOops -XX:+UseConcMarkSweepGC -XX:+UseParNewGC 
2016-03-13T16:50:44.210-0800: 0.229: Total time for which application threads were stopped: 0.0001297 seconds, Stopping threads took: 0.0000113 seconds
2016-03-13T16:50:44.269-0800: 0.288: Total time for which application threads were stopped: 0.0001165 seconds, Stopping threads took: 0.0000110 seconds
2016-03-13T16:50:44.331-0800: 0.350: Total time for which application threads were stopped: 0.0001051 seconds, Stopping threads took: 0.0000086 seconds
2016-03-13T16:50:44.363-0800: 0.382: Total time for which application threads were stopped: 0.0001727 seconds, Stopping threads took: 0.0000226 seconds
2016-03-13T16:50:44.373-0800: 0.392: Total time for which application threads were stopped: 0.0001772 seconds, Stopping threads took: 0.0000252 seconds
2016-03-13T16:50:44.381-0800: 0.400: Total time for which application threads were stopped: 0.0001220 seconds, Stopping threads took: 0.0000114 seconds
{Heap before GC invocations=0 (full 0):
 par new generation   total 109248K, used 87424K [0x00000007a0000000, 0x00000007a8000000, 0x00000007a8000000)
  eden space 87424K, 100% used [0x00000007a0000000, 0x00000007a5560000, 0x00000007a5560000)
  from space 21824K,   0% used [0x00000007a5560000, 0x00000007a5560000, 0x00000007a6ab0000)
  to   space 21824K,   0% used [0x00000007a6ab0000, 0x00000007a6ab0000, 0x00000007a8000000)
 concurrent mark-sweep generation total 393216K, used 0K [0x00000007a8000000, 0x00000007c0000000, 0x00000007c0000000)
 Metaspace       used 10050K, capacity 10204K, committed 10496K, reserved 1058816K
  class space    used 1153K, capacity 1208K, committed 1280K, reserved 1048576K
2016-03-13T16:50:44.545-0800: 0.564: [GC (Allocation Failure) 2016-03-13T16:50:44.545-0800: 0.564: [ParNew
Desired survivor size 20112992 bytes, new threshold 8 (max 8)
- age   1:    5549264 bytes,    5549264 total
: 87424K->5478K(109248K), 0.0050236 secs] 87424K->5478K(502464K), 0.0050954 secs] [Times: user=0.01 sys=0.00, real=0.01 secs] 
Heap after GC invocations=1 (full 0):
 par new generation   total 109248K, used 5478K [0x00000007a0000000, 0x00000007a8000000, 0x00000007a8000000)
  eden space 87424K,   0% used [0x00000007a0000000, 0x00000007a0000000, 0x00000007a5560000)
  from space 21824K,  25% used [0x00000007a6ab0000, 0x00000007a70099d0, 0x00000007a8000000)
  to   space 21824K,   0% used [0x00000007a5560000, 0x00000007a5560000, 0x00000007a6ab0000)
 concurrent mark-sweep generation total 393216K, used 0K [0x00000007a8000000, 0x00000007c0000000, 0x00000007c0000000)
 Metaspace       used 10050K, capacity 10204K, committed 10496K, reserved 1058816K
  class space    used 1153K, capacity 1208K, committed 1280K, reserved 1048576K
}
2016-03-13T16:50:44.550-0800: 0.569: Total time for which application threads were stopped: 0.0052580 seconds, Stopping threads took: 0.0000205 seconds
2016-03-13T16:50:44.610-0800: 0.629: Total time for which application threads were stopped: 0.0001500 seconds, Stopping threads took: 0.0000112 seconds
2016-03-13T16:50:44.639-0800: 0.658: Total time for which application threads were stopped: 0.0001538 seconds, Stopping threads took: 0.0000118 seconds
2016-03-13T16:50:44.726-0800: 0.745: Total time for which application threads were stopped: 0.0002220 seconds, Stopping threads took: 0.0000122 seconds
2016-03-13T16:50:44.727-0800: 0.746: Total time for which application threads were stopped: 0.0000862 seconds, Stopping threads took: 0.0000064 seconds
2016-03-13T16:50:44.729-0800: 0.749: Total time for which application threads were stopped: 0.0001644 seconds, Stopping threads took: 0.0000113 seconds
2016-03-13T16:50:44.885-0800: 0.904: Total time for which application threads were stopped: 0.0003962 seconds, Stopping threads took: 0.0001573 seconds
{Heap before GC invocations=1 (full 0):
 par new generation   total 109248K, used 92902K [0x00000007a0000000, 0x00000007a8000000, 0x00000007a8000000)
  eden space 87424K, 100% used [0x00000007a0000000, 0x00000007a5560000, 0x00000007a5560000)
  from space 21824K,  25% used [0x00000007a6ab0000, 0x00000007a70099d0, 0x00000007a8000000)
  to   space 21824K,   0% used [0x00000007a5560000, 0x00000007a5560000, 0x00000007a6ab0000)
 concurrent mark-sweep generation total 393216K, used 0K [0x00000007a8000000, 0x00000007c0000000, 0x00000007c0000000)
 Metaspace       used 19258K, capacity 19630K, committed 19840K, reserved 1067008K
  class space    used 2278K, capacity 2386K, committed 2432K, reserved 1048576K
2016-03-13T16:50:45.049-0800: 1.068: [GC (Allocation Failure) 2016-03-13T16:50:45.049-0800: 1.068: [ParNew
Desired survivor size 20112992 bytes, new threshold 8 (max 8)
- age   1:    8140208 bytes,    8140208 total
- age   2:    2482104 bytes,   10622312 total
: 92902K->11559K(109248K), 0.0099688 secs] 92902K->11559K(502464K), 0.0100261 secs] [Times: user=0.05 sys=0.01, real=0.01 secs] 
Heap after GC invocations=2 (full 0):
 par new generation   total 109248K, used 11559K [0x00000007a0000000, 0x00000007a8000000, 0x00000007a8000000)
  eden space 87424K,   0% used [0x00000007a0000000, 0x00000007a0000000, 0x00000007a5560000)
  from space 21824K,  52% used [0x00000007a5560000, 0x00000007a60a9e90, 0x00000007a6ab0000)
  to   space 21824K,   0% used [0x00000007a6ab0000, 0x00000007a6ab0000, 0x00000007a8000000)
 concurrent mark-sweep generation total 393216K, used 0K [0x00000007a8000000, 0x00000007c0000000, 0x00000007c0000000)
 Metaspace       used 19258K, capacity 19630K, committed 19840K, reserved 1067008K
  class space    used 2278K, capacity 2386K, committed 2432K, reserved 1048576K
}
2016-03-13T16:50:45.059-0800: 1.078: Total time for which application threads were stopped: 0.0102256 seconds, Stopping threads took: 0.0000151 seconds
2016-03-13T16:50:45.086-0800: 1.105: Total time for which application threads were stopped: 0.0002038 seconds, Stopping threads took: 0.0000097 seconds
2016-03-13T16:50:45.106-0800: 1.125: Total time for which application threads were stopped: 0.0002139 seconds, Stopping threads took: 0.0000240 seconds
2016-03-13T16:50:45.121-0800: 1.140: Total time for which application threads were stopped: 0.0002008 seconds, Stopping threads took: 0.0000095 seconds
{Heap before GC invocations=2 (full 0):
 par new generation   total 109248K, used 98983K [0x00000007a0000000, 0x00000007a8000000, 0x00000007a8000000)
  eden space 87424K, 100% used [0x00000007a0000000, 0x00000007a5560000, 0x00000007a5560000)
  from space 21824K,  52% used [0x00000007a5560000, 0x00000007a60a9e90, 0x00000007a6ab0000)
  to   space 21824K,   0% used [0x00000007a6ab0000, 0x00000007a6ab0000, 0x00000007a8000000)
 concurrent mark-sweep generation total 393216K, used 0K [0x00000007a8000000, 0x00000007c0000000, 0x00000007c0000000)
 Metaspace       used 20672K, capacity 20980K, committed 21248K, reserved 1069056K
  class space    used 2434K, capacity 2515K, committed 2560K, reserved 1048576K
2016-03-13T16:50:45.250-0800: 1.269: [GC (Allocation Failure) 2016-03-13T16:50:45.250-0800: 1.269: [ParNew
Desired survivor size 20112992 bytes, new threshold 8 (max 8)
- age   1:    2007600 bytes,    2007600 total
- age   2:    2855848 bytes,    4863448 total
- age   3:    2478672 bytes,    7342120 total
: 98983K->10836K(109248K), 0.0059402 secs] 98983K->10836K(502464K), 0.0060001 secs] [Times: user=0.02 sys=0.00, real=0.00 secs] 
Heap after GC invocations=3 (full 0):
 par new generation   total 109248K, used 10836K [0x00000007a0000000, 0x00000007a8000000, 0x00000007a8000000)
  eden space 87424K,   0% used [0x00000007a0000000, 0x00000007a0000000, 0x00000007a5560000)
  from space 21824K,  49% used [0x00000007a6ab0000, 0x00000007a7545240, 0x00000007a8000000)
  to   space 21824K,   0% used [0x00000007a5560000, 0x00000007a5560000, 0x00000007a6ab0000)
 concurrent mark-sweep generation total 393216K, used 0K [0x00000007a8000000, 0x00000007c0000000, 0x00000007c0000000)
 Metaspace       used 20672K, capacity 20980K, committed 21248K, reserved 1069056K
  class space    used 2434K, capacity 2515K, committed 2560K, reserved 1048576K
}
2016-03-13T16:50:45.256-0800: 1.275: Total time for which application threads were stopped: 0.0062190 seconds, Stopping threads took: 0.0000445 seconds
2016-03-13T16:50:45.269-0800: 1.288: Total time for which application threads were stopped: 0.0000777 seconds, Stopping threads took: 0.0000237 seconds
2016-03-13T16:50:45.277-0800: 1.296: Total time for which application threads were stopped: 0.0000759 seconds, Stopping threads took: 0.0000200 seconds
2016-03-13T16:50:45.367-0800: 1.386: Total time for which application threads were stopped: 0.0000814 seconds, Stopping threads took: 0.0000151 seconds
{Heap before GC invocations=3 (full 0):
 par new generation   total 109248K, used 98260K [0x00000007a0000000, 0x00000007a8000000, 0x00000007a8000000)
  eden space 87424K, 100% used [0x00000007a0000000, 0x00000007a5560000, 0x00000007a5560000)
  from space 21824K,  49% used [0x00000007a6ab0000, 0x00000007a7545240, 0x00000007a8000000)
  to   space 21824K,   0% used [0x00000007a5560000, 0x00000007a5560000, 0x00000007a6ab0000)
 concurrent mark-sweep generation total 393216K, used 0K [0x00000007a8000000, 0x00000007c0000000, 0x00000007c0000000)
 Metaspace       used 21795K, capacity 22126K, committed 22216K, reserved 1069056K
  class space    used 2585K, capacity 2680K, committed 2684K, reserved 1048576K
2016-03-13T16:50:45.393-0800: 1.412: [GC (Allocation Failure) 2016-03-13T16:50:45.393-0800: 1.412: [ParNew
Desired survivor size 20112992 bytes, new threshold 8 (max 8)
- age   1:    1200504 bytes,    1200504 total
- age   2:     937960 bytes,    2138464 total
- age   3:    2851608 bytes,    4990072 total
- age   4:    2478672 bytes,    7468744 total
: 98260K->9899K(109248K), 0.0052038 secs] 98260K->9899K(502464K), 0.0052747 secs] [Times: user=0.02 sys=0.00, real=0.00 secs] 
Heap after GC invocations=4 (full 0):
 par new generation   total 109248K, used 9899K [0x00000007a0000000, 0x00000007a8000000, 0x00000007a8000000)
  eden space 87424K,   0% used [0x00000007a0000000, 0x00000007a0000000, 0x00000007a5560000)
  from space 21824K,  45% used [0x00000007a5560000, 0x00000007a5f0add0, 0x00000007a6ab0000)
  to   space 21824K,   0% used [0x00000007a6ab0000, 0x00000007a6ab0000, 0x00000007a8000000)
 concurrent mark-sweep generation total 393216K, used 0K [0x00000007a8000000, 0x00000007c0000000, 0x00000007c0000000)
 Metaspace       used 21795K, capacity 22126K, committed 22216K, reserved 1069056K
  class space    used 2585K, capacity 2680K, committed 2684K, reserved 1048576K
}
2016-03-13T16:50:45.398-0800: 1.417: Total time for which application threads were stopped: 0.0054256 seconds, Stopping threads took: 0.0000239 seconds
2016-03-13T16:50:45.398-0800: 1.417: [GC (CMS Initial Mark) [1 CMS-initial-mark: 0K(393216K)] 9931K(502464K), 0.0014665 secs] [Times: user=0.00 sys=0.00, real=0.01 secs] 
2016-03-13T16:50:45.400-0800: 1.419: Total time for which application threads were stopped: 0.0015923 seconds, Stopping threads took: 0.0000246 seconds
2016-03-13T16:50:45.400-0800: 1.419: [CMS-concurrent-mark-start]
2016-03-13T16:50:45.400-0800: 1.419: [CMS-concurrent-mark: 0.000/0.000 secs] [Times: user=0.00 sys=0.00, real=0.00 secs] 
2016-03-13T16:50:45.400-0800: 1.419: [CMS-concurrent-preclean-start]
2016-03-13T16:50:45.400-0800: 1.419: [CMS-concurrent-preclean: 0.001/0.001 secs] [Times: user=0.01 sys=0.00, real=0.00 secs] 
2016-03-13T16:50:45.400-0800: 1.420: [GC (CMS Final Remark) [YG occupancy: 11150 K (109248 K)]{Heap before GC invocations=4 (full 1):
 par new generation   total 109248K, used 11150K [0x00000007a0000000, 0x00000007a8000000, 0x00000007a8000000)
  eden space 87424K,   1% used [0x00000007a0000000, 0x00000007a0138c08, 0x00000007a5560000)
  from space 21824K,  45% used [0x00000007a5560000, 0x00000007a5f0add0, 0x00000007a6ab0000)
  to   space 21824K,   0% used [0x00000007a6ab0000, 0x00000007a6ab0000, 0x00000007a8000000)
 concurrent mark-sweep generation total 393216K, used 0K [0x00000007a8000000, 0x00000007c0000000, 0x00000007c0000000)
 Metaspace       used 21799K, capacity 22126K, committed 22216K, reserved 1069056K
  class space    used 2587K, capacity 2680K, committed 2684K, reserved 1048576K
2016-03-13T16:50:45.401-0800: 1.420: [GC (CMS Final Remark) 2016-03-13T16:50:45.401-0800: 1.420: [ParNew
Desired survivor size 20112992 bytes, new threshold 8 (max 8)
- age   1:     139608 bytes,     139608 total
- age   2:     251432 bytes,     391040 total
- age   3:     937824 bytes,    1328864 total
- age   4:    2851608 bytes,    4180472 total
- age   5:    2478696 bytes,    6659168 total
: 11150K->8381K(109248K), 0.0046393 secs] 11150K->8381K(502464K), 0.0046643 secs] [Times: user=0.01 sys=0.01, real=0.00 secs] 
Heap after GC invocations=5 (full 1):
 par new generation   total 109248K, used 8381K [0x00000007a0000000, 0x00000007a8000000, 0x00000007a8000000)
  eden space 87424K,   0% used [0x00000007a0000000, 0x00000007a0000000, 0x00000007a5560000)
  from space 21824K,  38% used [0x00000007a6ab0000, 0x00000007a72df590, 0x00000007a8000000)
  to   space 21824K,   0% used [0x00000007a5560000, 0x00000007a5560000, 0x00000007a6ab0000)
 concurrent mark-sweep generation total 393216K, used 0K [0x00000007a8000000, 0x00000007c0000000, 0x00000007c0000000)
 Metaspace       used 21799K, capacity 22126K, committed 22216K, reserved 1069056K
  class space    used 2587K, capacity 2680K, committed 2684K, reserved 1048576K
}
2016-03-13T16:50:45.405-0800: 1.424: [Rescan (parallel) , 0.0013700 secs]2016-03-13T16:50:45.407-0800: 1.426: [weak refs processing, 0.0008526 secs]2016-03-13T16:50:45.408-0800: 1.427: [class unloading, 0.0026932 secs]2016-03-13T16:50:45.410-0800: 1.429: [scrub symbol table, 0.0030038 secs]2016-03-13T16:50:45.413-0800: 1.432: [scrub string table, 0.0002320 secs][1 CMS-remark: 0K(393216K)] 8381K(502464K), 0.0137401 secs] [Times: user=0.03 sys=0.01, real=0.01 secs] 
2016-03-13T16:50:45.414-0800: 1.433: Total time for which application threads were stopped: 0.0138353 seconds, Stopping threads took: 0.0000384 seconds
2016-03-13T16:50:45.414-0800: 1.433: [CMS-concurrent-sweep-start]
2016-03-13T16:50:45.414-0800: 1.433: [CMS-concurrent-sweep: 0.000/0.000 secs] [Times: user=0.00 sys=0.00, real=0.00 secs] 
2016-03-13T16:50:45.414-0800: 1.433: [CMS-concurrent-reset-start]
2016-03-13T16:50:45.417-0800: 1.436: [CMS-concurrent-reset: 0.003/0.003 secs] [Times: user=0.00 sys=0.00, real=0.00 secs] 
2016-03-13T16:50:45.427-0800: 1.446: Total time for which application threads were stopped: 0.0002851 seconds, Stopping threads took: 0.0000145 seconds
2016-03-13T16:50:45.464-0800: 1.483: Total time for which application threads were stopped: 0.0002879 seconds, Stopping threads took: 0.0000144 seconds
2016-03-13T16:50:45.565-0800: 1.584: Total time for which application threads were stopped: 0.0002992 seconds, Stopping threads took: 0.0000125 seconds
2016-03-13T16:50:45.574-0800: 1.593: Total time for which application threads were stopped: 0.0002248 seconds, Stopping threads took: 0.0000101 seconds
2016-03-13T16:50:46.579-0800: 2.598: Total time for which application threads were stopped: 0.0002672 seconds, Stopping threads took: 0.0000441 seconds
2016-03-13T16:50:48.059-0800: 4.078: Total time for which application threads were stopped: 0.0004833 seconds, Stopping threads took: 0.0000389 seconds
2016-03-13T16:50:55.961-0800: 11.980: Total time for which application threads were stopped: 0.0000553 seconds, Stopping threads took: 0.0000129 seconds
2016-03-13T16:50:55.964-0800: 11.983: Total time for which application threads were stopped: 0.0000385 seconds, Stopping threads took: 0.0000080 seconds
2016-03-13T16:50:55.979-0800: 11.998: Total time for which application threads were stopped: 0.0003443 seconds, Stopping threads took: 0.0000244 seconds
2016-03-13T16:50:55.988-0800: 12.007: Total time for which application threads were stopped: 0.0001181 seconds, Stopping threads took: 0.0000297 seconds
2016-03-13T16:50:56.013-0800: 12.033: Total time for which application threads were stopped: 0.0001180 seconds, Stopping threads took: 0.0000218 seconds
2016-03-13T16:50:56.013-0800: 12.033: Total time for which application threads were stopped: 0.0000430 seconds, Stopping threads took: 0.0000111 seconds
2016-03-13T16:50:56.014-0800: 12.033: Total time for which application threads were stopped: 0.0000558 seconds, Stopping threads took: 0.0000228 seconds
2016-03-13T16:50:56.014-0800: 12.033: Total time for which application threads were stopped: 0.0000480 seconds, Stopping threads took: 0.0000230 seconds
2016-03-13T16:50:56.014-0800: 12.033: Total time for which application threads were stopped: 0.0000693 seconds, Stopping threads took: 0.0000402 seconds
2016-03-13T16:50:56.014-0800: 12.033: Total time for which application threads were stopped: 0.0000512 seconds, Stopping threads took: 0.0000248 seconds
2016-03-13T16:50:56.014-0800: 12.033: Total time for which application threads were stopped: 0.0000468 seconds, Stopping threads took: 0.0000091 seconds
2016-03-13T16:50:56.014-0800: 12.034: Total time for which application threads were stopped: 0.0000456 seconds, Stopping threads took: 0.0000080 seconds
2016-03-13T16:50:56.014-0800: 12.034: Total time for which application threads were stopped: 0.0000342 seconds, Stopping threads took: 0.0000087 seconds
2016-03-13T16:50:56.014-0800: 12.034: Total time for which application threads were stopped: 0.0000296 seconds, Stopping threads took: 0.0000077 seconds
2016-03-13T16:50:56.018-0800: 12.038: Total time for which application threads were stopped: 0.0000595 seconds, Stopping threads took: 0.0000152 seconds
2016-03-13T16:50:56.019-0800: 12.038: Total time for which application threads were stopped: 0.0000525 seconds, Stopping threads took: 0.0000199 seconds
2016-03-13T16:50:56.019-0800: 12.039: Total time for which application threads were stopped: 0.0001662 seconds, Stopping threads took: 0.0001150 seconds
2016-03-13T16:50:56.020-0800: 12.039: Total time for which application threads were stopped: 0.0000819 seconds, Stopping threads took: 0.0000409 seconds
2016-03-13T16:50:56.020-0800: 12.039: Total time for which application threads were stopped: 0.0000856 seconds, Stopping threads took: 0.0000378 seconds
2016-03-13T16:50:56.020-0800: 12.040: Total time for which application threads were stopped: 0.0000614 seconds, Stopping threads took: 0.0000279 seconds
2016-03-13T16:50:56.020-0800: 12.040: Total time for which application threads were stopped: 0.0001103 seconds, Stopping threads took: 0.0000607 seconds
2016-03-13T16:50:56.022-0800: 12.041: Total time for which application threads were stopped: 0.0001265 seconds, Stopping threads took: 0.0000247 seconds
2016-03-13T16:50:56.024-0800: 12.044: Total time for which application threads were stopped: 0.0000707 seconds, Stopping threads took: 0.0000274 seconds
2016-03-13T16:50:56.024-0800: 12.044: Total time for which application threads were stopped: 0.0001241 seconds, Stopping threads took: 0.0000822 seconds
2016-03-13T16:50:56.025-0800: 12.044: Total time for which application threads were stopped: 0.0000569 seconds, Stopping threads took: 0.0000333 seconds
2016-03-13T16:50:56.025-0800: 12.044: Total time for which application threads were stopped: 0.0000770 seconds, Stopping threads took: 0.0000398 seconds
2016-03-13T16:50:56.025-0800: 12.044: Total time for which application threads were stopped: 0.0001090 seconds, Stopping threads took: 0.0000712 seconds
2016-03-13T16:50:56.025-0800: 12.045: Total time for which application threads were stopped: 0.0000750 seconds, Stopping threads took: 0.0000492 seconds
2016-03-13T16:50:56.025-0800: 12.045: Total time for which application threads were stopped: 0.0000849 seconds, Stopping threads took: 0.0000357 seconds
2016-03-13T16:50:56.026-0800: 12.045: Total time for which application threads were stopped: 0.0000798 seconds, Stopping threads took: 0.0000340 seconds
2016-03-13T16:50:56.026-0800: 12.045: Total time for which application threads were stopped: 0.0000770 seconds, Stopping threads took: 0.0000354 seconds
2016-03-13T16:50:56.026-0800: 12.046: Total time for which application threads were stopped: 0.0000708 seconds, Stopping threads took: 0.0000279 seconds
2016-03-13T16:50:56.027-0800: 12.046: Total time for which application threads were stopped: 0.0002034 seconds, Stopping threads took: 0.0000468 seconds
2016-03-13T16:50:56.027-0800: 12.046: Total time for which application threads were stopped: 0.0000623 seconds, Stopping threads took: 0.0000269 seconds
2016-03-13T16:50:56.027-0800: 12.046: Total time for which application threads were stopped: 0.0000603 seconds, Stopping threads took: 0.0000107 seconds
2016-03-13T16:50:56.030-0800: 12.049: Total time for which application threads were stopped: 0.0000924 seconds, Stopping threads took: 0.0000493 seconds
2016-03-13T16:50:56.030-0800: 12.050: Total time for which application threads were stopped: 0.0000762 seconds, Stopping threads took: 0.0000283 seconds
2016-03-13T16:50:56.031-0800: 12.050: Total time for which application threads were stopped: 0.0001831 seconds, Stopping threads took: 0.0000297 seconds
2016-03-13T16:50:56.031-0800: 12.050: Total time for which application threads were stopped: 0.0000677 seconds, Stopping threads took: 0.0000365 seconds
2016-03-13T16:50:56.031-0800: 12.051: Total time for which application threads were stopped: 0.0000499 seconds, Stopping threads took: 0.0000091 seconds
2016-03-13T16:50:56.057-0800: 12.077: Total time for which application threads were stopped: 0.0000943 seconds, Stopping threads took: 0.0000288 seconds
2016-03-13T16:50:56.062-0800: 12.081: Total time for which application threads were stopped: 0.0001175 seconds, Stopping threads took: 0.0000565 seconds
2016-03-13T16:50:56.062-0800: 12.081: Total time for which application threads were stopped: 0.0000604 seconds, Stopping threads took: 0.0000225 seconds
2016-03-13T16:50:56.065-0800: 12.084: Total time for which application threads were stopped: 0.0000865 seconds, Stopping threads took: 0.0000296 seconds
2016-03-13T16:50:56.065-0800: 12.085: Total time for which application threads were stopped: 0.0000944 seconds, Stopping threads took: 0.0000464 seconds
2016-03-13T16:50:56.066-0800: 12.085: Total time for which application threads were stopped: 0.0000781 seconds, Stopping threads took: 0.0000254 seconds
2016-03-13T16:50:56.066-0800: 12.085: Total time for which application threads were stopped: 0.0000804 seconds, Stopping threads took: 0.0000335 seconds
2016-03-13T16:50:56.069-0800: 12.088: Total time for which application threads were stopped: 0.0000853 seconds, Stopping threads took: 0.0000376 seconds
2016-03-13T16:50:56.074-0800: 12.093: Total time for which application threads were stopped: 0.0001682 seconds, Stopping threads took: 0.0000316 seconds
2016-03-13T16:50:56.075-0800: 12.094: Total time for which application threads were stopped: 0.0000558 seconds, Stopping threads took: 0.0000107 seconds
2016-03-13T16:50:56.085-0800: 12.104: Total time for which application threads were stopped: 0.0001674 seconds, Stopping threads took: 0.0000655 seconds
2016-03-13T16:50:56.085-0800: 12.104: Total time for which application threads were stopped: 0.0001219 seconds, Stopping threads took: 0.0000528 seconds
2016-03-13T16:50:56.085-0800: 12.105: Total time for which application threads were stopped: 0.0001277 seconds, Stopping threads took: 0.0000494 seconds
2016-03-13T16:50:56.086-0800: 12.105: Total time for which application threads were stopped: 0.0001259 seconds, Stopping threads took: 0.0000303 seconds
2016-03-13T16:50:56.102-0800: 12.121: Total time for which application threads were stopped: 0.0000559 seconds, Stopping threads took: 0.0000111 seconds
2016-03-13T16:50:56.102-0800: 12.121: Total time for which application threads were stopped: 0.0000324 seconds, Stopping threads took: 0.0000065 seconds
2016-03-13T16:50:56.102-0800: 12.122: Total time for which application threads were stopped: 0.0000572 seconds, Stopping threads took: 0.0000106 seconds
2016-03-13T16:50:56.102-0800: 12.122: Total time for which application threads were stopped: 0.0000494 seconds, Stopping threads took: 0.0000090 seconds
2016-03-13T16:50:56.102-0800: 12.122: Total time for which application threads were stopped: 0.0000398 seconds, Stopping threads took: 0.0000074 seconds
2016-03-13T16:50:56.102-0800: 12.122: Total time for which application threads were stopped: 0.0000371 seconds, Stopping threads took: 0.0000071 seconds
2016-03-13T16:50:56.102-0800: 12.122: Total time for which application threads were stopped: 0.0000422 seconds, Stopping threads took: 0.0000091 seconds
2016-03-13T16:50:56.141-0800: 12.161: Total time for which application threads were stopped: 0.0003525 seconds, Stopping threads took: 0.0000145 seconds
2016-03-13T16:50:56.142-0800: 12.162: Total time for which application threads were stopped: 0.0000638 seconds, Stopping threads took: 0.0000164 seconds
2016-03-13T16:50:56.142-0800: 12.162: Total time for which application threads were stopped: 0.0000655 seconds, Stopping threads took: 0.0000305 seconds
2016-03-13T16:50:56.143-0800: 12.162: Total time for which application threads were stopped: 0.0000702 seconds, Stopping threads took: 0.0000261 seconds
2016-03-13T16:50:56.143-0800: 12.162: Total time for which application threads were stopped: 0.0000513 seconds, Stopping threads took: 0.0000202 seconds
2016-03-13T16:50:56.143-0800: 12.162: Total time for which application threads were stopped: 0.0000647 seconds, Stopping threads took: 0.0000250 seconds
2016-03-13T16:50:56.149-0800: 12.168: Total time for which application threads were stopped: 0.0001377 seconds, Stopping threads took: 0.0000328 seconds
2016-03-13T16:50:56.149-0800: 12.168: Total time for which application threads were stopped: 0.0000751 seconds, Stopping threads took: 0.0000190 seconds
2016-03-13T16:50:56.149-0800: 12.168: Total time for which application threads were stopped: 0.0000528 seconds, Stopping threads took: 0.0000192 seconds
2016-03-13T16:50:56.149-0800: 12.168: Total time for which application threads were stopped: 0.0000578 seconds, Stopping threads took: 0.0000159 seconds
2016-03-13T16:50:56.149-0800: 12.169: Total time for which application threads were stopped: 0.0001098 seconds, Stopping threads took: 0.0000609 seconds
2016-03-13T16:50:56.149-0800: 12.169: Total time for which application threads were stopped: 0.0000398 seconds, Stopping threads took: 0.0000057 seconds
2016-03-13T16:51:06.092-0800: 22.112: Total time for which application threads were stopped: 0.0000969 seconds, Stopping threads took: 0.0000238 seconds
2016-03-13T16:51:46.090-0800: 62.111: Total time for which application threads were stopped: 0.0002645 seconds, Stopping threads took: 0.0001919 seconds
2016-03-13T16:51:51.096-0800: 67.117: Total time for which application threads were stopped: 0.0001171 seconds, Stopping threads took: 0.0000417 seconds
2016-03-13T16:51:56.150-0800: 72.171: Total time for which application threads were stopped: 0.0000972 seconds, Stopping threads took: 0.0000232 seconds
2016-03-13T16:52:36.095-0800: 112.117: Total time for which application threads were stopped: 0.0008954 seconds, Stopping threads took: 0.0008165 seconds
2016-03-13T16:56:52.693-0800: 368.725: Total time for which application threads were stopped: 0.0001050 seconds, Stopping threads took: 0.0000474 seconds
2016-03-13T16:56:52.693-0800: 368.725: Total time for which application threads were stopped: 0.0000803 seconds, Stopping threads took: 0.0000426 seconds
2016-03-13T16:56:52.693-0800: 368.725: Total time for which application threads were stopped: 0.0000668 seconds, Stopping threads took: 0.0000382 seconds
2016-03-13T16:56:52.694-0800: 368.726: Total time for which application threads were stopped: 0.0000597 seconds, Stopping threads took: 0.0000356 seconds
2016-03-13T16:56:52.694-0800: 368.726: Total time for which application threads were stopped: 0.0000649 seconds, Stopping threads took: 0.0000268 seconds
2016-03-13T16:56:52.694-0800: 368.726: Total time for which application threads were stopped: 0.0000949 seconds, Stopping threads took: 0.0000641 seconds
2016-03-13T16:56:52.694-0800: 368.726: Total time for which application threads were stopped: 0.0000696 seconds, Stopping threads took: 0.0000335 seconds
2016-03-13T16:56:52.694-0800: 368.726: Total time for which application threads were stopped: 0.0000663 seconds, Stopping threads took: 0.0000410 seconds
2016-03-13T16:56:52.694-0800: 368.726: Total time for which application threads were stopped: 0.0000561 seconds, Stopping threads took: 0.0000294 seconds
2016-03-13T16:56:52.695-0800: 368.727: Total time for which application threads were stopped: 0.0000684 seconds, Stopping threads took: 0.0000331 seconds
2016-03-13T16:56:52.695-0800: 368.727: Total time for which application threads were stopped: 0.0000726 seconds, Stopping threads took: 0.0000322 seconds
2016-03-13T16:56:52.702-0800: 368.734: Total time for which application threads were stopped: 0.0000702 seconds, Stopping threads took: 0.0000249 seconds
2016-03-13T16:56:52.703-0800: 368.735: Total time for which application threads were stopped: 0.0000731 seconds, Stopping threads took: 0.0000257 seconds
2016-03-13T16:56:52.703-0800: 368.735: Total time for which application threads were stopped: 0.0000914 seconds, Stopping threads took: 0.0000341 seconds
2016-03-13T16:56:52.704-0800: 368.736: Total time for which application threads were stopped: 0.0001502 seconds, Stopping threads took: 0.0001017 seconds
2016-03-13T16:56:52.706-0800: 368.738: Total time for which application threads were stopped: 0.0002011 seconds, Stopping threads took: 0.0001030 seconds
2016-03-13T16:56:52.706-0800: 368.738: Total time for which application threads were stopped: 0.0000974 seconds, Stopping threads took: 0.0000380 seconds
2016-03-13T16:56:52.706-0800: 368.738: Total time for which application threads were stopped: 0.0000808 seconds, Stopping threads took: 0.0000393 seconds
2016-03-13T16:56:52.706-0800: 368.738: Total time for which application threads were stopped: 0.0000980 seconds, Stopping threads took: 0.0000335 seconds
2016-03-13T16:56:52.707-0800: 368.739: Total time for which application threads were stopped: 0.0000660 seconds, Stopping threads took: 0.0000243 seconds
2016-03-13T16:56:52.707-0800: 368.739: Total time for which application threads were stopped: 0.0001027 seconds, Stopping threads took: 0.0000527 seconds
2016-03-13T16:56:52.707-0800: 368.739: Total time for which application threads were stopped: 0.0002583 seconds, Stopping threads took: 0.0001765 seconds
2016-03-13T16:56:52.707-0800: 368.740: Total time for which application threads were stopped: 0.0002140 seconds, Stopping threads took: 0.0001627 seconds
2016-03-13T16:56:52.708-0800: 368.740: Total time for which application threads were stopped: 0.0000837 seconds, Stopping threads took: 0.0000396 seconds
2016-03-13T16:56:52.708-0800: 368.740: Total time for which application threads were stopped: 0.0000679 seconds, Stopping threads took: 0.0000261 seconds
2016-03-13T16:56:52.708-0800: 368.740: Total time for which application threads were stopped: 0.0000733 seconds, Stopping threads took: 0.0000411 seconds
2016-03-13T16:56:52.708-0800: 368.740: Total time for which application threads were stopped: 0.0000853 seconds, Stopping threads took: 0.0000336 seconds
2016-03-13T16:56:52.708-0800: 368.740: Total time for which application threads were stopped: 0.0001033 seconds, Stopping threads took: 0.0000326 seconds
2016-03-13T16:56:52.709-0800: 368.741: Total time for which application threads were stopped: 0.0001632 seconds, Stopping threads took: 0.0000332 seconds
2016-03-13T16:56:52.709-0800: 368.741: Total time for which application threads were stopped: 0.0001184 seconds, Stopping threads took: 0.0000700 seconds
2016-03-13T16:56:52.709-0800: 368.741: Total time for which application threads were stopped: 0.0000951 seconds, Stopping threads took: 0.0000416 seconds
2016-03-13T16:56:52.709-0800: 368.741: Total time for which application threads were stopped: 0.0000662 seconds, Stopping threads took: 0.0000308 seconds
2016-03-13T16:56:52.709-0800: 368.742: Total time for which application threads were stopped: 0.0000851 seconds, Stopping threads took: 0.0000351 seconds
2016-03-13T16:56:52.710-0800: 368.742: Total time for which application threads were stopped: 0.0000981 seconds, Stopping threads took: 0.0000627 seconds
2016-03-13T16:56:52.710-0800: 368.742: Total time for which application threads were stopped: 0.0000774 seconds, Stopping threads took: 0.0000304 seconds
2016-03-13T16:56:52.710-0800: 368.742: Total time for which application threads were stopped: 0.0000761 seconds, Stopping threads took: 0.0000417 seconds
2016-03-13T16:56:52.710-0800: 368.742: Total time for which application threads were stopped: 0.0000961 seconds, Stopping threads took: 0.0000308 seconds
2016-03-13T16:56:52.711-0800: 368.743: Total time for which application threads were stopped: 0.0001191 seconds, Stopping threads took: 0.0000608 seconds
2016-03-13T16:56:52.711-0800: 368.743: Total time for which application threads were stopped: 0.0000983 seconds, Stopping threads took: 0.0000511 seconds
2016-03-13T16:56:52.711-0800: 368.743: Total time for which application threads were stopped: 0.0000837 seconds, Stopping threads took: 0.0000309 seconds
2016-03-13T16:56:52.711-0800: 368.743: Total time for which application threads were stopped: 0.0000776 seconds, Stopping threads took: 0.0000322 seconds
2016-03-13T16:56:52.716-0800: 368.748: Total time for which application threads were stopped: 0.0000908 seconds, Stopping threads took: 0.0000288 seconds
2016-03-13T16:56:52.716-0800: 368.748: Total time for which application threads were stopped: 0.0000646 seconds, Stopping threads took: 0.0000098 seconds
2016-03-13T16:56:52.716-0800: 368.748: Total time for which application threads were stopped: 0.0000545 seconds, Stopping threads took: 0.0000084 seconds
2016-03-13T16:56:52.717-0800: 368.749: Total time for which application threads were stopped: 0.0000457 seconds, Stopping threads took: 0.0000050 seconds
2016-03-13T16:56:52.717-0800: 368.749: Total time for which application threads were stopped: 0.0000561 seconds, Stopping threads took: 0.0000092 seconds
2016-03-13T16:56:52.722-0800: 368.754: Total time for which application threads were stopped: 0.0000814 seconds, Stopping threads took: 0.0000267 seconds
2016-03-13T16:56:52.722-0800: 368.754: Total time for which application threads were stopped: 0.0000426 seconds, Stopping threads took: 0.0000073 seconds
2016-03-13T16:56:52.722-0800: 368.754: Total time for which application threads were stopped: 0.0000434 seconds, Stopping threads took: 0.0000044 seconds
2016-03-13T16:56:52.722-0800: 368.754: Total time for which application threads were stopped: 0.0000644 seconds, Stopping threads took: 0.0000212 seconds
2016-03-13T16:56:52.722-0800: 368.754: Total time for which application threads were stopped: 0.0000799 seconds, Stopping threads took: 0.0000296 seconds
2016-03-13T16:56:53.724-0800: 369.756: Total time for which application threads were stopped: 0.0001364 seconds, Stopping threads took: 0.0000268 seconds
2016-03-13T16:56:58.444-0800: 374.477: Total time for which application threads were stopped: 0.0000809 seconds, Stopping threads took: 0.0000229 seconds
2016-03-13T16:56:58.445-0800: 374.477: Total time for which application threads were stopped: 0.0000821 seconds, Stopping threads took: 0.0000436 seconds
2016-03-13T16:56:58.447-0800: 374.479: Total time for which application threads were stopped: 0.0000905 seconds, Stopping threads took: 0.0000243 seconds
2016-03-13T16:56:59.447-0800: 375.479: Total time for which application threads were stopped: 0.0001596 seconds, Stopping threads took: 0.0000252 seconds
2016-03-13T16:57:02.454-0800: 378.486: Total time for which application threads were stopped: 0.0001226 seconds, Stopping threads took: 0.0000266 seconds
2016-03-13T16:57:52.725-0800: 428.760: Total time for which application threads were stopped: 0.0001137 seconds, Stopping threads took: 0.0000259 seconds
2016-03-13T16:59:14.473-0800: 510.511: Total time for which application threads were stopped: 0.0000793 seconds, Stopping threads took: 0.0000159 seconds
2016-03-13T16:59:14.474-0800: 510.511: Total time for which application threads were stopped: 0.0000392 seconds, Stopping threads took: 0.0000080 seconds
2016-03-13T16:59:14.474-0800: 510.511: Total time for which application threads were stopped: 0.0000282 seconds, Stopping threads took: 0.0000054 seconds
2016-03-13T16:59:14.475-0800: 510.512: Total time for which application threads were stopped: 0.0000538 seconds, Stopping threads took: 0.0000115 seconds
2016-03-13T16:59:14.570-0800: 510.608: Total time for which application threads were stopped: 0.0000905 seconds, Stopping threads took: 0.0000172 seconds
2016-03-13T16:59:14.571-0800: 510.608: Total time for which application threads were stopped: 0.0000801 seconds, Stopping threads took: 0.0000218 seconds
2016-03-13T16:59:14.572-0800: 510.609: Total time for which application threads were stopped: 0.0000807 seconds, Stopping threads took: 0.0000149 seconds
2016-03-13T16:59:14.592-0800: 510.629: Total time for which application threads were stopped: 0.0001633 seconds, Stopping threads took: 0.0000320 seconds
2016-03-13T16:59:14.592-0800: 510.629: Total time for which application threads were stopped: 0.0000660 seconds, Stopping threads took: 0.0000115 seconds
2016-03-13T16:59:14.593-0800: 510.630: Total time for which application threads were stopped: 0.0000832 seconds, Stopping threads took: 0.0000171 seconds
2016-03-13T16:59:14.593-0800: 510.630: Total time for which application threads were stopped: 0.0000745 seconds, Stopping threads took: 0.0000120 seconds
2016-03-13T16:59:14.594-0800: 510.631: Total time for which application threads were stopped: 0.0000873 seconds, Stopping threads took: 0.0000184 seconds
2016-03-13T16:59:14.594-0800: 510.631: Total time for which application threads were stopped: 0.0000890 seconds, Stopping threads took: 0.0000477 seconds
2016-03-13T16:59:14.594-0800: 510.631: Total time for which application threads were stopped: 0.0000551 seconds, Stopping threads took: 0.0000186 seconds
2016-03-13T16:59:14.594-0800: 510.632: Total time for which application threads were stopped: 0.0000593 seconds, Stopping threads took: 0.0000246 seconds
2016-03-13T16:59:14.595-0800: 510.632: Total time for which application threads were stopped: 0.0000790 seconds, Stopping threads took: 0.0000220 seconds
2016-03-13T16:59:14.595-0800: 510.632: Total time for which application threads were stopped: 0.0000465 seconds, Stopping threads took: 0.0000155 seconds
2016-03-13T16:59:14.598-0800: 510.635: Total time for which application threads were stopped: 0.0000594 seconds, Stopping threads took: 0.0000168 seconds
2016-03-13T16:59:14.598-0800: 510.636: Total time for which application threads were stopped: 0.0000646 seconds, Stopping threads took: 0.0000085 seconds
2016-03-13T16:59:14.598-0800: 510.636: Total time for which application threads were stopped: 0.0000434 seconds, Stopping threads took: 0.0000071 seconds
2016-03-13T16:59:14.598-0800: 510.636: Total time for which application threads were stopped: 0.0000323 seconds, Stopping threads took: 0.0000049 seconds
2016-03-13T16:59:14.599-0800: 510.636: Total time for which application threads were stopped: 0.0000435 seconds, Stopping threads took: 0.0000070 seconds
2016-03-13T16:59:14.602-0800: 510.639: Total time for which application threads were stopped: 0.0000603 seconds, Stopping threads took: 0.0000191 seconds
2016-03-13T16:59:14.602-0800: 510.640: Total time for which application threads were stopped: 0.0000631 seconds, Stopping threads took: 0.0000188 seconds
2016-03-13T16:59:14.602-0800: 510.640: Total time for which application threads were stopped: 0.0000411 seconds, Stopping threads took: 0.0000139 seconds
2016-03-13T16:59:14.602-0800: 510.640: Total time for which application threads were stopped: 0.0000482 seconds, Stopping threads took: 0.0000171 seconds
2016-03-13T16:59:14.602-0800: 510.640: Total time for which application threads were stopped: 0.0000489 seconds, Stopping threads took: 0.0000160 seconds
2016-03-13T16:59:29.171-0800: 525.209: Total time for which application threads were stopped: 0.0000724 seconds, Stopping threads took: 0.0000158 seconds
2016-03-13T16:59:29.171-0800: 525.209: Total time for which application threads were stopped: 0.0000292 seconds, Stopping threads took: 0.0000057 seconds
2016-03-13T16:59:29.171-0800: 525.209: Total time for which application threads were stopped: 0.0000827 seconds, Stopping threads took: 0.0000049 seconds
2016-03-13T16:59:29.183-0800: 525.221: Total time for which application threads were stopped: 0.0000739 seconds, Stopping threads took: 0.0000206 seconds
2016-03-13T16:59:29.183-0800: 525.221: Total time for which application threads were stopped: 0.0000616 seconds, Stopping threads took: 0.0000275 seconds
2016-03-13T16:59:29.189-0800: 525.227: Total time for which application threads were stopped: 0.0000799 seconds, Stopping threads took: 0.0000272 seconds
2016-03-13T16:59:29.189-0800: 525.227: Total time for which application threads were stopped: 0.0000637 seconds, Stopping threads took: 0.0000195 seconds
2016-03-13T16:59:29.189-0800: 525.227: Total time for which application threads were stopped: 0.0000559 seconds, Stopping threads took: 0.0000078 seconds
2016-03-13T16:59:29.189-0800: 525.227: Total time for which application threads were stopped: 0.0000498 seconds, Stopping threads took: 0.0000071 seconds
2016-03-13T16:59:29.189-0800: 525.227: Total time for which application threads were stopped: 0.0000488 seconds, Stopping threads took: 0.0000070 seconds
2016-03-13T16:59:29.193-0800: 525.231: Total time for which application threads were stopped: 0.0000652 seconds, Stopping threads took: 0.0000095 seconds
2016-03-13T16:59:29.194-0800: 525.231: Total time for which application threads were stopped: 0.0000573 seconds, Stopping threads took: 0.0000182 seconds
2016-03-13T16:59:29.194-0800: 525.231: Total time for which application threads were stopped: 0.0000594 seconds, Stopping threads took: 0.0000168 seconds
2016-03-13T16:59:29.194-0800: 525.232: Total time for which application threads were stopped: 0.0000556 seconds, Stopping threads took: 0.0000073 seconds
2016-03-13T16:59:29.194-0800: 525.232: Total time for which application threads were stopped: 0.0000476 seconds, Stopping threads took: 0.0000135 seconds
2016-03-13T16:59:29.215-0800: 525.252: Total time for which application threads were stopped: 0.0000883 seconds, Stopping threads took: 0.0000162 seconds
2016-03-13T16:59:29.215-0800: 525.252: Total time for which application threads were stopped: 0.0000392 seconds, Stopping threads took: 0.0000072 seconds
2016-03-13T16:59:29.215-0800: 525.253: Total time for which application threads were stopped: 0.0000447 seconds, Stopping threads took: 0.0000085 seconds
2016-03-13T16:59:29.227-0800: 525.265: Total time for which application threads were stopped: 0.0001242 seconds, Stopping threads took: 0.0000279 seconds
2016-03-13T16:59:29.227-0800: 525.265: Total time for which application threads were stopped: 0.0000527 seconds, Stopping threads took: 0.0000117 seconds
2016-03-13T16:59:29.229-0800: 525.266: Total time for which application threads were stopped: 0.0000514 seconds, Stopping threads took: 0.0000103 seconds
2016-03-13T16:59:32.610-0800: 528.648: Total time for which application threads were stopped: 0.0000850 seconds, Stopping threads took: 0.0000171 seconds
2016-03-13T16:59:32.610-0800: 528.648: Total time for which application threads were stopped: 0.0000722 seconds, Stopping threads took: 0.0000140 seconds
2016-03-13T16:59:32.610-0800: 528.648: Total time for which application threads were stopped: 0.0000605 seconds, Stopping threads took: 0.0000315 seconds
2016-03-13T16:59:32.610-0800: 528.648: Total time for which application threads were stopped: 0.0000399 seconds, Stopping threads took: 0.0000159 seconds
2016-03-13T16:59:32.611-0800: 528.649: Total time for which application threads were stopped: 0.0000484 seconds, Stopping threads took: 0.0000091 seconds
2016-03-13T16:59:32.611-0800: 528.649: Total time for which application threads were stopped: 0.0000321 seconds, Stopping threads took: 0.0000068 seconds
2016-03-13T16:59:32.611-0800: 528.649: Total time for which application threads were stopped: 0.0000423 seconds, Stopping threads took: 0.0000112 seconds
2016-03-13T16:59:32.611-0800: 528.649: Total time for which application threads were stopped: 0.0001102 seconds, Stopping threads took: 0.0000091 seconds
2016-03-13T16:59:32.617-0800: 528.655: Total time for which application threads were stopped: 0.0001209 seconds, Stopping threads took: 0.0000441 seconds
2016-03-13T16:59:32.617-0800: 528.655: Total time for which application threads were stopped: 0.0000777 seconds, Stopping threads took: 0.0000439 seconds
2016-03-13T16:59:32.618-0800: 528.656: Total time for which application threads were stopped: 0.0001760 seconds, Stopping threads took: 0.0001135 seconds
2016-03-13T16:59:32.618-0800: 528.656: Total time for which application threads were stopped: 0.0000792 seconds, Stopping threads took: 0.0000366 seconds
2016-03-13T16:59:32.618-0800: 528.656: Total time for which application threads were stopped: 0.0000708 seconds, Stopping threads took: 0.0000361 seconds
2016-03-13T16:59:32.621-0800: 528.659: Total time for which application threads were stopped: 0.0000752 seconds, Stopping threads took: 0.0000332 seconds
2016-03-13T16:59:32.621-0800: 528.659: Total time for which application threads were stopped: 0.0000897 seconds, Stopping threads took: 0.0000402 seconds
2016-03-13T16:59:32.621-0800: 528.659: Total time for which application threads were stopped: 0.0001215 seconds, Stopping threads took: 0.0000848 seconds
2016-03-13T16:59:32.621-0800: 528.659: Total time for which application threads were stopped: 0.0000791 seconds, Stopping threads took: 0.0000331 seconds
2016-03-13T16:59:32.621-0800: 528.659: Total time for which application threads were stopped: 0.0000887 seconds, Stopping threads took: 0.0000447 seconds
2016-03-13T16:59:32.726-0800: 528.764: Total time for which application threads were stopped: 0.0001744 seconds, Stopping threads took: 0.0000414 seconds
2016-03-13T16:59:32.726-0800: 528.764: Total time for which application threads were stopped: 0.0000819 seconds, Stopping threads took: 0.0000297 seconds
{Heap before GC invocations=5 (full 1):
 par new generation   total 109248K, used 95805K [0x00000007a0000000, 0x00000007a8000000, 0x00000007a8000000)
  eden space 87424K, 100% used [0x00000007a0000000, 0x00000007a5560000, 0x00000007a5560000)
  from space 21824K,  38% used [0x00000007a6ab0000, 0x00000007a72df590, 0x00000007a8000000)
  to   space 21824K,   0% used [0x00000007a5560000, 0x00000007a5560000, 0x00000007a6ab0000)
 concurrent mark-sweep generation total 393216K, used 0K [0x00000007a8000000, 0x00000007c0000000, 0x00000007c0000000)
 Metaspace       used 28278K, capacity 28616K, committed 29052K, reserved 1075200K
  class space    used 3353K, capacity 3435K, committed 3452K, reserved 1048576K
2016-03-13T16:59:32.726-0800: 528.764: [GC (Allocation Failure) 2016-03-13T16:59:32.726-0800: 528.764: [ParNew
Desired survivor size 20112992 bytes, new threshold 8 (max 8)
- age   1:    8985216 bytes,    8985216 total
- age   2:        352 bytes,    8985568 total
- age   3:     219456 bytes,    9205024 total
- age   4:     260176 bytes,    9465200 total
- age   5:    2801344 bytes,   12266544 total
- age   6:    2451584 bytes,   14718128 total
: 95805K->16849K(109248K), 0.0112740 secs] 95805K->16849K(502464K), 0.0113206 secs] [Times: user=0.04 sys=0.00, real=0.01 secs] 
Heap after GC invocations=6 (full 1):
 par new generation   total 109248K, used 16849K [0x00000007a0000000, 0x00000007a8000000, 0x00000007a8000000)
  eden space 87424K,   0% used [0x00000007a0000000, 0x00000007a0000000, 0x00000007a5560000)
  from space 21824K,  77% used [0x00000007a5560000, 0x00000007a65d46c0, 0x00000007a6ab0000)
  to   space 21824K,   0% used [0x00000007a6ab0000, 0x00000007a6ab0000, 0x00000007a8000000)
 concurrent mark-sweep generation total 393216K, used 0K [0x00000007a8000000, 0x00000007c0000000, 0x00000007c0000000)
 Metaspace       used 28278K, capacity 28616K, committed 29052K, reserved 1075200K
  class space    used 3353K, capacity 3435K, committed 3452K, reserved 1048576K
}
2016-03-13T16:59:32.738-0800: 528.776: Total time for which application threads were stopped: 0.0114661 seconds, Stopping threads took: 0.0000079 seconds
2016-03-13T16:59:32.738-0800: 528.776: Total time for which application threads were stopped: 0.0000732 seconds, Stopping threads took: 0.0000211 seconds
2016-03-13T16:59:32.738-0800: 528.776: Total time for which application threads were stopped: 0.0001438 seconds, Stopping threads took: 0.0000774 seconds
2016-03-13T16:59:42.688-0800: 538.727: Total time for which application threads were stopped: 0.0000939 seconds, Stopping threads took: 0.0000222 seconds
2016-03-13T17:00:06.749-0800: 562.788: Total time for which application threads were stopped: 0.0001133 seconds, Stopping threads took: 0.0000566 seconds
2016-03-13T17:00:06.749-0800: 562.789: Total time for which application threads were stopped: 0.0000604 seconds, Stopping threads took: 0.0000112 seconds
2016-03-13T17:00:06.750-0800: 562.789: Total time for which application threads were stopped: 0.0000495 seconds, Stopping threads took: 0.0000071 seconds
2016-03-13T17:00:06.750-0800: 562.789: Total time for which application threads were stopped: 0.0000466 seconds, Stopping threads took: 0.0000065 seconds
2016-03-13T17:00:06.750-0800: 562.789: Total time for which application threads were stopped: 0.0000486 seconds, Stopping threads took: 0.0000063 seconds
2016-03-13T17:00:06.750-0800: 562.789: Total time for which application threads were stopped: 0.0001045 seconds, Stopping threads took: 0.0000065 seconds
2016-03-13T17:00:06.754-0800: 562.793: Total time for which application threads were stopped: 0.0001088 seconds, Stopping threads took: 0.0000351 seconds
2016-03-13T17:00:06.754-0800: 562.793: Total time for which application threads were stopped: 0.0000457 seconds, Stopping threads took: 0.0000088 seconds
2016-03-13T17:00:06.759-0800: 562.798: Total time for which application threads were stopped: 0.0000842 seconds, Stopping threads took: 0.0000217 seconds
2016-03-13T17:00:06.759-0800: 562.798: Total time for which application threads were stopped: 0.0000440 seconds, Stopping threads took: 0.0000071 seconds
2016-03-13T17:00:06.780-0800: 562.819: Total time for which application threads were stopped: 0.0001173 seconds, Stopping threads took: 0.0000157 seconds
2016-03-13T17:00:06.780-0800: 562.820: Total time for which application threads were stopped: 0.0000544 seconds, Stopping threads took: 0.0000127 seconds
2016-03-13T17:00:06.781-0800: 562.820: Total time for which application threads were stopped: 0.0000318 seconds, Stopping threads took: 0.0000060 seconds
2016-03-13T17:00:06.781-0800: 562.820: Total time for which application threads were stopped: 0.0000279 seconds, Stopping threads took: 0.0000052 seconds
2016-03-13T17:00:06.781-0800: 562.820: Total time for which application threads were stopped: 0.0000264 seconds, Stopping threads took: 0.0000049 seconds
2016-03-13T17:00:06.781-0800: 562.820: Total time for which application threads were stopped: 0.0000260 seconds, Stopping threads took: 0.0000047 seconds
2016-03-13T17:00:06.781-0800: 562.820: Total time for which application threads were stopped: 0.0000261 seconds, Stopping threads took: 0.0000048 seconds
2016-03-13T17:00:06.781-0800: 562.820: Total time for which application threads were stopped: 0.0000259 seconds, Stopping threads took: 0.0000048 seconds
2016-03-13T17:00:06.781-0800: 562.820: Total time for which application threads were stopped: 0.0000526 seconds, Stopping threads took: 0.0000049 seconds
2016-03-13T17:00:06.781-0800: 562.820: Total time for which application threads were stopped: 0.0000269 seconds, Stopping threads took: 0.0000049 seconds
2016-03-13T17:00:06.781-0800: 562.821: Total time for which application threads were stopped: 0.0000304 seconds, Stopping threads took: 0.0000057 seconds
2016-03-13T17:00:06.782-0800: 562.821: Total time for which application threads were stopped: 0.0000272 seconds, Stopping threads took: 0.0000050 seconds
2016-03-13T17:00:06.785-0800: 562.824: Total time for which application threads were stopped: 0.0000615 seconds, Stopping threads took: 0.0000186 seconds
2016-03-13T17:00:06.785-0800: 562.824: Total time for which application threads were stopped: 0.0000456 seconds, Stopping threads took: 0.0000083 seconds
2016-03-13T17:00:06.789-0800: 562.828: Total time for which application threads were stopped: 0.0000805 seconds, Stopping threads took: 0.0000183 seconds
2016-03-13T17:00:06.789-0800: 562.828: Total time for which application threads were stopped: 0.0000506 seconds, Stopping threads took: 0.0000150 seconds
2016-03-13T17:00:06.793-0800: 562.833: Total time for which application threads were stopped: 0.0000620 seconds, Stopping threads took: 0.0000128 seconds
2016-03-13T17:00:06.819-0800: 562.859: Total time for which application threads were stopped: 0.0000905 seconds, Stopping threads took: 0.0000322 seconds
{Heap before GC invocations=6 (full 1):
 par new generation   total 109248K, used 104273K [0x00000007a0000000, 0x00000007a8000000, 0x00000007a8000000)
  eden space 87424K, 100% used [0x00000007a0000000, 0x00000007a5560000, 0x00000007a5560000)
  from space 21824K,  77% used [0x00000007a5560000, 0x00000007a65d46c0, 0x00000007a6ab0000)
  to   space 21824K,   0% used [0x00000007a6ab0000, 0x00000007a6ab0000, 0x00000007a8000000)
 concurrent mark-sweep generation total 393216K, used 0K [0x00000007a8000000, 0x00000007c0000000, 0x00000007c0000000)
 Metaspace       used 28361K, capacity 28680K, committed 29052K, reserved 1075200K
  class space    used 3353K, capacity 3435K, committed 3452K, reserved 1048576K
2016-03-13T17:00:06.918-0800: 562.957: [GC (Allocation Failure) 2016-03-13T17:00:06.919-0800: 562.958: [ParNew
Desired survivor size 20112992 bytes, new threshold 8 (max 8)
- age   1:    2024592 bytes,    2024592 total
- age   2:    1608536 bytes,    3633128 total
- age   3:        352 bytes,    3633480 total
- age   4:      84072 bytes,    3717552 total
- age   5:     129248 bytes,    3846800 total
- age   6:    2221344 bytes,    6068144 total
- age   7:    2151296 bytes,    8219440 total
: 104273K->14527K(109248K), 0.0066576 secs] 104273K->14527K(502464K), 0.0074811 secs] [Times: user=0.02 sys=0.01, real=0.01 secs] 
Heap after GC invocations=7 (full 1):
 par new generation   total 109248K, used 14527K [0x00000007a0000000, 0x00000007a8000000, 0x00000007a8000000)
  eden space 87424K,   0% used [0x00000007a0000000, 0x00000007a0000000, 0x00000007a5560000)
  from space 21824K,  66% used [0x00000007a6ab0000, 0x00000007a78dff18, 0x00000007a8000000)
  to   space 21824K,   0% used [0x00000007a5560000, 0x00000007a5560000, 0x00000007a6ab0000)
 concurrent mark-sweep generation total 393216K, used 0K [0x00000007a8000000, 0x00000007c0000000, 0x00000007c0000000)
 Metaspace       used 28361K, capacity 28680K, committed 29052K, reserved 1075200K
  class space    used 3353K, capacity 3435K, committed 3452K, reserved 1048576K
}
2016-03-13T17:00:06.925-0800: 562.965: Total time for which application threads were stopped: 0.0076609 seconds, Stopping threads took: 0.0000258 seconds
2016-03-13T17:00:06.926-0800: 562.965: Total time for which application threads were stopped: 0.0001024 seconds, Stopping threads took: 0.0000328 seconds
{Heap before GC invocations=7 (full 1):
 par new generation   total 109248K, used 101951K [0x00000007a0000000, 0x00000007a8000000, 0x00000007a8000000)
  eden space 87424K, 100% used [0x00000007a0000000, 0x00000007a5560000, 0x00000007a5560000)
  from space 21824K,  66% used [0x00000007a6ab0000, 0x00000007a78dff18, 0x00000007a8000000)
  to   space 21824K,   0% used [0x00000007a5560000, 0x00000007a5560000, 0x00000007a6ab0000)
 concurrent mark-sweep generation total 393216K, used 0K [0x00000007a8000000, 0x00000007c0000000, 0x00000007c0000000)
 Metaspace       used 28404K, capacity 28744K, committed 29052K, reserved 1075200K
  class space    used 3353K, capacity 3435K, committed 3452K, reserved 1048576K
2016-03-13T17:00:06.983-0800: 563.022: [GC (Allocation Failure) 2016-03-13T17:00:06.983-0800: 563.022: [ParNew
Desired survivor size 20112992 bytes, new threshold 8 (max 8)
- age   1:     187280 bytes,     187280 total
- age   2:    1515288 bytes,    1702568 total
- age   3:    1608232 bytes,    3310800 total
- age   4:        352 bytes,    3311152 total
- age   5:      82712 bytes,    3393864 total
- age   6:     129008 bytes,    3522872 total
- age   7:    2221320 bytes,    5744192 total
- age   8:    2151448 bytes,    7895640 total
: 101951K->8821K(109248K), 0.0069523 secs] 101951K->8821K(502464K), 0.0070090 secs] [Times: user=0.03 sys=0.00, real=0.01 secs] 
Heap after GC invocations=8 (full 1):
 par new generation   total 109248K, used 8821K [0x00000007a0000000, 0x00000007a8000000, 0x00000007a8000000)
  eden space 87424K,   0% used [0x00000007a0000000, 0x00000007a0000000, 0x00000007a5560000)
  from space 21824K,  40% used [0x00000007a5560000, 0x00000007a5dfd480, 0x00000007a6ab0000)
  to   space 21824K,   0% used [0x00000007a6ab0000, 0x00000007a6ab0000, 0x00000007a8000000)
 concurrent mark-sweep generation total 393216K, used 0K [0x00000007a8000000, 0x00000007c0000000, 0x00000007c0000000)
 Metaspace       used 28404K, capacity 28744K, committed 29052K, reserved 1075200K
  class space    used 3353K, capacity 3435K, committed 3452K, reserved 1048576K
}
2016-03-13T17:00:06.990-0800: 563.029: Total time for which application threads were stopped: 0.0071371 seconds, Stopping threads took: 0.0000138 seconds
2016-03-13T17:00:07.041-0800: 563.081: Total time for which application threads were stopped: 0.0001508 seconds, Stopping threads took: 0.0000632 seconds
2016-03-13T17:00:07.229-0800: 563.269: Total time for which application threads were stopped: 0.0001292 seconds, Stopping threads took: 0.0000308 seconds
2016-03-13T17:00:07.238-0800: 563.277: Total time for which application threads were stopped: 0.0001944 seconds, Stopping threads took: 0.0001050 seconds
2016-03-13T17:00:07.238-0800: 563.277: Total time for which application threads were stopped: 0.0000456 seconds, Stopping threads took: 0.0000092 seconds
2016-03-13T17:00:08.243-0800: 564.283: Total time for which application threads were stopped: 0.0002072 seconds, Stopping threads took: 0.0000449 seconds
2016-03-13T17:00:33.576-0800: 589.616: Total time for which application threads were stopped: 0.0001355 seconds, Stopping threads took: 0.0000663 seconds
2016-03-13T17:00:33.576-0800: 589.616: Total time for which application threads were stopped: 0.0000922 seconds, Stopping threads took: 0.0000605 seconds
2016-03-13T17:00:33.576-0800: 589.617: Total time for which application threads were stopped: 0.0000474 seconds, Stopping threads took: 0.0000096 seconds
2016-03-13T17:00:33.591-0800: 589.631: Total time for which application threads were stopped: 0.0000726 seconds, Stopping threads took: 0.0000142 seconds
2016-03-13T17:00:33.591-0800: 589.632: Total time for which application threads were stopped: 0.0000900 seconds, Stopping threads took: 0.0000552 seconds
2016-03-13T17:00:33.591-0800: 589.632: Total time for which application threads were stopped: 0.0000529 seconds, Stopping threads took: 0.0000284 seconds
2016-03-13T17:00:33.592-0800: 589.632: Total time for which application threads were stopped: 0.0000515 seconds, Stopping threads took: 0.0000184 seconds
2016-03-13T17:00:33.593-0800: 589.634: Total time for which application threads were stopped: 0.0000820 seconds, Stopping threads took: 0.0000333 seconds
2016-03-13T17:00:33.593-0800: 589.634: Total time for which application threads were stopped: 0.0000703 seconds, Stopping threads took: 0.0000246 seconds
2016-03-13T17:00:33.594-0800: 589.634: Total time for which application threads were stopped: 0.0000818 seconds, Stopping threads took: 0.0000325 seconds
2016-03-13T17:00:33.597-0800: 589.637: Total time for which application threads were stopped: 0.0001225 seconds, Stopping threads took: 0.0000329 seconds
2016-03-13T17:00:33.600-0800: 589.641: Total time for which application threads were stopped: 0.0000819 seconds, Stopping threads took: 0.0000345 seconds
2016-03-13T17:00:33.669-0800: 589.709: Total time for which application threads were stopped: 0.0000876 seconds, Stopping threads took: 0.0000133 seconds
2016-03-13T17:00:33.669-0800: 589.710: Total time for which application threads were stopped: 0.0000809 seconds, Stopping threads took: 0.0000255 seconds
2016-03-13T17:00:33.669-0800: 589.710: Total time for which application threads were stopped: 0.0000362 seconds, Stopping threads took: 0.0000066 seconds
2016-03-13T17:00:33.669-0800: 589.710: Total time for which application threads were stopped: 0.0001127 seconds, Stopping threads took: 0.0000563 seconds
2016-03-13T17:00:33.670-0800: 589.710: Total time for which application threads were stopped: 0.0000541 seconds, Stopping threads took: 0.0000060 seconds
2016-03-13T17:00:33.670-0800: 589.710: Total time for which application threads were stopped: 0.0000370 seconds, Stopping threads took: 0.0000069 seconds
2016-03-13T17:00:33.670-0800: 589.710: Total time for which application threads were stopped: 0.0000471 seconds, Stopping threads took: 0.0000082 seconds
2016-03-13T17:00:33.670-0800: 589.710: Total time for which application threads were stopped: 0.0000477 seconds, Stopping threads took: 0.0000075 seconds
2016-03-13T17:00:33.670-0800: 589.710: Total time for which application threads were stopped: 0.0000520 seconds, Stopping threads took: 0.0000090 seconds
2016-03-13T17:00:33.670-0800: 589.711: Total time for which application threads were stopped: 0.0000374 seconds, Stopping threads took: 0.0000070 seconds
2016-03-13T17:00:33.671-0800: 589.711: Total time for which application threads were stopped: 0.0000421 seconds, Stopping threads took: 0.0000117 seconds
2016-03-13T17:00:33.674-0800: 589.714: Total time for which application threads were stopped: 0.0000783 seconds, Stopping threads took: 0.0000282 seconds
2016-03-13T17:00:33.674-0800: 589.715: Total time for which application threads were stopped: 0.0000513 seconds, Stopping threads took: 0.0000090 seconds
2016-03-13T17:00:33.678-0800: 589.719: Total time for which application threads were stopped: 0.0000546 seconds, Stopping threads took: 0.0000098 seconds
2016-03-13T17:00:33.678-0800: 589.719: Total time for which application threads were stopped: 0.0000525 seconds, Stopping threads took: 0.0000179 seconds
2016-03-13T17:00:34.681-0800: 590.722: Total time for which application threads were stopped: 0.0000958 seconds, Stopping threads took: 0.0000206 seconds
2016-03-13T17:00:38.652-0800: 594.693: Total time for which application threads were stopped: 0.0001099 seconds, Stopping threads took: 0.0000237 seconds
2016-03-13T17:01:33.682-0800: 649.724: Total time for which application threads were stopped: 0.0001306 seconds, Stopping threads took: 0.0000500 seconds
2016-03-13T17:02:13.653-0800: 689.697: Total time for which application threads were stopped: 0.0001607 seconds, Stopping threads took: 0.0000700 seconds
2016-03-13T17:02:13.653-0800: 689.697: Total time for which application threads were stopped: 0.0000894 seconds, Stopping threads took: 0.0000364 seconds
2016-03-13T17:02:16.702-0800: 692.746: Total time for which application threads were stopped: 0.0000798 seconds, Stopping threads took: 0.0000174 seconds
2016-03-13T17:02:16.703-0800: 692.747: Total time for which application threads were stopped: 0.0000722 seconds, Stopping threads took: 0.0000358 seconds
2016-03-13T17:02:16.703-0800: 692.747: Total time for which application threads were stopped: 0.0000637 seconds, Stopping threads took: 0.0000256 seconds
2016-03-13T17:02:16.716-0800: 692.760: Total time for which application threads were stopped: 0.0000825 seconds, Stopping threads took: 0.0000131 seconds
2016-03-13T17:02:17.719-0800: 693.763: Total time for which application threads were stopped: 0.0001250 seconds, Stopping threads took: 0.0000316 seconds
2016-03-13T17:02:19.636-0800: 695.680: Total time for which application threads were stopped: 0.0000873 seconds, Stopping threads took: 0.0000202 seconds
2016-03-13T17:02:19.643-0800: 695.687: Total time for which application threads were stopped: 0.0000798 seconds, Stopping threads took: 0.0000279 seconds
{Heap before GC invocations=8 (full 1):
 par new generation   total 109248K, used 96245K [0x00000007a0000000, 0x00000007a8000000, 0x00000007a8000000)
  eden space 87424K, 100% used [0x00000007a0000000, 0x00000007a5560000, 0x00000007a5560000)
  from space 21824K,  40% used [0x00000007a5560000, 0x00000007a5dfd480, 0x00000007a6ab0000)
  to   space 21824K,   0% used [0x00000007a6ab0000, 0x00000007a6ab0000, 0x00000007a8000000)
 concurrent mark-sweep generation total 393216K, used 0K [0x00000007a8000000, 0x00000007c0000000, 0x00000007c0000000)
 Metaspace       used 28712K, capacity 29038K, committed 29436K, reserved 1075200K
  class space    used 3363K, capacity 3468K, committed 3580K, reserved 1048576K
2016-03-13T17:02:19.690-0800: 695.734: [GC (Allocation Failure) 2016-03-13T17:02:19.690-0800: 695.734: [ParNew
Desired survivor size 20112992 bytes, new threshold 8 (max 8)
- age   1:    4464320 bytes,    4464320 total
- age   2:     102112 bytes,    4566432 total
- age   3:     746280 bytes,    5312712 total
- age   4:    1467872 bytes,    6780584 total
- age   5:        352 bytes,    6780936 total
- age   6:      82232 bytes,    6863168 total
- age   7:     128992 bytes,    6992160 total
- age   8:    2220344 bytes,    9212504 total
: 96245K->10328K(109248K), 0.0157430 secs] 96245K->12635K(502464K), 0.0157806 secs] [Times: user=0.06 sys=0.00, real=0.01 secs] 
Heap after GC invocations=9 (full 1):
 par new generation   total 109248K, used 10328K [0x00000007a0000000, 0x00000007a8000000, 0x00000007a8000000)
  eden space 87424K,   0% used [0x00000007a0000000, 0x00000007a0000000, 0x00000007a5560000)
  from space 21824K,  47% used [0x00000007a6ab0000, 0x00000007a74c60a0, 0x00000007a8000000)
  to   space 21824K,   0% used [0x00000007a5560000, 0x00000007a5560000, 0x00000007a6ab0000)
 concurrent mark-sweep generation total 393216K, used 2307K [0x00000007a8000000, 0x00000007c0000000, 0x00000007c0000000)
 Metaspace       used 28712K, capacity 29038K, committed 29436K, reserved 1075200K
  class space    used 3363K, capacity 3468K, committed 3580K, reserved 1048576K
}
2016-03-13T17:02:19.706-0800: 695.750: Total time for which application threads were stopped: 0.0159609 seconds, Stopping threads took: 0.0000144 seconds
2016-03-13T17:02:19.707-0800: 695.751: Total time for which application threads were stopped: 0.0000840 seconds, Stopping threads took: 0.0000267 seconds
2016-03-13T17:02:19.707-0800: 695.751: Total time for which application threads were stopped: 0.0000774 seconds, Stopping threads took: 0.0000486 seconds
{Heap before GC invocations=9 (full 1):
 par new generation   total 109248K, used 97752K [0x00000007a0000000, 0x00000007a8000000, 0x00000007a8000000)
  eden space 87424K, 100% used [0x00000007a0000000, 0x00000007a5560000, 0x00000007a5560000)
  from space 21824K,  47% used [0x00000007a6ab0000, 0x00000007a74c60a0, 0x00000007a8000000)
  to   space 21824K,   0% used [0x00000007a5560000, 0x00000007a5560000, 0x00000007a6ab0000)
 concurrent mark-sweep generation total 393216K, used 2307K [0x00000007a8000000, 0x00000007c0000000, 0x00000007c0000000)
 Metaspace       used 28727K, capacity 29108K, committed 29436K, reserved 1075200K
  class space    used 3364K, capacity 3469K, committed 3580K, reserved 1048576K
2016-03-13T17:02:19.753-0800: 695.797: [GC (Allocation Failure) 2016-03-13T17:02:19.753-0800: 695.797: [ParNew
Desired survivor size 20112992 bytes, new threshold 8 (max 8)
- age   1:     187384 bytes,     187384 total
- age   2:    4157064 bytes,    4344448 total
- age   3:     102008 bytes,    4446456 total
- age   4:     746120 bytes,    5192576 total
- age   5:    1467208 bytes,    6659784 total
- age   6:        352 bytes,    6660136 total
- age   7:      82232 bytes,    6742368 total
- age   8:     128992 bytes,    6871360 total
: 97752K->10586K(109248K), 0.0099395 secs] 100059K->15153K(502464K), 0.0099962 secs] [Times: user=0.04 sys=0.00, real=0.01 secs] 
Heap after GC invocations=10 (full 1):
 par new generation   total 109248K, used 10586K [0x00000007a0000000, 0x00000007a8000000, 0x00000007a8000000)
  eden space 87424K,   0% used [0x00000007a0000000, 0x00000007a0000000, 0x00000007a5560000)
  from space 21824K,  48% used [0x00000007a5560000, 0x00000007a5fb6810, 0x00000007a6ab0000)
  to   space 21824K,   0% used [0x00000007a6ab0000, 0x00000007a6ab0000, 0x00000007a8000000)
 concurrent mark-sweep generation total 393216K, used 4567K [0x00000007a8000000, 0x00000007c0000000, 0x00000007c0000000)
 Metaspace       used 28727K, capacity 29108K, committed 29436K, reserved 1075200K
  class space    used 3364K, capacity 3469K, committed 3580K, reserved 1048576K
}
2016-03-13T17:02:19.763-0800: 695.807: Total time for which application threads were stopped: 0.0101363 seconds, Stopping threads took: 0.0000227 seconds
2016-03-13T17:02:19.763-0800: 695.808: Total time for which application threads were stopped: 0.0001095 seconds, Stopping threads took: 0.0000480 seconds
2016-03-13T17:02:19.786-0800: 695.830: Total time for which application threads were stopped: 0.0001249 seconds, Stopping threads took: 0.0000631 seconds
2016-03-13T17:02:19.803-0800: 695.847: Total time for which application threads were stopped: 0.0000789 seconds, Stopping threads took: 0.0000136 seconds
2016-03-13T17:02:19.806-0800: 695.850: Total time for which application threads were stopped: 0.0001096 seconds, Stopping threads took: 0.0000583 seconds
2016-03-13T17:02:20.171-0800: 696.215: Total time for which application threads were stopped: 0.0001239 seconds, Stopping threads took: 0.0000252 seconds
2016-03-13T17:02:20.172-0800: 696.216: Total time for which application threads were stopped: 0.0000427 seconds, Stopping threads took: 0.0000080 seconds
2016-03-13T17:02:20.172-0800: 696.216: Total time for which application threads were stopped: 0.0000324 seconds, Stopping threads took: 0.0000063 seconds
2016-03-13T17:02:20.172-0800: 696.216: Total time for which application threads were stopped: 0.0000310 seconds, Stopping threads took: 0.0000060 seconds
2016-03-13T17:02:20.172-0800: 696.216: Total time for which application threads were stopped: 0.0000312 seconds, Stopping threads took: 0.0000061 seconds
2016-03-13T17:02:20.172-0800: 696.216: Total time for which application threads were stopped: 0.0000307 seconds, Stopping threads took: 0.0000061 seconds
2016-03-13T17:02:20.177-0800: 696.221: Total time for which application threads were stopped: 0.0000946 seconds, Stopping threads took: 0.0000153 seconds
2016-03-13T17:02:20.177-0800: 696.221: Total time for which application threads were stopped: 0.0000572 seconds, Stopping threads took: 0.0000224 seconds
2016-03-13T17:02:20.177-0800: 696.221: Total time for which application threads were stopped: 0.0000720 seconds, Stopping threads took: 0.0000203 seconds
2016-03-13T17:02:20.177-0800: 696.221: Total time for which application threads were stopped: 0.0000394 seconds, Stopping threads took: 0.0000064 seconds
2016-03-13T17:02:20.177-0800: 696.221: Total time for which application threads were stopped: 0.0000452 seconds, Stopping threads took: 0.0000078 seconds
2016-03-13T17:02:20.177-0800: 696.221: Total time for which application threads were stopped: 0.0000465 seconds, Stopping threads took: 0.0000113 seconds
2016-03-13T17:02:20.177-0800: 696.221: Total time for which application threads were stopped: 0.0000630 seconds, Stopping threads took: 0.0000258 seconds
2016-03-13T17:02:20.177-0800: 696.221: Total time for which application threads were stopped: 0.0000492 seconds, Stopping threads took: 0.0000145 seconds
2016-03-13T17:02:20.178-0800: 696.222: Total time for which application threads were stopped: 0.0000431 seconds, Stopping threads took: 0.0000160 seconds
2016-03-13T17:02:20.178-0800: 696.222: Total time for which application threads were stopped: 0.0000359 seconds, Stopping threads took: 0.0000142 seconds
2016-03-13T17:02:20.178-0800: 696.222: Total time for which application threads were stopped: 0.0000384 seconds, Stopping threads took: 0.0000149 seconds
2016-03-13T17:02:20.178-0800: 696.222: Total time for which application threads were stopped: 0.0000439 seconds, Stopping threads took: 0.0000166 seconds
2016-03-13T17:02:20.178-0800: 696.222: Total time for which application threads were stopped: 0.0000373 seconds, Stopping threads took: 0.0000153 seconds
2016-03-13T17:02:20.178-0800: 696.222: Total time for which application threads were stopped: 0.0000447 seconds, Stopping threads took: 0.0000159 seconds
2016-03-13T17:02:20.178-0800: 696.222: Total time for which application threads were stopped: 0.0000342 seconds, Stopping threads took: 0.0000140 seconds
2016-03-13T17:02:20.178-0800: 696.222: Total time for which application threads were stopped: 0.0000343 seconds, Stopping threads took: 0.0000144 seconds
2016-03-13T17:02:20.178-0800: 696.222: Total time for which application threads were stopped: 0.0000258 seconds, Stopping threads took: 0.0000064 seconds
2016-03-13T17:02:20.178-0800: 696.222: Total time for which application threads were stopped: 0.0000241 seconds, Stopping threads took: 0.0000049 seconds
2016-03-13T17:02:20.178-0800: 696.222: Total time for which application threads were stopped: 0.0000257 seconds, Stopping threads took: 0.0000051 seconds
2016-03-13T17:02:20.178-0800: 696.222: Total time for which application threads were stopped: 0.0000329 seconds, Stopping threads took: 0.0000132 seconds
2016-03-13T17:02:20.178-0800: 696.222: Total time for which application threads were stopped: 0.0000382 seconds, Stopping threads took: 0.0000184 seconds
2016-03-13T17:02:20.178-0800: 696.222: Total time for which application threads were stopped: 0.0000244 seconds, Stopping threads took: 0.0000050 seconds
2016-03-13T17:02:20.178-0800: 696.222: Total time for which application threads were stopped: 0.0000773 seconds, Stopping threads took: 0.0000050 seconds
2016-03-13T17:02:20.180-0800: 696.224: Total time for which application threads were stopped: 0.0000528 seconds, Stopping threads took: 0.0000112 seconds
2016-03-13T17:02:20.180-0800: 696.224: Total time for which application threads were stopped: 0.0000284 seconds, Stopping threads took: 0.0000063 seconds
2016-03-13T17:02:20.181-0800: 696.225: Total time for which application threads were stopped: 0.0000589 seconds, Stopping threads took: 0.0000197 seconds
2016-03-13T17:02:20.182-0800: 696.226: Total time for which application threads were stopped: 0.0000928 seconds, Stopping threads took: 0.0000336 seconds
2016-03-13T17:02:20.183-0800: 696.227: Total time for which application threads were stopped: 0.0000477 seconds, Stopping threads took: 0.0000184 seconds
2016-03-13T17:02:20.183-0800: 696.227: Total time for which application threads were stopped: 0.0000515 seconds, Stopping threads took: 0.0000298 seconds
2016-03-13T17:02:20.183-0800: 696.227: Total time for which application threads were stopped: 0.0000935 seconds, Stopping threads took: 0.0000191 seconds
2016-03-13T17:02:20.187-0800: 696.231: Total time for which application threads were stopped: 0.0000633 seconds, Stopping threads took: 0.0000102 seconds
2016-03-13T17:02:23.361-0800: 699.405: Total time for which application threads were stopped: 0.0001590 seconds, Stopping threads took: 0.0000895 seconds
2016-03-13T17:02:23.361-0800: 699.405: Total time for which application threads were stopped: 0.0001026 seconds, Stopping threads took: 0.0000627 seconds
2016-03-13T17:02:23.361-0800: 699.405: Total time for which application threads were stopped: 0.0001010 seconds, Stopping threads took: 0.0000268 seconds
2016-03-13T17:02:23.369-0800: 699.413: Total time for which application threads were stopped: 0.0000698 seconds, Stopping threads took: 0.0000137 seconds
2016-03-13T17:02:23.373-0800: 699.417: Total time for which application threads were stopped: 0.0000811 seconds, Stopping threads took: 0.0000264 seconds
2016-03-13T17:02:23.376-0800: 699.420: Total time for which application threads were stopped: 0.0000783 seconds, Stopping threads took: 0.0000281 seconds
2016-03-13T17:02:23.376-0800: 699.421: Total time for which application threads were stopped: 0.0000690 seconds, Stopping threads took: 0.0000301 seconds
2016-03-13T17:02:23.381-0800: 699.425: Total time for which application threads were stopped: 0.0000904 seconds, Stopping threads took: 0.0000322 seconds
2016-03-13T17:02:23.381-0800: 699.425: Total time for which application threads were stopped: 0.0000761 seconds, Stopping threads took: 0.0000100 seconds
2016-03-13T17:02:24.386-0800: 700.430: Total time for which application threads were stopped: 0.0002436 seconds, Stopping threads took: 0.0000512 seconds
2016-03-13T17:02:28.403-0800: 704.447: Total time for which application threads were stopped: 0.0002208 seconds, Stopping threads took: 0.0000494 seconds
2016-03-13T17:03:13.561-0800: 749.607: Total time for which application threads were stopped: 0.0001383 seconds, Stopping threads took: 0.0000459 seconds
2016-03-13T17:03:18.571-0800: 754.617: Total time for which application threads were stopped: 0.0001188 seconds, Stopping threads took: 0.0000296 seconds
2016-03-13T17:03:22.852-0800: 758.898: Total time for which application threads were stopped: 0.0000933 seconds, Stopping threads took: 0.0000268 seconds
2016-03-13T17:03:22.860-0800: 758.906: Total time for which application threads were stopped: 0.0000714 seconds, Stopping threads took: 0.0000125 seconds
2016-03-13T17:03:23.379-0800: 759.426: Total time for which application threads were stopped: 0.0001217 seconds, Stopping threads took: 0.0000263 seconds
2016-03-13T17:03:24.232-0800: 760.278: Total time for which application threads were stopped: 0.0001215 seconds, Stopping threads took: 0.0000566 seconds
{Heap before GC invocations=10 (full 1):
 par new generation   total 109248K, used 97995K [0x00000007a0000000, 0x00000007a8000000, 0x00000007a8000000)
  eden space 87424K,  99% used [0x00000007a0000000, 0x00000007a555c478, 0x00000007a5560000)
  from space 21824K,  48% used [0x00000007a5560000, 0x00000007a5fb6810, 0x00000007a6ab0000)
  to   space 21824K,   0% used [0x00000007a6ab0000, 0x00000007a6ab0000, 0x00000007a8000000)
 concurrent mark-sweep generation total 393216K, used 4567K [0x00000007a8000000, 0x00000007c0000000, 0x00000007c0000000)
 Metaspace       used 28879K, capacity 29242K, committed 29692K, reserved 1075200K
  class space    used 3367K, capacity 3470K, committed 3580K, reserved 1048576K
2016-03-13T17:03:24.276-0800: 760.322: [GC (Allocation Failure) 2016-03-13T17:03:24.276-0800: 760.322: [ParNew
Desired survivor size 20112992 bytes, new threshold 8 (max 8)
- age   1:    3967920 bytes,    3967920 total
- age   2:      84544 bytes,    4052464 total
- age   3:    1802280 bytes,    5854744 total
- age   4:     102008 bytes,    5956752 total
- age   5:     746088 bytes,    6702840 total
- age   6:    1466784 bytes,    8169624 total
- age   7:        352 bytes,    8169976 total
- age   8:      82232 bytes,    8252208 total
: 97995K->10435K(109248K), 0.0079294 secs] 102562K->15132K(502464K), 0.0079825 secs] [Times: user=0.03 sys=0.00, real=0.01 secs] 
Heap after GC invocations=11 (full 1):
 par new generation   total 109248K, used 10435K [0x00000007a0000000, 0x00000007a8000000, 0x00000007a8000000)
  eden space 87424K,   0% used [0x00000007a0000000, 0x00000007a0000000, 0x00000007a5560000)
  from space 21824K,  47% used [0x00000007a6ab0000, 0x00000007a74e0de8, 0x00000007a8000000)
  to   space 21824K,   0% used [0x00000007a5560000, 0x00000007a5560000, 0x00000007a6ab0000)
 concurrent mark-sweep generation total 393216K, used 4697K [0x00000007a8000000, 0x00000007c0000000, 0x00000007c0000000)
 Metaspace       used 28879K, capacity 29242K, committed 29692K, reserved 1075200K
  class space    used 3367K, capacity 3470K, committed 3580K, reserved 1048576K
}
2016-03-13T17:03:24.284-0800: 760.330: Total time for which application threads were stopped: 0.0081246 seconds, Stopping threads took: 0.0000126 seconds
2016-03-13T17:03:24.284-0800: 760.330: Total time for which application threads were stopped: 0.0001012 seconds, Stopping threads took: 0.0000456 seconds
2016-03-13T17:03:24.284-0800: 760.331: Total time for which application threads were stopped: 0.0000577 seconds, Stopping threads took: 0.0000101 seconds
{Heap before GC invocations=11 (full 1):
 par new generation   total 109248K, used 97859K [0x00000007a0000000, 0x00000007a8000000, 0x00000007a8000000)
  eden space 87424K, 100% used [0x00000007a0000000, 0x00000007a5560000, 0x00000007a5560000)
  from space 21824K,  47% used [0x00000007a6ab0000, 0x00000007a74e0de8, 0x00000007a8000000)
  to   space 21824K,   0% used [0x00000007a5560000, 0x00000007a5560000, 0x00000007a6ab0000)
 concurrent mark-sweep generation total 393216K, used 4697K [0x00000007a8000000, 0x00000007c0000000, 0x00000007c0000000)
 Metaspace       used 28932K, capacity 29296K, committed 29692K, reserved 1075200K
  class space    used 3372K, capacity 3479K, committed 3580K, reserved 1048576K
2016-03-13T17:03:24.328-0800: 760.374: [GC (Allocation Failure) 2016-03-13T17:03:24.328-0800: 760.374: [ParNew
Desired survivor size 20112992 bytes, new threshold 8 (max 8)
- age   1:     102816 bytes,     102816 total
- age   2:    3672344 bytes,    3775160 total
- age   3:      84544 bytes,    3859704 total
- age   4:    1796608 bytes,    5656312 total
- age   5:     102008 bytes,    5758320 total
- age   6:     746088 bytes,    6504408 total
- age   7:    1466784 bytes,    7971192 total
- age   8:        352 bytes,    7971544 total
: 97859K->8934K(109248K), 0.0070610 secs] 102556K->13713K(502464K), 0.0071321 secs] [Times: user=0.04 sys=0.00, real=0.01 secs] 
Heap after GC invocations=12 (full 1):
 par new generation   total 109248K, used 8934K [0x00000007a0000000, 0x00000007a8000000, 0x00000007a8000000)
  eden space 87424K,   0% used [0x00000007a0000000, 0x00000007a0000000, 0x00000007a5560000)
  from space 21824K,  40% used [0x00000007a5560000, 0x00000007a5e19878, 0x00000007a6ab0000)
  to   space 21824K,   0% used [0x00000007a6ab0000, 0x00000007a6ab0000, 0x00000007a8000000)
 concurrent mark-sweep generation total 393216K, used 4779K [0x00000007a8000000, 0x00000007c0000000, 0x00000007c0000000)
 Metaspace       used 28932K, capacity 29296K, committed 29692K, reserved 1075200K
  class space    used 3372K, capacity 3479K, committed 3580K, reserved 1048576K
}
2016-03-13T17:03:24.335-0800: 760.381: Total time for which application threads were stopped: 0.0072786 seconds, Stopping threads took: 0.0000143 seconds
2016-03-13T17:03:24.365-0800: 760.411: Total time for which application threads were stopped: 0.0000707 seconds, Stopping threads took: 0.0000121 seconds
2016-03-13T17:03:24.382-0800: 760.428: Total time for which application threads were stopped: 0.0001112 seconds, Stopping threads took: 0.0000274 seconds
2016-03-13T17:03:24.390-0800: 760.437: Total time for which application threads were stopped: 0.0001126 seconds, Stopping threads took: 0.0000565 seconds
2016-03-13T17:03:24.391-0800: 760.437: Total time for which application threads were stopped: 0.0000366 seconds, Stopping threads took: 0.0000073 seconds
2016-03-13T17:03:24.391-0800: 760.437: Total time for which application threads were stopped: 0.0000287 seconds, Stopping threads took: 0.0000056 seconds
2016-03-13T17:03:24.391-0800: 760.437: Total time for which application threads were stopped: 0.0000288 seconds, Stopping threads took: 0.0000056 seconds
2016-03-13T17:03:24.391-0800: 760.437: Total time for which application threads were stopped: 0.0000281 seconds, Stopping threads took: 0.0000057 seconds
2016-03-13T17:03:24.391-0800: 760.437: Total time for which application threads were stopped: 0.0000277 seconds, Stopping threads took: 0.0000054 seconds
2016-03-13T17:03:24.394-0800: 760.441: Total time for which application threads were stopped: 0.0001189 seconds, Stopping threads took: 0.0000132 seconds
2016-03-13T17:03:24.394-0800: 760.441: Total time for which application threads were stopped: 0.0000795 seconds, Stopping threads took: 0.0000097 seconds
2016-03-13T17:03:24.394-0800: 760.441: Total time for which application threads were stopped: 0.0000424 seconds, Stopping threads took: 0.0000090 seconds
2016-03-13T17:03:24.395-0800: 760.441: Total time for which application threads were stopped: 0.0000709 seconds, Stopping threads took: 0.0000257 seconds
2016-03-13T17:03:24.395-0800: 760.441: Total time for which application threads were stopped: 0.0000593 seconds, Stopping threads took: 0.0000327 seconds
2016-03-13T17:03:24.395-0800: 760.441: Total time for which application threads were stopped: 0.0000784 seconds, Stopping threads took: 0.0000539 seconds
2016-03-13T17:03:24.395-0800: 760.441: Total time for which application threads were stopped: 0.0000728 seconds, Stopping threads took: 0.0000468 seconds
2016-03-13T17:03:24.395-0800: 760.441: Total time for which application threads were stopped: 0.0000699 seconds, Stopping threads took: 0.0000241 seconds
2016-03-13T17:03:24.395-0800: 760.441: Total time for which application threads were stopped: 0.0000481 seconds, Stopping threads took: 0.0000164 seconds
2016-03-13T17:03:24.395-0800: 760.441: Total time for which application threads were stopped: 0.0000739 seconds, Stopping threads took: 0.0000327 seconds
2016-03-13T17:03:24.395-0800: 760.442: Total time for which application threads were stopped: 0.0000386 seconds, Stopping threads took: 0.0000071 seconds
2016-03-13T17:03:24.395-0800: 760.442: Total time for which application threads were stopped: 0.0000624 seconds, Stopping threads took: 0.0000237 seconds
2016-03-13T17:03:24.395-0800: 760.442: Total time for which application threads were stopped: 0.0000647 seconds, Stopping threads took: 0.0000232 seconds
2016-03-13T17:03:24.396-0800: 760.442: Total time for which application threads were stopped: 0.0000652 seconds, Stopping threads took: 0.0000300 seconds
2016-03-13T17:03:24.396-0800: 760.442: Total time for which application threads were stopped: 0.0000600 seconds, Stopping threads took: 0.0000202 seconds
2016-03-13T17:03:24.396-0800: 760.442: Total time for which application threads were stopped: 0.0000548 seconds, Stopping threads took: 0.0000160 seconds
2016-03-13T17:03:24.396-0800: 760.442: Total time for which application threads were stopped: 0.0000553 seconds, Stopping threads took: 0.0000208 seconds
2016-03-13T17:03:24.396-0800: 760.442: Total time for which application threads were stopped: 0.0000569 seconds, Stopping threads took: 0.0000237 seconds
2016-03-13T17:03:24.396-0800: 760.442: Total time for which application threads were stopped: 0.0000527 seconds, Stopping threads took: 0.0000140 seconds
2016-03-13T17:03:24.396-0800: 760.442: Total time for which application threads were stopped: 0.0000535 seconds, Stopping threads took: 0.0000165 seconds
2016-03-13T17:03:24.396-0800: 760.443: Total time for which application threads were stopped: 0.0000367 seconds, Stopping threads took: 0.0000070 seconds
2016-03-13T17:03:24.396-0800: 760.443: Total time for which application threads were stopped: 0.0001028 seconds, Stopping threads took: 0.0000191 seconds
2016-03-13T17:03:24.398-0800: 760.444: Total time for which application threads were stopped: 0.0000461 seconds, Stopping threads took: 0.0000087 seconds
2016-03-13T17:03:24.398-0800: 760.444: Total time for which application threads were stopped: 0.0000627 seconds, Stopping threads took: 0.0000285 seconds
2016-03-13T17:03:24.400-0800: 760.446: Total time for which application threads were stopped: 0.0001124 seconds, Stopping threads took: 0.0000253 seconds
2016-03-13T17:03:24.404-0800: 760.450: Total time for which application threads were stopped: 0.0000740 seconds, Stopping threads took: 0.0000139 seconds
2016-03-13T17:03:25.405-0800: 761.452: Total time for which application threads were stopped: 0.0001310 seconds, Stopping threads took: 0.0000316 seconds
2016-03-13T17:03:27.417-0800: 763.464: Total time for which application threads were stopped: 0.0000940 seconds, Stopping threads took: 0.0000230 seconds
2016-03-13T17:03:27.418-0800: 763.464: Total time for which application threads were stopped: 0.0000682 seconds, Stopping threads took: 0.0000223 seconds
2016-03-13T17:03:27.421-0800: 763.467: Total time for which application threads were stopped: 0.0000860 seconds, Stopping threads took: 0.0000241 seconds
2016-03-13T17:03:27.421-0800: 763.467: Total time for which application threads were stopped: 0.0000691 seconds, Stopping threads took: 0.0000258 seconds
2016-03-13T17:03:27.424-0800: 763.471: Total time for which application threads were stopped: 0.0000583 seconds, Stopping threads took: 0.0000107 seconds
2016-03-13T17:03:27.425-0800: 763.471: Total time for which application threads were stopped: 0.0000430 seconds, Stopping threads took: 0.0000133 seconds
2016-03-13T17:03:27.429-0800: 763.475: Total time for which application threads were stopped: 0.0001833 seconds, Stopping threads took: 0.0000364 seconds
2016-03-13T17:03:27.429-0800: 763.476: Total time for which application threads were stopped: 0.0001003 seconds, Stopping threads took: 0.0000272 seconds
2016-03-13T17:03:27.429-0800: 763.476: Total time for which application threads were stopped: 0.0001141 seconds, Stopping threads took: 0.0000189 seconds
2016-03-13T17:03:28.434-0800: 764.481: Total time for which application threads were stopped: 0.0001686 seconds, Stopping threads took: 0.0000396 seconds
2016-03-13T17:03:30.440-0800: 766.487: Total time for which application threads were stopped: 0.0001245 seconds, Stopping threads took: 0.0000269 seconds
2016-03-13T17:03:32.443-0800: 768.489: Total time for which application threads were stopped: 0.0002271 seconds, Stopping threads took: 0.0000481 seconds
2016-03-13T17:03:42.474-0800: 778.521: Total time for which application threads were stopped: 0.0002375 seconds, Stopping threads took: 0.0000506 seconds
2016-03-13T17:03:55.497-0800: 791.545: Total time for which application threads were stopped: 0.0002192 seconds, Stopping threads took: 0.0000491 seconds
2016-03-13T17:04:11.547-0800: 807.595: Total time for which application threads were stopped: 0.0002035 seconds, Stopping threads took: 0.0000467 seconds
2016-03-13T17:04:27.432-0800: 823.480: Total time for which application threads were stopped: 0.0001421 seconds, Stopping threads took: 0.0000531 seconds
2016-03-13T17:04:33.450-0800: 829.499: Total time for which application threads were stopped: 0.0004514 seconds, Stopping threads took: 0.0001000 seconds
2016-03-13T17:04:34.728-0800: 830.777: Total time for which application threads were stopped: 0.0001095 seconds, Stopping threads took: 0.0000414 seconds
{Heap before GC invocations=12 (full 1):
 par new generation   total 109248K, used 96358K [0x00000007a0000000, 0x00000007a8000000, 0x00000007a8000000)
  eden space 87424K, 100% used [0x00000007a0000000, 0x00000007a5560000, 0x00000007a5560000)
  from space 21824K,  40% used [0x00000007a5560000, 0x00000007a5e19878, 0x00000007a6ab0000)
  to   space 21824K,   0% used [0x00000007a6ab0000, 0x00000007a6ab0000, 0x00000007a8000000)
 concurrent mark-sweep generation total 393216K, used 4779K [0x00000007a8000000, 0x00000007c0000000, 0x00000007c0000000)
 Metaspace       used 29060K, capacity 29454K, committed 29692K, reserved 1075200K
  class space    used 3375K, capacity 3484K, committed 3580K, reserved 1048576K
2016-03-13T17:04:34.759-0800: 830.807: [GC (Allocation Failure) 2016-03-13T17:04:34.759-0800: 830.807: [ParNew
Desired survivor size 20112992 bytes, new threshold 8 (max 8)
- age   1:    3241944 bytes,    3241944 total
- age   2:      83128 bytes,    3325072 total
- age   3:    1384856 bytes,    4709928 total
- age   4:      84544 bytes,    4794472 total
- age   5:    1782912 bytes,    6577384 total
- age   6:     102008 bytes,    6679392 total
- age   7:     746088 bytes,    7425480 total
- age   8:    1466744 bytes,    8892224 total
: 96358K->11954K(109248K), 0.0079514 secs] 101137K->16734K(502464K), 0.0080004 secs] [Times: user=0.03 sys=0.00, real=0.01 secs] 
Heap after GC invocations=13 (full 1):
 par new generation   total 109248K, used 11954K [0x00000007a0000000, 0x00000007a8000000, 0x00000007a8000000)
  eden space 87424K,   0% used [0x00000007a0000000, 0x00000007a0000000, 0x00000007a5560000)
  from space 21824K,  54% used [0x00000007a6ab0000, 0x00000007a765ca88, 0x00000007a8000000)
  to   space 21824K,   0% used [0x00000007a5560000, 0x00000007a5560000, 0x00000007a6ab0000)
 concurrent mark-sweep generation total 393216K, used 4780K [0x00000007a8000000, 0x00000007c0000000, 0x00000007c0000000)
 Metaspace       used 29060K, capacity 29454K, committed 29692K, reserved 1075200K
  class space    used 3375K, capacity 3484K, committed 3580K, reserved 1048576K
}
2016-03-13T17:04:34.767-0800: 830.815: Total time for which application threads were stopped: 0.0081789 seconds, Stopping threads took: 0.0000279 seconds
2016-03-13T17:04:34.767-0800: 830.816: Total time for which application threads were stopped: 0.0000523 seconds, Stopping threads took: 0.0000084 seconds
2016-03-13T17:04:34.767-0800: 830.816: Total time for which application threads were stopped: 0.0001222 seconds, Stopping threads took: 0.0000567 seconds
2016-03-13T17:04:34.768-0800: 830.817: Total time for which application threads were stopped: 0.0000525 seconds, Stopping threads took: 0.0000070 seconds
{Heap before GC invocations=13 (full 1):
 par new generation   total 109248K, used 99378K [0x00000007a0000000, 0x00000007a8000000, 0x00000007a8000000)
  eden space 87424K, 100% used [0x00000007a0000000, 0x00000007a5560000, 0x00000007a5560000)
  from space 21824K,  54% used [0x00000007a6ab0000, 0x00000007a765ca88, 0x00000007a8000000)
  to   space 21824K,   0% used [0x00000007a5560000, 0x00000007a5560000, 0x00000007a6ab0000)
 concurrent mark-sweep generation total 393216K, used 4780K [0x00000007a8000000, 0x00000007c0000000, 0x00000007c0000000)
 Metaspace       used 29061K, capacity 29454K, committed 29692K, reserved 1075200K
  class space    used 3375K, capacity 3484K, committed 3580K, reserved 1048576K
2016-03-13T17:04:34.807-0800: 830.856: [GC (Allocation Failure) 2016-03-13T17:04:34.807-0800: 830.856: [ParNew
Desired survivor size 20112992 bytes, new threshold 8 (max 8)
- age   1:    1200024 bytes,    1200024 total
- age   2:    2916032 bytes,    4116056 total
- age   3:      83128 bytes,    4199184 total
- age   4:     807728 bytes,    5006912 total
- age   5:       5552 bytes,    5012464 total
- age   6:    1239936 bytes,    6252400 total
- age   7:     102008 bytes,    6354408 total
- age   8:     746088 bytes,    7100496 total
: 99378K->8687K(109248K), 0.0077021 secs] 104158K->14920K(502464K), 0.0077827 secs] [Times: user=0.03 sys=0.00, real=0.01 secs] 
Heap after GC invocations=14 (full 1):
 par new generation   total 109248K, used 8687K [0x00000007a0000000, 0x00000007a8000000, 0x00000007a8000000)
  eden space 87424K,   0% used [0x00000007a0000000, 0x00000007a0000000, 0x00000007a5560000)
  from space 21824K,  39% used [0x00000007a5560000, 0x00000007a5ddbd88, 0x00000007a6ab0000)
  to   space 21824K,   0% used [0x00000007a6ab0000, 0x00000007a6ab0000, 0x00000007a8000000)
 concurrent mark-sweep generation total 393216K, used 6233K [0x00000007a8000000, 0x00000007c0000000, 0x00000007c0000000)
 Metaspace       used 29061K, capacity 29454K, committed 29692K, reserved 1075200K
  class space    used 3375K, capacity 3484K, committed 3580K, reserved 1048576K
}
2016-03-13T17:04:34.815-0800: 830.863: Total time for which application threads were stopped: 0.0079497 seconds, Stopping threads took: 0.0000356 seconds
2016-03-13T17:04:34.815-0800: 830.864: Total time for which application threads were stopped: 0.0001305 seconds, Stopping threads took: 0.0000549 seconds
2016-03-13T17:04:34.866-0800: 830.914: Total time for which application threads were stopped: 0.0000980 seconds, Stopping threads took: 0.0000239 seconds
2016-03-13T17:04:35.200-0800: 831.249: Total time for which application threads were stopped: 0.0001788 seconds, Stopping threads took: 0.0000167 seconds
2016-03-13T17:04:35.200-0800: 831.249: Total time for which application threads were stopped: 0.0000434 seconds, Stopping threads took: 0.0000085 seconds
2016-03-13T17:04:35.200-0800: 831.249: Total time for which application threads were stopped: 0.0000499 seconds, Stopping threads took: 0.0000179 seconds
2016-03-13T17:04:35.201-0800: 831.249: Total time for which application threads were stopped: 0.0000599 seconds, Stopping threads took: 0.0000256 seconds
2016-03-13T17:04:35.201-0800: 831.249: Total time for which application threads were stopped: 0.0000511 seconds, Stopping threads took: 0.0000127 seconds
2016-03-13T17:04:35.201-0800: 831.250: Total time for which application threads were stopped: 0.0000612 seconds, Stopping threads took: 0.0000191 seconds
2016-03-13T17:04:35.205-0800: 831.254: Total time for which application threads were stopped: 0.0001116 seconds, Stopping threads took: 0.0000162 seconds
2016-03-13T17:04:35.205-0800: 831.254: Total time for which application threads were stopped: 0.0000544 seconds, Stopping threads took: 0.0000088 seconds
2016-03-13T17:04:35.205-0800: 831.254: Total time for which application threads were stopped: 0.0000576 seconds, Stopping threads took: 0.0000208 seconds
2016-03-13T17:04:35.205-0800: 831.254: Total time for which application threads were stopped: 0.0000554 seconds, Stopping threads took: 0.0000177 seconds
2016-03-13T17:04:35.206-0800: 831.254: Total time for which application threads were stopped: 0.0002474 seconds, Stopping threads took: 0.0002122 seconds
2016-03-13T17:04:35.206-0800: 831.255: Total time for which application threads were stopped: 0.0000488 seconds, Stopping threads took: 0.0000186 seconds
2016-03-13T17:04:35.206-0800: 831.255: Total time for which application threads were stopped: 0.0000701 seconds, Stopping threads took: 0.0000278 seconds
2016-03-13T17:04:35.206-0800: 831.255: Total time for which application threads were stopped: 0.0000885 seconds, Stopping threads took: 0.0000278 seconds
2016-03-13T17:04:35.206-0800: 831.255: Total time for which application threads were stopped: 0.0000617 seconds, Stopping threads took: 0.0000283 seconds
2016-03-13T17:04:35.206-0800: 831.255: Total time for which application threads were stopped: 0.0000984 seconds, Stopping threads took: 0.0000262 seconds
2016-03-13T17:04:35.206-0800: 831.255: Total time for which application threads were stopped: 0.0000722 seconds, Stopping threads took: 0.0000280 seconds
2016-03-13T17:04:35.207-0800: 831.255: Total time for which application threads were stopped: 0.0000449 seconds, Stopping threads took: 0.0000120 seconds
2016-03-13T17:04:35.207-0800: 831.255: Total time for which application threads were stopped: 0.0000581 seconds, Stopping threads took: 0.0000258 seconds
2016-03-13T17:04:35.207-0800: 831.256: Total time for which application threads were stopped: 0.0000653 seconds, Stopping threads took: 0.0000264 seconds
2016-03-13T17:04:35.207-0800: 831.256: Total time for which application threads were stopped: 0.0000506 seconds, Stopping threads took: 0.0000121 seconds
2016-03-13T17:04:35.207-0800: 831.256: Total time for which application threads were stopped: 0.0000542 seconds, Stopping threads took: 0.0000284 seconds
2016-03-13T17:04:35.207-0800: 831.256: Total time for which application threads were stopped: 0.0000513 seconds, Stopping threads took: 0.0000071 seconds
2016-03-13T17:04:35.207-0800: 831.256: Total time for which application threads were stopped: 0.0000384 seconds, Stopping threads took: 0.0000054 seconds
2016-03-13T17:04:35.207-0800: 831.256: Total time for which application threads were stopped: 0.0000370 seconds, Stopping threads took: 0.0000069 seconds
2016-03-13T17:04:35.207-0800: 831.256: Total time for which application threads were stopped: 0.0000291 seconds, Stopping threads took: 0.0000057 seconds
2016-03-13T17:04:35.207-0800: 831.256: Total time for which application threads were stopped: 0.0001021 seconds, Stopping threads took: 0.0000224 seconds
2016-03-13T17:04:35.209-0800: 831.258: Total time for which application threads were stopped: 0.0000656 seconds, Stopping threads took: 0.0000198 seconds
2016-03-13T17:04:35.209-0800: 831.258: Total time for which application threads were stopped: 0.0000569 seconds, Stopping threads took: 0.0000148 seconds
2016-03-13T17:04:35.211-0800: 831.260: Total time for which application threads were stopped: 0.0000645 seconds, Stopping threads took: 0.0000182 seconds
2016-03-13T17:04:35.211-0800: 831.260: Total time for which application threads were stopped: 0.0000698 seconds, Stopping threads took: 0.0000364 seconds
2016-03-13T17:04:35.211-0800: 831.260: Total time for which application threads were stopped: 0.0000718 seconds, Stopping threads took: 0.0000137 seconds
2016-03-13T17:04:35.211-0800: 831.260: Total time for which application threads were stopped: 0.0000867 seconds, Stopping threads took: 0.0000392 seconds
2016-03-13T17:04:35.211-0800: 831.260: Total time for which application threads were stopped: 0.0000571 seconds, Stopping threads took: 0.0000184 seconds
2016-03-13T17:04:35.212-0800: 831.260: Total time for which application threads were stopped: 0.0000561 seconds, Stopping threads took: 0.0000312 seconds
2016-03-13T17:04:35.212-0800: 831.260: Total time for which application threads were stopped: 0.0000457 seconds, Stopping threads took: 0.0000066 seconds
2016-03-13T17:04:35.212-0800: 831.260: Total time for which application threads were stopped: 0.0000367 seconds, Stopping threads took: 0.0000052 seconds
2016-03-13T17:04:35.212-0800: 831.261: Total time for which application threads were stopped: 0.0000343 seconds, Stopping threads took: 0.0000049 seconds
2016-03-13T17:04:35.212-0800: 831.261: Total time for which application threads were stopped: 0.0000405 seconds, Stopping threads took: 0.0000072 seconds
2016-03-13T17:04:35.212-0800: 831.261: Total time for which application threads were stopped: 0.0000583 seconds, Stopping threads took: 0.0000286 seconds
2016-03-13T17:04:35.212-0800: 831.261: Total time for which application threads were stopped: 0.0000402 seconds, Stopping threads took: 0.0000152 seconds
2016-03-13T17:04:35.212-0800: 831.261: Total time for which application threads were stopped: 0.0000373 seconds, Stopping threads took: 0.0000140 seconds
2016-03-13T17:04:35.212-0800: 831.261: Total time for which application threads were stopped: 0.0000755 seconds, Stopping threads took: 0.0000140 seconds
2016-03-13T17:04:35.216-0800: 831.265: Total time for which application threads were stopped: 0.0000944 seconds, Stopping threads took: 0.0000266 seconds
2016-03-13T17:04:39.792-0800: 835.841: Total time for which application threads were stopped: 0.0001121 seconds, Stopping threads took: 0.0000179 seconds
2016-03-13T17:04:39.793-0800: 835.842: Total time for which application threads were stopped: 0.0000788 seconds, Stopping threads took: 0.0000246 seconds
2016-03-13T17:04:39.795-0800: 835.844: Total time for which application threads were stopped: 0.0000925 seconds, Stopping threads took: 0.0000357 seconds
2016-03-13T17:04:39.795-0800: 835.844: Total time for which application threads were stopped: 0.0000800 seconds, Stopping threads took: 0.0000472 seconds
2016-03-13T17:04:39.800-0800: 835.849: Total time for which application threads were stopped: 0.0000816 seconds, Stopping threads took: 0.0000117 seconds
2016-03-13T17:04:39.800-0800: 835.849: Total time for which application threads were stopped: 0.0000340 seconds, Stopping threads took: 0.0000052 seconds
2016-03-13T17:04:39.805-0800: 835.854: Total time for which application threads were stopped: 0.0000725 seconds, Stopping threads took: 0.0000235 seconds
2016-03-13T17:04:39.805-0800: 835.854: Total time for which application threads were stopped: 0.0000674 seconds, Stopping threads took: 0.0000284 seconds
2016-03-13T17:04:40.808-0800: 836.857: Total time for which application threads were stopped: 0.0002390 seconds, Stopping threads took: 0.0000536 seconds
2016-03-13T17:04:51.078-0800: 847.127: Total time for which application threads were stopped: 0.0000983 seconds, Stopping threads took: 0.0000172 seconds
2016-03-13T17:04:52.083-0800: 848.133: Total time for which application threads were stopped: 0.0002151 seconds, Stopping threads took: 0.0000466 seconds
2016-03-13T17:04:53.904-0800: 849.954: Total time for which application threads were stopped: 0.0000898 seconds, Stopping threads took: 0.0000188 seconds
2016-03-13T17:04:54.907-0800: 850.957: Total time for which application threads were stopped: 0.0001990 seconds, Stopping threads took: 0.0000462 seconds
2016-03-13T17:04:56.294-0800: 852.344: Total time for which application threads were stopped: 0.0004496 seconds, Stopping threads took: 0.0000160 seconds
2016-03-13T17:04:56.328-0800: 852.377: Total time for which application threads were stopped: 0.0001207 seconds, Stopping threads took: 0.0000391 seconds
2016-03-13T17:04:56.328-0800: 852.377: Total time for which application threads were stopped: 0.0000783 seconds, Stopping threads took: 0.0000284 seconds
2016-03-13T17:04:56.328-0800: 852.378: Total time for which application threads were stopped: 0.0001649 seconds, Stopping threads took: 0.0000676 seconds
2016-03-13T17:04:57.330-0800: 853.380: Total time for which application threads were stopped: 0.0002128 seconds, Stopping threads took: 0.0000482 seconds
2016-03-13T17:05:01.329-0800: 857.379: Total time for which application threads were stopped: 0.0000863 seconds, Stopping threads took: 0.0000216 seconds
2016-03-13T17:05:02.333-0800: 858.383: Total time for which application threads were stopped: 0.0002298 seconds, Stopping threads took: 0.0000544 seconds
2016-03-13T17:05:18.928-0800: 874.978: Total time for which application threads were stopped: 0.0000893 seconds, Stopping threads took: 0.0000187 seconds
2016-03-13T17:05:19.929-0800: 875.980: Total time for which application threads were stopped: 0.0001443 seconds, Stopping threads took: 0.0000285 seconds
2016-03-13T17:05:22.937-0800: 878.988: Total time for which application threads were stopped: 0.0002100 seconds, Stopping threads took: 0.0000519 seconds
2016-03-13T17:05:28.094-0800: 884.145: Total time for which application threads were stopped: 0.0001116 seconds, Stopping threads took: 0.0000296 seconds
2016-03-13T17:05:28.097-0800: 884.148: Total time for which application threads were stopped: 0.0000656 seconds, Stopping threads took: 0.0000142 seconds
2016-03-13T17:05:28.097-0800: 884.148: Total time for which application threads were stopped: 0.0000353 seconds, Stopping threads took: 0.0000073 seconds
2016-03-13T17:05:28.098-0800: 884.148: Total time for which application threads were stopped: 0.0000868 seconds, Stopping threads took: 0.0000100 seconds
2016-03-13T17:05:28.098-0800: 884.149: Total time for which application threads were stopped: 0.0000435 seconds, Stopping threads took: 0.0000087 seconds
2016-03-13T17:05:28.098-0800: 884.149: Total time for which application threads were stopped: 0.0000647 seconds, Stopping threads took: 0.0000074 seconds
2016-03-13T17:05:28.098-0800: 884.149: Total time for which application threads were stopped: 0.0000633 seconds, Stopping threads took: 0.0000278 seconds
2016-03-13T17:05:28.098-0800: 884.149: Total time for which application threads were stopped: 0.0000547 seconds, Stopping threads took: 0.0000242 seconds
2016-03-13T17:05:28.099-0800: 884.150: Total time for which application threads were stopped: 0.0000614 seconds, Stopping threads took: 0.0000089 seconds
2016-03-13T17:05:28.099-0800: 884.150: Total time for which application threads were stopped: 0.0003343 seconds, Stopping threads took: 0.0002188 seconds
2016-03-13T17:05:28.104-0800: 884.155: Total time for which application threads were stopped: 0.0000799 seconds, Stopping threads took: 0.0000248 seconds
2016-03-13T17:05:28.104-0800: 884.155: Total time for which application threads were stopped: 0.0000755 seconds, Stopping threads took: 0.0000377 seconds
2016-03-13T17:05:28.111-0800: 884.162: Total time for which application threads were stopped: 0.0000681 seconds, Stopping threads took: 0.0000123 seconds
2016-03-13T17:05:28.111-0800: 884.162: Total time for which application threads were stopped: 0.0000610 seconds, Stopping threads took: 0.0000177 seconds
2016-03-13T17:05:29.112-0800: 885.163: Total time for which application threads were stopped: 0.0002296 seconds, Stopping threads took: 0.0000555 seconds
2016-03-13T17:05:32.121-0800: 888.172: Total time for which application threads were stopped: 0.0002228 seconds, Stopping threads took: 0.0000578 seconds
2016-03-13T17:05:35.127-0800: 891.178: Total time for which application threads were stopped: 0.0002218 seconds, Stopping threads took: 0.0000477 seconds
2016-03-13T17:05:47.140-0800: 903.192: Total time for which application threads were stopped: 0.0001171 seconds, Stopping threads took: 0.0000276 seconds
2016-03-13T17:05:58.628-0800: 914.680: Total time for which application threads were stopped: 0.0004351 seconds, Stopping threads took: 0.0000255 seconds
2016-03-13T17:05:58.632-0800: 914.684: Total time for which application threads were stopped: 0.0000732 seconds, Stopping threads took: 0.0000208 seconds
2016-03-13T17:05:59.632-0800: 915.684: Total time for which application threads were stopped: 0.0001233 seconds, Stopping threads took: 0.0000283 seconds
2016-03-13T17:06:18.750-0800: 934.803: Total time for which application threads were stopped: 0.0000940 seconds, Stopping threads took: 0.0000195 seconds
2016-03-13T17:06:28.110-0800: 944.164: Total time for which application threads were stopped: 0.0001055 seconds, Stopping threads took: 0.0000279 seconds
2016-03-13T17:08:22.886-0800: 1058.944: Total time for which application threads were stopped: 0.0004292 seconds, Stopping threads took: 0.0000143 seconds
2016-03-13T17:08:22.887-0800: 1058.945: Total time for which application threads were stopped: 0.0003445 seconds, Stopping threads took: 0.0000186 seconds
2016-03-13T17:08:22.892-0800: 1058.950: Total time for which application threads were stopped: 0.0000619 seconds, Stopping threads took: 0.0000121 seconds
2016-03-13T17:08:22.892-0800: 1058.950: Total time for which application threads were stopped: 0.0000363 seconds, Stopping threads took: 0.0000044 seconds
2016-03-13T17:08:22.892-0800: 1058.950: Total time for which application threads were stopped: 0.0000486 seconds, Stopping threads took: 0.0000070 seconds
2016-03-13T17:08:22.892-0800: 1058.950: Total time for which application threads were stopped: 0.0000381 seconds, Stopping threads took: 0.0000046 seconds
2016-03-13T17:08:22.892-0800: 1058.950: Total time for which application threads were stopped: 0.0000558 seconds, Stopping threads took: 0.0000056 seconds
2016-03-13T17:08:22.893-0800: 1058.951: Total time for which application threads were stopped: 0.0000357 seconds, Stopping threads took: 0.0000050 seconds
2016-03-13T17:08:22.893-0800: 1058.951: Total time for which application threads were stopped: 0.0000470 seconds, Stopping threads took: 0.0000066 seconds
2016-03-13T17:08:22.893-0800: 1058.951: Total time for which application threads were stopped: 0.0000575 seconds, Stopping threads took: 0.0000062 seconds
2016-03-13T17:08:22.894-0800: 1058.952: Total time for which application threads were stopped: 0.0000427 seconds, Stopping threads took: 0.0000066 seconds
2016-03-13T17:08:22.895-0800: 1058.953: Total time for which application threads were stopped: 0.0000758 seconds, Stopping threads took: 0.0000292 seconds
Heap
 par new generation   total 109248K, used 83419K [0x00000007a0000000, 0x00000007a8000000, 0x00000007a8000000)
  eden space 87424K,  85% used [0x00000007a0000000, 0x00000007a48fb020, 0x00000007a5560000)
  from space 21824K,  39% used [0x00000007a5560000, 0x00000007a5ddbd88, 0x00000007a6ab0000)
  to   space 21824K,   0% used [0x00000007a6ab0000, 0x00000007a6ab0000, 0x00000007a8000000)
 concurrent mark-sweep generation total 393216K, used 6233K [0x00000007a8000000, 0x00000007c0000000, 0x00000007c0000000)
 Metaspace       used 29961K, capacity 30322K, committed 30460K, reserved 1077248K
  class space    used 3458K, capacity 3554K, committed 3580K, reserved 1048576K
