Java HotSpot(TM) 64-Bit Server VM (25.71-b15) for bsd-amd64 JRE (1.8.0_71-b15), built on Dec 22 2015 15:11:44 by "java_re" with gcc 4.2.1 (Based on Apple Inc. build 5658) (LLVM build 2336.11.00)
Memory: 4k page, physical 16777216k(1692092k free)

/proc/meminfo:

CommandLine flags: -XX:CMSInitiatingOccupancyFraction=50 -XX:CMSMaxAbortablePrecleanTime=6000 -XX:+CMSParallelRemarkEnabled -XX:+CMSScavengeBeforeRemark -XX:ConcGCThreads=4 -XX:InitialHeapSize=536870912 -XX:MaxHeapSize=536870912 -XX:MaxTenuringThreshold=8 -XX:NewRatio=3 -XX:OldPLABSize=16 -XX:ParallelGCThreads=4 -XX:+ParallelRefProcEnabled -XX:PretenureSizeThreshold=67108864 -XX:+PrintGC -XX:+PrintGCApplicationStoppedTime -XX:+PrintGCDateStamps -XX:+PrintGCDetails -XX:+PrintGCTimeStamps -XX:+PrintHeapAtGC -XX:+PrintTenuringDistribution -XX:SurvivorRatio=4 -XX:TargetSurvivorRatio=90 -XX:ThreadStackSize=256 -XX:+UseCMSInitiatingOccupancyOnly -XX:+UseCompressedClassPointers -XX:+UseCompressedOops -XX:+UseConcMarkSweepGC -XX:+UseParNewGC 
2016-04-03T17:09:08.647-0800: 0.246: Total time for which application threads were stopped: 0.0001608 seconds, Stopping threads took: 0.0000110 seconds
2016-04-03T17:09:08.710-0800: 0.309: Total time for which application threads were stopped: 0.0001020 seconds, Stopping threads took: 0.0000215 seconds
2016-04-03T17:09:08.775-0800: 0.374: Total time for which application threads were stopped: 0.0001531 seconds, Stopping threads took: 0.0000218 seconds
2016-04-03T17:09:08.816-0800: 0.415: Total time for which application threads were stopped: 0.0001818 seconds, Stopping threads took: 0.0000139 seconds
2016-04-03T17:09:08.827-0800: 0.425: Total time for which application threads were stopped: 0.0001420 seconds, Stopping threads took: 0.0000134 seconds
2016-04-03T17:09:08.834-0800: 0.433: Total time for which application threads were stopped: 0.0001335 seconds, Stopping threads took: 0.0000138 seconds
{Heap before GC invocations=0 (full 0):
 par new generation   total 109248K, used 87424K [0x00000007a0000000, 0x00000007a8000000, 0x00000007a8000000)
  eden space 87424K, 100% used [0x00000007a0000000, 0x00000007a5560000, 0x00000007a5560000)
  from space 21824K,   0% used [0x00000007a5560000, 0x00000007a5560000, 0x00000007a6ab0000)
  to   space 21824K,   0% used [0x00000007a6ab0000, 0x00000007a6ab0000, 0x00000007a8000000)
 concurrent mark-sweep generation total 393216K, used 0K [0x00000007a8000000, 0x00000007c0000000, 0x00000007c0000000)
 Metaspace       used 10067K, capacity 10204K, committed 10496K, reserved 1058816K
  class space    used 1153K, capacity 1208K, committed 1280K, reserved 1048576K
2016-04-03T17:09:09.008-0800: 0.606: [GC (Allocation Failure) 2016-04-03T17:09:09.008-0800: 0.606: [ParNew
Desired survivor size 20112992 bytes, new threshold 8 (max 8)
- age   1:    5549144 bytes,    5549144 total
: 87424K->5472K(109248K), 0.0052595 secs] 87424K->5472K(502464K), 0.0053460 secs] [Times: user=0.01 sys=0.01, real=0.01 secs] 
Heap after GC invocations=1 (full 0):
 par new generation   total 109248K, used 5472K [0x00000007a0000000, 0x00000007a8000000, 0x00000007a8000000)
  eden space 87424K,   0% used [0x00000007a0000000, 0x00000007a0000000, 0x00000007a5560000)
  from space 21824K,  25% used [0x00000007a6ab0000, 0x00000007a7008380, 0x00000007a8000000)
  to   space 21824K,   0% used [0x00000007a5560000, 0x00000007a5560000, 0x00000007a6ab0000)
 concurrent mark-sweep generation total 393216K, used 0K [0x00000007a8000000, 0x00000007c0000000, 0x00000007c0000000)
 Metaspace       used 10067K, capacity 10204K, committed 10496K, reserved 1058816K
  class space    used 1153K, capacity 1208K, committed 1280K, reserved 1048576K
}
2016-04-03T17:09:09.013-0800: 0.612: Total time for which application threads were stopped: 0.0055153 seconds, Stopping threads took: 0.0000144 seconds
2016-04-03T17:09:09.076-0800: 0.675: Total time for which application threads were stopped: 0.0001686 seconds, Stopping threads took: 0.0000116 seconds
2016-04-03T17:09:09.108-0800: 0.706: Total time for which application threads were stopped: 0.0001530 seconds, Stopping threads took: 0.0000104 seconds
2016-04-03T17:09:09.200-0800: 0.799: Total time for which application threads were stopped: 0.0002250 seconds, Stopping threads took: 0.0000137 seconds
2016-04-03T17:09:09.201-0800: 0.800: Total time for which application threads were stopped: 0.0000861 seconds, Stopping threads took: 0.0000065 seconds
2016-04-03T17:09:09.204-0800: 0.802: Total time for which application threads were stopped: 0.0001527 seconds, Stopping threads took: 0.0000101 seconds
2016-04-03T17:09:09.672-0800: 1.270: Total time for which application threads were stopped: 0.0003992 seconds, Stopping threads took: 0.0000811 seconds
{Heap before GC invocations=1 (full 0):
 par new generation   total 109248K, used 92896K [0x00000007a0000000, 0x00000007a8000000, 0x00000007a8000000)
  eden space 87424K, 100% used [0x00000007a0000000, 0x00000007a5560000, 0x00000007a5560000)
  from space 21824K,  25% used [0x00000007a6ab0000, 0x00000007a7008380, 0x00000007a8000000)
  to   space 21824K,   0% used [0x00000007a5560000, 0x00000007a5560000, 0x00000007a6ab0000)
 concurrent mark-sweep generation total 393216K, used 0K [0x00000007a8000000, 0x00000007c0000000, 0x00000007c0000000)
 Metaspace       used 19271K, capacity 19636K, committed 19840K, reserved 1067008K
  class space    used 2274K, capacity 2388K, committed 2432K, reserved 1048576K
2016-04-03T17:09:09.851-0800: 1.450: [GC (Allocation Failure) 2016-04-03T17:09:09.851-0800: 1.450: [ParNew
Desired survivor size 20112992 bytes, new threshold 8 (max 8)
- age   1:    9042120 bytes,    9042120 total
- age   2:    2547456 bytes,   11589576 total
: 92896K->13298K(109248K), 0.0096182 secs] 92896K->13298K(502464K), 0.0096870 secs] [Times: user=0.03 sys=0.01, real=0.01 secs] 
Heap after GC invocations=2 (full 0):
 par new generation   total 109248K, used 13298K [0x00000007a0000000, 0x00000007a8000000, 0x00000007a8000000)
  eden space 87424K,   0% used [0x00000007a0000000, 0x00000007a0000000, 0x00000007a5560000)
  from space 21824K,  60% used [0x00000007a5560000, 0x00000007a625c9c0, 0x00000007a6ab0000)
  to   space 21824K,   0% used [0x00000007a6ab0000, 0x00000007a6ab0000, 0x00000007a8000000)
 concurrent mark-sweep generation total 393216K, used 0K [0x00000007a8000000, 0x00000007c0000000, 0x00000007c0000000)
 Metaspace       used 19271K, capacity 19636K, committed 19840K, reserved 1067008K
  class space    used 2274K, capacity 2388K, committed 2432K, reserved 1048576K
}
2016-04-03T17:09:09.861-0800: 1.459: Total time for which application threads were stopped: 0.0098744 seconds, Stopping threads took: 0.0000140 seconds
2016-04-03T17:09:09.921-0800: 1.520: Total time for which application threads were stopped: 0.0003237 seconds, Stopping threads took: 0.0000135 seconds
2016-04-03T17:09:09.947-0800: 1.546: Total time for which application threads were stopped: 0.0002286 seconds, Stopping threads took: 0.0000216 seconds
2016-04-03T17:09:09.963-0800: 1.562: Total time for which application threads were stopped: 0.0002126 seconds, Stopping threads took: 0.0000124 seconds
{Heap before GC invocations=2 (full 0):
 par new generation   total 109248K, used 100722K [0x00000007a0000000, 0x00000007a8000000, 0x00000007a8000000)
  eden space 87424K, 100% used [0x00000007a0000000, 0x00000007a5560000, 0x00000007a5560000)
  from space 21824K,  60% used [0x00000007a5560000, 0x00000007a625c9c0, 0x00000007a6ab0000)
  to   space 21824K,   0% used [0x00000007a6ab0000, 0x00000007a6ab0000, 0x00000007a8000000)
 concurrent mark-sweep generation total 393216K, used 0K [0x00000007a8000000, 0x00000007c0000000, 0x00000007c0000000)
 Metaspace       used 20445K, capacity 20762K, committed 20992K, reserved 1067008K
  class space    used 2399K, capacity 2486K, committed 2560K, reserved 1048576K
2016-04-03T17:09:10.056-0800: 1.654: [GC (Allocation Failure) 2016-04-03T17:09:10.056-0800: 1.654: [ParNew
Desired survivor size 20112992 bytes, new threshold 8 (max 8)
- age   1:    2550528 bytes,    2550528 total
- age   2:    3503112 bytes,    6053640 total
- age   3:    2478448 bytes,    8532088 total
: 100722K->11656K(109248K), 0.0064284 secs] 100722K->11656K(502464K), 0.0064936 secs] [Times: user=0.03 sys=0.01, real=0.01 secs] 
Heap after GC invocations=3 (full 0):
 par new generation   total 109248K, used 11656K [0x00000007a0000000, 0x00000007a8000000, 0x00000007a8000000)
  eden space 87424K,   0% used [0x00000007a0000000, 0x00000007a0000000, 0x00000007a5560000)
  from space 21824K,  53% used [0x00000007a6ab0000, 0x00000007a7612380, 0x00000007a8000000)
  to   space 21824K,   0% used [0x00000007a5560000, 0x00000007a5560000, 0x00000007a6ab0000)
 concurrent mark-sweep generation total 393216K, used 0K [0x00000007a8000000, 0x00000007c0000000, 0x00000007c0000000)
 Metaspace       used 20445K, capacity 20762K, committed 20992K, reserved 1067008K
  class space    used 2399K, capacity 2486K, committed 2560K, reserved 1048576K
}
2016-04-03T17:09:10.062-0800: 1.661: Total time for which application threads were stopped: 0.0066836 seconds, Stopping threads took: 0.0000309 seconds
2016-04-03T17:09:10.079-0800: 1.678: Total time for which application threads were stopped: 0.0002165 seconds, Stopping threads took: 0.0000106 seconds
{Heap before GC invocations=3 (full 0):
 par new generation   total 109248K, used 99070K [0x00000007a0000000, 0x00000007a8000000, 0x00000007a8000000)
  eden space 87424K,  99% used [0x00000007a0000000, 0x00000007a555d4d8, 0x00000007a5560000)
  from space 21824K,  53% used [0x00000007a6ab0000, 0x00000007a7612380, 0x00000007a8000000)
  to   space 21824K,   0% used [0x00000007a5560000, 0x00000007a5560000, 0x00000007a6ab0000)
 concurrent mark-sweep generation total 393216K, used 0K [0x00000007a8000000, 0x00000007c0000000, 0x00000007c0000000)
 Metaspace       used 20747K, capacity 21074K, committed 21248K, reserved 1069056K
  class space    used 2432K, capacity 2522K, committed 2560K, reserved 1048576K
2016-04-03T17:09:10.128-0800: 1.727: [GC (Allocation Failure) 2016-04-03T17:09:10.128-0800: 1.727: [ParNew
Desired survivor size 20112992 bytes, new threshold 8 (max 8)
- age   1:     492360 bytes,     492360 total
- age   2:    1667728 bytes,    2160088 total
- age   3:    3502776 bytes,    5662864 total
- age   4:    2478448 bytes,    8141312 total
: 99070K->9547K(109248K), 0.0049994 secs] 99070K->9547K(502464K), 0.0050387 secs] [Times: user=0.02 sys=0.00, real=0.01 secs] 
Heap after GC invocations=4 (full 0):
 par new generation   total 109248K, used 9547K [0x00000007a0000000, 0x00000007a8000000, 0x00000007a8000000)
  eden space 87424K,   0% used [0x00000007a0000000, 0x00000007a0000000, 0x00000007a5560000)
  from space 21824K,  43% used [0x00000007a5560000, 0x00000007a5eb2f20, 0x00000007a6ab0000)
  to   space 21824K,   0% used [0x00000007a6ab0000, 0x00000007a6ab0000, 0x00000007a8000000)
 concurrent mark-sweep generation total 393216K, used 0K [0x00000007a8000000, 0x00000007c0000000, 0x00000007c0000000)
 Metaspace       used 20747K, capacity 21074K, committed 21248K, reserved 1069056K
  class space    used 2432K, capacity 2522K, committed 2560K, reserved 1048576K
}
2016-04-03T17:09:10.133-0800: 1.732: Total time for which application threads were stopped: 0.0052114 seconds, Stopping threads took: 0.0000429 seconds
2016-04-03T17:09:10.143-0800: 1.742: Total time for which application threads were stopped: 0.0000595 seconds, Stopping threads took: 0.0000095 seconds
2016-04-03T17:09:10.159-0800: 1.757: Total time for which application threads were stopped: 0.0000755 seconds, Stopping threads took: 0.0000124 seconds
{Heap before GC invocations=4 (full 0):
 par new generation   total 109248K, used 96971K [0x00000007a0000000, 0x00000007a8000000, 0x00000007a8000000)
  eden space 87424K, 100% used [0x00000007a0000000, 0x00000007a5560000, 0x00000007a5560000)
  from space 21824K,  43% used [0x00000007a5560000, 0x00000007a5eb2f20, 0x00000007a6ab0000)
  to   space 21824K,   0% used [0x00000007a6ab0000, 0x00000007a6ab0000, 0x00000007a8000000)
 concurrent mark-sweep generation total 393216K, used 0K [0x00000007a8000000, 0x00000007c0000000, 0x00000007c0000000)
 Metaspace       used 21426K, capacity 21764K, committed 21960K, reserved 1069056K
  class space    used 2527K, capacity 2621K, committed 2684K, reserved 1048576K
2016-04-03T17:09:10.207-0800: 1.805: [GC (Allocation Failure) 2016-04-03T17:09:10.207-0800: 1.805: [ParNew
Desired survivor size 20112992 bytes, new threshold 8 (max 8)
- age   1:     919904 bytes,     919904 total
- age   2:     113544 bytes,    1033448 total
- age   3:    1667544 bytes,    2700992 total
- age   4:    3501688 bytes,    6202680 total
- age   5:    2478448 bytes,    8681128 total
: 96971K->12821K(109248K), 0.0064261 secs] 96971K->12821K(502464K), 0.0064976 secs] [Times: user=0.02 sys=0.00, real=0.01 secs] 
Heap after GC invocations=5 (full 0):
 par new generation   total 109248K, used 12821K [0x00000007a0000000, 0x00000007a8000000, 0x00000007a8000000)
  eden space 87424K,   0% used [0x00000007a0000000, 0x00000007a0000000, 0x00000007a5560000)
  from space 21824K,  58% used [0x00000007a6ab0000, 0x00000007a77356d0, 0x00000007a8000000)
  to   space 21824K,   0% used [0x00000007a5560000, 0x00000007a5560000, 0x00000007a6ab0000)
 concurrent mark-sweep generation total 393216K, used 0K [0x00000007a8000000, 0x00000007c0000000, 0x00000007c0000000)
 Metaspace       used 21426K, capacity 21764K, committed 21960K, reserved 1069056K
  class space    used 2527K, capacity 2621K, committed 2684K, reserved 1048576K
}
2016-04-03T17:09:10.213-0800: 1.812: Total time for which application threads were stopped: 0.0066985 seconds, Stopping threads took: 0.0000567 seconds
2016-04-03T17:09:10.213-0800: 1.812: [GC (CMS Initial Mark) [1 CMS-initial-mark: 0K(393216K)] 13583K(502464K), 0.0016456 secs] [Times: user=0.00 sys=0.00, real=0.00 secs] 
2016-04-03T17:09:10.215-0800: 1.814: Total time for which application threads were stopped: 0.0017870 seconds, Stopping threads took: 0.0000536 seconds
2016-04-03T17:09:10.215-0800: 1.814: [CMS-concurrent-mark-start]
2016-04-03T17:09:10.215-0800: 1.814: [CMS-concurrent-mark: 0.000/0.000 secs] [Times: user=0.01 sys=0.00, real=0.00 secs] 
2016-04-03T17:09:10.215-0800: 1.814: [CMS-concurrent-preclean-start]
2016-04-03T17:09:10.216-0800: 1.815: [CMS-concurrent-preclean: 0.001/0.001 secs] [Times: user=0.00 sys=0.00, real=0.00 secs] 
2016-04-03T17:09:10.216-0800: 1.815: [GC (CMS Final Remark) [YG occupancy: 15198 K (109248 K)]{Heap before GC invocations=5 (full 1):
 par new generation   total 109248K, used 15198K [0x00000007a0000000, 0x00000007a8000000, 0x00000007a8000000)
  eden space 87424K,   2% used [0x00000007a0000000, 0x00000007a0252168, 0x00000007a5560000)
  from space 21824K,  58% used [0x00000007a6ab0000, 0x00000007a77356d0, 0x00000007a8000000)
  to   space 21824K,   0% used [0x00000007a5560000, 0x00000007a5560000, 0x00000007a6ab0000)
 concurrent mark-sweep generation total 393216K, used 0K [0x00000007a8000000, 0x00000007c0000000, 0x00000007c0000000)
 Metaspace       used 21427K, capacity 21764K, committed 21960K, reserved 1069056K
  class space    used 2527K, capacity 2621K, committed 2684K, reserved 1048576K
2016-04-03T17:09:10.216-0800: 1.815: [GC (CMS Final Remark) 2016-04-03T17:09:10.216-0800: 1.815: [ParNew
Desired survivor size 20112992 bytes, new threshold 8 (max 8)
- age   1:     838336 bytes,     838336 total
- age   2:     349472 bytes,    1187808 total
- age   3:     113544 bytes,    1301352 total
- age   4:    1667456 bytes,    2968808 total
- age   5:    3501688 bytes,    6470496 total
- age   6:    2478448 bytes,    8948944 total
: 15198K->10865K(109248K), 0.0052890 secs] 15198K->10865K(502464K), 0.0053348 secs] [Times: user=0.02 sys=0.00, real=0.01 secs] 
Heap after GC invocations=6 (full 1):
 par new generation   total 109248K, used 10865K [0x00000007a0000000, 0x00000007a8000000, 0x00000007a8000000)
  eden space 87424K,   0% used [0x00000007a0000000, 0x00000007a0000000, 0x00000007a5560000)
  from space 21824K,  49% used [0x00000007a5560000, 0x00000007a5ffc5b0, 0x00000007a6ab0000)
  to   space 21824K,   0% used [0x00000007a6ab0000, 0x00000007a6ab0000, 0x00000007a8000000)
 concurrent mark-sweep generation total 393216K, used 0K [0x00000007a8000000, 0x00000007c0000000, 0x00000007c0000000)
 Metaspace       used 21427K, capacity 21764K, committed 21960K, reserved 1069056K
  class space    used 2527K, capacity 2621K, committed 2684K, reserved 1048576K
}
2016-04-03T17:09:10.222-0800: 1.820: [Rescan (parallel) , 0.0017801 secs]2016-04-03T17:09:10.223-0800: 1.822: [weak refs processing, 0.0007926 secs]2016-04-03T17:09:10.224-0800: 1.823: [class unloading, 0.0031349 secs]2016-04-03T17:09:10.227-0800: 1.826: [scrub symbol table, 0.0027313 secs]2016-04-03T17:09:10.230-0800: 1.829: [scrub string table, 0.0001946 secs][1 CMS-remark: 0K(393216K)] 10865K(502464K), 0.0152157 secs] [Times: user=0.03 sys=0.00, real=0.02 secs] 
2016-04-03T17:09:10.231-0800: 1.830: Total time for which application threads were stopped: 0.0153269 seconds, Stopping threads took: 0.0000281 seconds
2016-04-03T17:09:10.232-0800: 1.830: [CMS-concurrent-sweep-start]
2016-04-03T17:09:10.232-0800: 1.830: [CMS-concurrent-sweep: 0.000/0.000 secs] [Times: user=0.00 sys=0.00, real=0.00 secs] 
2016-04-03T17:09:10.232-0800: 1.830: [CMS-concurrent-reset-start]
2016-04-03T17:09:10.235-0800: 1.833: [CMS-concurrent-reset: 0.003/0.003 secs] [Times: user=0.02 sys=0.01, real=0.00 secs] 
{Heap before GC invocations=6 (full 1):
 par new generation   total 109248K, used 98289K [0x00000007a0000000, 0x00000007a8000000, 0x00000007a8000000)
  eden space 87424K, 100% used [0x00000007a0000000, 0x00000007a5560000, 0x00000007a5560000)
  from space 21824K,  49% used [0x00000007a5560000, 0x00000007a5ffc5b0, 0x00000007a6ab0000)
  to   space 21824K,   0% used [0x00000007a6ab0000, 0x00000007a6ab0000, 0x00000007a8000000)
 concurrent mark-sweep generation total 393216K, used 0K [0x00000007a8000000, 0x00000007c0000000, 0x00000007c0000000)
 Metaspace       used 21834K, capacity 22162K, committed 22344K, reserved 1069056K
  class space    used 2580K, capacity 2688K, committed 2812K, reserved 1048576K
2016-04-03T17:09:10.306-0800: 1.905: [GC (Allocation Failure) 2016-04-03T17:09:10.306-0800: 1.905: [ParNew
Desired survivor size 20112992 bytes, new threshold 8 (max 8)
- age   1:     622720 bytes,     622720 total
- age   2:       1976 bytes,     624696 total
- age   3:     136472 bytes,     761168 total
- age   4:     112344 bytes,     873512 total
- age   5:    1666896 bytes,    2540408 total
- age   6:    3498536 bytes,    6038944 total
- age   7:    2478448 bytes,    8517392 total
: 98289K->13198K(109248K), 0.0067088 secs] 98289K->13198K(502464K), 0.0067510 secs] [Times: user=0.02 sys=0.00, real=0.01 secs] 
Heap after GC invocations=7 (full 1):
 par new generation   total 109248K, used 13198K [0x00000007a0000000, 0x00000007a8000000, 0x00000007a8000000)
  eden space 87424K,   0% used [0x00000007a0000000, 0x00000007a0000000, 0x00000007a5560000)
  from space 21824K,  60% used [0x00000007a6ab0000, 0x00000007a7793b50, 0x00000007a8000000)
  to   space 21824K,   0% used [0x00000007a5560000, 0x00000007a5560000, 0x00000007a6ab0000)
 concurrent mark-sweep generation total 393216K, used 0K [0x00000007a8000000, 0x00000007c0000000, 0x00000007c0000000)
 Metaspace       used 21834K, capacity 22162K, committed 22344K, reserved 1069056K
  class space    used 2580K, capacity 2688K, committed 2812K, reserved 1048576K
}
2016-04-03T17:09:10.313-0800: 1.912: Total time for which application threads were stopped: 0.0069322 seconds, Stopping threads took: 0.0000549 seconds
2016-04-03T17:09:10.327-0800: 1.926: Total time for which application threads were stopped: 0.0002740 seconds, Stopping threads took: 0.0000106 seconds
2016-04-03T17:09:10.380-0800: 1.979: Total time for which application threads were stopped: 0.0003491 seconds, Stopping threads took: 0.0000501 seconds
2016-04-03T17:09:10.463-0800: 2.061: Total time for which application threads were stopped: 0.0002392 seconds, Stopping threads took: 0.0000104 seconds
2016-04-03T17:09:10.477-0800: 2.075: Total time for which application threads were stopped: 0.0002416 seconds, Stopping threads took: 0.0000128 seconds
{Heap before GC invocations=7 (full 1):
 par new generation   total 109248K, used 100622K [0x00000007a0000000, 0x00000007a8000000, 0x00000007a8000000)
  eden space 87424K, 100% used [0x00000007a0000000, 0x00000007a5560000, 0x00000007a5560000)
  from space 21824K,  60% used [0x00000007a6ab0000, 0x00000007a7793b50, 0x00000007a8000000)
  to   space 21824K,   0% used [0x00000007a5560000, 0x00000007a5560000, 0x00000007a6ab0000)
 concurrent mark-sweep generation total 393216K, used 0K [0x00000007a8000000, 0x00000007c0000000, 0x00000007c0000000)
 Metaspace       used 26555K, capacity 26986K, committed 27132K, reserved 1073152K
  class space    used 3131K, capacity 3274K, committed 3324K, reserved 1048576K
2016-04-03T17:09:10.722-0800: 2.321: [GC (Allocation Failure) 2016-04-03T17:09:10.722-0800: 2.321: [ParNew
Desired survivor size 20112992 bytes, new threshold 8 (max 8)
- age   1:   14157920 bytes,   14157920 total
- age   2:     162944 bytes,   14320864 total
- age   3:       1976 bytes,   14322840 total
- age   4:     136472 bytes,   14459312 total
- age   5:     112008 bytes,   14571320 total
- age   6:     290448 bytes,   14861768 total
- age   7:    3488840 bytes,   18350608 total
- age   8:    2478232 bytes,   20828840 total
: 100622K->21807K(109248K), 0.0108797 secs] 100622K->21807K(502464K), 0.0109564 secs] [Times: user=0.05 sys=0.01, real=0.01 secs] 
Heap after GC invocations=8 (full 1):
 par new generation   total 109248K, used 21807K [0x00000007a0000000, 0x00000007a8000000, 0x00000007a8000000)
  eden space 87424K,   0% used [0x00000007a0000000, 0x00000007a0000000, 0x00000007a5560000)
  from space 21824K,  99% used [0x00000007a5560000, 0x00000007a6aabd50, 0x00000007a6ab0000)
  to   space 21824K,   0% used [0x00000007a6ab0000, 0x00000007a6ab0000, 0x00000007a8000000)
 concurrent mark-sweep generation total 393216K, used 0K [0x00000007a8000000, 0x00000007c0000000, 0x00000007c0000000)
 Metaspace       used 26555K, capacity 26986K, committed 27132K, reserved 1073152K
  class space    used 3131K, capacity 3274K, committed 3324K, reserved 1048576K
}
2016-04-03T17:09:10.733-0800: 2.332: Total time for which application threads were stopped: 0.0112503 seconds, Stopping threads took: 0.0001128 seconds
2016-04-03T17:09:11.737-0800: 3.336: Total time for which application threads were stopped: 0.0002869 seconds, Stopping threads took: 0.0000541 seconds
2016-04-03T17:09:12.483-0800: 4.082: Total time for which application threads were stopped: 0.0003822 seconds, Stopping threads took: 0.0000209 seconds
2016-04-03T17:09:24.906-0800: 16.506: Total time for which application threads were stopped: 0.0000691 seconds, Stopping threads took: 0.0000218 seconds
2016-04-03T17:09:24.909-0800: 16.508: Total time for which application threads were stopped: 0.0000415 seconds, Stopping threads took: 0.0000071 seconds
2016-04-03T17:09:24.924-0800: 16.524: Total time for which application threads were stopped: 0.0004186 seconds, Stopping threads took: 0.0000218 seconds
2016-04-03T17:09:24.933-0800: 16.532: Total time for which application threads were stopped: 0.0000797 seconds, Stopping threads took: 0.0000220 seconds
2016-04-03T17:09:24.958-0800: 16.558: Total time for which application threads were stopped: 0.0001306 seconds, Stopping threads took: 0.0000281 seconds
2016-04-03T17:09:24.958-0800: 16.558: Total time for which application threads were stopped: 0.0000777 seconds, Stopping threads took: 0.0000313 seconds
2016-04-03T17:09:24.959-0800: 16.558: Total time for which application threads were stopped: 0.0000787 seconds, Stopping threads took: 0.0000239 seconds
2016-04-03T17:09:24.959-0800: 16.558: Total time for which application threads were stopped: 0.0000645 seconds, Stopping threads took: 0.0000225 seconds
2016-04-03T17:09:24.959-0800: 16.558: Total time for which application threads were stopped: 0.0000516 seconds, Stopping threads took: 0.0000233 seconds
2016-04-03T17:09:24.959-0800: 16.559: Total time for which application threads were stopped: 0.0000713 seconds, Stopping threads took: 0.0000315 seconds
2016-04-03T17:09:24.959-0800: 16.559: Total time for which application threads were stopped: 0.0000703 seconds, Stopping threads took: 0.0000273 seconds
2016-04-03T17:09:24.959-0800: 16.559: Total time for which application threads were stopped: 0.0000662 seconds, Stopping threads took: 0.0000251 seconds
2016-04-03T17:09:24.960-0800: 16.559: Total time for which application threads were stopped: 0.0000363 seconds, Stopping threads took: 0.0000074 seconds
2016-04-03T17:09:24.960-0800: 16.559: Total time for which application threads were stopped: 0.0000446 seconds, Stopping threads took: 0.0000079 seconds
2016-04-03T17:09:24.964-0800: 16.563: Total time for which application threads were stopped: 0.0000496 seconds, Stopping threads took: 0.0000104 seconds
2016-04-03T17:09:24.964-0800: 16.564: Total time for which application threads were stopped: 0.0000534 seconds, Stopping threads took: 0.0000158 seconds
2016-04-03T17:09:24.965-0800: 16.564: Total time for which application threads were stopped: 0.0001020 seconds, Stopping threads took: 0.0000522 seconds
2016-04-03T17:09:24.965-0800: 16.564: Total time for which application threads were stopped: 0.0000751 seconds, Stopping threads took: 0.0000310 seconds
2016-04-03T17:09:24.965-0800: 16.565: Total time for which application threads were stopped: 0.0000786 seconds, Stopping threads took: 0.0000278 seconds
2016-04-03T17:09:24.966-0800: 16.565: Total time for which application threads were stopped: 0.0001406 seconds, Stopping threads took: 0.0000561 seconds
2016-04-03T17:09:24.966-0800: 16.565: Total time for which application threads were stopped: 0.0001010 seconds, Stopping threads took: 0.0000527 seconds
2016-04-03T17:09:24.967-0800: 16.566: Total time for which application threads were stopped: 0.0000795 seconds, Stopping threads took: 0.0000114 seconds
2016-04-03T17:09:24.970-0800: 16.570: Total time for which application threads were stopped: 0.0000680 seconds, Stopping threads took: 0.0000250 seconds
2016-04-03T17:09:24.970-0800: 16.570: Total time for which application threads were stopped: 0.0000803 seconds, Stopping threads took: 0.0000375 seconds
2016-04-03T17:09:24.971-0800: 16.570: Total time for which application threads were stopped: 0.0000968 seconds, Stopping threads took: 0.0000538 seconds
2016-04-03T17:09:24.971-0800: 16.570: Total time for which application threads were stopped: 0.0000918 seconds, Stopping threads took: 0.0000475 seconds
2016-04-03T17:09:24.971-0800: 16.571: Total time for which application threads were stopped: 0.0000919 seconds, Stopping threads took: 0.0000361 seconds
2016-04-03T17:09:24.971-0800: 16.571: Total time for which application threads were stopped: 0.0000794 seconds, Stopping threads took: 0.0000437 seconds
2016-04-03T17:09:24.971-0800: 16.571: Total time for which application threads were stopped: 0.0000956 seconds, Stopping threads took: 0.0000382 seconds
2016-04-03T17:09:24.972-0800: 16.571: Total time for which application threads were stopped: 0.0000944 seconds, Stopping threads took: 0.0000344 seconds
2016-04-03T17:09:24.972-0800: 16.571: Total time for which application threads were stopped: 0.0000623 seconds, Stopping threads took: 0.0000143 seconds
2016-04-03T17:09:24.973-0800: 16.572: Total time for which application threads were stopped: 0.0000947 seconds, Stopping threads took: 0.0000333 seconds
2016-04-03T17:09:24.973-0800: 16.572: Total time for which application threads were stopped: 0.0001461 seconds, Stopping threads took: 0.0000293 seconds
2016-04-03T17:09:24.973-0800: 16.573: Total time for which application threads were stopped: 0.0000724 seconds, Stopping threads took: 0.0000289 seconds
2016-04-03T17:09:24.973-0800: 16.573: Total time for which application threads were stopped: 0.0000929 seconds, Stopping threads took: 0.0000365 seconds
2016-04-03T17:09:24.976-0800: 16.576: Total time for which application threads were stopped: 0.0000880 seconds, Stopping threads took: 0.0000454 seconds
2016-04-03T17:09:24.977-0800: 16.576: Total time for which application threads were stopped: 0.0000912 seconds, Stopping threads took: 0.0000494 seconds
2016-04-03T17:09:24.977-0800: 16.577: Total time for which application threads were stopped: 0.0001465 seconds, Stopping threads took: 0.0000794 seconds
2016-04-03T17:09:24.978-0800: 16.577: Total time for which application threads were stopped: 0.0001054 seconds, Stopping threads took: 0.0000325 seconds
2016-04-03T17:09:24.982-0800: 16.582: Total time for which application threads were stopped: 0.0000858 seconds, Stopping threads took: 0.0000101 seconds
2016-04-03T17:09:24.991-0800: 16.590: Total time for which application threads were stopped: 0.0000821 seconds, Stopping threads took: 0.0000165 seconds
2016-04-03T17:09:25.007-0800: 16.606: Total time for which application threads were stopped: 0.0000682 seconds, Stopping threads took: 0.0000140 seconds
2016-04-03T17:09:25.014-0800: 16.614: Total time for which application threads were stopped: 0.0000880 seconds, Stopping threads took: 0.0000316 seconds
2016-04-03T17:09:25.015-0800: 16.614: Total time for which application threads were stopped: 0.0000832 seconds, Stopping threads took: 0.0000391 seconds
2016-04-03T17:09:25.015-0800: 16.615: Total time for which application threads were stopped: 0.0001052 seconds, Stopping threads took: 0.0000488 seconds
2016-04-03T17:09:25.016-0800: 16.615: Total time for which application threads were stopped: 0.0000824 seconds, Stopping threads took: 0.0000255 seconds
2016-04-03T17:09:25.020-0800: 16.620: Total time for which application threads were stopped: 0.0001735 seconds, Stopping threads took: 0.0000388 seconds
2016-04-03T17:09:25.027-0800: 16.626: Total time for which application threads were stopped: 0.0001363 seconds, Stopping threads took: 0.0000647 seconds
2016-04-03T17:09:25.028-0800: 16.627: Total time for which application threads were stopped: 0.0001533 seconds, Stopping threads took: 0.0000334 seconds
2016-04-03T17:09:25.039-0800: 16.639: Total time for which application threads were stopped: 0.0001048 seconds, Stopping threads took: 0.0000312 seconds
2016-04-03T17:09:25.040-0800: 16.639: Total time for which application threads were stopped: 0.0001127 seconds, Stopping threads took: 0.0000521 seconds
2016-04-03T17:09:25.040-0800: 16.639: Total time for which application threads were stopped: 0.0000758 seconds, Stopping threads took: 0.0000367 seconds
2016-04-03T17:09:25.040-0800: 16.640: Total time for which application threads were stopped: 0.0000564 seconds, Stopping threads took: 0.0000264 seconds
2016-04-03T17:09:25.049-0800: 16.648: Total time for which application threads were stopped: 0.0001556 seconds, Stopping threads took: 0.0001096 seconds
2016-04-03T17:09:25.049-0800: 16.648: Total time for which application threads were stopped: 0.0000687 seconds, Stopping threads took: 0.0000205 seconds
2016-04-03T17:09:25.049-0800: 16.648: Total time for which application threads were stopped: 0.0000516 seconds, Stopping threads took: 0.0000083 seconds
2016-04-03T17:09:25.049-0800: 16.649: Total time for which application threads were stopped: 0.0000649 seconds, Stopping threads took: 0.0000221 seconds
2016-04-03T17:09:25.049-0800: 16.649: Total time for which application threads were stopped: 0.0000356 seconds, Stopping threads took: 0.0000076 seconds
2016-04-03T17:09:25.049-0800: 16.649: Total time for which application threads were stopped: 0.0000366 seconds, Stopping threads took: 0.0000072 seconds
2016-04-03T17:09:25.049-0800: 16.649: Total time for which application threads were stopped: 0.0000668 seconds, Stopping threads took: 0.0000315 seconds
2016-04-03T17:09:25.050-0800: 16.649: Total time for which application threads were stopped: 0.0000640 seconds, Stopping threads took: 0.0000234 seconds
2016-04-03T17:09:25.050-0800: 16.649: Total time for which application threads were stopped: 0.0000528 seconds, Stopping threads took: 0.0000183 seconds
2016-04-03T17:09:25.087-0800: 16.687: Total time for which application threads were stopped: 0.0002716 seconds, Stopping threads took: 0.0000129 seconds
2016-04-03T17:09:25.088-0800: 16.687: Total time for which application threads were stopped: 0.0001251 seconds, Stopping threads took: 0.0000069 seconds
2016-04-03T17:09:25.088-0800: 16.688: Total time for which application threads were stopped: 0.0000476 seconds, Stopping threads took: 0.0000083 seconds
2016-04-03T17:09:25.088-0800: 16.688: Total time for which application threads were stopped: 0.0000371 seconds, Stopping threads took: 0.0000058 seconds
2016-04-03T17:09:25.089-0800: 16.688: Total time for which application threads were stopped: 0.0000915 seconds, Stopping threads took: 0.0000542 seconds
2016-04-03T17:09:25.089-0800: 16.688: Total time for which application threads were stopped: 0.0000510 seconds, Stopping threads took: 0.0000154 seconds
2016-04-03T17:09:25.089-0800: 16.688: Total time for which application threads were stopped: 0.0000550 seconds, Stopping threads took: 0.0000191 seconds
2016-04-03T17:09:25.093-0800: 16.693: Total time for which application threads were stopped: 0.0000705 seconds, Stopping threads took: 0.0000197 seconds
2016-04-03T17:09:25.093-0800: 16.693: Total time for which application threads were stopped: 0.0000634 seconds, Stopping threads took: 0.0000243 seconds
2016-04-03T17:09:25.093-0800: 16.693: Total time for which application threads were stopped: 0.0000512 seconds, Stopping threads took: 0.0000166 seconds
2016-04-03T17:09:25.093-0800: 16.693: Total time for which application threads were stopped: 0.0000505 seconds, Stopping threads took: 0.0000184 seconds
2016-04-03T17:09:25.094-0800: 16.693: Total time for which application threads were stopped: 0.0000506 seconds, Stopping threads took: 0.0000164 seconds
2016-04-03T17:09:25.094-0800: 16.693: Total time for which application threads were stopped: 0.0000344 seconds, Stopping threads took: 0.0000058 seconds
2016-04-03T17:09:25.106-0800: 16.706: Total time for which application threads were stopped: 0.0002014 seconds, Stopping threads took: 0.0000498 seconds
2016-04-03T17:09:25.117-0800: 16.717: Total time for which application threads were stopped: 0.0001025 seconds, Stopping threads took: 0.0000312 seconds
2016-04-03T17:09:25.117-0800: 16.717: Total time for which application threads were stopped: 0.0000842 seconds, Stopping threads took: 0.0000468 seconds
2016-04-03T17:09:25.118-0800: 16.717: Total time for which application threads were stopped: 0.0000925 seconds, Stopping threads took: 0.0000437 seconds
2016-04-03T17:09:25.118-0800: 16.717: Total time for which application threads were stopped: 0.0000914 seconds, Stopping threads took: 0.0000380 seconds
2016-04-03T17:09:25.118-0800: 16.718: Total time for which application threads were stopped: 0.0000964 seconds, Stopping threads took: 0.0000316 seconds
2016-04-03T17:09:25.118-0800: 16.718: Total time for which application threads were stopped: 0.0000901 seconds, Stopping threads took: 0.0000382 seconds
2016-04-03T17:09:25.118-0800: 16.718: Total time for which application threads were stopped: 0.0000842 seconds, Stopping threads took: 0.0000255 seconds
2016-04-03T17:09:25.119-0800: 16.718: Total time for which application threads were stopped: 0.0000812 seconds, Stopping threads took: 0.0000343 seconds
2016-04-03T17:09:25.119-0800: 16.718: Total time for which application threads were stopped: 0.0000548 seconds, Stopping threads took: 0.0000188 seconds
2016-04-03T17:09:25.119-0800: 16.719: Total time for which application threads were stopped: 0.0000697 seconds, Stopping threads took: 0.0000262 seconds
2016-04-03T17:09:25.120-0800: 16.719: Total time for which application threads were stopped: 0.0000971 seconds, Stopping threads took: 0.0000359 seconds
2016-04-03T17:09:25.120-0800: 16.719: Total time for which application threads were stopped: 0.0000741 seconds, Stopping threads took: 0.0000323 seconds
2016-04-03T17:09:25.120-0800: 16.719: Total time for which application threads were stopped: 0.0000577 seconds, Stopping threads took: 0.0000256 seconds
2016-04-03T17:09:25.120-0800: 16.720: Total time for which application threads were stopped: 0.0000729 seconds, Stopping threads took: 0.0000370 seconds
2016-04-03T17:09:25.120-0800: 16.720: Total time for which application threads were stopped: 0.0001069 seconds, Stopping threads took: 0.0000712 seconds
2016-04-03T17:09:25.121-0800: 16.720: Total time for which application threads were stopped: 0.0000625 seconds, Stopping threads took: 0.0000282 seconds
2016-04-03T17:09:25.121-0800: 16.720: Total time for which application threads were stopped: 0.0000644 seconds, Stopping threads took: 0.0000294 seconds
2016-04-03T17:09:25.121-0800: 16.720: Total time for which application threads were stopped: 0.0000495 seconds, Stopping threads took: 0.0000167 seconds
2016-04-03T17:09:25.121-0800: 16.721: Total time for which application threads were stopped: 0.0000723 seconds, Stopping threads took: 0.0000443 seconds
2016-04-03T17:09:25.122-0800: 16.721: Total time for which application threads were stopped: 0.0001249 seconds, Stopping threads took: 0.0000924 seconds
2016-04-03T17:09:25.122-0800: 16.721: Total time for which application threads were stopped: 0.0001051 seconds, Stopping threads took: 0.0000737 seconds
2016-04-03T17:09:25.122-0800: 16.721: Total time for which application threads were stopped: 0.0000640 seconds, Stopping threads took: 0.0000288 seconds
2016-04-03T17:09:25.122-0800: 16.722: Total time for which application threads were stopped: 0.0000532 seconds, Stopping threads took: 0.0000231 seconds
2016-04-03T17:09:25.126-0800: 16.726: Total time for which application threads were stopped: 0.0001230 seconds, Stopping threads took: 0.0000178 seconds
2016-04-03T17:09:25.126-0800: 16.726: Total time for which application threads were stopped: 0.0002422 seconds, Stopping threads took: 0.0000507 seconds
2016-04-03T17:09:25.127-0800: 16.726: Total time for which application threads were stopped: 0.0000382 seconds, Stopping threads took: 0.0000046 seconds
2016-04-03T17:09:25.131-0800: 16.731: Total time for which application threads were stopped: 0.0000879 seconds, Stopping threads took: 0.0000262 seconds
2016-04-03T17:09:25.131-0800: 16.731: Total time for which application threads were stopped: 0.0000689 seconds, Stopping threads took: 0.0000209 seconds
2016-04-03T17:09:27.567-0800: 19.167: Total time for which application threads were stopped: 0.0001226 seconds, Stopping threads took: 0.0000200 seconds
2016-04-03T17:09:27.567-0800: 19.167: Total time for which application threads were stopped: 0.0000674 seconds, Stopping threads took: 0.0000235 seconds
2016-04-03T17:09:27.572-0800: 19.172: Total time for which application threads were stopped: 0.0000980 seconds, Stopping threads took: 0.0000218 seconds
2016-04-03T17:09:27.572-0800: 19.172: Total time for which application threads were stopped: 0.0000474 seconds, Stopping threads took: 0.0000062 seconds
2016-04-03T17:09:28.575-0800: 20.175: Total time for which application threads were stopped: 0.0000868 seconds, Stopping threads took: 0.0000181 seconds
2016-04-03T17:09:28.705-0800: 20.305: Total time for which application threads were stopped: 0.0001090 seconds, Stopping threads took: 0.0000225 seconds
2016-04-03T17:09:28.705-0800: 20.305: Total time for which application threads were stopped: 0.0000335 seconds, Stopping threads took: 0.0000052 seconds
2016-04-03T17:09:28.711-0800: 20.311: Total time for which application threads were stopped: 0.0001062 seconds, Stopping threads took: 0.0000236 seconds
2016-04-03T17:09:28.711-0800: 20.311: Total time for which application threads were stopped: 0.0000568 seconds, Stopping threads took: 0.0000180 seconds
2016-04-03T17:09:28.734-0800: 20.334: Total time for which application threads were stopped: 0.0000897 seconds, Stopping threads took: 0.0000345 seconds
2016-04-03T17:09:28.734-0800: 20.334: Total time for which application threads were stopped: 0.0000433 seconds, Stopping threads took: 0.0000139 seconds
2016-04-03T17:09:28.739-0800: 20.339: Total time for which application threads were stopped: 0.0000565 seconds, Stopping threads took: 0.0000110 seconds
2016-04-03T17:09:28.739-0800: 20.339: Total time for which application threads were stopped: 0.0000525 seconds, Stopping threads took: 0.0000153 seconds
2016-04-03T17:09:38.727-0800: 30.327: Total time for which application threads were stopped: 0.0001054 seconds, Stopping threads took: 0.0000271 seconds
2016-04-03T17:10:23.375-0800: 74.977: Total time for which application threads were stopped: 0.0000761 seconds, Stopping threads took: 0.0000146 seconds
2016-04-03T17:10:23.555-0800: 75.158: Total time for which application threads were stopped: 0.0001863 seconds, Stopping threads took: 0.0000282 seconds
2016-04-03T17:10:23.784-0800: 75.387: Total time for which application threads were stopped: 0.0001194 seconds, Stopping threads took: 0.0000128 seconds
2016-04-03T17:10:23.799-0800: 75.402: Total time for which application threads were stopped: 0.0000617 seconds, Stopping threads took: 0.0000108 seconds
2016-04-03T17:10:23.803-0800: 75.405: Total time for which application threads were stopped: 0.0000547 seconds, Stopping threads took: 0.0000106 seconds
2016-04-03T17:10:23.803-0800: 75.406: Total time for which application threads were stopped: 0.0000366 seconds, Stopping threads took: 0.0000066 seconds
2016-04-03T17:10:23.875-0800: 75.477: Total time for which application threads were stopped: 0.0001001 seconds, Stopping threads took: 0.0000111 seconds
2016-04-03T17:10:23.888-0800: 75.490: Total time for which application threads were stopped: 0.0003597 seconds, Stopping threads took: 0.0000104 seconds
2016-04-03T17:10:23.894-0800: 75.496: Total time for which application threads were stopped: 0.0002951 seconds, Stopping threads took: 0.0000129 seconds
2016-04-03T17:10:23.900-0800: 75.503: Total time for which application threads were stopped: 0.0001130 seconds, Stopping threads took: 0.0000347 seconds
2016-04-03T17:10:23.900-0800: 75.503: Total time for which application threads were stopped: 0.0000635 seconds, Stopping threads took: 0.0000084 seconds
2016-04-03T17:10:23.900-0800: 75.503: Total time for which application threads were stopped: 0.0000522 seconds, Stopping threads took: 0.0000070 seconds
2016-04-03T17:10:24.906-0800: 76.508: Total time for which application threads were stopped: 0.0002231 seconds, Stopping threads took: 0.0000444 seconds
2016-04-03T17:10:28.736-0800: 80.339: Total time for which application threads were stopped: 0.0001049 seconds, Stopping threads took: 0.0000229 seconds
2016-04-03T17:10:29.155-0800: 80.758: Total time for which application threads were stopped: 0.0000783 seconds, Stopping threads took: 0.0000162 seconds
2016-04-03T17:10:29.169-0800: 80.772: Total time for which application threads were stopped: 0.0001551 seconds, Stopping threads took: 0.0000555 seconds
2016-04-03T17:10:29.169-0800: 80.772: Total time for which application threads were stopped: 0.0000676 seconds, Stopping threads took: 0.0000387 seconds
2016-04-03T17:10:29.170-0800: 80.772: Total time for which application threads were stopped: 0.0000662 seconds, Stopping threads took: 0.0000259 seconds
2016-04-03T17:10:29.170-0800: 80.773: Total time for which application threads were stopped: 0.0001108 seconds, Stopping threads took: 0.0000611 seconds
2016-04-03T17:10:29.173-0800: 80.776: Total time for which application threads were stopped: 0.0000960 seconds, Stopping threads took: 0.0000450 seconds
2016-04-03T17:10:29.173-0800: 80.776: Total time for which application threads were stopped: 0.0000814 seconds, Stopping threads took: 0.0000398 seconds
2016-04-03T17:10:29.174-0800: 80.776: Total time for which application threads were stopped: 0.0000868 seconds, Stopping threads took: 0.0000256 seconds
2016-04-03T17:10:29.178-0800: 80.780: Total time for which application threads were stopped: 0.0000977 seconds, Stopping threads took: 0.0000436 seconds
2016-04-03T17:10:29.253-0800: 80.856: Total time for which application threads were stopped: 0.0003820 seconds, Stopping threads took: 0.0000478 seconds
2016-04-03T17:10:29.253-0800: 80.856: Total time for which application threads were stopped: 0.0000982 seconds, Stopping threads took: 0.0000232 seconds
2016-04-03T17:10:29.259-0800: 80.861: Total time for which application threads were stopped: 0.0000712 seconds, Stopping threads took: 0.0000142 seconds
2016-04-03T17:10:29.259-0800: 80.861: Total time for which application threads were stopped: 0.0000458 seconds, Stopping threads took: 0.0000087 seconds
2016-04-03T17:10:29.284-0800: 80.887: Total time for which application threads were stopped: 0.0001897 seconds, Stopping threads took: 0.0000337 seconds
2016-04-03T17:10:29.284-0800: 80.887: Total time for which application threads were stopped: 0.0001147 seconds, Stopping threads took: 0.0000216 seconds
2016-04-03T17:10:29.289-0800: 80.892: Total time for which application threads were stopped: 0.0000654 seconds, Stopping threads took: 0.0000121 seconds
2016-04-03T17:10:29.290-0800: 80.892: Total time for which application threads were stopped: 0.0000530 seconds, Stopping threads took: 0.0000092 seconds
2016-04-03T17:10:30.290-0800: 81.893: Total time for which application threads were stopped: 0.0001314 seconds, Stopping threads took: 0.0000284 seconds
2016-04-03T17:11:29.291-0800: 140.897: Total time for which application threads were stopped: 0.0001287 seconds, Stopping threads took: 0.0000270 seconds
2016-04-03T17:16:48.989-0800: 460.610: Total time for which application threads were stopped: 0.0000923 seconds, Stopping threads took: 0.0000187 seconds
2016-04-03T17:16:48.995-0800: 460.617: Total time for which application threads were stopped: 0.0000828 seconds, Stopping threads took: 0.0000236 seconds
2016-04-03T17:16:48.996-0800: 460.618: Total time for which application threads were stopped: 0.0000831 seconds, Stopping threads took: 0.0000121 seconds
2016-04-03T17:16:48.999-0800: 460.620: Total time for which application threads were stopped: 0.0000713 seconds, Stopping threads took: 0.0000247 seconds
2016-04-03T17:16:49.003-0800: 460.625: Total time for which application threads were stopped: 0.0000795 seconds, Stopping threads took: 0.0000170 seconds
2016-04-03T17:16:49.003-0800: 460.625: Total time for which application threads were stopped: 0.0000667 seconds, Stopping threads took: 0.0000172 seconds
2016-04-03T17:16:49.008-0800: 460.630: Total time for which application threads were stopped: 0.0001015 seconds, Stopping threads took: 0.0000277 seconds
2016-04-03T17:16:49.009-0800: 460.630: Total time for which application threads were stopped: 0.0000940 seconds, Stopping threads took: 0.0000242 seconds
2016-04-03T17:16:50.390-0800: 462.011: Total time for which application threads were stopped: 0.0001185 seconds, Stopping threads took: 0.0000430 seconds
2016-04-03T17:16:50.391-0800: 462.012: Total time for which application threads were stopped: 0.0001182 seconds, Stopping threads took: 0.0000689 seconds
2016-04-03T17:16:50.391-0800: 462.012: Total time for which application threads were stopped: 0.0000688 seconds, Stopping threads took: 0.0000327 seconds
2016-04-03T17:16:50.393-0800: 462.015: Total time for which application threads were stopped: 0.0001641 seconds, Stopping threads took: 0.0000365 seconds
2016-04-03T17:16:50.394-0800: 462.015: Total time for which application threads were stopped: 0.0001095 seconds, Stopping threads took: 0.0000517 seconds
2016-04-03T17:16:50.394-0800: 462.016: Total time for which application threads were stopped: 0.0000774 seconds, Stopping threads took: 0.0000337 seconds
2016-04-03T17:16:50.397-0800: 462.018: Total time for which application threads were stopped: 0.0000844 seconds, Stopping threads took: 0.0000389 seconds
2016-04-03T17:16:50.397-0800: 462.019: Total time for which application threads were stopped: 0.0000545 seconds, Stopping threads took: 0.0000159 seconds
2016-04-03T17:16:50.436-0800: 462.057: Total time for which application threads were stopped: 0.0002451 seconds, Stopping threads took: 0.0000745 seconds
2016-04-03T17:16:50.476-0800: 462.097: Total time for which application threads were stopped: 0.0001381 seconds, Stopping threads took: 0.0000659 seconds
2016-04-03T17:16:50.476-0800: 462.097: Total time for which application threads were stopped: 0.0000574 seconds, Stopping threads took: 0.0000163 seconds
2016-04-03T17:16:50.480-0800: 462.101: Total time for which application threads were stopped: 0.0000725 seconds, Stopping threads took: 0.0000209 seconds
2016-04-03T17:16:50.480-0800: 462.101: Total time for which application threads were stopped: 0.0000542 seconds, Stopping threads took: 0.0000098 seconds
2016-04-03T17:16:50.504-0800: 462.125: Total time for which application threads were stopped: 0.0000874 seconds, Stopping threads took: 0.0000261 seconds
2016-04-03T17:16:50.504-0800: 462.125: Total time for which application threads were stopped: 0.0000684 seconds, Stopping threads took: 0.0000211 seconds
2016-04-03T17:16:50.509-0800: 462.130: Total time for which application threads were stopped: 0.0001707 seconds, Stopping threads took: 0.0000276 seconds
2016-04-03T17:16:50.509-0800: 462.130: Total time for which application threads were stopped: 0.0001048 seconds, Stopping threads took: 0.0000231 seconds
2016-04-03T17:16:50.509-0800: 462.130: Total time for which application threads were stopped: 0.0001694 seconds, Stopping threads took: 0.0000299 seconds
2016-04-03T17:16:51.113-0800: 462.735: Total time for which application threads were stopped: 0.0001232 seconds, Stopping threads took: 0.0000209 seconds
2016-04-03T17:16:51.113-0800: 462.735: Total time for which application threads were stopped: 0.0000544 seconds, Stopping threads took: 0.0000081 seconds
2016-04-03T17:16:51.118-0800: 462.739: Total time for which application threads were stopped: 0.0001785 seconds, Stopping threads took: 0.0000550 seconds
2016-04-03T17:16:51.118-0800: 462.739: Total time for which application threads were stopped: 0.0000821 seconds, Stopping threads took: 0.0000153 seconds
2016-04-03T17:16:51.141-0800: 462.763: Total time for which application threads were stopped: 0.0001766 seconds, Stopping threads took: 0.0001065 seconds
2016-04-03T17:16:51.141-0800: 462.763: Total time for which application threads were stopped: 0.0000463 seconds, Stopping threads took: 0.0000074 seconds
2016-04-03T17:16:51.146-0800: 462.767: Total time for which application threads were stopped: 0.0000686 seconds, Stopping threads took: 0.0000163 seconds
2016-04-03T17:16:51.146-0800: 462.767: Total time for which application threads were stopped: 0.0000477 seconds, Stopping threads took: 0.0000058 seconds
2016-04-03T17:16:51.362-0800: 462.983: Total time for which application threads were stopped: 0.0001209 seconds, Stopping threads took: 0.0000167 seconds
2016-04-03T17:16:51.362-0800: 462.984: Total time for which application threads were stopped: 0.0000510 seconds, Stopping threads took: 0.0000106 seconds
2016-04-03T17:16:51.367-0800: 462.988: Total time for which application threads were stopped: 0.0002876 seconds, Stopping threads took: 0.0000688 seconds
2016-04-03T17:16:51.367-0800: 462.988: Total time for which application threads were stopped: 0.0001287 seconds, Stopping threads took: 0.0000306 seconds
2016-04-03T17:16:51.393-0800: 463.014: Total time for which application threads were stopped: 0.0001106 seconds, Stopping threads took: 0.0000305 seconds
2016-04-03T17:16:51.393-0800: 463.014: Total time for which application threads were stopped: 0.0000806 seconds, Stopping threads took: 0.0000093 seconds
2016-04-03T17:16:51.398-0800: 463.019: Total time for which application threads were stopped: 0.0000889 seconds, Stopping threads took: 0.0000220 seconds
2016-04-03T17:16:51.398-0800: 463.019: Total time for which application threads were stopped: 0.0001283 seconds, Stopping threads took: 0.0000276 seconds
2016-04-03T17:16:56.379-0800: 468.001: Total time for which application threads were stopped: 0.0001248 seconds, Stopping threads took: 0.0000278 seconds
2016-04-03T17:17:01.383-0800: 473.005: Total time for which application threads were stopped: 0.0001204 seconds, Stopping threads took: 0.0000285 seconds
2016-04-03T17:17:39.516-0800: 511.139: Total time for which application threads were stopped: 0.0002313 seconds, Stopping threads took: 0.0000490 seconds
2016-04-03T17:17:41.526-0800: 513.150: Total time for which application threads were stopped: 0.0002290 seconds, Stopping threads took: 0.0000481 seconds
2016-04-03T17:17:51.395-0800: 523.020: Total time for which application threads were stopped: 0.0001236 seconds, Stopping threads took: 0.0000254 seconds
2016-04-03T17:18:14.838-0800: 546.464: Total time for which application threads were stopped: 0.0001170 seconds, Stopping threads took: 0.0000340 seconds
2016-04-03T17:21:58.084-0800: 769.721: Total time for which application threads were stopped: 0.0001031 seconds, Stopping threads took: 0.0000186 seconds
2016-04-03T17:21:58.098-0800: 769.735: Total time for which application threads were stopped: 0.0001027 seconds, Stopping threads took: 0.0000196 seconds
2016-04-03T17:21:58.099-0800: 769.735: Total time for which application threads were stopped: 0.0000923 seconds, Stopping threads took: 0.0000240 seconds
2016-04-03T17:21:58.099-0800: 769.736: Total time for which application threads were stopped: 0.0000893 seconds, Stopping threads took: 0.0000253 seconds
2016-04-03T17:21:58.100-0800: 769.736: Total time for which application threads were stopped: 0.0000805 seconds, Stopping threads took: 0.0000115 seconds
2016-04-03T17:21:58.103-0800: 769.739: Total time for which application threads were stopped: 0.0002137 seconds, Stopping threads took: 0.0000682 seconds
2016-04-03T17:21:58.106-0800: 769.743: Total time for which application threads were stopped: 0.0001050 seconds, Stopping threads took: 0.0000268 seconds
2016-04-03T17:21:58.107-0800: 769.743: Total time for which application threads were stopped: 0.0001344 seconds, Stopping threads took: 0.0000549 seconds
2016-04-03T17:21:58.107-0800: 769.743: Total time for which application threads were stopped: 0.0001024 seconds, Stopping threads took: 0.0000355 seconds
2016-04-03T17:21:58.107-0800: 769.744: Total time for which application threads were stopped: 0.0000927 seconds, Stopping threads took: 0.0000264 seconds
2016-04-03T17:21:58.193-0800: 769.830: Total time for which application threads were stopped: 0.0001271 seconds, Stopping threads took: 0.0000350 seconds
2016-04-03T17:21:58.193-0800: 769.830: Total time for which application threads were stopped: 0.0001171 seconds, Stopping threads took: 0.0000270 seconds
2016-04-03T17:21:58.199-0800: 769.835: Total time for which application threads were stopped: 0.0001081 seconds, Stopping threads took: 0.0000346 seconds
2016-04-03T17:21:58.199-0800: 769.835: Total time for which application threads were stopped: 0.0000753 seconds, Stopping threads took: 0.0000345 seconds
2016-04-03T17:21:58.230-0800: 769.867: Total time for which application threads were stopped: 0.0001391 seconds, Stopping threads took: 0.0000334 seconds
2016-04-03T17:21:58.231-0800: 769.867: Total time for which application threads were stopped: 0.0000870 seconds, Stopping threads took: 0.0000116 seconds
2016-04-03T17:21:58.237-0800: 769.873: Total time for which application threads were stopped: 0.0001413 seconds, Stopping threads took: 0.0000327 seconds
2016-04-03T17:21:58.237-0800: 769.873: Total time for which application threads were stopped: 0.0000869 seconds, Stopping threads took: 0.0000327 seconds
2016-04-03T17:22:01.651-0800: 773.288: Total time for which application threads were stopped: 0.0000970 seconds, Stopping threads took: 0.0000147 seconds
2016-04-03T17:22:01.651-0800: 773.288: Total time for which application threads were stopped: 0.0000544 seconds, Stopping threads took: 0.0000078 seconds
2016-04-03T17:22:01.656-0800: 773.293: Total time for which application threads were stopped: 0.0001127 seconds, Stopping threads took: 0.0000234 seconds
2016-04-03T17:22:01.656-0800: 773.293: Total time for which application threads were stopped: 0.0001061 seconds, Stopping threads took: 0.0000230 seconds
2016-04-03T17:22:03.237-0800: 774.874: Total time for which application threads were stopped: 0.0001131 seconds, Stopping threads took: 0.0000263 seconds
{Heap before GC invocations=8 (full 1):
 par new generation   total 109248K, used 109231K [0x00000007a0000000, 0x00000007a8000000, 0x00000007a8000000)
  eden space 87424K, 100% used [0x00000007a0000000, 0x00000007a5560000, 0x00000007a5560000)
  from space 21824K,  99% used [0x00000007a5560000, 0x00000007a6aabd50, 0x00000007a6ab0000)
  to   space 21824K,   0% used [0x00000007a6ab0000, 0x00000007a6ab0000, 0x00000007a8000000)
 concurrent mark-sweep generation total 393216K, used 0K [0x00000007a8000000, 0x00000007c0000000, 0x00000007c0000000)
 Metaspace       used 31253K, capacity 31674K, committed 31868K, reserved 1077248K
  class space    used 3566K, capacity 3688K, committed 3708K, reserved 1048576K
2016-04-03T17:22:05.674-0800: 777.311: [GC (Allocation Failure) 2016-04-03T17:22:05.674-0800: 777.311: [ParNew
Desired survivor size 20112992 bytes, new threshold 8 (max 8)
- age   1:    7265784 bytes,    7265784 total
- age   2:    9917704 bytes,   17183488 total
- age   3:     162480 bytes,   17345968 total
- age   4:       1944 bytes,   17347912 total
- age   5:     135272 bytes,   17483184 total
- age   6:     111864 bytes,   17595048 total
- age   7:     286776 bytes,   17881824 total
- age   8:    3166512 bytes,   21048336 total
: 109231K->21824K(109248K), 0.0219164 secs] 109231K->25819K(502464K), 0.0219786 secs] [Times: user=0.07 sys=0.01, real=0.02 secs] 
Heap after GC invocations=9 (full 1):
 par new generation   total 109248K, used 21824K [0x00000007a0000000, 0x00000007a8000000, 0x00000007a8000000)
  eden space 87424K,   0% used [0x00000007a0000000, 0x00000007a0000000, 0x00000007a5560000)
  from space 21824K, 100% used [0x00000007a6ab0000, 0x00000007a8000000, 0x00000007a8000000)
  to   space 21824K,   0% used [0x00000007a5560000, 0x00000007a5560000, 0x00000007a6ab0000)
 concurrent mark-sweep generation total 393216K, used 3995K [0x00000007a8000000, 0x00000007c0000000, 0x00000007c0000000)
 Metaspace       used 31253K, capacity 31674K, committed 31868K, reserved 1077248K
  class space    used 3566K, capacity 3688K, committed 3708K, reserved 1048576K
}
2016-04-03T17:22:05.696-0800: 777.333: Total time for which application threads were stopped: 0.0223049 seconds, Stopping threads took: 0.0001595 seconds
2016-04-03T17:22:05.783-0800: 777.419: Total time for which application threads were stopped: 0.0003285 seconds, Stopping threads took: 0.0000627 seconds
2016-04-03T17:22:05.783-0800: 777.420: Total time for which application threads were stopped: 0.0001081 seconds, Stopping threads took: 0.0000218 seconds
2016-04-03T17:22:05.783-0800: 777.420: Total time for which application threads were stopped: 0.0000930 seconds, Stopping threads took: 0.0000152 seconds
2016-04-03T17:22:05.783-0800: 777.420: Total time for which application threads were stopped: 0.0000652 seconds, Stopping threads took: 0.0000103 seconds
2016-04-03T17:22:05.783-0800: 777.420: Total time for which application threads were stopped: 0.0001287 seconds, Stopping threads took: 0.0000065 seconds
2016-04-03T17:22:05.788-0800: 777.425: Total time for which application threads were stopped: 0.0001891 seconds, Stopping threads took: 0.0000327 seconds
2016-04-03T17:22:05.788-0800: 777.425: Total time for which application threads were stopped: 0.0000827 seconds, Stopping threads took: 0.0000185 seconds
2016-04-03T17:22:05.793-0800: 777.430: Total time for which application threads were stopped: 0.0000848 seconds, Stopping threads took: 0.0000217 seconds
2016-04-03T17:22:05.793-0800: 777.430: Total time for which application threads were stopped: 0.0000694 seconds, Stopping threads took: 0.0000149 seconds
2016-04-03T17:22:05.811-0800: 777.448: Total time for which application threads were stopped: 0.0001221 seconds, Stopping threads took: 0.0000549 seconds
2016-04-03T17:22:05.812-0800: 777.449: Total time for which application threads were stopped: 0.0001164 seconds, Stopping threads took: 0.0000246 seconds
2016-04-03T17:22:05.812-0800: 777.449: Total time for which application threads were stopped: 0.0001115 seconds, Stopping threads took: 0.0000475 seconds
2016-04-03T17:22:05.812-0800: 777.449: Total time for which application threads were stopped: 0.0001006 seconds, Stopping threads took: 0.0000217 seconds
2016-04-03T17:22:05.812-0800: 777.449: Total time for which application threads were stopped: 0.0001014 seconds, Stopping threads took: 0.0000481 seconds
2016-04-03T17:22:05.813-0800: 777.449: Total time for which application threads were stopped: 0.0000824 seconds, Stopping threads took: 0.0000220 seconds
2016-04-03T17:22:05.813-0800: 777.450: Total time for which application threads were stopped: 0.0002439 seconds, Stopping threads took: 0.0001904 seconds
2016-04-03T17:22:05.813-0800: 777.450: Total time for which application threads were stopped: 0.0000789 seconds, Stopping threads took: 0.0000250 seconds
2016-04-03T17:22:05.813-0800: 777.450: Total time for which application threads were stopped: 0.0000814 seconds, Stopping threads took: 0.0000275 seconds
2016-04-03T17:22:05.814-0800: 777.451: Total time for which application threads were stopped: 0.0000636 seconds, Stopping threads took: 0.0000204 seconds
2016-04-03T17:22:05.814-0800: 777.451: Total time for which application threads were stopped: 0.0000582 seconds, Stopping threads took: 0.0000186 seconds
2016-04-03T17:22:05.818-0800: 777.455: Total time for which application threads were stopped: 0.0000836 seconds, Stopping threads took: 0.0000182 seconds
2016-04-03T17:22:05.818-0800: 777.455: Total time for which application threads were stopped: 0.0000787 seconds, Stopping threads took: 0.0000106 seconds
2016-04-03T17:22:05.822-0800: 777.459: Total time for which application threads were stopped: 0.0001371 seconds, Stopping threads took: 0.0000242 seconds
2016-04-03T17:22:05.822-0800: 777.459: Total time for which application threads were stopped: 0.0000703 seconds, Stopping threads took: 0.0000211 seconds
2016-04-03T17:22:06.825-0800: 778.462: Total time for which application threads were stopped: 0.0002838 seconds, Stopping threads took: 0.0000562 seconds
2016-04-03T17:22:15.814-0800: 787.451: Total time for which application threads were stopped: 0.0001093 seconds, Stopping threads took: 0.0000270 seconds
2016-04-03T17:22:20.372-0800: 792.009: Total time for which application threads were stopped: 0.0001002 seconds, Stopping threads took: 0.0000240 seconds
2016-04-03T17:22:20.381-0800: 792.019: Total time for which application threads were stopped: 0.0001214 seconds, Stopping threads took: 0.0000433 seconds
2016-04-03T17:22:21.384-0800: 793.022: Total time for which application threads were stopped: 0.0002555 seconds, Stopping threads took: 0.0000532 seconds
2016-04-03T17:22:21.404-0800: 793.041: Total time for which application threads were stopped: 0.0001349 seconds, Stopping threads took: 0.0000383 seconds
2016-04-03T17:22:21.404-0800: 793.041: Total time for which application threads were stopped: 0.0000843 seconds, Stopping threads took: 0.0000171 seconds
2016-04-03T17:22:21.404-0800: 793.042: Total time for which application threads were stopped: 0.0000807 seconds, Stopping threads took: 0.0000153 seconds
2016-04-03T17:22:25.412-0800: 797.050: Total time for which application threads were stopped: 0.0002314 seconds, Stopping threads took: 0.0000491 seconds
2016-04-03T17:22:25.631-0800: 797.268: Total time for which application threads were stopped: 0.0001302 seconds, Stopping threads took: 0.0000253 seconds
2016-04-03T17:22:25.631-0800: 797.269: Total time for which application threads were stopped: 0.0000748 seconds, Stopping threads took: 0.0000161 seconds
2016-04-03T17:22:25.631-0800: 797.269: Total time for which application threads were stopped: 0.0000619 seconds, Stopping threads took: 0.0000104 seconds
2016-04-03T17:22:29.832-0800: 801.470: Total time for which application threads were stopped: 0.0000946 seconds, Stopping threads took: 0.0000148 seconds
2016-04-03T17:22:29.833-0800: 801.471: Total time for which application threads were stopped: 0.0000836 seconds, Stopping threads took: 0.0000342 seconds
2016-04-03T17:22:29.833-0800: 801.471: Total time for which application threads were stopped: 0.0001221 seconds, Stopping threads took: 0.0000799 seconds
2016-04-03T17:22:29.833-0800: 801.471: Total time for which application threads were stopped: 0.0000658 seconds, Stopping threads took: 0.0000267 seconds
2016-04-03T17:22:29.833-0800: 801.471: Total time for which application threads were stopped: 0.0000584 seconds, Stopping threads took: 0.0000211 seconds
2016-04-03T17:22:29.833-0800: 801.471: Total time for which application threads were stopped: 0.0000588 seconds, Stopping threads took: 0.0000219 seconds
2016-04-03T17:22:29.833-0800: 801.471: Total time for which application threads were stopped: 0.0000574 seconds, Stopping threads took: 0.0000107 seconds
2016-04-03T17:22:29.833-0800: 801.471: Total time for which application threads were stopped: 0.0000524 seconds, Stopping threads took: 0.0000141 seconds
2016-04-03T17:22:30.838-0800: 802.476: Total time for which application threads were stopped: 0.0001417 seconds, Stopping threads took: 0.0000595 seconds
2016-04-03T17:22:30.838-0800: 802.476: Total time for which application threads were stopped: 0.0000797 seconds, Stopping threads took: 0.0000353 seconds
2016-04-03T17:22:30.838-0800: 802.477: Total time for which application threads were stopped: 0.0000835 seconds, Stopping threads took: 0.0000311 seconds
2016-04-03T17:22:30.838-0800: 802.477: Total time for which application threads were stopped: 0.0000823 seconds, Stopping threads took: 0.0000240 seconds
2016-04-03T17:22:30.844-0800: 802.482: Total time for which application threads were stopped: 0.0000853 seconds, Stopping threads took: 0.0000208 seconds
2016-04-03T17:22:30.844-0800: 802.482: Total time for which application threads were stopped: 0.0000601 seconds, Stopping threads took: 0.0000092 seconds
2016-04-03T17:22:30.848-0800: 802.486: Total time for which application threads were stopped: 0.0000733 seconds, Stopping threads took: 0.0000119 seconds
2016-04-03T17:22:30.848-0800: 802.486: Total time for which application threads were stopped: 0.0000477 seconds, Stopping threads took: 0.0000144 seconds
2016-04-03T17:22:31.850-0800: 803.489: Total time for which application threads were stopped: 0.0001169 seconds, Stopping threads took: 0.0000277 seconds
2016-04-03T17:22:55.917-0800: 827.556: Total time for which application threads were stopped: 0.0002226 seconds, Stopping threads took: 0.0000488 seconds
2016-04-03T17:23:09.471-0800: 841.111: Total time for which application threads were stopped: 0.0001151 seconds, Stopping threads took: 0.0000276 seconds
2016-04-03T17:23:09.473-0800: 841.113: Total time for which application threads were stopped: 0.0000974 seconds, Stopping threads took: 0.0000128 seconds
2016-04-03T17:23:09.637-0800: 841.277: Total time for which application threads were stopped: 0.0001280 seconds, Stopping threads took: 0.0000157 seconds
2016-04-03T17:23:09.641-0800: 841.282: Total time for which application threads were stopped: 0.0000656 seconds, Stopping threads took: 0.0000121 seconds
2016-04-03T17:23:09.643-0800: 841.284: Total time for which application threads were stopped: 0.0000574 seconds, Stopping threads took: 0.0000102 seconds
2016-04-03T17:23:09.644-0800: 841.284: Total time for which application threads were stopped: 0.0000498 seconds, Stopping threads took: 0.0000083 seconds
2016-04-03T17:23:09.696-0800: 841.336: Total time for which application threads were stopped: 0.0000947 seconds, Stopping threads took: 0.0000249 seconds
2016-04-03T17:23:09.696-0800: 841.336: Total time for which application threads were stopped: 0.0000556 seconds, Stopping threads took: 0.0000100 seconds
2016-04-03T17:23:09.696-0800: 841.336: Total time for which application threads were stopped: 0.0000457 seconds, Stopping threads took: 0.0000097 seconds
2016-04-03T17:23:09.696-0800: 841.336: Total time for which application threads were stopped: 0.0000532 seconds, Stopping threads took: 0.0000192 seconds
2016-04-03T17:23:09.697-0800: 841.337: Total time for which application threads were stopped: 0.0000483 seconds, Stopping threads took: 0.0000081 seconds
2016-04-03T17:23:09.697-0800: 841.337: Total time for which application threads were stopped: 0.0000431 seconds, Stopping threads took: 0.0000072 seconds
2016-04-03T17:23:10.700-0800: 842.340: Total time for which application threads were stopped: 0.0002237 seconds, Stopping threads took: 0.0000558 seconds
2016-04-03T17:23:30.848-0800: 862.489: Total time for which application threads were stopped: 0.0001509 seconds, Stopping threads took: 0.0000535 seconds
2016-04-03T17:31:26.442-0800: 1338.106: Total time for which application threads were stopped: 0.0002135 seconds, Stopping threads took: 0.0000455 seconds
2016-04-03T17:35:46.200-0800: 1597.877: Total time for which application threads were stopped: 0.0001195 seconds, Stopping threads took: 0.0000187 seconds
2016-04-03T17:35:46.217-0800: 1597.894: Total time for which application threads were stopped: 0.0001069 seconds, Stopping threads took: 0.0000249 seconds
2016-04-03T17:35:46.218-0800: 1597.895: Total time for which application threads were stopped: 0.0000762 seconds, Stopping threads took: 0.0000322 seconds
2016-04-03T17:35:46.218-0800: 1597.895: Total time for which application threads were stopped: 0.0000804 seconds, Stopping threads took: 0.0000389 seconds
2016-04-03T17:35:46.219-0800: 1597.897: Total time for which application threads were stopped: 0.0000998 seconds, Stopping threads took: 0.0000549 seconds
2016-04-03T17:35:46.220-0800: 1597.897: Total time for which application threads were stopped: 0.0001331 seconds, Stopping threads took: 0.0000422 seconds
2016-04-03T17:35:46.220-0800: 1597.897: Total time for which application threads were stopped: 0.0001067 seconds, Stopping threads took: 0.0000342 seconds
2016-04-03T17:35:46.220-0800: 1597.898: Total time for which application threads were stopped: 0.0000831 seconds, Stopping threads took: 0.0000278 seconds
2016-04-03T17:35:46.223-0800: 1597.901: Total time for which application threads were stopped: 0.0000730 seconds, Stopping threads took: 0.0000241 seconds
2016-04-03T17:35:46.224-0800: 1597.901: Total time for which application threads were stopped: 0.0001334 seconds, Stopping threads took: 0.0000747 seconds
2016-04-03T17:35:46.227-0800: 1597.904: Total time for which application threads were stopped: 0.0000761 seconds, Stopping threads took: 0.0000115 seconds
2016-04-03T17:35:46.321-0800: 1597.998: Total time for which application threads were stopped: 0.0001525 seconds, Stopping threads took: 0.0000623 seconds
2016-04-03T17:35:46.321-0800: 1597.998: Total time for which application threads were stopped: 0.0000727 seconds, Stopping threads took: 0.0000080 seconds
2016-04-03T17:35:46.326-0800: 1598.003: Total time for which application threads were stopped: 0.0001304 seconds, Stopping threads took: 0.0000494 seconds
2016-04-03T17:35:46.326-0800: 1598.003: Total time for which application threads were stopped: 0.0000936 seconds, Stopping threads took: 0.0000338 seconds
2016-04-03T17:35:46.353-0800: 1598.030: Total time for which application threads were stopped: 0.0001144 seconds, Stopping threads took: 0.0000309 seconds
2016-04-03T17:35:46.353-0800: 1598.031: Total time for which application threads were stopped: 0.0000713 seconds, Stopping threads took: 0.0000105 seconds
2016-04-03T17:35:46.358-0800: 1598.035: Total time for which application threads were stopped: 0.0000995 seconds, Stopping threads took: 0.0000235 seconds
2016-04-03T17:35:46.358-0800: 1598.036: Total time for which application threads were stopped: 0.0000623 seconds, Stopping threads took: 0.0000144 seconds
2016-04-03T17:35:48.344-0800: 1600.022: Total time for which application threads were stopped: 0.0001103 seconds, Stopping threads took: 0.0000212 seconds
2016-04-03T17:35:48.344-0800: 1600.022: Total time for which application threads were stopped: 0.0000689 seconds, Stopping threads took: 0.0000092 seconds
2016-04-03T17:35:48.349-0800: 1600.026: Total time for which application threads were stopped: 0.0001128 seconds, Stopping threads took: 0.0000244 seconds
2016-04-03T17:35:48.349-0800: 1600.026: Total time for which application threads were stopped: 0.0000861 seconds, Stopping threads took: 0.0000289 seconds
2016-04-03T17:35:48.373-0800: 1600.050: Total time for which application threads were stopped: 0.0001389 seconds, Stopping threads took: 0.0000339 seconds
2016-04-03T17:35:48.373-0800: 1600.051: Total time for which application threads were stopped: 0.0000713 seconds, Stopping threads took: 0.0000106 seconds
2016-04-03T17:35:48.377-0800: 1600.055: Total time for which application threads were stopped: 0.0001409 seconds, Stopping threads took: 0.0000214 seconds
2016-04-03T17:35:48.377-0800: 1600.055: Total time for which application threads were stopped: 0.0000924 seconds, Stopping threads took: 0.0000163 seconds
2016-04-03T17:35:48.378-0800: 1600.055: Total time for which application threads were stopped: 0.0001123 seconds, Stopping threads took: 0.0000173 seconds
2016-04-03T17:35:48.550-0800: 1600.228: Total time for which application threads were stopped: 0.0001140 seconds, Stopping threads took: 0.0000237 seconds
2016-04-03T17:35:48.550-0800: 1600.228: Total time for which application threads were stopped: 0.0000577 seconds, Stopping threads took: 0.0000084 seconds
2016-04-03T17:35:48.554-0800: 1600.232: Total time for which application threads were stopped: 0.0000889 seconds, Stopping threads took: 0.0000236 seconds
2016-04-03T17:35:48.555-0800: 1600.232: Total time for which application threads were stopped: 0.0000935 seconds, Stopping threads took: 0.0000208 seconds
2016-04-03T17:35:48.577-0800: 1600.254: Total time for which application threads were stopped: 0.0001091 seconds, Stopping threads took: 0.0000253 seconds
2016-04-03T17:35:48.577-0800: 1600.254: Total time for which application threads were stopped: 0.0000757 seconds, Stopping threads took: 0.0000100 seconds
2016-04-03T17:35:48.582-0800: 1600.259: Total time for which application threads were stopped: 0.0001614 seconds, Stopping threads took: 0.0000400 seconds
2016-04-03T17:35:48.582-0800: 1600.260: Total time for which application threads were stopped: 0.0001391 seconds, Stopping threads took: 0.0000285 seconds
2016-04-03T17:35:48.615-0800: 1600.293: Total time for which application threads were stopped: 0.0001858 seconds, Stopping threads took: 0.0000800 seconds
2016-04-03T17:35:48.621-0800: 1600.299: Total time for which application threads were stopped: 0.0001331 seconds, Stopping threads took: 0.0000167 seconds
2016-04-03T17:35:48.705-0800: 1600.383: Total time for which application threads were stopped: 0.0001466 seconds, Stopping threads took: 0.0000281 seconds
2016-04-03T17:35:48.706-0800: 1600.383: Total time for which application threads were stopped: 0.0002422 seconds, Stopping threads took: 0.0000385 seconds
2016-04-03T17:35:48.713-0800: 1600.390: Total time for which application threads were stopped: 0.0000997 seconds, Stopping threads took: 0.0000229 seconds
2016-04-03T17:35:48.713-0800: 1600.390: Total time for which application threads were stopped: 0.0000827 seconds, Stopping threads took: 0.0000185 seconds
2016-04-03T17:35:48.735-0800: 1600.412: Total time for which application threads were stopped: 0.0000883 seconds, Stopping threads took: 0.0000130 seconds
2016-04-03T17:35:48.735-0800: 1600.413: Total time for which application threads were stopped: 0.0000649 seconds, Stopping threads took: 0.0000174 seconds
2016-04-03T17:35:48.740-0800: 1600.418: Total time for which application threads were stopped: 0.0002817 seconds, Stopping threads took: 0.0000781 seconds
2016-04-03T17:35:48.740-0800: 1600.418: Total time for which application threads were stopped: 0.0001794 seconds, Stopping threads took: 0.0000464 seconds
2016-04-03T17:35:51.916-0800: 1603.594: Total time for which application threads were stopped: 0.0000885 seconds, Stopping threads took: 0.0000243 seconds
2016-04-03T17:35:51.931-0800: 1603.609: Total time for which application threads were stopped: 0.0001602 seconds, Stopping threads took: 0.0000455 seconds
2016-04-03T17:35:51.931-0800: 1603.609: Total time for which application threads were stopped: 0.0000675 seconds, Stopping threads took: 0.0000106 seconds
2016-04-03T17:35:51.936-0800: 1603.613: Total time for which application threads were stopped: 0.0000912 seconds, Stopping threads took: 0.0000295 seconds
2016-04-03T17:35:51.936-0800: 1603.614: Total time for which application threads were stopped: 0.0000609 seconds, Stopping threads took: 0.0000225 seconds
2016-04-03T17:35:52.772-0800: 1604.449: Total time for which application threads were stopped: 0.0001138 seconds, Stopping threads took: 0.0000271 seconds
2016-04-03T17:35:52.772-0800: 1604.450: Total time for which application threads were stopped: 0.0000526 seconds, Stopping threads took: 0.0000088 seconds
2016-04-03T17:35:52.778-0800: 1604.456: Total time for which application threads were stopped: 0.0001184 seconds, Stopping threads took: 0.0000227 seconds
2016-04-03T17:35:52.778-0800: 1604.456: Total time for which application threads were stopped: 0.0000757 seconds, Stopping threads took: 0.0000207 seconds
2016-04-03T17:35:52.799-0800: 1604.477: Total time for which application threads were stopped: 0.0000970 seconds, Stopping threads took: 0.0000257 seconds
2016-04-03T17:35:52.800-0800: 1604.477: Total time for which application threads were stopped: 0.0000747 seconds, Stopping threads took: 0.0000215 seconds
2016-04-03T17:35:52.804-0800: 1604.481: Total time for which application threads were stopped: 0.0001137 seconds, Stopping threads took: 0.0000491 seconds
2016-04-03T17:35:52.804-0800: 1604.481: Total time for which application threads were stopped: 0.0000678 seconds, Stopping threads took: 0.0000186 seconds
2016-04-03T17:35:54.380-0800: 1606.058: Total time for which application threads were stopped: 0.0001600 seconds, Stopping threads took: 0.0000358 seconds
2016-04-03T17:35:54.380-0800: 1606.058: Total time for which application threads were stopped: 0.0001047 seconds, Stopping threads took: 0.0000253 seconds
2016-04-03T17:35:54.385-0800: 1606.063: Total time for which application threads were stopped: 0.0001278 seconds, Stopping threads took: 0.0000298 seconds
2016-04-03T17:35:54.386-0800: 1606.063: Total time for which application threads were stopped: 0.0000909 seconds, Stopping threads took: 0.0000341 seconds
2016-04-03T17:35:55.389-0800: 1607.067: Total time for which application threads were stopped: 0.0001353 seconds, Stopping threads took: 0.0000309 seconds
2016-04-03T17:36:03.124-0800: 1614.802: Total time for which application threads were stopped: 0.0000878 seconds, Stopping threads took: 0.0000183 seconds
2016-04-03T17:36:07.883-0800: 1619.561: Total time for which application threads were stopped: 0.0000980 seconds, Stopping threads took: 0.0000194 seconds
2016-04-03T17:36:07.883-0800: 1619.562: Total time for which application threads were stopped: 0.0000524 seconds, Stopping threads took: 0.0000091 seconds
2016-04-03T17:36:08.884-0800: 1620.562: Total time for which application threads were stopped: 0.0002282 seconds, Stopping threads took: 0.0000905 seconds
2016-04-03T17:36:08.894-0800: 1620.572: Total time for which application threads were stopped: 0.0001268 seconds, Stopping threads took: 0.0000304 seconds
2016-04-03T17:36:08.894-0800: 1620.572: Total time for which application threads were stopped: 0.0001133 seconds, Stopping threads took: 0.0000375 seconds
2016-04-03T17:36:08.894-0800: 1620.573: Total time for which application threads were stopped: 0.0000686 seconds, Stopping threads took: 0.0000127 seconds
2016-04-03T17:36:12.283-0800: 1623.962: Total time for which application threads were stopped: 0.0001183 seconds, Stopping threads took: 0.0000174 seconds
2016-04-03T17:36:12.283-0800: 1623.962: Total time for which application threads were stopped: 0.0000568 seconds, Stopping threads took: 0.0000114 seconds
2016-04-03T17:36:12.284-0800: 1623.962: Total time for which application threads were stopped: 0.0000628 seconds, Stopping threads took: 0.0000193 seconds
2016-04-03T17:36:12.284-0800: 1623.962: Total time for which application threads were stopped: 0.0000464 seconds, Stopping threads took: 0.0000091 seconds
2016-04-03T17:36:12.284-0800: 1623.962: Total time for which application threads were stopped: 0.0000568 seconds, Stopping threads took: 0.0000117 seconds
2016-04-03T17:36:13.285-0800: 1624.964: Total time for which application threads were stopped: 0.0002383 seconds, Stopping threads took: 0.0000558 seconds
2016-04-03T17:36:13.750-0800: 1625.429: Total time for which application threads were stopped: 0.0001789 seconds, Stopping threads took: 0.0000425 seconds
2016-04-03T17:36:13.750-0800: 1625.429: Total time for which application threads were stopped: 0.0000845 seconds, Stopping threads took: 0.0000107 seconds
2016-04-03T17:36:13.755-0800: 1625.434: Total time for which application threads were stopped: 0.0001213 seconds, Stopping threads took: 0.0000212 seconds
2016-04-03T17:36:13.755-0800: 1625.434: Total time for which application threads were stopped: 0.0000626 seconds, Stopping threads took: 0.0000154 seconds
2016-04-03T17:36:52.938-0800: 1664.619: Total time for which application threads were stopped: 0.0001178 seconds, Stopping threads took: 0.0000279 seconds
2016-04-03T17:36:53.061-0800: 1664.742: Total time for which application threads were stopped: 0.0001324 seconds, Stopping threads took: 0.0000143 seconds
2016-04-03T17:36:53.066-0800: 1664.747: Total time for which application threads were stopped: 0.0000728 seconds, Stopping threads took: 0.0000117 seconds
2016-04-03T17:36:53.068-0800: 1664.749: Total time for which application threads were stopped: 0.0000966 seconds, Stopping threads took: 0.0000159 seconds
2016-04-03T17:36:53.069-0800: 1664.749: Total time for which application threads were stopped: 0.0000543 seconds, Stopping threads took: 0.0000078 seconds
{Heap before GC invocations=9 (full 1):
 par new generation   total 109248K, used 109248K [0x00000007a0000000, 0x00000007a8000000, 0x00000007a8000000)
  eden space 87424K, 100% used [0x00000007a0000000, 0x00000007a5560000, 0x00000007a5560000)
  from space 21824K, 100% used [0x00000007a6ab0000, 0x00000007a8000000, 0x00000007a8000000)
  to   space 21824K,   0% used [0x00000007a5560000, 0x00000007a5560000, 0x00000007a6ab0000)
 concurrent mark-sweep generation total 393216K, used 3995K [0x00000007a8000000, 0x00000007c0000000, 0x00000007c0000000)
 Metaspace       used 32207K, capacity 32658K, committed 33020K, reserved 1079296K
  class space    used 3655K, capacity 3756K, committed 3836K, reserved 1048576K
2016-04-03T17:36:53.094-0800: 1664.774: [GC (Allocation Failure) 2016-04-03T17:36:53.094-0800: 1664.774: [ParNew
Desired survivor size 20112992 bytes, new threshold 8 (max 8)
- age   1:    2985792 bytes,    2985792 total
- age   2:    5345312 bytes,    8331104 total
- age   3:    9520464 bytes,   17851568 total
- age   4:     150000 bytes,   18001568 total
- age   5:       1888 bytes,   18003456 total
- age   6:     123592 bytes,   18127048 total
- age   7:     104024 bytes,   18231072 total
- age   8:     276456 bytes,   18507528 total
: 109248K->21824K(109248K), 0.0165489 secs] 113243K->29805K(502464K), 0.0165945 secs] [Times: user=0.07 sys=0.00, real=0.02 secs] 
Heap after GC invocations=10 (full 1):
 par new generation   total 109248K, used 21824K [0x00000007a0000000, 0x00000007a8000000, 0x00000007a8000000)
  eden space 87424K,   0% used [0x00000007a0000000, 0x00000007a0000000, 0x00000007a5560000)
  from space 21824K, 100% used [0x00000007a5560000, 0x00000007a6ab0000, 0x00000007a6ab0000)
  to   space 21824K,   0% used [0x00000007a6ab0000, 0x00000007a6ab0000, 0x00000007a8000000)
 concurrent mark-sweep generation total 393216K, used 7981K [0x00000007a8000000, 0x00000007c0000000, 0x00000007c0000000)
 Metaspace       used 32207K, capacity 32658K, committed 33020K, reserved 1079296K
  class space    used 3655K, capacity 3756K, committed 3836K, reserved 1048576K
}
2016-04-03T17:36:53.110-0800: 1664.791: Total time for which application threads were stopped: 0.0167768 seconds, Stopping threads took: 0.0000250 seconds
2016-04-03T17:36:53.120-0800: 1664.801: Total time for which application threads were stopped: 0.0001017 seconds, Stopping threads took: 0.0000163 seconds
2016-04-03T17:36:53.120-0800: 1664.801: Total time for which application threads were stopped: 0.0000929 seconds, Stopping threads took: 0.0000529 seconds
2016-04-03T17:36:53.121-0800: 1664.801: Total time for which application threads were stopped: 0.0001008 seconds, Stopping threads took: 0.0000235 seconds
2016-04-03T17:36:53.121-0800: 1664.801: Total time for which application threads were stopped: 0.0000527 seconds, Stopping threads took: 0.0000090 seconds
2016-04-03T17:36:53.121-0800: 1664.802: Total time for which application threads were stopped: 0.0001156 seconds, Stopping threads took: 0.0000695 seconds
2016-04-03T17:37:13.758-0800: 1685.439: Total time for which application threads were stopped: 0.0002630 seconds, Stopping threads took: 0.0000284 seconds
2016-04-03T17:43:13.832-0800: 2045.531: Total time for which application threads were stopped: 0.0001023 seconds, Stopping threads took: 0.0000169 seconds
2016-04-03T17:43:13.837-0800: 2045.536: Total time for which application threads were stopped: 0.0001088 seconds, Stopping threads took: 0.0000180 seconds
2016-04-03T17:43:13.837-0800: 2045.537: Total time for which application threads were stopped: 0.0000529 seconds, Stopping threads took: 0.0000082 seconds
2016-04-03T17:43:13.838-0800: 2045.537: Total time for which application threads were stopped: 0.0000693 seconds, Stopping threads took: 0.0000260 seconds
2016-04-03T17:43:13.839-0800: 2045.538: Total time for which application threads were stopped: 0.0000575 seconds, Stopping threads took: 0.0000117 seconds
2016-04-03T17:43:13.848-0800: 2045.547: Total time for which application threads were stopped: 0.0001255 seconds, Stopping threads took: 0.0000237 seconds
2016-04-03T17:43:13.848-0800: 2045.547: Total time for which application threads were stopped: 0.0000596 seconds, Stopping threads took: 0.0000189 seconds
2016-04-03T17:43:13.848-0800: 2045.547: Total time for which application threads were stopped: 0.0000661 seconds, Stopping threads took: 0.0000180 seconds
2016-04-03T17:43:13.848-0800: 2045.548: Total time for which application threads were stopped: 0.0000742 seconds, Stopping threads took: 0.0000161 seconds
2016-04-03T17:43:13.849-0800: 2045.548: Total time for which application threads were stopped: 0.0000695 seconds, Stopping threads took: 0.0000212 seconds
2016-04-03T17:43:13.849-0800: 2045.548: Total time for which application threads were stopped: 0.0000639 seconds, Stopping threads took: 0.0000168 seconds
2016-04-03T17:43:13.849-0800: 2045.548: Total time for which application threads were stopped: 0.0000631 seconds, Stopping threads took: 0.0000168 seconds
2016-04-03T17:43:25.164-0800: 2056.864: Total time for which application threads were stopped: 0.0002026 seconds, Stopping threads took: 0.0000257 seconds
2016-04-03T17:43:25.186-0800: 2056.886: Total time for which application threads were stopped: 0.0001329 seconds, Stopping threads took: 0.0000210 seconds
2016-04-03T17:43:25.187-0800: 2056.887: Total time for which application threads were stopped: 0.0000694 seconds, Stopping threads took: 0.0000162 seconds
2016-04-03T17:43:25.191-0800: 2056.891: Total time for which application threads were stopped: 0.0000853 seconds, Stopping threads took: 0.0000217 seconds
2016-04-03T17:43:25.191-0800: 2056.891: Total time for which application threads were stopped: 0.0000554 seconds, Stopping threads took: 0.0000098 seconds
2016-04-03T17:43:25.206-0800: 2056.906: Total time for which application threads were stopped: 0.0001067 seconds, Stopping threads took: 0.0000262 seconds
2016-04-03T17:43:25.207-0800: 2056.906: Total time for which application threads were stopped: 0.0001037 seconds, Stopping threads took: 0.0000347 seconds
2016-04-03T17:43:25.207-0800: 2056.906: Total time for which application threads were stopped: 0.0000981 seconds, Stopping threads took: 0.0000483 seconds
2016-04-03T17:43:26.212-0800: 2057.912: Total time for which application threads were stopped: 0.0002262 seconds, Stopping threads took: 0.0000473 seconds
2016-04-03T17:43:38.153-0800: 2069.854: Total time for which application threads were stopped: 0.0001128 seconds, Stopping threads took: 0.0000311 seconds
2016-04-03T17:43:38.168-0800: 2069.869: Total time for which application threads were stopped: 0.0001057 seconds, Stopping threads took: 0.0000177 seconds
2016-04-03T17:43:38.169-0800: 2069.869: Total time for which application threads were stopped: 0.0001203 seconds, Stopping threads took: 0.0000341 seconds
2016-04-03T17:43:38.169-0800: 2069.870: Total time for which application threads were stopped: 0.0001414 seconds, Stopping threads took: 0.0000747 seconds
2016-04-03T17:43:38.169-0800: 2069.870: Total time for which application threads were stopped: 0.0001322 seconds, Stopping threads took: 0.0000592 seconds
2016-04-03T17:43:38.170-0800: 2069.870: Total time for which application threads were stopped: 0.0001077 seconds, Stopping threads took: 0.0000539 seconds
2016-04-03T17:43:38.170-0800: 2069.870: Total time for which application threads were stopped: 0.0000799 seconds, Stopping threads took: 0.0000101 seconds
2016-04-03T17:43:38.173-0800: 2069.873: Total time for which application threads were stopped: 0.0001004 seconds, Stopping threads took: 0.0000220 seconds
2016-04-03T17:43:38.173-0800: 2069.873: Total time for which application threads were stopped: 0.0001318 seconds, Stopping threads took: 0.0000606 seconds
2016-04-03T17:43:38.173-0800: 2069.874: Total time for which application threads were stopped: 0.0001458 seconds, Stopping threads took: 0.0000524 seconds
2016-04-03T17:43:38.176-0800: 2069.877: Total time for which application threads were stopped: 0.0001308 seconds, Stopping threads took: 0.0000609 seconds
2016-04-03T17:43:38.257-0800: 2069.958: Total time for which application threads were stopped: 0.0001516 seconds, Stopping threads took: 0.0000376 seconds
2016-04-03T17:43:38.258-0800: 2069.958: Total time for which application threads were stopped: 0.0000619 seconds, Stopping threads took: 0.0000129 seconds
2016-04-03T17:43:38.263-0800: 2069.963: Total time for which application threads were stopped: 0.0001024 seconds, Stopping threads took: 0.0000299 seconds
2016-04-03T17:43:38.263-0800: 2069.963: Total time for which application threads were stopped: 0.0000547 seconds, Stopping threads took: 0.0000120 seconds
2016-04-03T17:43:38.280-0800: 2069.980: Total time for which application threads were stopped: 0.0001450 seconds, Stopping threads took: 0.0000562 seconds
2016-04-03T17:43:38.280-0800: 2069.981: Total time for which application threads were stopped: 0.0001564 seconds, Stopping threads took: 0.0000963 seconds
2016-04-03T17:43:38.280-0800: 2069.981: Total time for which application threads were stopped: 0.0001834 seconds, Stopping threads took: 0.0000405 seconds
2016-04-03T17:43:38.280-0800: 2069.981: Total time for which application threads were stopped: 0.0000998 seconds, Stopping threads took: 0.0000285 seconds
2016-04-03T17:43:38.281-0800: 2069.981: Total time for which application threads were stopped: 0.0001714 seconds, Stopping threads took: 0.0000931 seconds
2016-04-03T17:43:38.282-0800: 2069.982: Total time for which application threads were stopped: 0.0002218 seconds, Stopping threads took: 0.0000700 seconds
2016-04-03T17:43:38.282-0800: 2069.983: Total time for which application threads were stopped: 0.0001911 seconds, Stopping threads took: 0.0000864 seconds
2016-04-03T17:43:38.282-0800: 2069.983: Total time for which application threads were stopped: 0.0002108 seconds, Stopping threads took: 0.0001136 seconds
2016-04-03T17:43:38.283-0800: 2069.983: Total time for which application threads were stopped: 0.0001275 seconds, Stopping threads took: 0.0000718 seconds
2016-04-03T17:43:38.283-0800: 2069.983: Total time for which application threads were stopped: 0.0001314 seconds, Stopping threads took: 0.0000652 seconds
2016-04-03T17:43:38.283-0800: 2069.984: Total time for which application threads were stopped: 0.0001021 seconds, Stopping threads took: 0.0000516 seconds
2016-04-03T17:43:38.283-0800: 2069.984: Total time for which application threads were stopped: 0.0001163 seconds, Stopping threads took: 0.0000532 seconds
2016-04-03T17:43:38.283-0800: 2069.984: Total time for which application threads were stopped: 0.0000827 seconds, Stopping threads took: 0.0000288 seconds
2016-04-03T17:43:38.284-0800: 2069.984: Total time for which application threads were stopped: 0.0001213 seconds, Stopping threads took: 0.0000492 seconds
2016-04-03T17:43:38.284-0800: 2069.985: Total time for which application threads were stopped: 0.0000783 seconds, Stopping threads took: 0.0000292 seconds
2016-04-03T17:43:38.287-0800: 2069.988: Total time for which application threads were stopped: 0.0000908 seconds, Stopping threads took: 0.0000215 seconds
2016-04-03T17:43:38.287-0800: 2069.988: Total time for which application threads were stopped: 0.0000686 seconds, Stopping threads took: 0.0000079 seconds
2016-04-03T17:43:38.292-0800: 2069.992: Total time for which application threads were stopped: 0.0000784 seconds, Stopping threads took: 0.0000118 seconds
2016-04-03T17:43:38.292-0800: 2069.992: Total time for which application threads were stopped: 0.0000703 seconds, Stopping threads took: 0.0000153 seconds
2016-04-03T17:43:43.788-0800: 2075.489: Total time for which application threads were stopped: 0.0001363 seconds, Stopping threads took: 0.0000190 seconds
2016-04-03T17:43:43.789-0800: 2075.489: Total time for which application threads were stopped: 0.0000842 seconds, Stopping threads took: 0.0000094 seconds
2016-04-03T17:43:43.793-0800: 2075.494: Total time for which application threads were stopped: 0.0001667 seconds, Stopping threads took: 0.0000587 seconds
2016-04-03T17:43:43.794-0800: 2075.494: Total time for which application threads were stopped: 0.0000528 seconds, Stopping threads took: 0.0000084 seconds
2016-04-03T17:43:44.794-0800: 2076.494: Total time for which application threads were stopped: 0.0001264 seconds, Stopping threads took: 0.0000277 seconds
2016-04-03T17:43:48.777-0800: 2080.478: Total time for which application threads were stopped: 0.0001183 seconds, Stopping threads took: 0.0000280 seconds
2016-04-03T17:44:28.900-0800: 2120.603: Total time for which application threads were stopped: 0.0002276 seconds, Stopping threads took: 0.0000501 seconds
2016-04-03T17:44:43.792-0800: 2135.496: Total time for which application threads were stopped: 0.0001405 seconds, Stopping threads took: 0.0000290 seconds
2016-04-03T17:45:28.173-0800: 2179.879: Total time for which application threads were stopped: 0.0001156 seconds, Stopping threads took: 0.0000174 seconds
2016-04-03T17:45:28.273-0800: 2179.979: Total time for which application threads were stopped: 0.0001276 seconds, Stopping threads took: 0.0000261 seconds
2016-04-03T17:45:28.279-0800: 2179.985: Total time for which application threads were stopped: 0.0001511 seconds, Stopping threads took: 0.0000246 seconds
2016-04-03T17:45:28.281-0800: 2179.987: Total time for which application threads were stopped: 0.0000928 seconds, Stopping threads took: 0.0000135 seconds
2016-04-03T17:45:28.281-0800: 2179.987: Total time for which application threads were stopped: 0.0000534 seconds, Stopping threads took: 0.0000081 seconds
2016-04-03T17:45:28.302-0800: 2180.007: Total time for which application threads were stopped: 0.0000821 seconds, Stopping threads took: 0.0000163 seconds
2016-04-03T17:45:28.302-0800: 2180.008: Total time for which application threads were stopped: 0.0000736 seconds, Stopping threads took: 0.0000114 seconds
2016-04-03T17:45:28.304-0800: 2180.010: Total time for which application threads were stopped: 0.0000733 seconds, Stopping threads took: 0.0000247 seconds
2016-04-03T17:45:28.316-0800: 2180.022: Total time for which application threads were stopped: 0.0001691 seconds, Stopping threads took: 0.0000116 seconds
2016-04-03T17:45:28.317-0800: 2180.022: Total time for which application threads were stopped: 0.0000780 seconds, Stopping threads took: 0.0000306 seconds
2016-04-03T17:45:28.317-0800: 2180.023: Total time for which application threads were stopped: 0.0000536 seconds, Stopping threads took: 0.0000191 seconds
2016-04-03T17:45:28.317-0800: 2180.023: Total time for which application threads were stopped: 0.0001113 seconds, Stopping threads took: 0.0000664 seconds
2016-04-03T17:45:28.317-0800: 2180.023: Total time for which application threads were stopped: 0.0000736 seconds, Stopping threads took: 0.0000311 seconds
2016-04-03T17:50:00.214-0800: 2451.933: Total time for which application threads were stopped: 0.0001174 seconds, Stopping threads took: 0.0000208 seconds
2016-04-03T17:50:00.229-0800: 2451.948: Total time for which application threads were stopped: 0.0001258 seconds, Stopping threads took: 0.0000203 seconds
2016-04-03T17:50:00.230-0800: 2451.949: Total time for which application threads were stopped: 0.0001587 seconds, Stopping threads took: 0.0000929 seconds
2016-04-03T17:50:00.230-0800: 2451.949: Total time for which application threads were stopped: 0.0001029 seconds, Stopping threads took: 0.0000603 seconds
2016-04-03T17:50:00.230-0800: 2451.949: Total time for which application threads were stopped: 0.0001080 seconds, Stopping threads took: 0.0000436 seconds
2016-04-03T17:50:00.230-0800: 2451.949: Total time for which application threads were stopped: 0.0001342 seconds, Stopping threads took: 0.0000500 seconds
2016-04-03T17:50:00.230-0800: 2451.950: Total time for which application threads were stopped: 0.0001342 seconds, Stopping threads took: 0.0000777 seconds
2016-04-03T17:50:00.231-0800: 2451.950: Total time for which application threads were stopped: 0.0001541 seconds, Stopping threads took: 0.0000854 seconds
2016-04-03T17:50:00.233-0800: 2451.952: Total time for which application threads were stopped: 0.0001639 seconds, Stopping threads took: 0.0000743 seconds
2016-04-03T17:50:00.233-0800: 2451.952: Total time for which application threads were stopped: 0.0001065 seconds, Stopping threads took: 0.0000440 seconds
2016-04-03T17:50:00.234-0800: 2451.953: Total time for which application threads were stopped: 0.0001322 seconds, Stopping threads took: 0.0000569 seconds
2016-04-03T17:50:00.236-0800: 2451.956: Total time for which application threads were stopped: 0.0001390 seconds, Stopping threads took: 0.0000588 seconds
2016-04-03T17:50:00.266-0800: 2451.985: Total time for which application threads were stopped: 0.0001506 seconds, Stopping threads took: 0.0000268 seconds
2016-04-03T17:50:00.312-0800: 2452.032: Total time for which application threads were stopped: 0.0001684 seconds, Stopping threads took: 0.0000608 seconds
2016-04-03T17:50:00.312-0800: 2452.032: Total time for which application threads were stopped: 0.0000813 seconds, Stopping threads took: 0.0000171 seconds
2016-04-03T17:50:00.317-0800: 2452.037: Total time for which application threads were stopped: 0.0000896 seconds, Stopping threads took: 0.0000223 seconds
2016-04-03T17:50:00.317-0800: 2452.037: Total time for which application threads were stopped: 0.0000684 seconds, Stopping threads took: 0.0000214 seconds
2016-04-03T17:50:00.318-0800: 2452.037: Total time for which application threads were stopped: 0.0000765 seconds, Stopping threads took: 0.0000218 seconds
2016-04-03T17:50:00.318-0800: 2452.037: Total time for which application threads were stopped: 0.0000897 seconds, Stopping threads took: 0.0000159 seconds
2016-04-03T17:50:00.340-0800: 2452.059: Total time for which application threads were stopped: 0.0000809 seconds, Stopping threads took: 0.0000137 seconds
2016-04-03T17:50:00.340-0800: 2452.059: Total time for which application threads were stopped: 0.0000505 seconds, Stopping threads took: 0.0000064 seconds
2016-04-03T17:50:00.345-0800: 2452.064: Total time for which application threads were stopped: 0.0000928 seconds, Stopping threads took: 0.0000216 seconds
2016-04-03T17:50:00.345-0800: 2452.064: Total time for which application threads were stopped: 0.0000479 seconds, Stopping threads took: 0.0000081 seconds
2016-04-03T17:50:01.286-0800: 2453.005: Total time for which application threads were stopped: 0.0001540 seconds, Stopping threads took: 0.0000455 seconds
2016-04-03T17:50:01.286-0800: 2453.005: Total time for which application threads were stopped: 0.0000737 seconds, Stopping threads took: 0.0000197 seconds
2016-04-03T17:50:01.290-0800: 2453.010: Total time for which application threads were stopped: 0.0000915 seconds, Stopping threads took: 0.0000215 seconds
2016-04-03T17:50:01.290-0800: 2453.010: Total time for which application threads were stopped: 0.0000998 seconds, Stopping threads took: 0.0000197 seconds
2016-04-03T17:50:01.311-0800: 2453.030: Total time for which application threads were stopped: 0.0001077 seconds, Stopping threads took: 0.0000251 seconds
2016-04-03T17:50:01.311-0800: 2453.030: Total time for which application threads were stopped: 0.0000670 seconds, Stopping threads took: 0.0000096 seconds
2016-04-03T17:50:01.315-0800: 2453.034: Total time for which application threads were stopped: 0.0000749 seconds, Stopping threads took: 0.0000105 seconds
2016-04-03T17:50:01.315-0800: 2453.035: Total time for which application threads were stopped: 0.0000494 seconds, Stopping threads took: 0.0000111 seconds
2016-04-03T17:50:01.485-0800: 2453.205: Total time for which application threads were stopped: 0.0001093 seconds, Stopping threads took: 0.0000163 seconds
2016-04-03T17:50:01.486-0800: 2453.205: Total time for which application threads were stopped: 0.0000436 seconds, Stopping threads took: 0.0000048 seconds
2016-04-03T17:50:01.490-0800: 2453.209: Total time for which application threads were stopped: 0.0000948 seconds, Stopping threads took: 0.0000207 seconds
2016-04-03T17:50:01.490-0800: 2453.209: Total time for which application threads were stopped: 0.0000586 seconds, Stopping threads took: 0.0000063 seconds
2016-04-03T17:50:01.515-0800: 2453.234: Total time for which application threads were stopped: 0.0001417 seconds, Stopping threads took: 0.0000518 seconds
2016-04-03T17:50:01.515-0800: 2453.234: Total time for which application threads were stopped: 0.0000529 seconds, Stopping threads took: 0.0000095 seconds
2016-04-03T17:50:01.519-0800: 2453.238: Total time for which application threads were stopped: 0.0001769 seconds, Stopping threads took: 0.0000391 seconds
2016-04-03T17:50:01.519-0800: 2453.239: Total time for which application threads were stopped: 0.0001261 seconds, Stopping threads took: 0.0000363 seconds
2016-04-03T17:50:01.519-0800: 2453.239: Total time for which application threads were stopped: 0.0001257 seconds, Stopping threads took: 0.0000387 seconds
2016-04-03T17:50:06.506-0800: 2458.226: Total time for which application threads were stopped: 0.0001360 seconds, Stopping threads took: 0.0000278 seconds
2016-04-03T17:50:11.509-0800: 2463.229: Total time for which application threads were stopped: 0.0001183 seconds, Stopping threads took: 0.0000276 seconds
2016-04-03T17:51:01.522-0800: 2513.244: Total time for which application threads were stopped: 0.0001266 seconds, Stopping threads took: 0.0000259 seconds
2016-04-03T17:52:35.281-0800: 2607.007: Total time for which application threads were stopped: 0.0001174 seconds, Stopping threads took: 0.0000324 seconds
2016-04-03T17:52:35.294-0800: 2607.021: Total time for which application threads were stopped: 0.0001758 seconds, Stopping threads took: 0.0000254 seconds
2016-04-03T17:52:35.295-0800: 2607.022: Total time for which application threads were stopped: 0.0001466 seconds, Stopping threads took: 0.0000819 seconds
2016-04-03T17:52:35.295-0800: 2607.022: Total time for which application threads were stopped: 0.0001237 seconds, Stopping threads took: 0.0000454 seconds
2016-04-03T17:52:35.295-0800: 2607.022: Total time for which application threads were stopped: 0.0001019 seconds, Stopping threads took: 0.0000498 seconds
2016-04-03T17:52:35.297-0800: 2607.024: Total time for which application threads were stopped: 0.0001376 seconds, Stopping threads took: 0.0000532 seconds
2016-04-03T17:52:35.297-0800: 2607.024: Total time for which application threads were stopped: 0.0001333 seconds, Stopping threads took: 0.0000616 seconds
2016-04-03T17:52:35.298-0800: 2607.025: Total time for which application threads were stopped: 0.0000644 seconds, Stopping threads took: 0.0000201 seconds
2016-04-03T17:52:35.298-0800: 2607.025: Total time for which application threads were stopped: 0.0001069 seconds, Stopping threads took: 0.0000523 seconds
2016-04-03T17:52:35.301-0800: 2607.028: Total time for which application threads were stopped: 0.0000864 seconds, Stopping threads took: 0.0000430 seconds
2016-04-03T17:52:35.301-0800: 2607.028: Total time for which application threads were stopped: 0.0001305 seconds, Stopping threads took: 0.0000570 seconds
2016-04-03T17:52:35.301-0800: 2607.028: Total time for which application threads were stopped: 0.0001184 seconds, Stopping threads took: 0.0000434 seconds
2016-04-03T17:52:35.304-0800: 2607.031: Total time for which application threads were stopped: 0.0001102 seconds, Stopping threads took: 0.0000451 seconds
2016-04-03T17:52:35.377-0800: 2607.104: Total time for which application threads were stopped: 0.0001917 seconds, Stopping threads took: 0.0000328 seconds
2016-04-03T17:52:35.377-0800: 2607.104: Total time for which application threads were stopped: 0.0000728 seconds, Stopping threads took: 0.0000271 seconds
2016-04-03T17:52:35.384-0800: 2607.111: Total time for which application threads were stopped: 0.0000958 seconds, Stopping threads took: 0.0000123 seconds
2016-04-03T17:52:35.384-0800: 2607.111: Total time for which application threads were stopped: 0.0000828 seconds, Stopping threads took: 0.0000178 seconds
2016-04-03T17:52:35.417-0800: 2607.144: Total time for which application threads were stopped: 0.0002000 seconds, Stopping threads took: 0.0000583 seconds
2016-04-03T17:52:35.417-0800: 2607.144: Total time for which application threads were stopped: 0.0001011 seconds, Stopping threads took: 0.0000109 seconds
2016-04-03T17:52:35.422-0800: 2607.148: Total time for which application threads were stopped: 0.0000960 seconds, Stopping threads took: 0.0000236 seconds
2016-04-03T17:52:35.422-0800: 2607.149: Total time for which application threads were stopped: 0.0000746 seconds, Stopping threads took: 0.0000199 seconds
2016-04-03T17:52:36.649-0800: 2608.376: Total time for which application threads were stopped: 0.0001389 seconds, Stopping threads took: 0.0000305 seconds
2016-04-03T17:52:36.649-0800: 2608.376: Total time for which application threads were stopped: 0.0000574 seconds, Stopping threads took: 0.0000154 seconds
2016-04-03T17:52:36.654-0800: 2608.381: Total time for which application threads were stopped: 0.0001122 seconds, Stopping threads took: 0.0000298 seconds
2016-04-03T17:52:36.654-0800: 2608.381: Total time for which application threads were stopped: 0.0001087 seconds, Stopping threads took: 0.0000410 seconds
2016-04-03T17:52:37.657-0800: 2609.384: Total time for which application threads were stopped: 0.0001089 seconds, Stopping threads took: 0.0000318 seconds
2016-04-03T17:52:37.687-0800: 2609.414: Total time for which application threads were stopped: 0.0000974 seconds, Stopping threads took: 0.0000134 seconds
2016-04-03T17:52:37.687-0800: 2609.414: Total time for which application threads were stopped: 0.0000652 seconds, Stopping threads took: 0.0000084 seconds
2016-04-03T17:52:37.692-0800: 2609.419: Total time for which application threads were stopped: 0.0000808 seconds, Stopping threads took: 0.0000185 seconds
2016-04-03T17:52:37.692-0800: 2609.419: Total time for which application threads were stopped: 0.0000727 seconds, Stopping threads took: 0.0000260 seconds
2016-04-03T17:52:37.715-0800: 2609.442: Total time for which application threads were stopped: 0.0001277 seconds, Stopping threads took: 0.0000501 seconds
2016-04-03T17:52:37.715-0800: 2609.442: Total time for which application threads were stopped: 0.0000915 seconds, Stopping threads took: 0.0000111 seconds
2016-04-03T17:52:37.720-0800: 2609.447: Total time for which application threads were stopped: 0.0000917 seconds, Stopping threads took: 0.0000239 seconds
2016-04-03T17:52:37.720-0800: 2609.447: Total time for which application threads were stopped: 0.0000744 seconds, Stopping threads took: 0.0000172 seconds
2016-04-03T17:52:42.701-0800: 2614.429: Total time for which application threads were stopped: 0.0001223 seconds, Stopping threads took: 0.0000254 seconds
2016-04-03T17:52:46.619-0800: 2618.346: Total time for which application threads were stopped: 0.0001198 seconds, Stopping threads took: 0.0000281 seconds
2016-04-03T17:52:46.620-0800: 2618.347: Total time for which application threads were stopped: 0.0001161 seconds, Stopping threads took: 0.0000303 seconds
2016-04-03T17:52:46.702-0800: 2618.429: Total time for which application threads were stopped: 0.0001056 seconds, Stopping threads took: 0.0000165 seconds
2016-04-03T17:52:46.709-0800: 2618.437: Total time for which application threads were stopped: 0.0000730 seconds, Stopping threads took: 0.0000114 seconds
2016-04-03T17:52:46.711-0800: 2618.439: Total time for which application threads were stopped: 0.0000649 seconds, Stopping threads took: 0.0000118 seconds
2016-04-03T17:52:46.711-0800: 2618.439: Total time for which application threads were stopped: 0.0000415 seconds, Stopping threads took: 0.0000066 seconds
{Heap before GC invocations=10 (full 1):
 par new generation   total 109248K, used 109248K [0x00000007a0000000, 0x00000007a8000000, 0x00000007a8000000)
  eden space 87424K, 100% used [0x00000007a0000000, 0x00000007a5560000, 0x00000007a5560000)
  from space 21824K, 100% used [0x00000007a5560000, 0x00000007a6ab0000, 0x00000007a6ab0000)
  to   space 21824K,   0% used [0x00000007a6ab0000, 0x00000007a6ab0000, 0x00000007a8000000)
 concurrent mark-sweep generation total 393216K, used 7981K [0x00000007a8000000, 0x00000007c0000000, 0x00000007c0000000)
 Metaspace       used 32484K, capacity 32888K, committed 33276K, reserved 1079296K
  class space    used 3673K, capacity 3789K, committed 3836K, reserved 1048576K
2016-04-03T17:52:46.727-0800: 2618.455: [GC (Allocation Failure) 2016-04-03T17:52:46.727-0800: 2618.455: [ParNew
Desired survivor size 20112992 bytes, new threshold 8 (max 8)
- age   1:    3255304 bytes,    3255304 total
- age   2:     345776 bytes,    3601080 total
- age   3:    3092312 bytes,    6693392 total
- age   4:    9500672 bytes,   16194064 total
- age   5:     150000 bytes,   16344064 total
- age   6:       1888 bytes,   16345952 total
- age   7:     123592 bytes,   16469544 total
- age   8:     104024 bytes,   16573568 total
: 109248K->21824K(109248K), 0.0121330 secs] 117229K->32255K(502464K), 0.0121916 secs] [Times: user=0.07 sys=0.00, real=0.01 secs] 
Heap after GC invocations=11 (full 1):
 par new generation   total 109248K, used 21824K [0x00000007a0000000, 0x00000007a8000000, 0x00000007a8000000)
  eden space 87424K,   0% used [0x00000007a0000000, 0x00000007a0000000, 0x00000007a5560000)
  from space 21824K, 100% used [0x00000007a6ab0000, 0x00000007a8000000, 0x00000007a8000000)
  to   space 21824K,   0% used [0x00000007a5560000, 0x00000007a5560000, 0x00000007a6ab0000)
 concurrent mark-sweep generation total 393216K, used 10431K [0x00000007a8000000, 0x00000007c0000000, 0x00000007c0000000)
 Metaspace       used 32484K, capacity 32888K, committed 33276K, reserved 1079296K
  class space    used 3673K, capacity 3789K, committed 3836K, reserved 1048576K
}
2016-04-03T17:52:46.739-0800: 2618.467: Total time for which application threads were stopped: 0.0123309 seconds, Stopping threads took: 0.0000121 seconds
2016-04-03T17:52:46.745-0800: 2618.472: Total time for which application threads were stopped: 0.0001162 seconds, Stopping threads took: 0.0000613 seconds
2016-04-03T17:52:46.745-0800: 2618.473: Total time for which application threads were stopped: 0.0000642 seconds, Stopping threads took: 0.0000197 seconds
2016-04-03T17:52:46.746-0800: 2618.473: Total time for which application threads were stopped: 0.0000459 seconds, Stopping threads took: 0.0000078 seconds
2016-04-03T17:52:46.755-0800: 2618.482: Total time for which application threads were stopped: 0.0000976 seconds, Stopping threads took: 0.0000285 seconds
2016-04-03T17:52:46.755-0800: 2618.482: Total time for which application threads were stopped: 0.0000938 seconds, Stopping threads took: 0.0000557 seconds
2016-04-03T17:52:46.755-0800: 2618.482: Total time for which application threads were stopped: 0.0000594 seconds, Stopping threads took: 0.0000196 seconds
2016-04-03T17:52:46.755-0800: 2618.483: Total time for which application threads were stopped: 0.0001351 seconds, Stopping threads took: 0.0000906 seconds
2016-04-03T17:52:46.755-0800: 2618.483: Total time for which application threads were stopped: 0.0000831 seconds, Stopping threads took: 0.0000452 seconds
2016-04-03T17:52:46.755-0800: 2618.483: Total time for which application threads were stopped: 0.0000345 seconds, Stopping threads took: 0.0000067 seconds
2016-04-03T17:52:46.756-0800: 2618.483: Total time for which application threads were stopped: 0.0000941 seconds, Stopping threads took: 0.0000637 seconds
2016-04-03T17:52:46.756-0800: 2618.483: Total time for which application threads were stopped: 0.0000582 seconds, Stopping threads took: 0.0000079 seconds
2016-04-03T17:52:47.718-0800: 2619.445: Total time for which application threads were stopped: 0.0001172 seconds, Stopping threads took: 0.0000279 seconds
2016-04-03T17:52:52.103-0800: 2623.831: Total time for which application threads were stopped: 0.0003995 seconds, Stopping threads took: 0.0000326 seconds
2016-04-03T17:52:52.108-0800: 2623.836: Total time for which application threads were stopped: 0.0001014 seconds, Stopping threads took: 0.0000200 seconds
2016-04-03T17:52:52.108-0800: 2623.836: Total time for which application threads were stopped: 0.0000826 seconds, Stopping threads took: 0.0000177 seconds
2016-04-03T17:52:52.113-0800: 2623.840: Total time for which application threads were stopped: 0.0001000 seconds, Stopping threads took: 0.0000244 seconds
2016-04-03T17:52:52.113-0800: 2623.841: Total time for which application threads were stopped: 0.0000645 seconds, Stopping threads took: 0.0000167 seconds
2016-04-03T17:52:52.136-0800: 2623.863: Total time for which application threads were stopped: 0.0001094 seconds, Stopping threads took: 0.0000156 seconds
2016-04-03T17:52:52.136-0800: 2623.864: Total time for which application threads were stopped: 0.0000920 seconds, Stopping threads took: 0.0000336 seconds
2016-04-03T17:52:52.136-0800: 2623.864: Total time for which application threads were stopped: 0.0000893 seconds, Stopping threads took: 0.0000506 seconds
2016-04-03T17:52:52.136-0800: 2623.864: Total time for which application threads were stopped: 0.0001117 seconds, Stopping threads took: 0.0000675 seconds
2016-04-03T17:52:52.137-0800: 2623.864: Total time for which application threads were stopped: 0.0000451 seconds, Stopping threads took: 0.0000065 seconds
2016-04-03T17:52:52.137-0800: 2623.864: Total time for which application threads were stopped: 0.0000555 seconds, Stopping threads took: 0.0000098 seconds
2016-04-03T17:52:52.137-0800: 2623.864: Total time for which application threads were stopped: 0.0000666 seconds, Stopping threads took: 0.0000289 seconds
2016-04-03T17:52:52.137-0800: 2623.864: Total time for which application threads were stopped: 0.0000616 seconds, Stopping threads took: 0.0000179 seconds
2016-04-03T17:52:52.137-0800: 2623.865: Total time for which application threads were stopped: 0.0000501 seconds, Stopping threads took: 0.0000138 seconds
2016-04-03T17:52:52.137-0800: 2623.865: Total time for which application threads were stopped: 0.0000458 seconds, Stopping threads took: 0.0000070 seconds
2016-04-03T17:52:52.137-0800: 2623.865: Total time for which application threads were stopped: 0.0000478 seconds, Stopping threads took: 0.0000072 seconds
2016-04-03T17:52:52.141-0800: 2623.868: Total time for which application threads were stopped: 0.0000921 seconds, Stopping threads took: 0.0000209 seconds
2016-04-03T17:52:52.141-0800: 2623.868: Total time for which application threads were stopped: 0.0000631 seconds, Stopping threads took: 0.0000087 seconds
2016-04-03T17:52:52.148-0800: 2623.875: Total time for which application threads were stopped: 0.0001801 seconds, Stopping threads took: 0.0000531 seconds
2016-04-03T17:52:52.148-0800: 2623.875: Total time for which application threads were stopped: 0.0001627 seconds, Stopping threads took: 0.0000561 seconds
2016-04-03T17:52:52.741-0800: 2624.469: Total time for which application threads were stopped: 0.0000971 seconds, Stopping threads took: 0.0000187 seconds
2016-04-03T17:52:52.834-0800: 2624.562: Total time for which application threads were stopped: 0.0000979 seconds, Stopping threads took: 0.0000164 seconds
2016-04-03T17:52:52.834-0800: 2624.562: Total time for which application threads were stopped: 0.0000378 seconds, Stopping threads took: 0.0000055 seconds
2016-04-03T17:52:52.834-0800: 2624.562: Total time for which application threads were stopped: 0.0000357 seconds, Stopping threads took: 0.0000050 seconds
2016-04-03T17:52:52.834-0800: 2624.562: Total time for which application threads were stopped: 0.0000352 seconds, Stopping threads took: 0.0000050 seconds
2016-04-03T17:52:52.838-0800: 2624.566: Total time for which application threads were stopped: 0.0000841 seconds, Stopping threads took: 0.0000182 seconds
2016-04-03T17:52:52.838-0800: 2624.566: Total time for which application threads were stopped: 0.0001015 seconds, Stopping threads took: 0.0000306 seconds
2016-04-03T17:52:52.843-0800: 2624.570: Total time for which application threads were stopped: 0.0000990 seconds, Stopping threads took: 0.0000191 seconds
2016-04-03T17:52:52.843-0800: 2624.571: Total time for which application threads were stopped: 0.0000877 seconds, Stopping threads took: 0.0000275 seconds
2016-04-03T17:52:52.864-0800: 2624.592: Total time for which application threads were stopped: 0.0001202 seconds, Stopping threads took: 0.0000163 seconds
2016-04-03T17:52:52.864-0800: 2624.592: Total time for which application threads were stopped: 0.0001045 seconds, Stopping threads took: 0.0000089 seconds
2016-04-03T17:52:52.868-0800: 2624.596: Total time for which application threads were stopped: 0.0000913 seconds, Stopping threads took: 0.0000187 seconds
2016-04-03T17:52:52.869-0800: 2624.596: Total time for which application threads were stopped: 0.0001300 seconds, Stopping threads took: 0.0000479 seconds
2016-04-03T17:52:53.025-0800: 2624.753: Total time for which application threads were stopped: 0.0001181 seconds, Stopping threads took: 0.0000152 seconds
2016-04-03T17:52:53.026-0800: 2624.753: Total time for which application threads were stopped: 0.0000797 seconds, Stopping threads took: 0.0000176 seconds
2016-04-03T17:52:53.032-0800: 2624.759: Total time for which application threads were stopped: 0.0001924 seconds, Stopping threads took: 0.0000273 seconds
2016-04-03T17:52:53.032-0800: 2624.759: Total time for which application threads were stopped: 0.0001134 seconds, Stopping threads took: 0.0000074 seconds
2016-04-03T17:52:53.032-0800: 2624.760: Total time for which application threads were stopped: 0.0001490 seconds, Stopping threads took: 0.0000271 seconds
2016-04-03T17:52:53.056-0800: 2624.784: Total time for which application threads were stopped: 0.0001087 seconds, Stopping threads took: 0.0000195 seconds
2016-04-03T17:52:53.056-0800: 2624.784: Total time for which application threads were stopped: 0.0000540 seconds, Stopping threads took: 0.0000140 seconds
2016-04-03T17:52:53.060-0800: 2624.788: Total time for which application threads were stopped: 0.0001213 seconds, Stopping threads took: 0.0000468 seconds
2016-04-03T17:52:53.060-0800: 2624.788: Total time for which application threads were stopped: 0.0001248 seconds, Stopping threads took: 0.0000389 seconds
2016-04-03T17:53:53.061-0800: 2684.792: Total time for which application threads were stopped: 0.0001052 seconds, Stopping threads took: 0.0000222 seconds
2016-04-03T17:53:55.434-0800: 2687.165: Total time for which application threads were stopped: 0.0001064 seconds, Stopping threads took: 0.0000236 seconds
2016-04-03T17:54:20.328-0800: 2712.061: Total time for which application threads were stopped: 0.0001072 seconds, Stopping threads took: 0.0000250 seconds
2016-04-03T17:54:20.329-0800: 2712.061: Total time for which application threads were stopped: 0.0000628 seconds, Stopping threads took: 0.0000075 seconds
2016-04-03T17:54:20.399-0800: 2712.131: Total time for which application threads were stopped: 0.0001348 seconds, Stopping threads took: 0.0000266 seconds
2016-04-03T17:54:20.404-0800: 2712.136: Total time for which application threads were stopped: 0.0000926 seconds, Stopping threads took: 0.0000166 seconds
2016-04-03T17:54:20.406-0800: 2712.138: Total time for which application threads were stopped: 0.0000641 seconds, Stopping threads took: 0.0000108 seconds
2016-04-03T17:54:20.406-0800: 2712.138: Total time for which application threads were stopped: 0.0000479 seconds, Stopping threads took: 0.0000077 seconds
2016-04-03T17:54:20.425-0800: 2712.157: Total time for which application threads were stopped: 0.0000918 seconds, Stopping threads took: 0.0000169 seconds
2016-04-03T17:54:20.426-0800: 2712.158: Total time for which application threads were stopped: 0.0001772 seconds, Stopping threads took: 0.0000130 seconds
2016-04-03T17:54:20.434-0800: 2712.166: Total time for which application threads were stopped: 0.0000805 seconds, Stopping threads took: 0.0000241 seconds
2016-04-03T17:54:20.434-0800: 2712.166: Total time for which application threads were stopped: 0.0000863 seconds, Stopping threads took: 0.0000393 seconds
2016-04-03T17:54:20.434-0800: 2712.167: Total time for which application threads were stopped: 0.0000859 seconds, Stopping threads took: 0.0000456 seconds
2016-04-03T17:54:20.435-0800: 2712.167: Total time for which application threads were stopped: 0.0000828 seconds, Stopping threads took: 0.0000454 seconds
2016-04-03T17:54:20.435-0800: 2712.167: Total time for which application threads were stopped: 0.0000595 seconds, Stopping threads took: 0.0000172 seconds
2016-04-03T17:54:20.435-0800: 2712.167: Total time for which application threads were stopped: 0.0000554 seconds, Stopping threads took: 0.0000196 seconds
2016-04-03T17:54:20.435-0800: 2712.167: Total time for which application threads were stopped: 0.0000472 seconds, Stopping threads took: 0.0000138 seconds
2016-04-03T17:54:20.435-0800: 2712.167: Total time for which application threads were stopped: 0.0000487 seconds, Stopping threads took: 0.0000080 seconds
2016-04-03T17:54:21.440-0800: 2713.172: Total time for which application threads were stopped: 0.0001019 seconds, Stopping threads took: 0.0000212 seconds
2016-04-03T17:55:39.662-0800: 2791.398: Total time for which application threads were stopped: 0.0001481 seconds, Stopping threads took: 0.0000295 seconds
2016-04-03T17:56:14.887-0800: 2826.625: Total time for which application threads were stopped: 0.0001108 seconds, Stopping threads took: 0.0000254 seconds
2016-04-03T17:56:14.892-0800: 2826.630: Total time for which application threads were stopped: 0.0002555 seconds, Stopping threads took: 0.0000257 seconds
2016-04-03T17:56:14.893-0800: 2826.630: Total time for which application threads were stopped: 0.0000571 seconds, Stopping threads took: 0.0000090 seconds
2016-04-03T17:56:14.893-0800: 2826.631: Total time for which application threads were stopped: 0.0000530 seconds, Stopping threads took: 0.0000087 seconds
2016-04-03T17:56:14.893-0800: 2826.631: Total time for which application threads were stopped: 0.0000945 seconds, Stopping threads took: 0.0000406 seconds
2016-04-03T17:56:14.900-0800: 2826.638: Total time for which application threads were stopped: 0.0001315 seconds, Stopping threads took: 0.0000342 seconds
2016-04-03T17:56:14.900-0800: 2826.638: Total time for which application threads were stopped: 0.0000709 seconds, Stopping threads took: 0.0000202 seconds
2016-04-03T17:56:14.901-0800: 2826.638: Total time for which application threads were stopped: 0.0000718 seconds, Stopping threads took: 0.0000183 seconds
2016-04-03T17:56:14.901-0800: 2826.639: Total time for which application threads were stopped: 0.0000775 seconds, Stopping threads took: 0.0000082 seconds
2016-04-03T17:56:14.901-0800: 2826.639: Total time for which application threads were stopped: 0.0000984 seconds, Stopping threads took: 0.0000342 seconds
2016-04-03T17:56:14.901-0800: 2826.639: Total time for which application threads were stopped: 0.0000847 seconds, Stopping threads took: 0.0000083 seconds
2016-04-03T17:56:14.901-0800: 2826.639: Total time for which application threads were stopped: 0.0000859 seconds, Stopping threads took: 0.0000186 seconds
2016-04-03T17:56:15.904-0800: 2827.642: Total time for which application threads were stopped: 0.0000911 seconds, Stopping threads took: 0.0000204 seconds
2016-04-03T17:57:18.537-0800: 2890.277: Total time for which application threads were stopped: 0.0001106 seconds, Stopping threads took: 0.0000262 seconds
2016-04-03T17:57:18.537-0800: 2890.278: Total time for which application threads were stopped: 0.0000616 seconds, Stopping threads took: 0.0000082 seconds
2016-04-03T17:57:18.541-0800: 2890.282: Total time for which application threads were stopped: 0.0001548 seconds, Stopping threads took: 0.0000325 seconds
2016-04-03T17:57:18.542-0800: 2890.283: Total time for which application threads were stopped: 0.0000762 seconds, Stopping threads took: 0.0000173 seconds
2016-04-03T17:57:18.543-0800: 2890.283: Total time for which application threads were stopped: 0.0000551 seconds, Stopping threads took: 0.0000079 seconds
2016-04-03T17:57:18.543-0800: 2890.283: Total time for which application threads were stopped: 0.0000741 seconds, Stopping threads took: 0.0000179 seconds
2016-04-03T17:57:18.544-0800: 2890.285: Total time for which application threads were stopped: 0.0000670 seconds, Stopping threads took: 0.0000090 seconds
2016-04-03T17:57:18.544-0800: 2890.285: Total time for which application threads were stopped: 0.0000843 seconds, Stopping threads took: 0.0000287 seconds
2016-04-03T17:57:18.545-0800: 2890.285: Total time for which application threads were stopped: 0.0000774 seconds, Stopping threads took: 0.0000295 seconds
2016-04-03T17:57:18.545-0800: 2890.286: Total time for which application threads were stopped: 0.0000732 seconds, Stopping threads took: 0.0000215 seconds
2016-04-03T17:57:18.550-0800: 2890.291: Total time for which application threads were stopped: 0.0001291 seconds, Stopping threads took: 0.0000357 seconds
2016-04-03T17:57:18.550-0800: 2890.291: Total time for which application threads were stopped: 0.0000885 seconds, Stopping threads took: 0.0000163 seconds
2016-04-03T17:57:18.550-0800: 2890.291: Total time for which application threads were stopped: 0.0000768 seconds, Stopping threads took: 0.0000254 seconds
2016-04-03T17:57:18.551-0800: 2890.292: Total time for which application threads were stopped: 0.0001831 seconds, Stopping threads took: 0.0000308 seconds
2016-04-03T17:57:18.551-0800: 2890.292: Total time for which application threads were stopped: 0.0000481 seconds, Stopping threads took: 0.0000072 seconds
2016-04-03T17:57:18.551-0800: 2890.292: Total time for which application threads were stopped: 0.0000742 seconds, Stopping threads took: 0.0000194 seconds
2016-04-03T17:57:18.551-0800: 2890.292: Total time for which application threads were stopped: 0.0001395 seconds, Stopping threads took: 0.0000081 seconds
2016-04-03T17:57:29.462-0800: 2901.203: Total time for which application threads were stopped: 0.0001096 seconds, Stopping threads took: 0.0000185 seconds
2016-04-03T17:57:29.463-0800: 2901.204: Total time for which application threads were stopped: 0.0000978 seconds, Stopping threads took: 0.0000233 seconds
2016-04-03T17:57:29.476-0800: 2901.217: Total time for which application threads were stopped: 0.0000995 seconds, Stopping threads took: 0.0000136 seconds
2016-04-03T17:57:29.476-0800: 2901.217: Total time for which application threads were stopped: 0.0000502 seconds, Stopping threads took: 0.0000078 seconds
2016-04-03T17:57:29.477-0800: 2901.218: Total time for which application threads were stopped: 0.0000718 seconds, Stopping threads took: 0.0000215 seconds
2016-04-03T17:57:29.477-0800: 2901.218: Total time for which application threads were stopped: 0.0000416 seconds, Stopping threads took: 0.0000075 seconds
2016-04-03T17:57:29.487-0800: 2901.228: Total time for which application threads were stopped: 0.0001176 seconds, Stopping threads took: 0.0000285 seconds
2016-04-03T17:57:29.487-0800: 2901.228: Total time for which application threads were stopped: 0.0000670 seconds, Stopping threads took: 0.0000184 seconds
2016-04-03T17:57:29.487-0800: 2901.228: Total time for which application threads were stopped: 0.0000612 seconds, Stopping threads took: 0.0000088 seconds
2016-04-03T17:57:30.492-0800: 2902.234: Total time for which application threads were stopped: 0.0002237 seconds, Stopping threads took: 0.0000472 seconds
2016-04-03T17:57:59.399-0800: 2931.141: Total time for which application threads were stopped: 0.0001076 seconds, Stopping threads took: 0.0000206 seconds
2016-04-03T17:57:59.413-0800: 2931.156: Total time for which application threads were stopped: 0.0001150 seconds, Stopping threads took: 0.0000190 seconds
2016-04-03T17:57:59.413-0800: 2931.156: Total time for which application threads were stopped: 0.0000515 seconds, Stopping threads took: 0.0000081 seconds
2016-04-03T17:57:59.414-0800: 2931.157: Total time for which application threads were stopped: 0.0000656 seconds, Stopping threads took: 0.0000076 seconds
2016-04-03T17:57:59.415-0800: 2931.157: Total time for which application threads were stopped: 0.0000738 seconds, Stopping threads took: 0.0000071 seconds
2016-04-03T17:57:59.415-0800: 2931.158: Total time for which application threads were stopped: 0.0000849 seconds, Stopping threads took: 0.0000201 seconds
2016-04-03T17:57:59.415-0800: 2931.158: Total time for which application threads were stopped: 0.0000739 seconds, Stopping threads took: 0.0000319 seconds
2016-04-03T17:57:59.415-0800: 2931.158: Total time for which application threads were stopped: 0.0001572 seconds, Stopping threads took: 0.0000770 seconds
2016-04-03T17:57:59.418-0800: 2931.161: Total time for which application threads were stopped: 0.0001132 seconds, Stopping threads took: 0.0000169 seconds
2016-04-03T17:57:59.418-0800: 2931.161: Total time for which application threads were stopped: 0.0001606 seconds, Stopping threads took: 0.0000607 seconds
2016-04-03T17:57:59.422-0800: 2931.165: Total time for which application threads were stopped: 0.0001225 seconds, Stopping threads took: 0.0000472 seconds
2016-04-03T17:57:59.422-0800: 2931.165: Total time for which application threads were stopped: 0.0001691 seconds, Stopping threads took: 0.0000810 seconds
2016-04-03T17:57:59.497-0800: 2931.240: Total time for which application threads were stopped: 0.0001136 seconds, Stopping threads took: 0.0000221 seconds
2016-04-03T17:57:59.497-0800: 2931.240: Total time for which application threads were stopped: 0.0000674 seconds, Stopping threads took: 0.0000098 seconds
2016-04-03T17:57:59.503-0800: 2931.246: Total time for which application threads were stopped: 0.0001046 seconds, Stopping threads took: 0.0000285 seconds
2016-04-03T17:57:59.503-0800: 2931.246: Total time for which application threads were stopped: 0.0000646 seconds, Stopping threads took: 0.0000096 seconds
2016-04-03T17:57:59.525-0800: 2931.268: Total time for which application threads were stopped: 0.0001202 seconds, Stopping threads took: 0.0000233 seconds
2016-04-03T17:57:59.525-0800: 2931.268: Total time for which application threads were stopped: 0.0000482 seconds, Stopping threads took: 0.0000069 seconds
2016-04-03T17:57:59.529-0800: 2931.272: Total time for which application threads were stopped: 0.0001136 seconds, Stopping threads took: 0.0000245 seconds
2016-04-03T17:57:59.530-0800: 2931.272: Total time for which application threads were stopped: 0.0001184 seconds, Stopping threads took: 0.0000462 seconds
2016-04-03T17:58:00.533-0800: 2932.276: Total time for which application threads were stopped: 0.0002489 seconds, Stopping threads took: 0.0000574 seconds
2016-04-03T17:58:04.518-0800: 2936.261: Total time for which application threads were stopped: 0.0001338 seconds, Stopping threads took: 0.0000270 seconds
2016-04-03T17:58:06.038-0800: 2937.781: Total time for which application threads were stopped: 0.0006599 seconds, Stopping threads took: 0.0000273 seconds
2016-04-03T17:58:10.834-0800: 2942.577: Total time for which application threads were stopped: 0.0001143 seconds, Stopping threads took: 0.0000286 seconds
2016-04-03T17:58:11.839-0800: 2943.583: Total time for which application threads were stopped: 0.0002577 seconds, Stopping threads took: 0.0000530 seconds
2016-04-03T17:58:11.842-0800: 2943.586: Total time for which application threads were stopped: 0.0001184 seconds, Stopping threads took: 0.0000241 seconds
2016-04-03T17:58:11.843-0800: 2943.586: Total time for which application threads were stopped: 0.0000966 seconds, Stopping threads took: 0.0000377 seconds
2016-04-03T17:58:11.843-0800: 2943.586: Total time for which application threads were stopped: 0.0001047 seconds, Stopping threads took: 0.0000336 seconds
2016-04-03T17:58:12.848-0800: 2944.592: Total time for which application threads were stopped: 0.0002223 seconds, Stopping threads took: 0.0000486 seconds
2016-04-03T17:58:18.129-0800: 2949.873: Total time for which application threads were stopped: 0.0001265 seconds, Stopping threads took: 0.0000294 seconds
2016-04-03T17:58:18.129-0800: 2949.873: Total time for which application threads were stopped: 0.0000800 seconds, Stopping threads took: 0.0000235 seconds
2016-04-03T17:58:18.129-0800: 2949.873: Total time for which application threads were stopped: 0.0000720 seconds, Stopping threads took: 0.0000255 seconds
2016-04-03T17:58:19.134-0800: 2950.878: Total time for which application threads were stopped: 0.0001245 seconds, Stopping threads took: 0.0000288 seconds
2016-04-03T17:58:21.609-0800: 2953.352: Total time for which application threads were stopped: 0.0001260 seconds, Stopping threads took: 0.0000242 seconds
2016-04-03T17:58:21.609-0800: 2953.353: Total time for which application threads were stopped: 0.0000560 seconds, Stopping threads took: 0.0000083 seconds
2016-04-03T17:58:21.613-0800: 2953.357: Total time for which application threads were stopped: 0.0001455 seconds, Stopping threads took: 0.0000683 seconds
2016-04-03T17:58:21.614-0800: 2953.357: Total time for which application threads were stopped: 0.0000660 seconds, Stopping threads took: 0.0000172 seconds
2016-04-03T17:58:22.616-0800: 2954.360: Total time for which application threads were stopped: 0.0002458 seconds, Stopping threads took: 0.0000540 seconds
2016-04-03T17:58:23.049-0800: 2954.793: Total time for which application threads were stopped: 0.0001012 seconds, Stopping threads took: 0.0000138 seconds
2016-04-03T17:58:23.049-0800: 2954.793: Total time for which application threads were stopped: 0.0000587 seconds, Stopping threads took: 0.0000176 seconds
2016-04-03T17:58:23.054-0800: 2954.798: Total time for which application threads were stopped: 0.0001390 seconds, Stopping threads took: 0.0000350 seconds
2016-04-03T17:58:23.054-0800: 2954.798: Total time for which application threads were stopped: 0.0000665 seconds, Stopping threads took: 0.0000094 seconds
2016-04-03T17:58:24.057-0800: 2955.801: Total time for which application threads were stopped: 0.0002274 seconds, Stopping threads took: 0.0000491 seconds
2016-04-03T17:58:30.145-0800: 2961.889: Total time for which application threads were stopped: 0.0001013 seconds, Stopping threads took: 0.0000178 seconds
2016-04-03T17:58:30.145-0800: 2961.889: Total time for which application threads were stopped: 0.0000429 seconds, Stopping threads took: 0.0000069 seconds
2016-04-03T17:58:30.145-0800: 2961.889: Total time for which application threads were stopped: 0.0000474 seconds, Stopping threads took: 0.0000081 seconds
2016-04-03T17:58:30.145-0800: 2961.890: Total time for which application threads were stopped: 0.0001607 seconds, Stopping threads took: 0.0000145 seconds
2016-04-03T17:58:30.146-0800: 2961.890: Total time for which application threads were stopped: 0.0000566 seconds, Stopping threads took: 0.0000095 seconds
2016-04-03T17:58:30.146-0800: 2961.891: Total time for which application threads were stopped: 0.0000703 seconds, Stopping threads took: 0.0000246 seconds
2016-04-03T17:58:30.146-0800: 2961.891: Total time for which application threads were stopped: 0.0000654 seconds, Stopping threads took: 0.0000103 seconds
2016-04-03T17:58:36.013-0800: 2967.758: Total time for which application threads were stopped: 0.0001489 seconds, Stopping threads took: 0.0000505 seconds
2016-04-03T17:58:36.013-0800: 2967.758: Total time for which application threads were stopped: 0.0000769 seconds, Stopping threads took: 0.0000127 seconds
2016-04-03T17:58:36.014-0800: 2967.758: Total time for which application threads were stopped: 0.0001280 seconds, Stopping threads took: 0.0000697 seconds
2016-04-03T17:58:36.014-0800: 2967.759: Total time for which application threads were stopped: 0.0000608 seconds, Stopping threads took: 0.0000097 seconds
2016-04-03T17:58:36.014-0800: 2967.759: Total time for which application threads were stopped: 0.0000477 seconds, Stopping threads took: 0.0000074 seconds
2016-04-03T17:58:36.014-0800: 2967.759: Total time for which application threads were stopped: 0.0000824 seconds, Stopping threads took: 0.0000315 seconds
2016-04-03T17:58:36.014-0800: 2967.759: Total time for which application threads were stopped: 0.0000806 seconds, Stopping threads took: 0.0000272 seconds
2016-04-03T17:58:36.015-0800: 2967.759: Total time for which application threads were stopped: 0.0000693 seconds, Stopping threads took: 0.0000217 seconds
2016-04-03T17:58:36.015-0800: 2967.759: Total time for which application threads were stopped: 0.0000675 seconds, Stopping threads took: 0.0000224 seconds
2016-04-03T17:58:36.015-0800: 2967.759: Total time for which application threads were stopped: 0.0000762 seconds, Stopping threads took: 0.0000264 seconds
2016-04-03T17:58:36.015-0800: 2967.760: Total time for which application threads were stopped: 0.0000556 seconds, Stopping threads took: 0.0000182 seconds
2016-04-03T17:58:36.015-0800: 2967.760: Total time for which application threads were stopped: 0.0000600 seconds, Stopping threads took: 0.0000169 seconds
2016-04-03T17:58:36.015-0800: 2967.760: Total time for which application threads were stopped: 0.0000675 seconds, Stopping threads took: 0.0000217 seconds
2016-04-03T17:58:36.015-0800: 2967.760: Total time for which application threads were stopped: 0.0000673 seconds, Stopping threads took: 0.0000247 seconds
2016-04-03T17:58:36.016-0800: 2967.760: Total time for which application threads were stopped: 0.0000536 seconds, Stopping threads took: 0.0000089 seconds
2016-04-03T17:58:37.020-0800: 2968.764: Total time for which application threads were stopped: 0.0001253 seconds, Stopping threads took: 0.0000268 seconds
2016-04-03T17:58:37.525-0800: 2969.269: Total time for which application threads were stopped: 0.0001002 seconds, Stopping threads took: 0.0000140 seconds
2016-04-03T17:58:37.525-0800: 2969.270: Total time for which application threads were stopped: 0.0000638 seconds, Stopping threads took: 0.0000080 seconds
2016-04-03T17:58:37.530-0800: 2969.274: Total time for which application threads were stopped: 0.0001528 seconds, Stopping threads took: 0.0000268 seconds
2016-04-03T17:58:37.530-0800: 2969.275: Total time for which application threads were stopped: 0.0001145 seconds, Stopping threads took: 0.0000352 seconds
2016-04-03T17:59:26.099-0800: 3017.846: Total time for which application threads were stopped: 0.0001206 seconds, Stopping threads took: 0.0000237 seconds
2016-04-03T17:59:26.171-0800: 3017.918: Total time for which application threads were stopped: 0.0001448 seconds, Stopping threads took: 0.0000178 seconds
2016-04-03T17:59:26.175-0800: 3017.922: Total time for which application threads were stopped: 0.0001439 seconds, Stopping threads took: 0.0000114 seconds
2016-04-03T17:59:26.176-0800: 3017.923: Total time for which application threads were stopped: 0.0000734 seconds, Stopping threads took: 0.0000102 seconds
2016-04-03T17:59:26.176-0800: 3017.923: Total time for which application threads were stopped: 0.0000503 seconds, Stopping threads took: 0.0000078 seconds
2016-04-03T17:59:26.198-0800: 3017.945: Total time for which application threads were stopped: 0.0000860 seconds, Stopping threads took: 0.0000139 seconds
2016-04-03T17:59:26.199-0800: 3017.946: Total time for which application threads were stopped: 0.0001146 seconds, Stopping threads took: 0.0000510 seconds
2016-04-03T17:59:26.199-0800: 3017.946: Total time for which application threads were stopped: 0.0000877 seconds, Stopping threads took: 0.0000298 seconds
2016-04-03T17:59:26.199-0800: 3017.946: Total time for which application threads were stopped: 0.0000748 seconds, Stopping threads took: 0.0000239 seconds
2016-04-03T17:59:26.199-0800: 3017.946: Total time for which application threads were stopped: 0.0000606 seconds, Stopping threads took: 0.0000102 seconds
2016-04-03T17:59:26.199-0800: 3017.946: Total time for which application threads were stopped: 0.0000433 seconds, Stopping threads took: 0.0000071 seconds
2016-04-03T18:04:23.449-0800: 3315.211: Total time for which application threads were stopped: 0.0001128 seconds, Stopping threads took: 0.0000234 seconds
{Heap before GC invocations=11 (full 1):
 par new generation   total 109248K, used 109248K [0x00000007a0000000, 0x00000007a8000000, 0x00000007a8000000)
  eden space 87424K, 100% used [0x00000007a0000000, 0x00000007a5560000, 0x00000007a5560000)
  from space 21824K, 100% used [0x00000007a6ab0000, 0x00000007a8000000, 0x00000007a8000000)
  to   space 21824K,   0% used [0x00000007a5560000, 0x00000007a5560000, 0x00000007a6ab0000)
 concurrent mark-sweep generation total 393216K, used 10431K [0x00000007a8000000, 0x00000007c0000000, 0x00000007c0000000)
 Metaspace       used 32683K, capacity 33144K, committed 33532K, reserved 1079296K
  class space    used 3676K, capacity 3789K, committed 3836K, reserved 1048576K
2016-04-03T18:04:23.452-0800: 3315.213: [GC (Allocation Failure) 2016-04-03T18:04:23.452-0800: 3315.214: [ParNew
Desired survivor size 20112992 bytes, new threshold 8 (max 8)
- age   1:    1116360 bytes,    1116360 total
- age   2:     215584 bytes,    1331944 total
- age   3:     309624 bytes,    1641568 total
- age   4:    3079128 bytes,    4720696 total
- age   5:    9500440 bytes,   14221136 total
- age   6:     150000 bytes,   14371136 total
- age   7:       1888 bytes,   14373024 total
- age   8:     123592 bytes,   14496616 total
: 109248K->16013K(109248K), 0.0095567 secs] 119679K->26549K(502464K), 0.0096239 secs] [Times: user=0.03 sys=0.00, real=0.01 secs] 
Heap after GC invocations=12 (full 1):
 par new generation   total 109248K, used 16013K [0x00000007a0000000, 0x00000007a8000000, 0x00000007a8000000)
  eden space 87424K,   0% used [0x00000007a0000000, 0x00000007a0000000, 0x00000007a5560000)
  from space 21824K,  73% used [0x00000007a5560000, 0x00000007a65034a0, 0x00000007a6ab0000)
  to   space 21824K,   0% used [0x00000007a6ab0000, 0x00000007a6ab0000, 0x00000007a8000000)
 concurrent mark-sweep generation total 393216K, used 10536K [0x00000007a8000000, 0x00000007c0000000, 0x00000007c0000000)
 Metaspace       used 32683K, capacity 33144K, committed 33532K, reserved 1079296K
  class space    used 3676K, capacity 3789K, committed 3836K, reserved 1048576K
}
2016-04-03T18:04:23.462-0800: 3315.223: Total time for which application threads were stopped: 0.0097706 seconds, Stopping threads took: 0.0000107 seconds
2016-04-03T18:04:23.635-0800: 3315.397: Total time for which application threads were stopped: 0.0001174 seconds, Stopping threads took: 0.0000155 seconds
2016-04-03T18:04:23.638-0800: 3315.399: Total time for which application threads were stopped: 0.0000858 seconds, Stopping threads took: 0.0000210 seconds
2016-04-03T18:04:23.643-0800: 3315.405: Total time for which application threads were stopped: 0.0000712 seconds, Stopping threads took: 0.0000115 seconds
2016-04-03T18:04:23.643-0800: 3315.405: Total time for which application threads were stopped: 0.0000703 seconds, Stopping threads took: 0.0000205 seconds
2016-04-03T18:04:23.718-0800: 3315.480: Total time for which application threads were stopped: 0.0001365 seconds, Stopping threads took: 0.0000385 seconds
2016-04-03T18:04:23.718-0800: 3315.480: Total time for which application threads were stopped: 0.0001092 seconds, Stopping threads took: 0.0000561 seconds
2016-04-03T18:04:23.719-0800: 3315.480: Total time for which application threads were stopped: 0.0001018 seconds, Stopping threads took: 0.0000290 seconds
2016-04-03T18:04:23.719-0800: 3315.481: Total time for which application threads were stopped: 0.0000538 seconds, Stopping threads took: 0.0000092 seconds
2016-04-03T18:04:23.719-0800: 3315.481: Total time for which application threads were stopped: 0.0000609 seconds, Stopping threads took: 0.0000088 seconds
2016-04-03T18:04:23.720-0800: 3315.481: Total time for which application threads were stopped: 0.0000620 seconds, Stopping threads took: 0.0000088 seconds
2016-04-03T18:04:58.171-0800: 3349.934: Total time for which application threads were stopped: 0.0001064 seconds, Stopping threads took: 0.0000198 seconds
2016-04-03T18:04:58.187-0800: 3349.950: Total time for which application threads were stopped: 0.0001155 seconds, Stopping threads took: 0.0000188 seconds
2016-04-03T18:04:58.187-0800: 3349.950: Total time for which application threads were stopped: 0.0001403 seconds, Stopping threads took: 0.0000589 seconds
2016-04-03T18:04:58.187-0800: 3349.951: Total time for which application threads were stopped: 0.0000942 seconds, Stopping threads took: 0.0000467 seconds
2016-04-03T18:04:58.187-0800: 3349.951: Total time for which application threads were stopped: 0.0001202 seconds, Stopping threads took: 0.0000661 seconds
2016-04-03T18:04:58.188-0800: 3349.951: Total time for which application threads were stopped: 0.0002342 seconds, Stopping threads took: 0.0000468 seconds
2016-04-03T18:04:58.188-0800: 3349.952: Total time for which application threads were stopped: 0.0001297 seconds, Stopping threads took: 0.0000545 seconds
2016-04-03T18:04:58.191-0800: 3349.954: Total time for which application threads were stopped: 0.0001166 seconds, Stopping threads took: 0.0000363 seconds
2016-04-03T18:04:58.191-0800: 3349.955: Total time for which application threads were stopped: 0.0001698 seconds, Stopping threads took: 0.0000741 seconds
2016-04-03T18:04:58.191-0800: 3349.955: Total time for which application threads were stopped: 0.0001077 seconds, Stopping threads took: 0.0000464 seconds
2016-04-03T18:04:58.192-0800: 3349.955: Total time for which application threads were stopped: 0.0001417 seconds, Stopping threads took: 0.0000399 seconds
2016-04-03T18:04:58.195-0800: 3349.958: Total time for which application threads were stopped: 0.0000813 seconds, Stopping threads took: 0.0000153 seconds
2016-04-03T18:04:58.310-0800: 3350.074: Total time for which application threads were stopped: 0.0001198 seconds, Stopping threads took: 0.0000180 seconds
2016-04-03T18:04:58.311-0800: 3350.074: Total time for which application threads were stopped: 0.0000551 seconds, Stopping threads took: 0.0000084 seconds
2016-04-03T18:04:58.311-0800: 3350.074: Total time for which application threads were stopped: 0.0000484 seconds, Stopping threads took: 0.0000067 seconds
2016-04-03T18:04:58.311-0800: 3350.074: Total time for which application threads were stopped: 0.0000471 seconds, Stopping threads took: 0.0000065 seconds
2016-04-03T18:04:58.311-0800: 3350.074: Total time for which application threads were stopped: 0.0000460 seconds, Stopping threads took: 0.0000062 seconds
2016-04-03T18:04:58.311-0800: 3350.074: Total time for which application threads were stopped: 0.0000463 seconds, Stopping threads took: 0.0000064 seconds
2016-04-03T18:04:58.311-0800: 3350.074: Total time for which application threads were stopped: 0.0000458 seconds, Stopping threads took: 0.0000064 seconds
2016-04-03T18:04:58.311-0800: 3350.074: Total time for which application threads were stopped: 0.0000456 seconds, Stopping threads took: 0.0000062 seconds
2016-04-03T18:04:58.311-0800: 3350.075: Total time for which application threads were stopped: 0.0000456 seconds, Stopping threads took: 0.0000063 seconds
2016-04-03T18:04:58.312-0800: 3350.075: Total time for which application threads were stopped: 0.0000514 seconds, Stopping threads took: 0.0000076 seconds
2016-04-03T18:04:58.312-0800: 3350.075: Total time for which application threads were stopped: 0.0000572 seconds, Stopping threads took: 0.0000086 seconds
2016-04-03T18:04:58.318-0800: 3350.082: Total time for which application threads were stopped: 0.0000973 seconds, Stopping threads took: 0.0000124 seconds
2016-04-03T18:04:58.318-0800: 3350.082: Total time for which application threads were stopped: 0.0000524 seconds, Stopping threads took: 0.0000066 seconds
2016-04-03T18:04:58.323-0800: 3350.087: Total time for which application threads were stopped: 0.0000959 seconds, Stopping threads took: 0.0000231 seconds
2016-04-03T18:04:58.323-0800: 3350.087: Total time for which application threads were stopped: 0.0000632 seconds, Stopping threads took: 0.0000168 seconds
2016-04-03T18:04:58.346-0800: 3350.109: Total time for which application threads were stopped: 0.0001026 seconds, Stopping threads took: 0.0000211 seconds
2016-04-03T18:04:58.346-0800: 3350.109: Total time for which application threads were stopped: 0.0000856 seconds, Stopping threads took: 0.0000465 seconds
2016-04-03T18:04:58.346-0800: 3350.109: Total time for which application threads were stopped: 0.0000649 seconds, Stopping threads took: 0.0000282 seconds
2016-04-03T18:04:58.346-0800: 3350.110: Total time for which application threads were stopped: 0.0000668 seconds, Stopping threads took: 0.0000244 seconds
2016-04-03T18:04:58.346-0800: 3350.110: Total time for which application threads were stopped: 0.0000492 seconds, Stopping threads took: 0.0000133 seconds
2016-04-03T18:04:58.347-0800: 3350.110: Total time for which application threads were stopped: 0.0001017 seconds, Stopping threads took: 0.0000125 seconds
2016-04-03T18:04:58.347-0800: 3350.110: Total time for which application threads were stopped: 0.0000732 seconds, Stopping threads took: 0.0000112 seconds
2016-04-03T18:04:58.347-0800: 3350.110: Total time for which application threads were stopped: 0.0000565 seconds, Stopping threads took: 0.0000080 seconds
2016-04-03T18:04:58.347-0800: 3350.111: Total time for which application threads were stopped: 0.0002520 seconds, Stopping threads took: 0.0000086 seconds
2016-04-03T18:04:58.351-0800: 3350.115: Total time for which application threads were stopped: 0.0000799 seconds, Stopping threads took: 0.0000111 seconds
2016-04-03T18:04:58.351-0800: 3350.115: Total time for which application threads were stopped: 0.0000651 seconds, Stopping threads took: 0.0000082 seconds
2016-04-03T18:04:58.355-0800: 3350.119: Total time for which application threads were stopped: 0.0000964 seconds, Stopping threads took: 0.0000254 seconds
2016-04-03T18:04:58.356-0800: 3350.119: Total time for which application threads were stopped: 0.0000916 seconds, Stopping threads took: 0.0000373 seconds
2016-04-03T18:04:59.356-0800: 3351.119: Total time for which application threads were stopped: 0.0001307 seconds, Stopping threads took: 0.0000288 seconds
2016-04-03T18:05:08.344-0800: 3360.108: Total time for which application threads were stopped: 0.0002174 seconds, Stopping threads took: 0.0000437 seconds
2016-04-03T18:05:48.433-0800: 3400.199: Total time for which application threads were stopped: 0.0002249 seconds, Stopping threads took: 0.0000561 seconds
2016-04-03T18:05:58.357-0800: 3410.123: Total time for which application threads were stopped: 0.0001026 seconds, Stopping threads took: 0.0000223 seconds
2016-04-03T18:06:09.375-0800: 3421.142: Total time for which application threads were stopped: 0.0002236 seconds, Stopping threads took: 0.0000476 seconds
2016-04-03T18:06:38.013-0800: 3449.781: Total time for which application threads were stopped: 0.0000953 seconds, Stopping threads took: 0.0000161 seconds
2016-04-03T18:06:38.028-0800: 3449.796: Total time for which application threads were stopped: 0.0001170 seconds, Stopping threads took: 0.0000187 seconds
2016-04-03T18:06:38.028-0800: 3449.797: Total time for which application threads were stopped: 0.0000994 seconds, Stopping threads took: 0.0000094 seconds
2016-04-03T18:06:38.029-0800: 3449.797: Total time for which application threads were stopped: 0.0000888 seconds, Stopping threads took: 0.0000299 seconds
2016-04-03T18:06:38.029-0800: 3449.797: Total time for which application threads were stopped: 0.0000835 seconds, Stopping threads took: 0.0000253 seconds
2016-04-03T18:06:38.029-0800: 3449.797: Total time for which application threads were stopped: 0.0000873 seconds, Stopping threads took: 0.0000445 seconds
2016-04-03T18:06:38.032-0800: 3449.800: Total time for which application threads were stopped: 0.0001333 seconds, Stopping threads took: 0.0000206 seconds
2016-04-03T18:06:38.032-0800: 3449.801: Total time for which application threads were stopped: 0.0001108 seconds, Stopping threads took: 0.0000530 seconds
2016-04-03T18:06:38.033-0800: 3449.801: Total time for which application threads were stopped: 0.0001313 seconds, Stopping threads took: 0.0000543 seconds
2016-04-03T18:06:38.035-0800: 3449.804: Total time for which application threads were stopped: 0.0000782 seconds, Stopping threads took: 0.0000112 seconds
2016-04-03T18:06:38.138-0800: 3449.906: Total time for which application threads were stopped: 0.0001404 seconds, Stopping threads took: 0.0000359 seconds
2016-04-03T18:06:38.138-0800: 3449.907: Total time for which application threads were stopped: 0.0001088 seconds, Stopping threads took: 0.0000287 seconds
2016-04-03T18:06:38.139-0800: 3449.907: Total time for which application threads were stopped: 0.0000925 seconds, Stopping threads took: 0.0000301 seconds
2016-04-03T18:06:38.139-0800: 3449.907: Total time for which application threads were stopped: 0.0000883 seconds, Stopping threads took: 0.0000153 seconds
2016-04-03T18:06:38.139-0800: 3449.907: Total time for which application threads were stopped: 0.0000577 seconds, Stopping threads took: 0.0000093 seconds
2016-04-03T18:06:38.139-0800: 3449.908: Total time for which application threads were stopped: 0.0000630 seconds, Stopping threads took: 0.0000082 seconds
2016-04-03T18:06:38.140-0800: 3449.908: Total time for which application threads were stopped: 0.0000592 seconds, Stopping threads took: 0.0000071 seconds
2016-04-03T18:06:38.144-0800: 3449.913: Total time for which application threads were stopped: 0.0002997 seconds, Stopping threads took: 0.0000476 seconds
2016-04-03T18:06:38.145-0800: 3449.913: Total time for which application threads were stopped: 0.0001007 seconds, Stopping threads took: 0.0000234 seconds
2016-04-03T18:06:38.149-0800: 3449.918: Total time for which application threads were stopped: 0.0001469 seconds, Stopping threads took: 0.0000134 seconds
2016-04-03T18:06:38.150-0800: 3449.918: Total time for which application threads were stopped: 0.0001268 seconds, Stopping threads took: 0.0000304 seconds
2016-04-03T18:06:38.180-0800: 3449.948: Total time for which application threads were stopped: 0.0001214 seconds, Stopping threads took: 0.0000361 seconds
2016-04-03T18:06:38.180-0800: 3449.949: Total time for which application threads were stopped: 0.0000872 seconds, Stopping threads took: 0.0000181 seconds
2016-04-03T18:06:38.185-0800: 3449.953: Total time for which application threads were stopped: 0.0001260 seconds, Stopping threads took: 0.0000526 seconds
2016-04-03T18:06:38.185-0800: 3449.953: Total time for which application threads were stopped: 0.0000659 seconds, Stopping threads took: 0.0000145 seconds
2016-04-03T18:07:37.409-0800: 3509.180: Total time for which application threads were stopped: 0.0001337 seconds, Stopping threads took: 0.0000416 seconds
2016-04-03T18:07:38.187-0800: 3509.958: Total time for which application threads were stopped: 0.0001514 seconds, Stopping threads took: 0.0000550 seconds
2016-04-03T18:08:28.373-0800: 3560.147: Total time for which application threads were stopped: 0.0002229 seconds, Stopping threads took: 0.0000486 seconds
2016-04-03T18:09:00.363-0800: 3592.138: Total time for which application threads were stopped: 0.0001162 seconds, Stopping threads took: 0.0000274 seconds
2016-04-03T18:09:00.364-0800: 3592.139: Total time for which application threads were stopped: 0.0000592 seconds, Stopping threads took: 0.0000079 seconds
2016-04-03T18:09:00.442-0800: 3592.217: Total time for which application threads were stopped: 0.0001078 seconds, Stopping threads took: 0.0000187 seconds
2016-04-03T18:09:00.445-0800: 3592.220: Total time for which application threads were stopped: 0.0000710 seconds, Stopping threads took: 0.0000122 seconds
2016-04-03T18:09:00.447-0800: 3592.222: Total time for which application threads were stopped: 0.0000993 seconds, Stopping threads took: 0.0000417 seconds
2016-04-03T18:09:00.447-0800: 3592.222: Total time for which application threads were stopped: 0.0000587 seconds, Stopping threads took: 0.0000093 seconds
2016-04-03T18:09:00.462-0800: 3592.238: Total time for which application threads were stopped: 0.0000954 seconds, Stopping threads took: 0.0000118 seconds
2016-04-03T18:09:00.473-0800: 3592.248: Total time for which application threads were stopped: 0.0000849 seconds, Stopping threads took: 0.0000296 seconds
2016-04-03T18:09:00.473-0800: 3592.248: Total time for which application threads were stopped: 0.0000649 seconds, Stopping threads took: 0.0000234 seconds
2016-04-03T18:09:00.473-0800: 3592.249: Total time for which application threads were stopped: 0.0000603 seconds, Stopping threads took: 0.0000227 seconds
2016-04-03T18:09:00.473-0800: 3592.249: Total time for which application threads were stopped: 0.0001301 seconds, Stopping threads took: 0.0000150 seconds
2016-04-03T18:09:00.474-0800: 3592.249: Total time for which application threads were stopped: 0.0000472 seconds, Stopping threads took: 0.0000152 seconds
2016-04-03T18:09:00.474-0800: 3592.249: Total time for which application threads were stopped: 0.0000354 seconds, Stopping threads took: 0.0000064 seconds
2016-04-03T18:09:00.474-0800: 3592.249: Total time for which application threads were stopped: 0.0000357 seconds, Stopping threads took: 0.0000072 seconds
2016-04-03T18:09:00.474-0800: 3592.249: Total time for which application threads were stopped: 0.0000992 seconds, Stopping threads took: 0.0000058 seconds
2016-04-03T18:14:29.187-0800: 3920.979: Total time for which application threads were stopped: 0.0001221 seconds, Stopping threads took: 0.0000251 seconds
{Heap before GC invocations=12 (full 1):
 par new generation   total 109248K, used 103437K [0x00000007a0000000, 0x00000007a8000000, 0x00000007a8000000)
  eden space 87424K, 100% used [0x00000007a0000000, 0x00000007a5560000, 0x00000007a5560000)
  from space 21824K,  73% used [0x00000007a5560000, 0x00000007a65034a0, 0x00000007a6ab0000)
  to   space 21824K,   0% used [0x00000007a6ab0000, 0x00000007a6ab0000, 0x00000007a8000000)
 concurrent mark-sweep generation total 393216K, used 10536K [0x00000007a8000000, 0x00000007c0000000, 0x00000007c0000000)
 Metaspace       used 32757K, capacity 33272K, committed 33532K, reserved 1079296K
  class space    used 3676K, capacity 3789K, committed 3836K, reserved 1048576K
2016-04-03T18:14:29.247-0800: 3921.038: [GC (Allocation Failure) 2016-04-03T18:14:29.247-0800: 3921.038: [ParNew
Desired survivor size 20112992 bytes, new threshold 8 (max 8)
- age   1:    2705280 bytes,    2705280 total
- age   2:     259512 bytes,    2964792 total
- age   3:     124536 bytes,    3089328 total
- age   4:     306872 bytes,    3396200 total
- age   5:    3078856 bytes,    6475056 total
- age   6:    9366576 bytes,   15841632 total
- age   7:     150000 bytes,   15991632 total
- age   8:       1888 bytes,   15993520 total
: 103437K->21824K(109248K), 0.0109843 secs] 113973K->32485K(502464K), 0.0110348 secs] [Times: user=0.04 sys=0.00, real=0.01 secs] 
Heap after GC invocations=13 (full 1):
 par new generation   total 109248K, used 21824K [0x00000007a0000000, 0x00000007a8000000, 0x00000007a8000000)
  eden space 87424K,   0% used [0x00000007a0000000, 0x00000007a0000000, 0x00000007a5560000)
  from space 21824K, 100% used [0x00000007a6ab0000, 0x00000007a8000000, 0x00000007a8000000)
  to   space 21824K,   0% used [0x00000007a5560000, 0x00000007a5560000, 0x00000007a6ab0000)
 concurrent mark-sweep generation total 393216K, used 10661K [0x00000007a8000000, 0x00000007c0000000, 0x00000007c0000000)
 Metaspace       used 32757K, capacity 33272K, committed 33532K, reserved 1079296K
  class space    used 3676K, capacity 3789K, committed 3836K, reserved 1048576K
}
2016-04-03T18:14:29.258-0800: 3921.050: Total time for which application threads were stopped: 0.0112741 seconds, Stopping threads took: 0.0000195 seconds
2016-04-03T18:14:29.379-0800: 3921.171: Total time for which application threads were stopped: 0.0001239 seconds, Stopping threads took: 0.0000234 seconds
2016-04-03T18:14:29.381-0800: 3921.173: Total time for which application threads were stopped: 0.0000658 seconds, Stopping threads took: 0.0000074 seconds
2016-04-03T18:14:29.385-0800: 3921.177: Total time for which application threads were stopped: 0.0001283 seconds, Stopping threads took: 0.0000410 seconds
2016-04-03T18:14:29.385-0800: 3921.177: Total time for which application threads were stopped: 0.0000710 seconds, Stopping threads took: 0.0000097 seconds
2016-04-03T18:14:29.431-0800: 3921.223: Total time for which application threads were stopped: 0.0001016 seconds, Stopping threads took: 0.0000184 seconds
2016-04-03T18:14:29.442-0800: 3921.234: Total time for which application threads were stopped: 0.0002172 seconds, Stopping threads took: 0.0000291 seconds
2016-04-03T18:14:29.443-0800: 3921.234: Total time for which application threads were stopped: 0.0001843 seconds, Stopping threads took: 0.0000313 seconds
2016-04-03T18:14:29.443-0800: 3921.234: Total time for which application threads were stopped: 0.0001935 seconds, Stopping threads took: 0.0000308 seconds
2016-04-03T18:16:58.150-0800: 4069.949: Total time for which application threads were stopped: 0.0001256 seconds, Stopping threads took: 0.0000202 seconds
2016-04-03T18:16:58.165-0800: 4069.964: Total time for which application threads were stopped: 0.0001028 seconds, Stopping threads took: 0.0000219 seconds
2016-04-03T18:16:58.167-0800: 4069.966: Total time for which application threads were stopped: 0.0001177 seconds, Stopping threads took: 0.0000598 seconds
2016-04-03T18:16:58.167-0800: 4069.966: Total time for which application threads were stopped: 0.0000698 seconds, Stopping threads took: 0.0000312 seconds
2016-04-03T18:16:58.167-0800: 4069.966: Total time for which application threads were stopped: 0.0000666 seconds, Stopping threads took: 0.0000069 seconds
2016-04-03T18:16:58.168-0800: 4069.967: Total time for which application threads were stopped: 0.0001704 seconds, Stopping threads took: 0.0000889 seconds
2016-04-03T18:16:58.168-0800: 4069.967: Total time for which application threads were stopped: 0.0001137 seconds, Stopping threads took: 0.0000576 seconds
2016-04-03T18:16:58.180-0800: 4069.978: Total time for which application threads were stopped: 0.0002609 seconds, Stopping threads took: 0.0000587 seconds
2016-04-03T18:16:58.183-0800: 4069.982: Total time for which application threads were stopped: 0.0001543 seconds, Stopping threads took: 0.0000560 seconds
2016-04-03T18:16:58.184-0800: 4069.983: Total time for which application threads were stopped: 0.0001471 seconds, Stopping threads took: 0.0000712 seconds
2016-04-03T18:16:58.187-0800: 4069.986: Total time for which application threads were stopped: 0.0000924 seconds, Stopping threads took: 0.0000135 seconds
2016-04-03T18:16:58.223-0800: 4070.022: Total time for which application threads were stopped: 0.0001324 seconds, Stopping threads took: 0.0000349 seconds
2016-04-03T18:16:58.266-0800: 4070.064: Total time for which application threads were stopped: 0.0001074 seconds, Stopping threads took: 0.0000163 seconds
2016-04-03T18:16:58.266-0800: 4070.064: Total time for which application threads were stopped: 0.0000467 seconds, Stopping threads took: 0.0000055 seconds
2016-04-03T18:16:58.270-0800: 4070.069: Total time for which application threads were stopped: 0.0001554 seconds, Stopping threads took: 0.0000250 seconds
2016-04-03T18:16:58.270-0800: 4070.069: Total time for which application threads were stopped: 0.0001235 seconds, Stopping threads took: 0.0000169 seconds
2016-04-03T18:16:58.270-0800: 4070.069: Total time for which application threads were stopped: 0.0001105 seconds, Stopping threads took: 0.0000111 seconds
2016-04-03T18:16:58.291-0800: 4070.090: Total time for which application threads were stopped: 0.0001323 seconds, Stopping threads took: 0.0000292 seconds
2016-04-03T18:16:58.291-0800: 4070.090: Total time for which application threads were stopped: 0.0000669 seconds, Stopping threads took: 0.0000180 seconds
2016-04-03T18:16:58.291-0800: 4070.090: Total time for which application threads were stopped: 0.0000828 seconds, Stopping threads took: 0.0000251 seconds
2016-04-03T18:16:58.291-0800: 4070.090: Total time for which application threads were stopped: 0.0000832 seconds, Stopping threads took: 0.0000436 seconds
2016-04-03T18:16:58.292-0800: 4070.090: Total time for which application threads were stopped: 0.0000671 seconds, Stopping threads took: 0.0000293 seconds
2016-04-03T18:16:58.292-0800: 4070.091: Total time for which application threads were stopped: 0.0001491 seconds, Stopping threads took: 0.0000285 seconds
2016-04-03T18:16:58.292-0800: 4070.091: Total time for which application threads were stopped: 0.0001010 seconds, Stopping threads took: 0.0000263 seconds
2016-04-03T18:16:58.292-0800: 4070.091: Total time for which application threads were stopped: 0.0001235 seconds, Stopping threads took: 0.0000523 seconds
2016-04-03T18:16:58.293-0800: 4070.091: Total time for which application threads were stopped: 0.0001111 seconds, Stopping threads took: 0.0000214 seconds
2016-04-03T18:16:58.293-0800: 4070.092: Total time for which application threads were stopped: 0.0001459 seconds, Stopping threads took: 0.0000454 seconds
2016-04-03T18:16:58.293-0800: 4070.092: Total time for which application threads were stopped: 0.0001349 seconds, Stopping threads took: 0.0000325 seconds
2016-04-03T18:16:58.293-0800: 4070.092: Total time for which application threads were stopped: 0.0001211 seconds, Stopping threads took: 0.0000287 seconds
2016-04-03T18:16:58.294-0800: 4070.092: Total time for which application threads were stopped: 0.0002422 seconds, Stopping threads took: 0.0000231 seconds
2016-04-03T18:16:58.301-0800: 4070.100: Total time for which application threads were stopped: 0.0002358 seconds, Stopping threads took: 0.0000409 seconds
2016-04-03T18:16:58.301-0800: 4070.100: Total time for which application threads were stopped: 0.0001187 seconds, Stopping threads took: 0.0000335 seconds
2016-04-03T18:16:58.306-0800: 4070.105: Total time for which application threads were stopped: 0.0001178 seconds, Stopping threads took: 0.0000317 seconds
2016-04-03T18:16:58.306-0800: 4070.105: Total time for which application threads were stopped: 0.0000798 seconds, Stopping threads took: 0.0000188 seconds
2016-04-03T18:17:03.286-0800: 4075.085: Total time for which application threads were stopped: 0.0001533 seconds, Stopping threads took: 0.0000559 seconds
2016-04-03T18:17:08.286-0800: 4080.086: Total time for which application threads were stopped: 0.0001395 seconds, Stopping threads took: 0.0000292 seconds
2016-04-03T18:17:48.421-0800: 4120.222: Total time for which application threads were stopped: 0.0002470 seconds, Stopping threads took: 0.0000478 seconds
2016-04-03T18:17:52.189-0800: 4123.991: Total time for which application threads were stopped: 0.0001132 seconds, Stopping threads took: 0.0000255 seconds
2016-04-03T18:17:58.309-0800: 4130.111: Total time for which application threads were stopped: 0.0001310 seconds, Stopping threads took: 0.0000276 seconds
2016-04-03T18:19:49.487-0800: 4241.295: Total time for which application threads were stopped: 0.0001009 seconds, Stopping threads took: 0.0000186 seconds
2016-04-03T18:19:49.501-0800: 4241.308: Total time for which application threads were stopped: 0.0001972 seconds, Stopping threads took: 0.0000382 seconds
2016-04-03T18:19:49.502-0800: 4241.309: Total time for which application threads were stopped: 0.0001552 seconds, Stopping threads took: 0.0000559 seconds
2016-04-03T18:19:49.505-0800: 4241.312: Total time for which application threads were stopped: 0.0000600 seconds, Stopping threads took: 0.0000108 seconds
2016-04-03T18:19:49.505-0800: 4241.312: Total time for which application threads were stopped: 0.0000502 seconds, Stopping threads took: 0.0000090 seconds
2016-04-03T18:19:49.506-0800: 4241.313: Total time for which application threads were stopped: 0.0000639 seconds, Stopping threads took: 0.0000070 seconds
2016-04-03T18:19:49.507-0800: 4241.314: Total time for which application threads were stopped: 0.0000617 seconds, Stopping threads took: 0.0000093 seconds
2016-04-03T18:19:49.507-0800: 4241.314: Total time for which application threads were stopped: 0.0000752 seconds, Stopping threads took: 0.0000088 seconds
2016-04-03T18:19:49.507-0800: 4241.314: Total time for which application threads were stopped: 0.0000806 seconds, Stopping threads took: 0.0000279 seconds
2016-04-03T18:19:49.581-0800: 4241.389: Total time for which application threads were stopped: 0.0000926 seconds, Stopping threads took: 0.0000165 seconds
2016-04-03T18:19:49.582-0800: 4241.389: Total time for which application threads were stopped: 0.0000444 seconds, Stopping threads took: 0.0000076 seconds
2016-04-03T18:19:49.582-0800: 4241.389: Total time for which application threads were stopped: 0.0000407 seconds, Stopping threads took: 0.0000063 seconds
2016-04-03T18:19:49.587-0800: 4241.394: Total time for which application threads were stopped: 0.0000860 seconds, Stopping threads took: 0.0000118 seconds
2016-04-03T18:19:49.587-0800: 4241.394: Total time for which application threads were stopped: 0.0000660 seconds, Stopping threads took: 0.0000085 seconds
2016-04-03T18:19:49.592-0800: 4241.399: Total time for which application threads were stopped: 0.0000965 seconds, Stopping threads took: 0.0000213 seconds
2016-04-03T18:19:49.592-0800: 4241.399: Total time for which application threads were stopped: 0.0001148 seconds, Stopping threads took: 0.0000493 seconds
2016-04-03T18:19:49.622-0800: 4241.430: Total time for which application threads were stopped: 0.0001049 seconds, Stopping threads took: 0.0000139 seconds
2016-04-03T18:19:49.623-0800: 4241.430: Total time for which application threads were stopped: 0.0000483 seconds, Stopping threads took: 0.0000054 seconds
2016-04-03T18:19:49.627-0800: 4241.434: Total time for which application threads were stopped: 0.0000880 seconds, Stopping threads took: 0.0000117 seconds
2016-04-03T18:19:49.627-0800: 4241.434: Total time for which application threads were stopped: 0.0000662 seconds, Stopping threads took: 0.0000205 seconds
2016-04-03T18:19:50.376-0800: 4242.183: Total time for which application threads were stopped: 0.0001169 seconds, Stopping threads took: 0.0000166 seconds
2016-04-03T18:19:50.376-0800: 4242.184: Total time for which application threads were stopped: 0.0000446 seconds, Stopping threads took: 0.0000059 seconds
2016-04-03T18:19:50.381-0800: 4242.189: Total time for which application threads were stopped: 0.0001800 seconds, Stopping threads took: 0.0000525 seconds
2016-04-03T18:19:50.382-0800: 4242.189: Total time for which application threads were stopped: 0.0000957 seconds, Stopping threads took: 0.0000279 seconds
2016-04-03T18:19:50.402-0800: 4242.210: Total time for which application threads were stopped: 0.0001198 seconds, Stopping threads took: 0.0000213 seconds
2016-04-03T18:19:50.402-0800: 4242.210: Total time for which application threads were stopped: 0.0000805 seconds, Stopping threads took: 0.0000108 seconds
2016-04-03T18:19:50.407-0800: 4242.215: Total time for which application threads were stopped: 0.0000872 seconds, Stopping threads took: 0.0000223 seconds
2016-04-03T18:19:50.407-0800: 4242.215: Total time for which application threads were stopped: 0.0001371 seconds, Stopping threads took: 0.0000530 seconds
2016-04-03T18:19:50.985-0800: 4242.793: Total time for which application threads were stopped: 0.0002545 seconds, Stopping threads took: 0.0000483 seconds
2016-04-03T18:19:50.986-0800: 4242.793: Total time for which application threads were stopped: 0.0000881 seconds, Stopping threads took: 0.0000119 seconds
2016-04-03T18:19:50.990-0800: 4242.797: Total time for which application threads were stopped: 0.0001134 seconds, Stopping threads took: 0.0000321 seconds
2016-04-03T18:19:50.990-0800: 4242.798: Total time for which application threads were stopped: 0.0000876 seconds, Stopping threads took: 0.0000197 seconds
2016-04-03T18:19:51.014-0800: 4242.821: Total time for which application threads were stopped: 0.0001190 seconds, Stopping threads took: 0.0000147 seconds
2016-04-03T18:19:51.014-0800: 4242.821: Total time for which application threads were stopped: 0.0000413 seconds, Stopping threads took: 0.0000035 seconds
2016-04-03T18:19:51.018-0800: 4242.825: Total time for which application threads were stopped: 0.0000870 seconds, Stopping threads took: 0.0000220 seconds
2016-04-03T18:19:51.018-0800: 4242.825: Total time for which application threads were stopped: 0.0001256 seconds, Stopping threads took: 0.0000480 seconds
2016-04-03T18:19:51.296-0800: 4243.104: Total time for which application threads were stopped: 0.0002774 seconds, Stopping threads took: 0.0000172 seconds
2016-04-03T18:19:51.297-0800: 4243.104: Total time for which application threads were stopped: 0.0002033 seconds, Stopping threads took: 0.0000279 seconds
2016-04-03T18:19:51.303-0800: 4243.110: Total time for which application threads were stopped: 0.0001030 seconds, Stopping threads took: 0.0000249 seconds
2016-04-03T18:19:51.303-0800: 4243.110: Total time for which application threads were stopped: 0.0000692 seconds, Stopping threads took: 0.0000187 seconds
2016-04-03T18:19:51.324-0800: 4243.131: Total time for which application threads were stopped: 0.0000999 seconds, Stopping threads took: 0.0000133 seconds
2016-04-03T18:19:51.324-0800: 4243.131: Total time for which application threads were stopped: 0.0000525 seconds, Stopping threads took: 0.0000075 seconds
2016-04-03T18:19:51.328-0800: 4243.135: Total time for which application threads were stopped: 0.0000965 seconds, Stopping threads took: 0.0000116 seconds
2016-04-03T18:19:51.328-0800: 4243.135: Total time for which application threads were stopped: 0.0001157 seconds, Stopping threads took: 0.0000443 seconds
2016-04-03T18:19:56.318-0800: 4248.126: Total time for which application threads were stopped: 0.0001603 seconds, Stopping threads took: 0.0000535 seconds
2016-04-03T18:20:01.322-0800: 4253.130: Total time for which application threads were stopped: 0.0000878 seconds, Stopping threads took: 0.0000246 seconds
2016-04-03T18:20:06.373-0800: 4258.181: Total time for which application threads were stopped: 0.0001191 seconds, Stopping threads took: 0.0000168 seconds
2016-04-03T18:20:06.373-0800: 4258.181: Total time for which application threads were stopped: 0.0000584 seconds, Stopping threads took: 0.0000077 seconds
2016-04-03T18:20:06.377-0800: 4258.185: Total time for which application threads were stopped: 0.0000908 seconds, Stopping threads took: 0.0000214 seconds
2016-04-03T18:20:06.377-0800: 4258.185: Total time for which application threads were stopped: 0.0000923 seconds, Stopping threads took: 0.0000329 seconds
2016-04-03T18:20:06.401-0800: 4258.209: Total time for which application threads were stopped: 0.0000939 seconds, Stopping threads took: 0.0000136 seconds
2016-04-03T18:20:06.401-0800: 4258.209: Total time for which application threads were stopped: 0.0000462 seconds, Stopping threads took: 0.0000052 seconds
2016-04-03T18:20:06.405-0800: 4258.213: Total time for which application threads were stopped: 0.0001462 seconds, Stopping threads took: 0.0000122 seconds
2016-04-03T18:20:06.405-0800: 4258.213: Total time for which application threads were stopped: 0.0001563 seconds, Stopping threads took: 0.0000121 seconds
2016-04-03T18:20:06.406-0800: 4258.214: Total time for which application threads were stopped: 0.0001778 seconds, Stopping threads took: 0.0000211 seconds
2016-04-03T18:20:43.838-0800: 4295.648: Total time for which application threads were stopped: 0.0002694 seconds, Stopping threads took: 0.0000491 seconds
2016-04-03T18:20:43.840-0800: 4295.650: Total time for which application threads were stopped: 0.0001664 seconds, Stopping threads took: 0.0000350 seconds
2016-04-03T18:20:43.913-0800: 4295.723: Total time for which application threads were stopped: 0.0002228 seconds, Stopping threads took: 0.0000308 seconds
2016-04-03T18:20:43.916-0800: 4295.726: Total time for which application threads were stopped: 0.0000739 seconds, Stopping threads took: 0.0000139 seconds
2016-04-03T18:20:43.918-0800: 4295.728: Total time for which application threads were stopped: 0.0001020 seconds, Stopping threads took: 0.0000148 seconds
2016-04-03T18:20:43.918-0800: 4295.728: Total time for which application threads were stopped: 0.0000869 seconds, Stopping threads took: 0.0000125 seconds
2016-04-03T18:20:43.951-0800: 4295.761: Total time for which application threads were stopped: 0.0001171 seconds, Stopping threads took: 0.0000182 seconds
2016-04-03T18:20:43.952-0800: 4295.762: Total time for which application threads were stopped: 0.0002387 seconds, Stopping threads took: 0.0000136 seconds
2016-04-03T18:20:43.968-0800: 4295.778: Total time for which application threads were stopped: 0.0001342 seconds, Stopping threads took: 0.0000348 seconds
2016-04-03T18:20:43.968-0800: 4295.778: Total time for which application threads were stopped: 0.0001067 seconds, Stopping threads took: 0.0000283 seconds
2016-04-03T18:20:43.969-0800: 4295.778: Total time for which application threads were stopped: 0.0000912 seconds, Stopping threads took: 0.0000227 seconds
2016-04-03T18:20:44.969-0800: 4296.779: Total time for which application threads were stopped: 0.0002285 seconds, Stopping threads took: 0.0000484 seconds
2016-04-03T18:21:06.408-0800: 4318.219: Total time for which application threads were stopped: 0.0001671 seconds, Stopping threads took: 0.0000641 seconds
2016-04-03T18:35:44.401-0800: 5047.534: Total time for which application threads were stopped: 0.0001479 seconds, Stopping threads took: 0.0000227 seconds
2016-04-03T18:35:44.402-0800: 5047.536: Total time for which application threads were stopped: 0.0000994 seconds, Stopping threads took: 0.0000169 seconds
{Heap before GC invocations=13 (full 1):
 par new generation   total 109248K, used 109248K [0x00000007a0000000, 0x00000007a8000000, 0x00000007a8000000)
  eden space 87424K, 100% used [0x00000007a0000000, 0x00000007a5560000, 0x00000007a5560000)
  from space 21824K, 100% used [0x00000007a6ab0000, 0x00000007a8000000, 0x00000007a8000000)
  to   space 21824K,   0% used [0x00000007a5560000, 0x00000007a5560000, 0x00000007a6ab0000)
 concurrent mark-sweep generation total 393216K, used 10661K [0x00000007a8000000, 0x00000007c0000000, 0x00000007c0000000)
 Metaspace       used 32828K, capacity 33272K, committed 33532K, reserved 1079296K
  class space    used 3677K, capacity 3789K, committed 3836K, reserved 1048576K
2016-04-03T18:35:44.449-0800: 5047.583: [GC (Allocation Failure) 2016-04-03T18:35:44.449-0800: 5047.583: [ParNew
Desired survivor size 20112992 bytes, new threshold 8 (max 8)
- age   1:    4611944 bytes,    4611944 total
- age   2:     599736 bytes,    5211680 total
- age   3:     120696 bytes,    5332376 total
- age   4:     117184 bytes,    5449560 total
- age   5:     298720 bytes,    5748280 total
- age   6:    3075112 bytes,    8823392 total
- age   7:    9357512 bytes,   18180904 total
- age   8:     150000 bytes,   18330904 total
: 109248K->20651K(109248K), 0.0100127 secs] 119909K->31314K(502464K), 0.0100715 secs] [Times: user=0.04 sys=0.00, real=0.01 secs] 
Heap after GC invocations=14 (full 1):
 par new generation   total 109248K, used 20651K [0x00000007a0000000, 0x00000007a8000000, 0x00000007a8000000)
  eden space 87424K,   0% used [0x00000007a0000000, 0x00000007a0000000, 0x00000007a5560000)
  from space 21824K,  94% used [0x00000007a5560000, 0x00000007a698afa0, 0x00000007a6ab0000)
  to   space 21824K,   0% used [0x00000007a6ab0000, 0x00000007a6ab0000, 0x00000007a8000000)
 concurrent mark-sweep generation total 393216K, used 10662K [0x00000007a8000000, 0x00000007c0000000, 0x00000007c0000000)
 Metaspace       used 32828K, capacity 33272K, committed 33532K, reserved 1079296K
  class space    used 3677K, capacity 3789K, committed 3836K, reserved 1048576K
}
2016-04-03T18:35:44.459-0800: 5047.593: Total time for which application threads were stopped: 0.0102573 seconds, Stopping threads took: 0.0000269 seconds
2016-04-03T18:35:44.691-0800: 5047.825: Total time for which application threads were stopped: 0.0001525 seconds, Stopping threads took: 0.0000212 seconds
2016-04-03T18:35:44.695-0800: 5047.829: Total time for which application threads were stopped: 0.0001154 seconds, Stopping threads took: 0.0000186 seconds
2016-04-03T18:35:44.703-0800: 5047.837: Total time for which application threads were stopped: 0.0002828 seconds, Stopping threads took: 0.0000565 seconds
2016-04-03T18:35:44.704-0800: 5047.837: Total time for which application threads were stopped: 0.0000963 seconds, Stopping threads took: 0.0000406 seconds
2016-04-03T18:35:44.889-0800: 5048.023: Total time for which application threads were stopped: 0.0001312 seconds, Stopping threads took: 0.0000160 seconds
2016-04-03T18:35:44.889-0800: 5048.023: Total time for which application threads were stopped: 0.0000943 seconds, Stopping threads took: 0.0000562 seconds
2016-04-03T18:35:44.890-0800: 5048.023: Total time for which application threads were stopped: 0.0000854 seconds, Stopping threads took: 0.0000512 seconds
2016-04-03T18:35:44.890-0800: 5048.023: Total time for which application threads were stopped: 0.0000825 seconds, Stopping threads took: 0.0000332 seconds
2016-04-03T18:36:09.893-0800: 5073.028: Total time for which application threads were stopped: 0.0001030 seconds, Stopping threads took: 0.0000194 seconds
2016-04-03T18:36:09.907-0800: 5073.042: Total time for which application threads were stopped: 0.0001252 seconds, Stopping threads took: 0.0000168 seconds
2016-04-03T18:36:09.908-0800: 5073.042: Total time for which application threads were stopped: 0.0001028 seconds, Stopping threads took: 0.0000383 seconds
2016-04-03T18:36:09.908-0800: 5073.043: Total time for which application threads were stopped: 0.0000681 seconds, Stopping threads took: 0.0000094 seconds
2016-04-03T18:36:09.910-0800: 5073.044: Total time for which application threads were stopped: 0.0000534 seconds, Stopping threads took: 0.0000084 seconds
2016-04-03T18:36:09.910-0800: 5073.044: Total time for which application threads were stopped: 0.0001288 seconds, Stopping threads took: 0.0000493 seconds
2016-04-03T18:36:09.910-0800: 5073.045: Total time for which application threads were stopped: 0.0001021 seconds, Stopping threads took: 0.0000252 seconds
2016-04-03T18:36:09.910-0800: 5073.045: Total time for which application threads were stopped: 0.0000811 seconds, Stopping threads took: 0.0000273 seconds
2016-04-03T18:36:09.910-0800: 5073.045: Total time for which application threads were stopped: 0.0001260 seconds, Stopping threads took: 0.0000702 seconds
2016-04-03T18:36:09.913-0800: 5073.048: Total time for which application threads were stopped: 0.0000524 seconds, Stopping threads took: 0.0000101 seconds
2016-04-03T18:36:09.913-0800: 5073.048: Total time for which application threads were stopped: 0.0001162 seconds, Stopping threads took: 0.0000515 seconds
2016-04-03T18:36:09.913-0800: 5073.048: Total time for which application threads were stopped: 0.0001392 seconds, Stopping threads took: 0.0000487 seconds
2016-04-03T18:36:10.011-0800: 5073.145: Total time for which application threads were stopped: 0.0001247 seconds, Stopping threads took: 0.0000250 seconds
2016-04-03T18:36:10.011-0800: 5073.145: Total time for which application threads were stopped: 0.0000738 seconds, Stopping threads took: 0.0000182 seconds
2016-04-03T18:36:10.015-0800: 5073.150: Total time for which application threads were stopped: 0.0000838 seconds, Stopping threads took: 0.0000191 seconds
2016-04-03T18:36:10.015-0800: 5073.150: Total time for which application threads were stopped: 0.0000628 seconds, Stopping threads took: 0.0000196 seconds
2016-04-03T18:36:10.034-0800: 5073.169: Total time for which application threads were stopped: 0.0000980 seconds, Stopping threads took: 0.0000252 seconds
2016-04-03T18:36:10.034-0800: 5073.169: Total time for which application threads were stopped: 0.0000501 seconds, Stopping threads took: 0.0000069 seconds
2016-04-03T18:36:10.034-0800: 5073.169: Total time for which application threads were stopped: 0.0000734 seconds, Stopping threads took: 0.0000210 seconds
2016-04-03T18:36:10.034-0800: 5073.169: Total time for which application threads were stopped: 0.0000902 seconds, Stopping threads took: 0.0000462 seconds
2016-04-03T18:36:10.035-0800: 5073.169: Total time for which application threads were stopped: 0.0000648 seconds, Stopping threads took: 0.0000215 seconds
2016-04-03T18:36:10.035-0800: 5073.170: Total time for which application threads were stopped: 0.0001335 seconds, Stopping threads took: 0.0000638 seconds
2016-04-03T18:36:10.035-0800: 5073.170: Total time for which application threads were stopped: 0.0000697 seconds, Stopping threads took: 0.0000222 seconds
2016-04-03T18:36:10.035-0800: 5073.170: Total time for which application threads were stopped: 0.0000868 seconds, Stopping threads took: 0.0000235 seconds
2016-04-03T18:36:10.035-0800: 5073.170: Total time for which application threads were stopped: 0.0000679 seconds, Stopping threads took: 0.0000064 seconds
2016-04-03T18:36:10.036-0800: 5073.170: Total time for which application threads were stopped: 0.0001126 seconds, Stopping threads took: 0.0000523 seconds
2016-04-03T18:36:10.036-0800: 5073.170: Total time for which application threads were stopped: 0.0000810 seconds, Stopping threads took: 0.0000088 seconds
2016-04-03T18:36:10.036-0800: 5073.170: Total time for which application threads were stopped: 0.0000676 seconds, Stopping threads took: 0.0000149 seconds
2016-04-03T18:36:10.036-0800: 5073.171: Total time for which application threads were stopped: 0.0000923 seconds, Stopping threads took: 0.0000473 seconds
2016-04-03T18:36:10.036-0800: 5073.171: Total time for which application threads were stopped: 0.0001164 seconds, Stopping threads took: 0.0000408 seconds
2016-04-03T18:36:10.037-0800: 5073.171: Total time for which application threads were stopped: 0.0001576 seconds, Stopping threads took: 0.0000594 seconds
2016-04-03T18:36:10.041-0800: 5073.176: Total time for which application threads were stopped: 0.0001124 seconds, Stopping threads took: 0.0000185 seconds
2016-04-03T18:36:10.042-0800: 5073.176: Total time for which application threads were stopped: 0.0000653 seconds, Stopping threads took: 0.0000093 seconds
2016-04-03T18:36:10.046-0800: 5073.181: Total time for which application threads were stopped: 0.0001073 seconds, Stopping threads took: 0.0000247 seconds
2016-04-03T18:36:10.046-0800: 5073.181: Total time for which application threads were stopped: 0.0000621 seconds, Stopping threads took: 0.0000196 seconds
2016-04-03T18:36:10.999-0800: 5074.134: Total time for which application threads were stopped: 0.0001123 seconds, Stopping threads took: 0.0000153 seconds
2016-04-03T18:36:10.999-0800: 5074.134: Total time for which application threads were stopped: 0.0000667 seconds, Stopping threads took: 0.0000171 seconds
2016-04-03T18:36:11.004-0800: 5074.139: Total time for which application threads were stopped: 0.0003861 seconds, Stopping threads took: 0.0000563 seconds
2016-04-03T18:36:11.005-0800: 5074.140: Total time for which application threads were stopped: 0.0003351 seconds, Stopping threads took: 0.0000335 seconds
2016-04-03T18:36:11.029-0800: 5074.164: Total time for which application threads were stopped: 0.0001872 seconds, Stopping threads took: 0.0000180 seconds
2016-04-03T18:36:11.029-0800: 5074.164: Total time for which application threads were stopped: 0.0000843 seconds, Stopping threads took: 0.0000109 seconds
2016-04-03T18:36:11.034-0800: 5074.168: Total time for which application threads were stopped: 0.0001139 seconds, Stopping threads took: 0.0000149 seconds
2016-04-03T18:36:11.034-0800: 5074.168: Total time for which application threads were stopped: 0.0001288 seconds, Stopping threads took: 0.0000506 seconds
2016-04-03T18:36:15.290-0800: 5078.425: Total time for which application threads were stopped: 0.0000884 seconds, Stopping threads took: 0.0000193 seconds
2016-04-03T18:36:15.301-0800: 5078.435: Total time for which application threads were stopped: 0.0000997 seconds, Stopping threads took: 0.0000240 seconds
2016-04-03T18:36:15.301-0800: 5078.435: Total time for which application threads were stopped: 0.0000583 seconds, Stopping threads took: 0.0000090 seconds
2016-04-03T18:36:15.305-0800: 5078.440: Total time for which application threads were stopped: 0.0001537 seconds, Stopping threads took: 0.0000329 seconds
2016-04-03T18:36:15.305-0800: 5078.440: Total time for which application threads were stopped: 0.0001431 seconds, Stopping threads took: 0.0000292 seconds
2016-04-03T18:36:17.604-0800: 5080.739: Total time for which application threads were stopped: 0.0001053 seconds, Stopping threads took: 0.0000153 seconds
2016-04-03T18:36:17.604-0800: 5080.739: Total time for which application threads were stopped: 0.0000847 seconds, Stopping threads took: 0.0000034 seconds
2016-04-03T18:36:17.610-0800: 5080.745: Total time for which application threads were stopped: 0.0001014 seconds, Stopping threads took: 0.0000231 seconds
2016-04-03T18:36:17.610-0800: 5080.745: Total time for which application threads were stopped: 0.0000653 seconds, Stopping threads took: 0.0000176 seconds
2016-04-03T18:36:17.633-0800: 5080.767: Total time for which application threads were stopped: 0.0000907 seconds, Stopping threads took: 0.0000201 seconds
2016-04-03T18:36:17.633-0800: 5080.768: Total time for which application threads were stopped: 0.0000572 seconds, Stopping threads took: 0.0000075 seconds
2016-04-03T18:36:17.637-0800: 5080.772: Total time for which application threads were stopped: 0.0000956 seconds, Stopping threads took: 0.0000314 seconds
2016-04-03T18:36:17.637-0800: 5080.772: Total time for which application threads were stopped: 0.0001189 seconds, Stopping threads took: 0.0000449 seconds
2016-04-03T18:36:22.066-0800: 5085.201: Total time for which application threads were stopped: 0.0001411 seconds, Stopping threads took: 0.0000181 seconds
2016-04-03T18:36:22.066-0800: 5085.201: Total time for which application threads were stopped: 0.0000825 seconds, Stopping threads took: 0.0000092 seconds
2016-04-03T18:36:22.071-0800: 5085.206: Total time for which application threads were stopped: 0.0001009 seconds, Stopping threads took: 0.0000302 seconds
2016-04-03T18:36:22.071-0800: 5085.206: Total time for which application threads were stopped: 0.0000684 seconds, Stopping threads took: 0.0000226 seconds
2016-04-03T18:36:39.112-0800: 5102.248: Total time for which application threads were stopped: 0.0001083 seconds, Stopping threads took: 0.0000234 seconds
2016-04-03T18:36:48.774-0800: 5111.910: Total time for which application threads were stopped: 0.0001392 seconds, Stopping threads took: 0.0000434 seconds
2016-04-03T18:36:48.776-0800: 5111.912: Total time for which application threads were stopped: 0.0005422 seconds, Stopping threads took: 0.0000225 seconds
2016-04-03T18:36:48.795-0800: 5111.932: Total time for which application threads were stopped: 0.0001378 seconds, Stopping threads took: 0.0000149 seconds
2016-04-03T18:36:48.865-0800: 5112.001: Total time for which application threads were stopped: 0.0005491 seconds, Stopping threads took: 0.0000141 seconds
2016-04-03T18:36:49.217-0800: 5112.353: Total time for which application threads were stopped: 0.0007055 seconds, Stopping threads took: 0.0000200 seconds
2016-04-03T18:36:49.218-0800: 5112.354: Total time for which application threads were stopped: 0.0002376 seconds, Stopping threads took: 0.0000083 seconds
2016-04-03T18:36:49.901-0800: 5113.037: Total time for which application threads were stopped: 0.0002618 seconds, Stopping threads took: 0.0000902 seconds
2016-04-03T18:36:50.172-0800: 5113.309: Total time for which application threads were stopped: 0.0007561 seconds, Stopping threads took: 0.0000230 seconds
2016-04-03T18:36:50.709-0800: 5113.845: Total time for which application threads were stopped: 0.0006869 seconds, Stopping threads took: 0.0000192 seconds
2016-04-03T18:36:50.721-0800: 5113.858: Total time for which application threads were stopped: 0.0002469 seconds, Stopping threads took: 0.0001485 seconds
2016-04-03T18:36:51.297-0800: 5114.434: Total time for which application threads were stopped: 0.0001382 seconds, Stopping threads took: 0.0000171 seconds
2016-04-03T18:36:51.299-0800: 5114.435: Total time for which application threads were stopped: 0.0000947 seconds, Stopping threads took: 0.0000120 seconds
2016-04-03T18:36:51.308-0800: 5114.445: Total time for which application threads were stopped: 0.0001005 seconds, Stopping threads took: 0.0000121 seconds
2016-04-03T18:36:51.370-0800: 5114.507: Total time for which application threads were stopped: 0.0001055 seconds, Stopping threads took: 0.0000252 seconds
2016-04-03T18:36:51.371-0800: 5114.507: Total time for which application threads were stopped: 0.0000500 seconds, Stopping threads took: 0.0000081 seconds
2016-04-03T18:36:51.380-0800: 5114.517: Total time for which application threads were stopped: 0.0000954 seconds, Stopping threads took: 0.0000144 seconds
2016-04-03T18:36:51.408-0800: 5114.544: Total time for which application threads were stopped: 0.0001034 seconds, Stopping threads took: 0.0000255 seconds
2016-04-03T18:36:51.415-0800: 5114.551: Total time for which application threads were stopped: 0.0002217 seconds, Stopping threads took: 0.0000191 seconds
2016-04-03T18:36:51.470-0800: 5114.606: Total time for which application threads were stopped: 0.0001645 seconds, Stopping threads took: 0.0000242 seconds
2016-04-03T18:36:51.470-0800: 5114.606: Total time for which application threads were stopped: 0.0001256 seconds, Stopping threads took: 0.0000343 seconds
2016-04-03T18:36:51.470-0800: 5114.607: Total time for which application threads were stopped: 0.0001291 seconds, Stopping threads took: 0.0000656 seconds
2016-04-03T18:36:51.471-0800: 5114.607: Total time for which application threads were stopped: 0.0001086 seconds, Stopping threads took: 0.0000338 seconds
2016-04-03T18:36:51.471-0800: 5114.607: Total time for which application threads were stopped: 0.0001545 seconds, Stopping threads took: 0.0000570 seconds
2016-04-03T18:36:51.472-0800: 5114.608: Total time for which application threads were stopped: 0.0002214 seconds, Stopping threads took: 0.0000621 seconds
2016-04-03T18:36:51.472-0800: 5114.609: Total time for which application threads were stopped: 0.0002847 seconds, Stopping threads took: 0.0000421 seconds
2016-04-03T18:36:51.476-0800: 5114.612: Total time for which application threads were stopped: 0.0002247 seconds, Stopping threads took: 0.0000458 seconds
2016-04-03T18:36:51.477-0800: 5114.613: Total time for which application threads were stopped: 0.0002163 seconds, Stopping threads took: 0.0000561 seconds
2016-04-03T18:36:51.477-0800: 5114.613: Total time for which application threads were stopped: 0.0002015 seconds, Stopping threads took: 0.0000534 seconds
2016-04-03T18:36:51.478-0800: 5114.615: Total time for which application threads were stopped: 0.0002762 seconds, Stopping threads took: 0.0000446 seconds
2016-04-03T18:36:51.478-0800: 5114.615: Total time for which application threads were stopped: 0.0002887 seconds, Stopping threads took: 0.0000984 seconds
2016-04-03T18:36:51.479-0800: 5114.616: Total time for which application threads were stopped: 0.0002760 seconds, Stopping threads took: 0.0000933 seconds
2016-04-03T18:36:51.480-0800: 5114.616: Total time for which application threads were stopped: 0.0002808 seconds, Stopping threads took: 0.0000844 seconds
2016-04-03T18:36:51.481-0800: 5114.617: Total time for which application threads were stopped: 0.0002570 seconds, Stopping threads took: 0.0000676 seconds
2016-04-03T18:36:51.481-0800: 5114.618: Total time for which application threads were stopped: 0.0002209 seconds, Stopping threads took: 0.0000523 seconds
2016-04-03T18:36:51.481-0800: 5114.618: Total time for which application threads were stopped: 0.0002274 seconds, Stopping threads took: 0.0000740 seconds
2016-04-03T18:36:51.482-0800: 5114.619: Total time for which application threads were stopped: 0.0002381 seconds, Stopping threads took: 0.0000370 seconds
2016-04-03T18:36:51.482-0800: 5114.619: Total time for which application threads were stopped: 0.0002051 seconds, Stopping threads took: 0.0000368 seconds
2016-04-03T18:36:51.483-0800: 5114.619: Total time for which application threads were stopped: 0.0001997 seconds, Stopping threads took: 0.0000420 seconds
2016-04-03T18:36:51.483-0800: 5114.620: Total time for which application threads were stopped: 0.0002470 seconds, Stopping threads took: 0.0000818 seconds
2016-04-03T18:36:51.483-0800: 5114.620: Total time for which application threads were stopped: 0.0002242 seconds, Stopping threads took: 0.0000593 seconds
2016-04-03T18:36:51.484-0800: 5114.620: Total time for which application threads were stopped: 0.0002048 seconds, Stopping threads took: 0.0000414 seconds
2016-04-03T18:36:51.484-0800: 5114.621: Total time for which application threads were stopped: 0.0007127 seconds, Stopping threads took: 0.0000360 seconds
2016-04-03T18:36:51.489-0800: 5114.626: Total time for which application threads were stopped: 0.0004533 seconds, Stopping threads took: 0.0000476 seconds
2016-04-03T18:36:51.490-0800: 5114.626: Total time for which application threads were stopped: 0.0003278 seconds, Stopping threads took: 0.0000716 seconds
{Heap before GC invocations=14 (full 1):
 par new generation   total 109248K, used 108075K [0x00000007a0000000, 0x00000007a8000000, 0x00000007a8000000)
  eden space 87424K, 100% used [0x00000007a0000000, 0x00000007a5560000, 0x00000007a5560000)
  from space 21824K,  94% used [0x00000007a5560000, 0x00000007a698afa0, 0x00000007a6ab0000)
  to   space 21824K,   0% used [0x00000007a6ab0000, 0x00000007a6ab0000, 0x00000007a8000000)
 concurrent mark-sweep generation total 393216K, used 10662K [0x00000007a8000000, 0x00000007c0000000, 0x00000007c0000000)
 Metaspace       used 36887K, capacity 37380K, committed 37596K, reserved 1083392K
  class space    used 4129K, capacity 4280K, committed 4296K, reserved 1048576K
2016-04-03T18:36:51.497-0800: 5114.634: [GC (Allocation Failure) 2016-04-03T18:36:51.497-0800: 5114.634: [ParNew
Desired survivor size 20112992 bytes, new threshold 8 (max 8)
- age   1:    4541992 bytes,    4541992 total
- age   2:    2140000 bytes,    6681992 total
- age   3:     596952 bytes,    7278944 total
- age   4:      46648 bytes,    7325592 total
- age   5:      95568 bytes,    7421160 total
- age   6:     213768 bytes,    7634928 total
- age   7:    3040400 bytes,   10675328 total
- age   8:    9199304 bytes,   19874632 total
: 108075K->21824K(109248K), 0.0121707 secs] 118738K->33424K(502464K), 0.0122491 secs] [Times: user=0.05 sys=0.01, real=0.01 secs] 
Heap after GC invocations=15 (full 1):
 par new generation   total 109248K, used 21824K [0x00000007a0000000, 0x00000007a8000000, 0x00000007a8000000)
  eden space 87424K,   0% used [0x00000007a0000000, 0x00000007a0000000, 0x00000007a5560000)
  from space 21824K, 100% used [0x00000007a6ab0000, 0x00000007a8000000, 0x00000007a8000000)
  to   space 21824K,   0% used [0x00000007a5560000, 0x00000007a5560000, 0x00000007a6ab0000)
 concurrent mark-sweep generation total 393216K, used 11600K [0x00000007a8000000, 0x00000007c0000000, 0x00000007c0000000)
 Metaspace       used 36887K, capacity 37380K, committed 37596K, reserved 1083392K
  class space    used 4129K, capacity 4280K, committed 4296K, reserved 1048576K
}
2016-04-03T18:36:51.509-0800: 5114.646: Total time for which application threads were stopped: 0.0125819 seconds, Stopping threads took: 0.0000510 seconds
2016-04-03T18:36:51.509-0800: 5114.646: [GC (CMS Initial Mark) [1 CMS-initial-mark: 11600K(393216K)] 33546K(502464K), 0.0020382 secs] [Times: user=0.00 sys=0.00, real=0.01 secs] 
2016-04-03T18:36:51.511-0800: 5114.648: Total time for which application threads were stopped: 0.0022704 seconds, Stopping threads took: 0.0000337 seconds
2016-04-03T18:36:51.512-0800: 5114.648: [CMS-concurrent-mark-start]
2016-04-03T18:36:51.516-0800: 5114.653: Total time for which application threads were stopped: 0.0001796 seconds, Stopping threads took: 0.0000604 seconds
2016-04-03T18:36:51.516-0800: 5114.653: Total time for which application threads were stopped: 0.0001358 seconds, Stopping threads took: 0.0000498 seconds
2016-04-03T18:36:51.517-0800: 5114.654: Total time for which application threads were stopped: 0.0001328 seconds, Stopping threads took: 0.0000349 seconds
2016-04-03T18:36:51.517-0800: 5114.654: Total time for which application threads were stopped: 0.0001393 seconds, Stopping threads took: 0.0000273 seconds
2016-04-03T18:36:51.518-0800: 5114.654: Total time for which application threads were stopped: 0.0001424 seconds, Stopping threads took: 0.0000336 seconds
2016-04-03T18:36:51.518-0800: 5114.655: Total time for which application threads were stopped: 0.0001556 seconds, Stopping threads took: 0.0000482 seconds
2016-04-03T18:36:51.518-0800: 5114.655: Total time for which application threads were stopped: 0.0001243 seconds, Stopping threads took: 0.0000259 seconds
2016-04-03T18:36:51.518-0800: 5114.655: Total time for which application threads were stopped: 0.0001274 seconds, Stopping threads took: 0.0000279 seconds
2016-04-03T18:36:51.519-0800: 5114.656: [CMS-concurrent-mark: 0.005/0.008 secs] [Times: user=0.05 sys=0.00, real=0.00 secs] 
2016-04-03T18:36:51.519-0800: 5114.656: [CMS-concurrent-preclean-start]
2016-04-03T18:36:51.520-0800: 5114.657: [CMS-concurrent-preclean: 0.001/0.001 secs] [Times: user=0.00 sys=0.00, real=0.01 secs] 
2016-04-03T18:36:51.521-0800: 5114.657: [CMS-concurrent-abortable-preclean-start]
2016-04-03T18:36:52.521-0800: 5115.658: Total time for which application threads were stopped: 0.0002442 seconds, Stopping threads took: 0.0000420 seconds
2016-04-03T18:36:53.477-0800: 5116.614: Total time for which application threads were stopped: 0.0001834 seconds, Stopping threads took: 0.0000340 seconds
2016-04-03T18:36:53.478-0800: 5116.615: Total time for which application threads were stopped: 0.0000867 seconds, Stopping threads took: 0.0000214 seconds
2016-04-03T18:36:55.708-0800: 5118.845: Total time for which application threads were stopped: 0.0001889 seconds, Stopping threads took: 0.0000366 seconds
2016-04-03T18:36:55.709-0800: 5118.846: Total time for which application threads were stopped: 0.0001210 seconds, Stopping threads took: 0.0000179 seconds
2016-04-03T18:36:56.709-0800: 5119.846: Total time for which application threads were stopped: 0.0001813 seconds, Stopping threads took: 0.0000355 seconds
 CMS: abort preclean due to time 2016-04-03T18:36:57.532-0800: 5120.669: [CMS-concurrent-abortable-preclean: 2.078/6.012 secs] [Times: user=2.16 sys=0.02, real=6.01 secs] 
2016-04-03T18:36:57.532-0800: 5120.669: [GC (CMS Final Remark) [YG occupancy: 26800 K (109248 K)]{Heap before GC invocations=15 (full 2):
 par new generation   total 109248K, used 26800K [0x00000007a0000000, 0x00000007a8000000, 0x00000007a8000000)
  eden space 87424K,   5% used [0x00000007a0000000, 0x00000007a04dc128, 0x00000007a5560000)
  from space 21824K, 100% used [0x00000007a6ab0000, 0x00000007a8000000, 0x00000007a8000000)
  to   space 21824K,   0% used [0x00000007a5560000, 0x00000007a5560000, 0x00000007a6ab0000)
 concurrent mark-sweep generation total 393216K, used 11600K [0x00000007a8000000, 0x00000007c0000000, 0x00000007c0000000)
 Metaspace       used 36929K, capacity 37380K, committed 37596K, reserved 1083392K
  class space    used 4134K, capacity 4280K, committed 4296K, reserved 1048576K
2016-04-03T18:36:57.532-0800: 5120.669: [GC (CMS Final Remark) 2016-04-03T18:36:57.533-0800: 5120.669: [ParNew
Desired survivor size 20112992 bytes, new threshold 8 (max 8)
- age   1:     323712 bytes,     323712 total
- age   2:    2763536 bytes,    3087248 total
- age   3:    2139400 bytes,    5226648 total
- age   4:     596952 bytes,    5823600 total
- age   5:      46648 bytes,    5870248 total
- age   6:      95568 bytes,    5965816 total
- age   7:     213768 bytes,    6179584 total
- age   8:    3040112 bytes,    9219696 total
: 26800K->18486K(109248K), 0.0152537 secs] 38400K->39368K(502464K), 0.0153342 secs] [Times: user=0.04 sys=0.00, real=0.01 secs] 
Heap after GC invocations=16 (full 2):
 par new generation   total 109248K, used 18486K [0x00000007a0000000, 0x00000007a8000000, 0x00000007a8000000)
  eden space 87424K,   0% used [0x00000007a0000000, 0x00000007a0000000, 0x00000007a5560000)
  from space 21824K,  84% used [0x00000007a5560000, 0x00000007a676da00, 0x00000007a6ab0000)
  to   space 21824K,   0% used [0x00000007a6ab0000, 0x00000007a6ab0000, 0x00000007a8000000)
 concurrent mark-sweep generation total 393216K, used 20881K [0x00000007a8000000, 0x00000007c0000000, 0x00000007c0000000)
 Metaspace       used 36929K, capacity 37380K, committed 37596K, reserved 1083392K
  class space    used 4134K, capacity 4280K, committed 4296K, reserved 1048576K
}
2016-04-03T18:36:57.548-0800: 5120.685: [Rescan (parallel) , 0.0034018 secs]2016-04-03T18:36:57.551-0800: 5120.688: [weak refs processing, 0.0009019 secs]2016-04-03T18:36:57.552-0800: 5120.689: [class unloading, 0.0110555 secs]2016-04-03T18:36:57.563-0800: 5120.700: [scrub symbol table, 0.0041262 secs]2016-04-03T18:36:57.567-0800: 5120.704: [scrub string table, 0.0005007 secs][1 CMS-remark: 20881K(393216K)] 39368K(502464K), 0.0378230 secs] [Times: user=0.08 sys=0.00, real=0.04 secs] 
2016-04-03T18:36:57.570-0800: 5120.707: Total time for which application threads were stopped: 0.0380456 seconds, Stopping threads took: 0.0000296 seconds
2016-04-03T18:36:57.570-0800: 5120.707: [CMS-concurrent-sweep-start]
2016-04-03T18:36:57.576-0800: 5120.713: [CMS-concurrent-sweep: 0.006/0.006 secs] [Times: user=0.00 sys=0.00, real=0.00 secs] 
2016-04-03T18:36:57.576-0800: 5120.713: [CMS-concurrent-reset-start]
2016-04-03T18:36:57.576-0800: 5120.713: [CMS-concurrent-reset: 0.000/0.000 secs] [Times: user=0.00 sys=0.00, real=0.00 secs] 
2016-04-03T18:36:58.573-0800: 5121.710: Total time for which application threads were stopped: 0.0003660 seconds, Stopping threads took: 0.0000699 seconds
2016-04-03T18:36:59.358-0800: 5122.495: Total time for which application threads were stopped: 0.0002061 seconds, Stopping threads took: 0.0000403 seconds
2016-04-03T18:37:00.714-0800: 5123.851: Total time for which application threads were stopped: 0.0002297 seconds, Stopping threads took: 0.0000414 seconds
2016-04-03T18:37:00.716-0800: 5123.853: Total time for which application threads were stopped: 0.0001582 seconds, Stopping threads took: 0.0000230 seconds
2016-04-03T18:37:01.716-0800: 5124.853: Total time for which application threads were stopped: 0.0001814 seconds, Stopping threads took: 0.0000352 seconds
2016-04-03T18:37:07.733-0800: 5130.870: Total time for which application threads were stopped: 0.0001772 seconds, Stopping threads took: 0.0000357 seconds
2016-04-03T18:37:22.775-0800: 5145.913: Total time for which application threads were stopped: 0.0002116 seconds, Stopping threads took: 0.0000439 seconds
2016-04-03T18:37:36.821-0800: 5159.960: Total time for which application threads were stopped: 0.0003741 seconds, Stopping threads took: 0.0000763 seconds
2016-04-03T18:37:58.148-0800: 5181.287: Total time for which application threads were stopped: 0.0001584 seconds, Stopping threads took: 0.0000329 seconds
2016-04-03T18:37:58.227-0800: 5181.367: Total time for which application threads were stopped: 0.0001806 seconds, Stopping threads took: 0.0000210 seconds
2016-04-03T18:37:58.230-0800: 5181.370: Total time for which application threads were stopped: 0.0000960 seconds, Stopping threads took: 0.0000146 seconds
2016-04-03T18:37:58.231-0800: 5181.371: Total time for which application threads were stopped: 0.0001436 seconds, Stopping threads took: 0.0000613 seconds
2016-04-03T18:37:58.231-0800: 5181.371: Total time for which application threads were stopped: 0.0000641 seconds, Stopping threads took: 0.0000109 seconds
2016-04-03T18:37:58.259-0800: 5181.399: Total time for which application threads were stopped: 0.0001063 seconds, Stopping threads took: 0.0000153 seconds
2016-04-03T18:37:58.268-0800: 5181.408: Total time for which application threads were stopped: 0.0001576 seconds, Stopping threads took: 0.0000514 seconds
2016-04-03T18:37:58.268-0800: 5181.408: Total time for which application threads were stopped: 0.0000799 seconds, Stopping threads took: 0.0000139 seconds
2016-04-03T18:37:58.268-0800: 5181.408: Total time for which application threads were stopped: 0.0001031 seconds, Stopping threads took: 0.0000277 seconds
2016-04-03T18:37:58.268-0800: 5181.408: Total time for which application threads were stopped: 0.0000849 seconds, Stopping threads took: 0.0000316 seconds
2016-04-03T18:37:58.269-0800: 5181.408: Total time for which application threads were stopped: 0.0000804 seconds, Stopping threads took: 0.0000116 seconds
2016-04-03T18:37:58.269-0800: 5181.409: Total time for which application threads were stopped: 0.0000748 seconds, Stopping threads took: 0.0000271 seconds
2016-04-03T18:37:58.269-0800: 5181.409: Total time for which application threads were stopped: 0.0000792 seconds, Stopping threads took: 0.0000246 seconds
2016-04-03T18:37:58.269-0800: 5181.409: Total time for which application threads were stopped: 0.0000748 seconds, Stopping threads took: 0.0000232 seconds
2016-04-03T18:37:58.269-0800: 5181.409: Total time for which application threads were stopped: 0.0000790 seconds, Stopping threads took: 0.0000269 seconds
2016-04-03T18:37:58.269-0800: 5181.409: Total time for which application threads were stopped: 0.0000611 seconds, Stopping threads took: 0.0000096 seconds
2016-04-03T18:37:58.269-0800: 5181.409: Total time for which application threads were stopped: 0.0000772 seconds, Stopping threads took: 0.0000279 seconds
2016-04-03T18:37:58.269-0800: 5181.409: Total time for which application threads were stopped: 0.0000724 seconds, Stopping threads took: 0.0000243 seconds
2016-04-03T18:37:58.269-0800: 5181.409: Total time for which application threads were stopped: 0.0000633 seconds, Stopping threads took: 0.0000153 seconds
2016-04-03T18:37:58.270-0800: 5181.409: Total time for which application threads were stopped: 0.0000717 seconds, Stopping threads took: 0.0000109 seconds
2016-04-03T18:40:59.464-0800: 5362.613: Total time for which application threads were stopped: 0.0001239 seconds, Stopping threads took: 0.0000181 seconds
2016-04-03T18:40:59.553-0800: 5362.702: Total time for which application threads were stopped: 0.0001504 seconds, Stopping threads took: 0.0000263 seconds
2016-04-03T18:40:59.555-0800: 5362.703: Total time for which application threads were stopped: 0.0001290 seconds, Stopping threads took: 0.0000290 seconds
2016-04-03T18:40:59.556-0800: 5362.705: Total time for which application threads were stopped: 0.0000805 seconds, Stopping threads took: 0.0000103 seconds
2016-04-03T18:40:59.556-0800: 5362.705: Total time for which application threads were stopped: 0.0000674 seconds, Stopping threads took: 0.0000083 seconds
2016-04-03T18:40:59.587-0800: 5362.735: Total time for which application threads were stopped: 0.0001690 seconds, Stopping threads took: 0.0000478 seconds
2016-04-03T18:40:59.587-0800: 5362.736: Total time for which application threads were stopped: 0.0000871 seconds, Stopping threads took: 0.0000275 seconds
2016-04-03T18:40:59.645-0800: 5362.793: Total time for which application threads were stopped: 0.0001408 seconds, Stopping threads took: 0.0000454 seconds
2016-04-03T18:40:59.645-0800: 5362.793: Total time for which application threads were stopped: 0.0000723 seconds, Stopping threads took: 0.0000205 seconds
2016-04-03T18:40:59.645-0800: 5362.794: Total time for which application threads were stopped: 0.0000753 seconds, Stopping threads took: 0.0000223 seconds
2016-04-03T18:40:59.645-0800: 5362.794: Total time for which application threads were stopped: 0.0000549 seconds, Stopping threads took: 0.0000091 seconds
2016-04-03T18:40:59.646-0800: 5362.794: Total time for which application threads were stopped: 0.0000745 seconds, Stopping threads took: 0.0000274 seconds
2016-04-03T18:40:59.646-0800: 5362.794: Total time for which application threads were stopped: 0.0000642 seconds, Stopping threads took: 0.0000200 seconds
2016-04-03T18:40:59.646-0800: 5362.795: Total time for which application threads were stopped: 0.0000599 seconds, Stopping threads took: 0.0000205 seconds
2016-04-03T18:40:59.646-0800: 5362.795: Total time for which application threads were stopped: 0.0001054 seconds, Stopping threads took: 0.0000539 seconds
2016-04-03T18:41:23.223-0800: 5386.373: Total time for which application threads were stopped: 0.0001105 seconds, Stopping threads took: 0.0000189 seconds
2016-04-03T18:41:23.236-0800: 5386.386: Total time for which application threads were stopped: 0.0001137 seconds, Stopping threads took: 0.0000187 seconds
2016-04-03T18:41:23.237-0800: 5386.387: Total time for which application threads were stopped: 0.0001037 seconds, Stopping threads took: 0.0000112 seconds
2016-04-03T18:41:23.238-0800: 5386.388: Total time for which application threads were stopped: 0.0001026 seconds, Stopping threads took: 0.0000188 seconds
2016-04-03T18:41:23.239-0800: 5386.389: Total time for which application threads were stopped: 0.0000931 seconds, Stopping threads took: 0.0000120 seconds
2016-04-03T18:41:23.239-0800: 5386.389: Total time for which application threads were stopped: 0.0001119 seconds, Stopping threads took: 0.0000306 seconds
2016-04-03T18:41:23.241-0800: 5386.391: Total time for which application threads were stopped: 0.0000748 seconds, Stopping threads took: 0.0000103 seconds
2016-04-03T18:41:23.242-0800: 5386.392: Total time for which application threads were stopped: 0.0001414 seconds, Stopping threads took: 0.0000575 seconds
2016-04-03T18:41:23.245-0800: 5386.395: Total time for which application threads were stopped: 0.0000951 seconds, Stopping threads took: 0.0000241 seconds
2016-04-03T18:41:23.273-0800: 5386.423: Total time for which application threads were stopped: 0.0001501 seconds, Stopping threads took: 0.0000187 seconds
2016-04-03T18:41:23.616-0800: 5386.766: Total time for which application threads were stopped: 0.0001279 seconds, Stopping threads took: 0.0000148 seconds
2016-04-03T18:41:23.616-0800: 5386.766: Total time for which application threads were stopped: 0.0000666 seconds, Stopping threads took: 0.0000236 seconds
2016-04-03T18:41:23.621-0800: 5386.771: Total time for which application threads were stopped: 0.0001702 seconds, Stopping threads took: 0.0000581 seconds
2016-04-03T18:41:23.621-0800: 5386.771: Total time for which application threads were stopped: 0.0000901 seconds, Stopping threads took: 0.0000213 seconds
2016-04-03T18:41:23.640-0800: 5386.790: Total time for which application threads were stopped: 0.0001431 seconds, Stopping threads took: 0.0000462 seconds
2016-04-03T18:41:23.640-0800: 5386.790: Total time for which application threads were stopped: 0.0001444 seconds, Stopping threads took: 0.0000209 seconds
2016-04-03T18:41:23.645-0800: 5386.795: Total time for which application threads were stopped: 0.0001471 seconds, Stopping threads took: 0.0000524 seconds
2016-04-03T18:41:23.645-0800: 5386.795: Total time for which application threads were stopped: 0.0001023 seconds, Stopping threads took: 0.0000220 seconds
2016-04-03T18:41:23.650-0800: 5386.800: Total time for which application threads were stopped: 0.0001739 seconds, Stopping threads took: 0.0000240 seconds
2016-04-03T18:41:23.650-0800: 5386.800: Total time for which application threads were stopped: 0.0001227 seconds, Stopping threads took: 0.0000281 seconds
2016-04-03T18:41:23.650-0800: 5386.800: Total time for which application threads were stopped: 0.0001664 seconds, Stopping threads took: 0.0000472 seconds
2016-04-03T18:41:24.652-0800: 5387.802: Total time for which application threads were stopped: 0.0002584 seconds, Stopping threads took: 0.0000555 seconds
2016-04-03T18:41:27.543-0800: 5390.693: Total time for which application threads were stopped: 0.0001373 seconds, Stopping threads took: 0.0000270 seconds
2016-04-03T18:41:27.543-0800: 5390.693: Total time for which application threads were stopped: 0.0000730 seconds, Stopping threads took: 0.0000235 seconds
2016-04-03T18:41:27.543-0800: 5390.693: Total time for which application threads were stopped: 0.0001198 seconds, Stopping threads took: 0.0000743 seconds
2016-04-03T18:41:27.543-0800: 5390.694: Total time for which application threads were stopped: 0.0001281 seconds, Stopping threads took: 0.0000687 seconds
2016-04-03T18:41:27.544-0800: 5390.694: Total time for which application threads were stopped: 0.0001033 seconds, Stopping threads took: 0.0000411 seconds
2016-04-03T18:41:27.544-0800: 5390.694: Total time for which application threads were stopped: 0.0000899 seconds, Stopping threads took: 0.0000233 seconds
2016-04-03T18:41:27.544-0800: 5390.694: Total time for which application threads were stopped: 0.0000652 seconds, Stopping threads took: 0.0000089 seconds
2016-04-03T18:41:27.544-0800: 5390.695: Total time for which application threads were stopped: 0.0000812 seconds, Stopping threads took: 0.0000231 seconds
2016-04-03T18:41:27.544-0800: 5390.695: Total time for which application threads were stopped: 0.0000715 seconds, Stopping threads took: 0.0000223 seconds
2016-04-03T18:41:27.545-0800: 5390.695: Total time for which application threads were stopped: 0.0000458 seconds, Stopping threads took: 0.0000075 seconds
2016-04-03T18:41:27.545-0800: 5390.695: Total time for which application threads were stopped: 0.0000446 seconds, Stopping threads took: 0.0000065 seconds
2016-04-03T18:41:27.545-0800: 5390.695: Total time for which application threads were stopped: 0.0000583 seconds, Stopping threads took: 0.0000158 seconds
2016-04-03T18:41:27.545-0800: 5390.695: Total time for which application threads were stopped: 0.0000574 seconds, Stopping threads took: 0.0000086 seconds
2016-04-03T18:41:27.545-0800: 5390.696: Total time for which application threads were stopped: 0.0000878 seconds, Stopping threads took: 0.0000098 seconds
2016-04-03T18:41:27.549-0800: 5390.699: Total time for which application threads were stopped: 0.0001011 seconds, Stopping threads took: 0.0000120 seconds
2016-04-03T18:41:27.549-0800: 5390.699: Total time for which application threads were stopped: 0.0000684 seconds, Stopping threads took: 0.0000122 seconds
2016-04-03T18:41:27.549-0800: 5390.700: Total time for which application threads were stopped: 0.0001025 seconds, Stopping threads took: 0.0000228 seconds
2016-04-03T18:41:27.550-0800: 5390.700: Total time for which application threads were stopped: 0.0000745 seconds, Stopping threads took: 0.0000197 seconds
2016-04-03T18:41:27.554-0800: 5390.704: Total time for which application threads were stopped: 0.0001672 seconds, Stopping threads took: 0.0000341 seconds
2016-04-03T18:41:27.554-0800: 5390.705: Total time for which application threads were stopped: 0.0001866 seconds, Stopping threads took: 0.0000720 seconds
2016-04-03T18:41:28.555-0800: 5391.706: Total time for which application threads were stopped: 0.0002731 seconds, Stopping threads took: 0.0000587 seconds
2016-04-03T18:41:28.796-0800: 5391.947: Total time for which application threads were stopped: 0.0001254 seconds, Stopping threads took: 0.0000186 seconds
2016-04-03T18:41:28.796-0800: 5391.947: Total time for which application threads were stopped: 0.0000692 seconds, Stopping threads took: 0.0000084 seconds
2016-04-03T18:41:28.801-0800: 5391.951: Total time for which application threads were stopped: 0.0000954 seconds, Stopping threads took: 0.0000196 seconds
2016-04-03T18:41:28.801-0800: 5391.951: Total time for which application threads were stopped: 0.0000893 seconds, Stopping threads took: 0.0000184 seconds
2016-04-03T18:41:28.823-0800: 5391.974: Total time for which application threads were stopped: 0.0001211 seconds, Stopping threads took: 0.0000161 seconds
2016-04-03T18:41:28.823-0800: 5391.974: Total time for which application threads were stopped: 0.0000638 seconds, Stopping threads took: 0.0000075 seconds
2016-04-03T18:41:28.828-0800: 5391.978: Total time for which application threads were stopped: 0.0001217 seconds, Stopping threads took: 0.0000140 seconds
2016-04-03T18:41:28.828-0800: 5391.978: Total time for which application threads were stopped: 0.0001475 seconds, Stopping threads took: 0.0000520 seconds
2016-04-03T18:42:13.955-0800: 5437.107: Total time for which application threads were stopped: 0.0002512 seconds, Stopping threads took: 0.0000556 seconds
2016-04-03T18:42:18.970-0800: 5442.123: Total time for which application threads were stopped: 0.0001031 seconds, Stopping threads took: 0.0000229 seconds
2016-04-03T18:44:29.285-0800: 5572.444: Total time for which application threads were stopped: 0.0001303 seconds, Stopping threads took: 0.0000285 seconds
{Heap before GC invocations=16 (full 2):
 par new generation   total 109248K, used 105910K [0x00000007a0000000, 0x00000007a8000000, 0x00000007a8000000)
  eden space 87424K, 100% used [0x00000007a0000000, 0x00000007a5560000, 0x00000007a5560000)
  from space 21824K,  84% used [0x00000007a5560000, 0x00000007a676da00, 0x00000007a6ab0000)
  to   space 21824K,   0% used [0x00000007a6ab0000, 0x00000007a6ab0000, 0x00000007a8000000)
 concurrent mark-sweep generation total 393216K, used 19364K [0x00000007a8000000, 0x00000007c0000000, 0x00000007c0000000)
 Metaspace       used 36933K, capacity 37342K, committed 37596K, reserved 1083392K
  class space    used 4128K, capacity 4269K, committed 4296K, reserved 1048576K
2016-04-03T18:44:29.329-0800: 5572.488: [GC (Allocation Failure) 2016-04-03T18:44:29.329-0800: 5572.488: [ParNew
Desired survivor size 20112992 bytes, new threshold 8 (max 8)
- age   1:    3466304 bytes,    3466304 total
- age   2:     312768 bytes,    3779072 total
- age   3:    2279496 bytes,    6058568 total
- age   4:    2082776 bytes,    8141344 total
- age   5:     462496 bytes,    8603840 total
- age   6:      43416 bytes,    8647256 total
- age   7:      88672 bytes,    8735928 total
- age   8:      78864 bytes,    8814792 total
: 105910K->11042K(109248K), 0.0090864 secs] 125275K->33175K(502464K), 0.0091436 secs] [Times: user=0.04 sys=0.01, real=0.01 secs] 
Heap after GC invocations=17 (full 2):
 par new generation   total 109248K, used 11042K [0x00000007a0000000, 0x00000007a8000000, 0x00000007a8000000)
  eden space 87424K,   0% used [0x00000007a0000000, 0x00000007a0000000, 0x00000007a5560000)
  from space 21824K,  50% used [0x00000007a6ab0000, 0x00000007a7578878, 0x00000007a8000000)
  to   space 21824K,   0% used [0x00000007a5560000, 0x00000007a5560000, 0x00000007a6ab0000)
 concurrent mark-sweep generation total 393216K, used 22133K [0x00000007a8000000, 0x00000007c0000000, 0x00000007c0000000)
 Metaspace       used 36933K, capacity 37342K, committed 37596K, reserved 1083392K
  class space    used 4128K, capacity 4269K, committed 4296K, reserved 1048576K
}
2016-04-03T18:44:29.338-0800: 5572.497: Total time for which application threads were stopped: 0.0093295 seconds, Stopping threads took: 0.0000195 seconds
2016-04-03T18:44:29.339-0800: 5572.498: Total time for which application threads were stopped: 0.0002251 seconds, Stopping threads took: 0.0000684 seconds
2016-04-03T18:44:29.360-0800: 5572.519: Total time for which application threads were stopped: 0.0001384 seconds, Stopping threads took: 0.0000279 seconds
2016-04-03T18:44:29.362-0800: 5572.521: Total time for which application threads were stopped: 0.0000732 seconds, Stopping threads took: 0.0000099 seconds
2016-04-03T18:44:29.363-0800: 5572.522: Total time for which application threads were stopped: 0.0000895 seconds, Stopping threads took: 0.0000341 seconds
2016-04-03T18:44:29.363-0800: 5572.522: Total time for which application threads were stopped: 0.0000741 seconds, Stopping threads took: 0.0000088 seconds
2016-04-03T18:44:29.388-0800: 5572.547: Total time for which application threads were stopped: 0.0001466 seconds, Stopping threads took: 0.0000528 seconds
2016-04-03T18:44:29.388-0800: 5572.547: Total time for which application threads were stopped: 0.0000764 seconds, Stopping threads took: 0.0000260 seconds
2016-04-03T18:44:29.388-0800: 5572.547: Total time for which application threads were stopped: 0.0000898 seconds, Stopping threads took: 0.0000399 seconds
2016-04-03T18:44:29.388-0800: 5572.547: Total time for which application threads were stopped: 0.0000552 seconds, Stopping threads took: 0.0000096 seconds
2016-04-03T18:44:29.389-0800: 5572.548: Total time for which application threads were stopped: 0.0001420 seconds, Stopping threads took: 0.0000097 seconds
2016-04-03T18:54:10.719-0800: 6153.906: Total time for which application threads were stopped: 0.0001041 seconds, Stopping threads took: 0.0000151 seconds
2016-04-03T18:54:10.922-0800: 6154.109: Total time for which application threads were stopped: 0.0001415 seconds, Stopping threads took: 0.0000202 seconds
2016-04-03T18:54:10.925-0800: 6154.112: Total time for which application threads were stopped: 0.0001008 seconds, Stopping threads took: 0.0000153 seconds
2016-04-03T18:54:10.929-0800: 6154.116: Total time for which application threads were stopped: 0.0001295 seconds, Stopping threads took: 0.0000235 seconds
2016-04-03T18:54:10.929-0800: 6154.116: Total time for which application threads were stopped: 0.0000679 seconds, Stopping threads took: 0.0000208 seconds
2016-04-03T18:54:10.985-0800: 6154.173: Total time for which application threads were stopped: 0.0001329 seconds, Stopping threads took: 0.0000310 seconds
2016-04-03T18:54:10.987-0800: 6154.175: Total time for which application threads were stopped: 0.0001860 seconds, Stopping threads took: 0.0000313 seconds
2016-04-03T18:54:10.995-0800: 6154.182: Total time for which application threads were stopped: 0.0001677 seconds, Stopping threads took: 0.0000255 seconds
2016-04-03T18:54:10.995-0800: 6154.183: Total time for which application threads were stopped: 0.0000869 seconds, Stopping threads took: 0.0000188 seconds
2016-04-03T18:54:10.995-0800: 6154.183: Total time for which application threads were stopped: 0.0000809 seconds, Stopping threads took: 0.0000174 seconds
2016-04-03T18:54:10.996-0800: 6154.183: Total time for which application threads were stopped: 0.0000798 seconds, Stopping threads took: 0.0000171 seconds
2016-04-03T18:54:10.996-0800: 6154.183: Total time for which application threads were stopped: 0.0000717 seconds, Stopping threads took: 0.0000168 seconds
2016-04-03T18:54:59.245-0800: 6202.435: Total time for which application threads were stopped: 0.0001242 seconds, Stopping threads took: 0.0000207 seconds
2016-04-03T18:54:59.258-0800: 6202.448: Total time for which application threads were stopped: 0.0000959 seconds, Stopping threads took: 0.0000190 seconds
2016-04-03T18:54:59.259-0800: 6202.449: Total time for which application threads were stopped: 0.0000862 seconds, Stopping threads took: 0.0000111 seconds
2016-04-03T18:54:59.259-0800: 6202.449: Total time for which application threads were stopped: 0.0001394 seconds, Stopping threads took: 0.0000646 seconds
2016-04-03T18:54:59.259-0800: 6202.449: Total time for which application threads were stopped: 0.0001290 seconds, Stopping threads took: 0.0000561 seconds
2016-04-03T18:54:59.260-0800: 6202.450: Total time for which application threads were stopped: 0.0001828 seconds, Stopping threads took: 0.0000366 seconds
2016-04-03T18:54:59.263-0800: 6202.453: Total time for which application threads were stopped: 0.0001230 seconds, Stopping threads took: 0.0000118 seconds
2016-04-03T18:54:59.263-0800: 6202.453: Total time for which application threads were stopped: 0.0001197 seconds, Stopping threads took: 0.0000690 seconds
2016-04-03T18:54:59.266-0800: 6202.456: Total time for which application threads were stopped: 0.0001436 seconds, Stopping threads took: 0.0000414 seconds
2016-04-03T18:54:59.267-0800: 6202.457: Total time for which application threads were stopped: 0.0001303 seconds, Stopping threads took: 0.0000478 seconds
2016-04-03T18:54:59.267-0800: 6202.457: Total time for which application threads were stopped: 0.0001132 seconds, Stopping threads took: 0.0000535 seconds
2016-04-03T18:54:59.296-0800: 6202.486: Total time for which application threads were stopped: 0.0001413 seconds, Stopping threads took: 0.0000211 seconds
2016-04-03T18:54:59.358-0800: 6202.548: Total time for which application threads were stopped: 0.0001572 seconds, Stopping threads took: 0.0000313 seconds
2016-04-03T18:54:59.358-0800: 6202.548: Total time for which application threads were stopped: 0.0000911 seconds, Stopping threads took: 0.0000200 seconds
2016-04-03T18:54:59.363-0800: 6202.553: Total time for which application threads were stopped: 0.0001779 seconds, Stopping threads took: 0.0000663 seconds
2016-04-03T18:54:59.363-0800: 6202.553: Total time for which application threads were stopped: 0.0001539 seconds, Stopping threads took: 0.0000644 seconds
2016-04-03T18:54:59.383-0800: 6202.573: Total time for which application threads were stopped: 0.0001374 seconds, Stopping threads took: 0.0000205 seconds
2016-04-03T18:54:59.383-0800: 6202.573: Total time for which application threads were stopped: 0.0000736 seconds, Stopping threads took: 0.0000094 seconds
2016-04-03T18:54:59.383-0800: 6202.573: Total time for which application threads were stopped: 0.0000493 seconds, Stopping threads took: 0.0000080 seconds
2016-04-03T18:54:59.383-0800: 6202.573: Total time for which application threads were stopped: 0.0000682 seconds, Stopping threads took: 0.0000112 seconds
2016-04-03T18:54:59.383-0800: 6202.573: Total time for which application threads were stopped: 0.0000808 seconds, Stopping threads took: 0.0000095 seconds
2016-04-03T18:54:59.384-0800: 6202.574: Total time for which application threads were stopped: 0.0001077 seconds, Stopping threads took: 0.0000345 seconds
2016-04-03T18:54:59.384-0800: 6202.574: Total time for which application threads were stopped: 0.0001053 seconds, Stopping threads took: 0.0000295 seconds
2016-04-03T18:54:59.384-0800: 6202.574: Total time for which application threads were stopped: 0.0001034 seconds, Stopping threads took: 0.0000306 seconds
2016-04-03T18:54:59.384-0800: 6202.574: Total time for which application threads were stopped: 0.0001666 seconds, Stopping threads took: 0.0000712 seconds
2016-04-03T18:54:59.384-0800: 6202.574: Total time for which application threads were stopped: 0.0000698 seconds, Stopping threads took: 0.0000183 seconds
2016-04-03T18:54:59.384-0800: 6202.574: Total time for which application threads were stopped: 0.0000801 seconds, Stopping threads took: 0.0000181 seconds
2016-04-03T18:54:59.384-0800: 6202.574: Total time for which application threads were stopped: 0.0000894 seconds, Stopping threads took: 0.0000410 seconds
2016-04-03T18:54:59.385-0800: 6202.575: Total time for which application threads were stopped: 0.0001601 seconds, Stopping threads took: 0.0000736 seconds
2016-04-03T18:54:59.386-0800: 6202.576: Total time for which application threads were stopped: 0.0002194 seconds, Stopping threads took: 0.0000390 seconds
2016-04-03T18:54:59.386-0800: 6202.576: Total time for which application threads were stopped: 0.0001151 seconds, Stopping threads took: 0.0000299 seconds
2016-04-03T18:54:59.390-0800: 6202.580: Total time for which application threads were stopped: 0.0001285 seconds, Stopping threads took: 0.0000171 seconds
2016-04-03T18:54:59.390-0800: 6202.580: Total time for which application threads were stopped: 0.0000571 seconds, Stopping threads took: 0.0000066 seconds
2016-04-03T18:54:59.395-0800: 6202.585: Total time for which application threads were stopped: 0.0001044 seconds, Stopping threads took: 0.0000118 seconds
2016-04-03T18:54:59.395-0800: 6202.585: Total time for which application threads were stopped: 0.0000875 seconds, Stopping threads took: 0.0000295 seconds
2016-04-03T18:55:00.986-0800: 6204.176: Total time for which application threads were stopped: 0.0001504 seconds, Stopping threads took: 0.0000311 seconds
2016-04-03T18:55:00.986-0800: 6204.176: Total time for which application threads were stopped: 0.0000898 seconds, Stopping threads took: 0.0000065 seconds
2016-04-03T18:55:00.990-0800: 6204.180: Total time for which application threads were stopped: 0.0001352 seconds, Stopping threads took: 0.0000448 seconds
2016-04-03T18:55:00.991-0800: 6204.181: Total time for which application threads were stopped: 0.0001097 seconds, Stopping threads took: 0.0000384 seconds
2016-04-03T18:55:01.016-0800: 6204.206: Total time for which application threads were stopped: 0.0001224 seconds, Stopping threads took: 0.0000163 seconds
2016-04-03T18:55:01.016-0800: 6204.207: Total time for which application threads were stopped: 0.0000793 seconds, Stopping threads took: 0.0000088 seconds
2016-04-03T18:55:01.021-0800: 6204.211: Total time for which application threads were stopped: 0.0002029 seconds, Stopping threads took: 0.0000406 seconds
2016-04-03T18:55:01.021-0800: 6204.211: Total time for which application threads were stopped: 0.0001929 seconds, Stopping threads took: 0.0000630 seconds
2016-04-03T18:55:04.335-0800: 6207.525: Total time for which application threads were stopped: 0.0001476 seconds, Stopping threads took: 0.0000359 seconds
2016-04-03T18:55:04.335-0800: 6207.525: Total time for which application threads were stopped: 0.0001115 seconds, Stopping threads took: 0.0000376 seconds
2016-04-03T18:55:04.340-0800: 6207.530: Total time for which application threads were stopped: 0.0001401 seconds, Stopping threads took: 0.0000424 seconds
2016-04-03T18:55:04.340-0800: 6207.530: Total time for which application threads were stopped: 0.0000903 seconds, Stopping threads took: 0.0000198 seconds
2016-04-03T18:55:05.690-0800: 6208.880: Total time for which application threads were stopped: 0.0001146 seconds, Stopping threads took: 0.0000155 seconds
2016-04-03T18:55:05.690-0800: 6208.880: Total time for which application threads were stopped: 0.0000492 seconds, Stopping threads took: 0.0000055 seconds
2016-04-03T18:55:05.694-0800: 6208.885: Total time for which application threads were stopped: 0.0001123 seconds, Stopping threads took: 0.0000276 seconds
2016-04-03T18:55:05.695-0800: 6208.885: Total time for which application threads were stopped: 0.0000808 seconds, Stopping threads took: 0.0000092 seconds
2016-04-03T18:55:05.717-0800: 6208.907: Total time for which application threads were stopped: 0.0001594 seconds, Stopping threads took: 0.0000586 seconds
2016-04-03T18:55:05.717-0800: 6208.907: Total time for which application threads were stopped: 0.0000955 seconds, Stopping threads took: 0.0000190 seconds
2016-04-03T18:55:05.722-0800: 6208.912: Total time for which application threads were stopped: 0.0001845 seconds, Stopping threads took: 0.0000635 seconds
2016-04-03T18:55:05.722-0800: 6208.912: Total time for which application threads were stopped: 0.0001652 seconds, Stopping threads took: 0.0000802 seconds
2016-04-03T18:55:06.727-0800: 6209.918: Total time for which application threads were stopped: 0.0002426 seconds, Stopping threads took: 0.0000507 seconds
2016-04-03T18:56:17.293-0800: 6280.487: Total time for which application threads were stopped: 0.0001345 seconds, Stopping threads took: 0.0000292 seconds
{Heap before GC invocations=17 (full 2):
 par new generation   total 109248K, used 98466K [0x00000007a0000000, 0x00000007a8000000, 0x00000007a8000000)
  eden space 87424K, 100% used [0x00000007a0000000, 0x00000007a5560000, 0x00000007a5560000)
  from space 21824K,  50% used [0x00000007a6ab0000, 0x00000007a7578878, 0x00000007a8000000)
  to   space 21824K,   0% used [0x00000007a5560000, 0x00000007a5560000, 0x00000007a6ab0000)
 concurrent mark-sweep generation total 393216K, used 22133K [0x00000007a8000000, 0x00000007c0000000, 0x00000007c0000000)
 Metaspace       used 36978K, capacity 37406K, committed 37852K, reserved 1083392K
  class space    used 4128K, capacity 4269K, committed 4296K, reserved 1048576K
2016-04-03T18:56:17.317-0800: 6280.511: [GC (Allocation Failure) 2016-04-03T18:56:17.317-0800: 6280.511: [ParNew
Desired survivor size 20112992 bytes, new threshold 8 (max 8)
- age   1:    1806832 bytes,    1806832 total
- age   2:    1925824 bytes,    3732656 total
- age   3:     310688 bytes,    4043344 total
- age   4:    2247464 bytes,    6290808 total
- age   5:    1947464 bytes,    8238272 total
- age   6:     461608 bytes,    8699880 total
- age   7:      40184 bytes,    8740064 total
- age   8:      88352 bytes,    8828416 total
: 98466K->12046K(109248K), 0.0049590 secs] 120599K->34257K(502464K), 0.0050105 secs] [Times: user=0.02 sys=0.00, real=0.01 secs] 
Heap after GC invocations=18 (full 2):
 par new generation   total 109248K, used 12046K [0x00000007a0000000, 0x00000007a8000000, 0x00000007a8000000)
  eden space 87424K,   0% used [0x00000007a0000000, 0x00000007a0000000, 0x00000007a5560000)
  from space 21824K,  55% used [0x00000007a5560000, 0x00000007a6123af0, 0x00000007a6ab0000)
  to   space 21824K,   0% used [0x00000007a6ab0000, 0x00000007a6ab0000, 0x00000007a8000000)
 concurrent mark-sweep generation total 393216K, used 22211K [0x00000007a8000000, 0x00000007c0000000, 0x00000007c0000000)
 Metaspace       used 36978K, capacity 37406K, committed 37852K, reserved 1083392K
  class space    used 4128K, capacity 4269K, committed 4296K, reserved 1048576K
}
2016-04-03T18:56:17.322-0800: 6280.516: Total time for which application threads were stopped: 0.0052080 seconds, Stopping threads took: 0.0000281 seconds
2016-04-03T18:56:17.357-0800: 6280.551: Total time for which application threads were stopped: 0.0001200 seconds, Stopping threads took: 0.0000181 seconds
2016-04-03T18:56:17.359-0800: 6280.553: Total time for which application threads were stopped: 0.0000632 seconds, Stopping threads took: 0.0000076 seconds
2016-04-03T18:56:17.360-0800: 6280.554: Total time for which application threads were stopped: 0.0000875 seconds, Stopping threads took: 0.0000219 seconds
2016-04-03T18:56:17.360-0800: 6280.554: Total time for which application threads were stopped: 0.0000510 seconds, Stopping threads took: 0.0000067 seconds
2016-04-03T18:56:17.374-0800: 6280.568: Total time for which application threads were stopped: 0.0001123 seconds, Stopping threads took: 0.0000266 seconds
2016-04-03T18:56:17.374-0800: 6280.568: Total time for which application threads were stopped: 0.0000689 seconds, Stopping threads took: 0.0000219 seconds
2016-04-03T18:56:17.382-0800: 6280.576: Total time for which application threads were stopped: 0.0000934 seconds, Stopping threads took: 0.0000232 seconds
2016-04-03T18:56:17.382-0800: 6280.576: Total time for which application threads were stopped: 0.0000696 seconds, Stopping threads took: 0.0000213 seconds
2016-04-03T18:56:17.382-0800: 6280.576: Total time for which application threads were stopped: 0.0000709 seconds, Stopping threads took: 0.0000238 seconds
2016-04-03T18:56:17.382-0800: 6280.576: Total time for which application threads were stopped: 0.0000715 seconds, Stopping threads took: 0.0000170 seconds
2016-04-03T18:56:18.383-0800: 6281.576: Total time for which application threads were stopped: 0.0001168 seconds, Stopping threads took: 0.0000261 seconds
2016-04-03T19:00:36.072-0800: 6539.278: Total time for which application threads were stopped: 0.0001130 seconds, Stopping threads took: 0.0000240 seconds
2016-04-03T19:01:41.928-0800: 6605.138: Total time for which application threads were stopped: 0.0000968 seconds, Stopping threads took: 0.0000168 seconds
2016-04-03T19:01:41.933-0800: 6605.142: Total time for which application threads were stopped: 0.0000767 seconds, Stopping threads took: 0.0000218 seconds
2016-04-03T19:01:41.933-0800: 6605.143: Total time for which application threads were stopped: 0.0000750 seconds, Stopping threads took: 0.0000195 seconds
2016-04-03T19:01:41.937-0800: 6605.146: Total time for which application threads were stopped: 0.0001725 seconds, Stopping threads took: 0.0000792 seconds
2016-04-03T19:01:41.937-0800: 6605.146: Total time for which application threads were stopped: 0.0001283 seconds, Stopping threads took: 0.0000497 seconds
2016-04-03T19:01:41.941-0800: 6605.150: Total time for which application threads were stopped: 0.0001008 seconds, Stopping threads took: 0.0000239 seconds
2016-04-03T19:01:41.941-0800: 6605.151: Total time for which application threads were stopped: 0.0000696 seconds, Stopping threads took: 0.0000093 seconds
2016-04-03T19:01:41.945-0800: 6605.155: Total time for which application threads were stopped: 0.0001416 seconds, Stopping threads took: 0.0000132 seconds
2016-04-03T19:01:41.946-0800: 6605.155: Total time for which application threads were stopped: 0.0001397 seconds, Stopping threads took: 0.0000429 seconds
2016-04-03T19:01:42.949-0800: 6606.158: Total time for which application threads were stopped: 0.0002442 seconds, Stopping threads took: 0.0000508 seconds
2016-04-03T19:01:43.294-0800: 6606.504: Total time for which application threads were stopped: 0.0001385 seconds, Stopping threads took: 0.0000334 seconds
2016-04-03T19:01:43.294-0800: 6606.504: Total time for which application threads were stopped: 0.0000958 seconds, Stopping threads took: 0.0000278 seconds
2016-04-03T19:01:43.295-0800: 6606.504: Total time for which application threads were stopped: 0.0001217 seconds, Stopping threads took: 0.0000648 seconds
2016-04-03T19:01:43.298-0800: 6606.507: Total time for which application threads were stopped: 0.0000738 seconds, Stopping threads took: 0.0000164 seconds
2016-04-03T19:01:43.298-0800: 6606.508: Total time for which application threads were stopped: 0.0001041 seconds, Stopping threads took: 0.0000425 seconds
2016-04-03T19:01:43.301-0800: 6606.511: Total time for which application threads were stopped: 0.0001422 seconds, Stopping threads took: 0.0000144 seconds
2016-04-03T19:01:43.301-0800: 6606.511: Total time for which application threads were stopped: 0.0001043 seconds, Stopping threads took: 0.0000111 seconds
2016-04-03T19:01:43.395-0800: 6606.604: Total time for which application threads were stopped: 0.0001067 seconds, Stopping threads took: 0.0000176 seconds
2016-04-03T19:01:43.395-0800: 6606.605: Total time for which application threads were stopped: 0.0000741 seconds, Stopping threads took: 0.0000114 seconds
2016-04-03T19:01:43.395-0800: 6606.605: Total time for which application threads were stopped: 0.0000485 seconds, Stopping threads took: 0.0000072 seconds
2016-04-03T19:01:43.395-0800: 6606.605: Total time for which application threads were stopped: 0.0000417 seconds, Stopping threads took: 0.0000056 seconds
2016-04-03T19:01:43.395-0800: 6606.605: Total time for which application threads were stopped: 0.0001261 seconds, Stopping threads took: 0.0000051 seconds
2016-04-03T19:01:43.399-0800: 6606.609: Total time for which application threads were stopped: 0.0000843 seconds, Stopping threads took: 0.0000200 seconds
2016-04-03T19:01:43.399-0800: 6606.609: Total time for which application threads were stopped: 0.0000689 seconds, Stopping threads took: 0.0000098 seconds
2016-04-03T19:01:43.403-0800: 6606.613: Total time for which application threads were stopped: 0.0001196 seconds, Stopping threads took: 0.0000479 seconds
2016-04-03T19:01:43.403-0800: 6606.613: Total time for which application threads were stopped: 0.0000850 seconds, Stopping threads took: 0.0000380 seconds
2016-04-03T19:01:43.423-0800: 6606.633: Total time for which application threads were stopped: 0.0001042 seconds, Stopping threads took: 0.0000183 seconds
2016-04-03T19:01:43.423-0800: 6606.633: Total time for which application threads were stopped: 0.0000701 seconds, Stopping threads took: 0.0000181 seconds
2016-04-03T19:01:43.423-0800: 6606.633: Total time for which application threads were stopped: 0.0000805 seconds, Stopping threads took: 0.0000257 seconds
2016-04-03T19:01:43.424-0800: 6606.633: Total time for which application threads were stopped: 0.0001214 seconds, Stopping threads took: 0.0000576 seconds
2016-04-03T19:01:43.424-0800: 6606.634: Total time for which application threads were stopped: 0.0001360 seconds, Stopping threads took: 0.0000680 seconds
2016-04-03T19:01:43.424-0800: 6606.634: Total time for which application threads were stopped: 0.0001172 seconds, Stopping threads took: 0.0000665 seconds
2016-04-03T19:01:43.424-0800: 6606.634: Total time for which application threads were stopped: 0.0001107 seconds, Stopping threads took: 0.0000551 seconds
2016-04-03T19:01:43.424-0800: 6606.634: Total time for which application threads were stopped: 0.0000961 seconds, Stopping threads took: 0.0000265 seconds
2016-04-03T19:01:43.424-0800: 6606.634: Total time for which application threads were stopped: 0.0000869 seconds, Stopping threads took: 0.0000114 seconds
2016-04-03T19:01:43.425-0800: 6606.635: Total time for which application threads were stopped: 0.0001043 seconds, Stopping threads took: 0.0000139 seconds
2016-04-03T19:01:43.425-0800: 6606.635: Total time for which application threads were stopped: 0.0000834 seconds, Stopping threads took: 0.0000240 seconds
2016-04-03T19:01:43.429-0800: 6606.639: Total time for which application threads were stopped: 0.0001225 seconds, Stopping threads took: 0.0000335 seconds
2016-04-03T19:01:43.429-0800: 6606.639: Total time for which application threads were stopped: 0.0000689 seconds, Stopping threads took: 0.0000101 seconds
2016-04-03T19:01:43.434-0800: 6606.644: Total time for which application threads were stopped: 0.0002031 seconds, Stopping threads took: 0.0000515 seconds
2016-04-03T19:01:43.434-0800: 6606.644: Total time for which application threads were stopped: 0.0001431 seconds, Stopping threads took: 0.0000277 seconds
2016-04-03T19:01:43.434-0800: 6606.644: Total time for which application threads were stopped: 0.0001581 seconds, Stopping threads took: 0.0000481 seconds
2016-04-03T19:05:14.779-0800: 6817.999: Total time for which application threads were stopped: 0.0001570 seconds, Stopping threads took: 0.0000216 seconds
2016-04-03T19:05:14.965-0800: 6818.185: Total time for which application threads were stopped: 0.0001396 seconds, Stopping threads took: 0.0000219 seconds
2016-04-03T19:05:14.968-0800: 6818.188: Total time for which application threads were stopped: 0.0001017 seconds, Stopping threads took: 0.0000151 seconds
2016-04-03T19:05:14.973-0800: 6818.193: Total time for which application threads were stopped: 0.0001026 seconds, Stopping threads took: 0.0000170 seconds
2016-04-03T19:05:14.973-0800: 6818.193: Total time for which application threads were stopped: 0.0000452 seconds, Stopping threads took: 0.0000064 seconds
2016-04-03T19:05:15.029-0800: 6818.249: Total time for which application threads were stopped: 0.0001961 seconds, Stopping threads took: 0.0000273 seconds
2016-04-03T19:05:15.030-0800: 6818.251: Total time for which application threads were stopped: 0.0000692 seconds, Stopping threads took: 0.0000101 seconds
2016-04-03T19:05:15.035-0800: 6818.256: Total time for which application threads were stopped: 0.0001063 seconds, Stopping threads took: 0.0000189 seconds
2016-04-03T19:05:15.036-0800: 6818.256: Total time for which application threads were stopped: 0.0000823 seconds, Stopping threads took: 0.0000247 seconds
2016-04-03T19:05:15.036-0800: 6818.256: Total time for which application threads were stopped: 0.0000738 seconds, Stopping threads took: 0.0000240 seconds
2016-04-03T19:05:15.036-0800: 6818.257: Total time for which application threads were stopped: 0.0001221 seconds, Stopping threads took: 0.0000483 seconds
2016-04-03T19:05:15.037-0800: 6818.257: Total time for which application threads were stopped: 0.0000901 seconds, Stopping threads took: 0.0000238 seconds
2016-04-03T19:05:15.037-0800: 6818.257: Total time for which application threads were stopped: 0.0000793 seconds, Stopping threads took: 0.0000232 seconds
2016-04-03T19:05:41.878-0800: 6845.100: Total time for which application threads were stopped: 0.0001109 seconds, Stopping threads took: 0.0000189 seconds
2016-04-03T19:05:41.892-0800: 6845.114: Total time for which application threads were stopped: 0.0001021 seconds, Stopping threads took: 0.0000299 seconds
2016-04-03T19:05:41.893-0800: 6845.114: Total time for which application threads were stopped: 0.0000660 seconds, Stopping threads took: 0.0000071 seconds
2016-04-03T19:05:41.894-0800: 6845.116: Total time for which application threads were stopped: 0.0000694 seconds, Stopping threads took: 0.0000086 seconds
2016-04-03T19:05:41.894-0800: 6845.116: Total time for which application threads were stopped: 0.0001432 seconds, Stopping threads took: 0.0000626 seconds
2016-04-03T19:05:41.895-0800: 6845.116: Total time for which application threads were stopped: 0.0000953 seconds, Stopping threads took: 0.0000290 seconds
2016-04-03T19:05:41.898-0800: 6845.119: Total time for which application threads were stopped: 0.0000656 seconds, Stopping threads took: 0.0000119 seconds
2016-04-03T19:05:41.898-0800: 6845.120: Total time for which application threads were stopped: 0.0001090 seconds, Stopping threads took: 0.0000252 seconds
2016-04-03T19:05:41.898-0800: 6845.120: Total time for which application threads were stopped: 0.0000940 seconds, Stopping threads took: 0.0000365 seconds
2016-04-03T19:05:41.994-0800: 6845.215: Total time for which application threads were stopped: 0.0001189 seconds, Stopping threads took: 0.0000241 seconds
2016-04-03T19:05:41.994-0800: 6845.215: Total time for which application threads were stopped: 0.0000703 seconds, Stopping threads took: 0.0000098 seconds
2016-04-03T19:05:41.997-0800: 6845.219: Total time for which application threads were stopped: 0.0001079 seconds, Stopping threads took: 0.0000214 seconds
2016-04-03T19:05:41.998-0800: 6845.219: Total time for which application threads were stopped: 0.0000673 seconds, Stopping threads took: 0.0000161 seconds
2016-04-03T19:05:42.026-0800: 6845.247: Total time for which application threads were stopped: 0.0001407 seconds, Stopping threads took: 0.0000340 seconds
2016-04-03T19:05:42.026-0800: 6845.248: Total time for which application threads were stopped: 0.0000863 seconds, Stopping threads took: 0.0000118 seconds
2016-04-03T19:05:42.030-0800: 6845.252: Total time for which application threads were stopped: 0.0001157 seconds, Stopping threads took: 0.0000381 seconds
2016-04-03T19:05:42.030-0800: 6845.252: Total time for which application threads were stopped: 0.0000609 seconds, Stopping threads took: 0.0000179 seconds
2016-04-03T19:05:42.858-0800: 6846.079: Total time for which application threads were stopped: 0.0001513 seconds, Stopping threads took: 0.0000531 seconds
2016-04-03T19:05:42.858-0800: 6846.079: Total time for which application threads were stopped: 0.0000517 seconds, Stopping threads took: 0.0000070 seconds
2016-04-03T19:05:42.862-0800: 6846.083: Total time for which application threads were stopped: 0.0001084 seconds, Stopping threads took: 0.0000314 seconds
2016-04-03T19:05:42.862-0800: 6846.084: Total time for which application threads were stopped: 0.0000985 seconds, Stopping threads took: 0.0000433 seconds
2016-04-03T19:05:42.883-0800: 6846.105: Total time for which application threads were stopped: 0.0001068 seconds, Stopping threads took: 0.0000215 seconds
2016-04-03T19:05:42.883-0800: 6846.105: Total time for which application threads were stopped: 0.0000999 seconds, Stopping threads took: 0.0000344 seconds
2016-04-03T19:05:42.888-0800: 6846.110: Total time for which application threads were stopped: 0.0001167 seconds, Stopping threads took: 0.0000289 seconds
2016-04-03T19:05:42.888-0800: 6846.110: Total time for which application threads were stopped: 0.0000886 seconds, Stopping threads took: 0.0000099 seconds
2016-04-03T19:05:44.629-0800: 6847.850: Total time for which application threads were stopped: 0.0001149 seconds, Stopping threads took: 0.0000157 seconds
2016-04-03T19:05:44.629-0800: 6847.850: Total time for which application threads were stopped: 0.0000502 seconds, Stopping threads took: 0.0000064 seconds
2016-04-03T19:05:44.633-0800: 6847.855: Total time for which application threads were stopped: 0.0001501 seconds, Stopping threads took: 0.0000411 seconds
2016-04-03T19:05:44.633-0800: 6847.855: Total time for which application threads were stopped: 0.0001485 seconds, Stopping threads took: 0.0000592 seconds
2016-04-03T19:05:45.799-0800: 6849.021: Total time for which application threads were stopped: 0.0001536 seconds, Stopping threads took: 0.0000181 seconds
2016-04-03T19:05:45.799-0800: 6849.021: Total time for which application threads were stopped: 0.0000717 seconds, Stopping threads took: 0.0000097 seconds
2016-04-03T19:05:45.804-0800: 6849.025: Total time for which application threads were stopped: 0.0001591 seconds, Stopping threads took: 0.0000486 seconds
2016-04-03T19:05:45.804-0800: 6849.025: Total time for which application threads were stopped: 0.0000834 seconds, Stopping threads took: 0.0000277 seconds
2016-04-03T19:05:45.828-0800: 6849.050: Total time for which application threads were stopped: 0.0001960 seconds, Stopping threads took: 0.0000349 seconds
2016-04-03T19:05:45.828-0800: 6849.050: Total time for which application threads were stopped: 0.0000637 seconds, Stopping threads took: 0.0000083 seconds
2016-04-03T19:05:45.833-0800: 6849.055: Total time for which application threads were stopped: 0.0001273 seconds, Stopping threads took: 0.0000357 seconds
2016-04-03T19:05:45.833-0800: 6849.055: Total time for which application threads were stopped: 0.0001163 seconds, Stopping threads took: 0.0000453 seconds
2016-04-03T19:06:36.025-0800: 6899.249: Total time for which application threads were stopped: 0.0002528 seconds, Stopping threads took: 0.0000571 seconds
2016-04-03T19:07:26.139-0800: 6949.366: Total time for which application threads were stopped: 0.0002456 seconds, Stopping threads took: 0.0000594 seconds
2016-04-03T19:09:16.502-0800: 7059.734: Total time for which application threads were stopped: 0.0005815 seconds, Stopping threads took: 0.0000173 seconds
2016-04-03T19:09:16.503-0800: 7059.735: Total time for which application threads were stopped: 0.0000865 seconds, Stopping threads took: 0.0000191 seconds
{Heap before GC invocations=18 (full 2):
 par new generation   total 109248K, used 99470K [0x00000007a0000000, 0x00000007a8000000, 0x00000007a8000000)
  eden space 87424K, 100% used [0x00000007a0000000, 0x00000007a5560000, 0x00000007a5560000)
  from space 21824K,  55% used [0x00000007a5560000, 0x00000007a6123af0, 0x00000007a6ab0000)
  to   space 21824K,   0% used [0x00000007a6ab0000, 0x00000007a6ab0000, 0x00000007a8000000)
 concurrent mark-sweep generation total 393216K, used 22211K [0x00000007a8000000, 0x00000007c0000000, 0x00000007c0000000)
 Metaspace       used 37048K, capacity 37470K, committed 37852K, reserved 1083392K
  class space    used 4131K, capacity 4269K, committed 4296K, reserved 1048576K
2016-04-03T19:09:16.512-0800: 7059.744: [GC (Allocation Failure) 2016-04-03T19:09:16.512-0800: 7059.744: [ParNew
Desired survivor size 20112992 bytes, new threshold 8 (max 8)
- age   1:    1276688 bytes,    1276688 total
- age   2:     606496 bytes,    1883184 total
- age   3:    1746776 bytes,    3629960 total
- age   4:     310688 bytes,    3940648 total
- age   5:    2247144 bytes,    6187792 total
- age   6:    1936544 bytes,    8124336 total
- age   7:     459904 bytes,    8584240 total
- age   8:      40040 bytes,    8624280 total
: 99470K->11791K(109248K), 0.0045442 secs] 121681K->34089K(502464K), 0.0046201 secs] [Times: user=0.01 sys=0.00, real=0.00 secs] 
Heap after GC invocations=19 (full 2):
 par new generation   total 109248K, used 11791K [0x00000007a0000000, 0x00000007a8000000, 0x00000007a8000000)
  eden space 87424K,   0% used [0x00000007a0000000, 0x00000007a0000000, 0x00000007a5560000)
  from space 21824K,  54% used [0x00000007a6ab0000, 0x00000007a7633fe0, 0x00000007a8000000)
  to   space 21824K,   0% used [0x00000007a5560000, 0x00000007a5560000, 0x00000007a6ab0000)
 concurrent mark-sweep generation total 393216K, used 22297K [0x00000007a8000000, 0x00000007c0000000, 0x00000007c0000000)
 Metaspace       used 37048K, capacity 37470K, committed 37852K, reserved 1083392K
  class space    used 4131K, capacity 4269K, committed 4296K, reserved 1048576K
}
2016-04-03T19:09:16.516-0800: 7059.748: Total time for which application threads were stopped: 0.0048680 seconds, Stopping threads took: 0.0000632 seconds
2016-04-03T19:09:16.588-0800: 7059.820: Total time for which application threads were stopped: 0.0001531 seconds, Stopping threads took: 0.0000282 seconds
2016-04-03T19:09:16.590-0800: 7059.822: Total time for which application threads were stopped: 0.0000815 seconds, Stopping threads took: 0.0000115 seconds
2016-04-03T19:09:16.591-0800: 7059.823: Total time for which application threads were stopped: 0.0000667 seconds, Stopping threads took: 0.0000098 seconds
2016-04-03T19:09:16.591-0800: 7059.823: Total time for which application threads were stopped: 0.0000534 seconds, Stopping threads took: 0.0000079 seconds
2016-04-03T19:09:16.606-0800: 7059.838: Total time for which application threads were stopped: 0.0001251 seconds, Stopping threads took: 0.0000214 seconds
2016-04-03T19:09:16.606-0800: 7059.838: Total time for which application threads were stopped: 0.0000937 seconds, Stopping threads took: 0.0000561 seconds
2016-04-03T19:09:16.606-0800: 7059.838: Total time for which application threads were stopped: 0.0000613 seconds, Stopping threads took: 0.0000277 seconds
2016-04-03T19:09:16.619-0800: 7059.851: Total time for which application threads were stopped: 0.0000964 seconds, Stopping threads took: 0.0000277 seconds
2016-04-03T19:09:16.619-0800: 7059.851: Total time for which application threads were stopped: 0.0000768 seconds, Stopping threads took: 0.0000218 seconds
2016-04-03T19:09:16.619-0800: 7059.851: Total time for which application threads were stopped: 0.0000950 seconds, Stopping threads took: 0.0000548 seconds
2016-04-03T19:09:16.620-0800: 7059.851: Total time for which application threads were stopped: 0.0000645 seconds, Stopping threads took: 0.0000272 seconds
2016-04-03T19:09:16.620-0800: 7059.852: Total time for which application threads were stopped: 0.0000432 seconds, Stopping threads took: 0.0000073 seconds
2016-04-03T19:09:16.620-0800: 7059.852: Total time for which application threads were stopped: 0.0000467 seconds, Stopping threads took: 0.0000135 seconds
2016-04-03T19:09:16.620-0800: 7059.852: Total time for which application threads were stopped: 0.0000539 seconds, Stopping threads took: 0.0000160 seconds
2016-04-03T19:09:16.620-0800: 7059.852: Total time for which application threads were stopped: 0.0000545 seconds, Stopping threads took: 0.0000213 seconds
2016-04-03T19:09:16.620-0800: 7059.852: Total time for which application threads were stopped: 0.0000455 seconds, Stopping threads took: 0.0000088 seconds
2016-04-03T19:09:16.620-0800: 7059.852: Total time for which application threads were stopped: 0.0000571 seconds, Stopping threads took: 0.0000167 seconds
2016-04-03T19:09:16.620-0800: 7059.852: Total time for which application threads were stopped: 0.0000448 seconds, Stopping threads took: 0.0000078 seconds
2016-04-03T19:09:16.621-0800: 7059.852: Total time for which application threads were stopped: 0.0000568 seconds, Stopping threads took: 0.0000172 seconds
2016-04-03T19:09:16.621-0800: 7059.853: Total time for which application threads were stopped: 0.0000486 seconds, Stopping threads took: 0.0000080 seconds
2016-04-03T19:09:16.621-0800: 7059.853: Total time for which application threads were stopped: 0.0000380 seconds, Stopping threads took: 0.0000059 seconds
2016-04-03T19:09:16.621-0800: 7059.853: Total time for which application threads were stopped: 0.0000379 seconds, Stopping threads took: 0.0000062 seconds
2016-04-03T19:09:16.621-0800: 7059.853: Total time for which application threads were stopped: 0.0000365 seconds, Stopping threads took: 0.0000059 seconds
2016-04-03T19:09:16.621-0800: 7059.853: Total time for which application threads were stopped: 0.0000371 seconds, Stopping threads took: 0.0000068 seconds
2016-04-03T19:09:16.621-0800: 7059.853: Total time for which application threads were stopped: 0.0001314 seconds, Stopping threads took: 0.0000225 seconds
2016-04-03T19:09:32.722-0800: 7075.955: Total time for which application threads were stopped: 0.0001229 seconds, Stopping threads took: 0.0000212 seconds
2016-04-03T19:09:32.736-0800: 7075.968: Total time for which application threads were stopped: 0.0001146 seconds, Stopping threads took: 0.0000197 seconds
2016-04-03T19:09:32.736-0800: 7075.969: Total time for which application threads were stopped: 0.0001446 seconds, Stopping threads took: 0.0000218 seconds
2016-04-03T19:09:32.739-0800: 7075.972: Total time for which application threads were stopped: 0.0001357 seconds, Stopping threads took: 0.0000445 seconds
2016-04-03T19:09:32.739-0800: 7075.972: Total time for which application threads were stopped: 0.0000775 seconds, Stopping threads took: 0.0000176 seconds
2016-04-03T19:09:32.739-0800: 7075.972: Total time for which application threads were stopped: 0.0001374 seconds, Stopping threads took: 0.0000433 seconds
2016-04-03T19:09:32.740-0800: 7075.972: Total time for which application threads were stopped: 0.0000793 seconds, Stopping threads took: 0.0000265 seconds
2016-04-03T19:09:32.742-0800: 7075.975: Total time for which application threads were stopped: 0.0001166 seconds, Stopping threads took: 0.0000413 seconds
2016-04-03T19:09:32.742-0800: 7075.975: Total time for which application threads were stopped: 0.0000932 seconds, Stopping threads took: 0.0000450 seconds
2016-04-03T19:09:32.743-0800: 7075.976: Total time for which application threads were stopped: 0.0001145 seconds, Stopping threads took: 0.0000291 seconds
2016-04-03T19:09:32.743-0800: 7075.976: Total time for which application threads were stopped: 0.0000896 seconds, Stopping threads took: 0.0000237 seconds
2016-04-03T19:09:32.844-0800: 7076.077: Total time for which application threads were stopped: 0.0001501 seconds, Stopping threads took: 0.0000279 seconds
2016-04-03T19:09:32.844-0800: 7076.077: Total time for which application threads were stopped: 0.0000676 seconds, Stopping threads took: 0.0000081 seconds
2016-04-03T19:09:32.850-0800: 7076.082: Total time for which application threads were stopped: 0.0001312 seconds, Stopping threads took: 0.0000366 seconds
2016-04-03T19:09:32.850-0800: 7076.082: Total time for which application threads were stopped: 0.0000858 seconds, Stopping threads took: 0.0000109 seconds
2016-04-03T19:09:32.867-0800: 7076.100: Total time for which application threads were stopped: 0.0001149 seconds, Stopping threads took: 0.0000171 seconds
2016-04-03T19:09:32.867-0800: 7076.100: Total time for which application threads were stopped: 0.0001006 seconds, Stopping threads took: 0.0000117 seconds
2016-04-03T19:09:32.867-0800: 7076.100: Total time for which application threads were stopped: 0.0001039 seconds, Stopping threads took: 0.0000543 seconds
2016-04-03T19:09:32.868-0800: 7076.100: Total time for which application threads were stopped: 0.0000793 seconds, Stopping threads took: 0.0000099 seconds
2016-04-03T19:09:32.868-0800: 7076.100: Total time for which application threads were stopped: 0.0001030 seconds, Stopping threads took: 0.0000466 seconds
2016-04-03T19:09:32.868-0800: 7076.101: Total time for which application threads were stopped: 0.0000934 seconds, Stopping threads took: 0.0000120 seconds
2016-04-03T19:09:32.868-0800: 7076.101: Total time for which application threads were stopped: 0.0000784 seconds, Stopping threads took: 0.0000097 seconds
2016-04-03T19:09:32.868-0800: 7076.101: Total time for which application threads were stopped: 0.0000828 seconds, Stopping threads took: 0.0000099 seconds
2016-04-03T19:09:32.869-0800: 7076.101: Total time for which application threads were stopped: 0.0001493 seconds, Stopping threads took: 0.0000647 seconds
2016-04-03T19:09:32.869-0800: 7076.102: Total time for which application threads were stopped: 0.0000976 seconds, Stopping threads took: 0.0000228 seconds
2016-04-03T19:09:32.869-0800: 7076.102: Total time for which application threads were stopped: 0.0001289 seconds, Stopping threads took: 0.0000575 seconds
2016-04-03T19:09:32.869-0800: 7076.102: Total time for which application threads were stopped: 0.0000919 seconds, Stopping threads took: 0.0000204 seconds
2016-04-03T19:09:32.869-0800: 7076.102: Total time for which application threads were stopped: 0.0000810 seconds, Stopping threads took: 0.0000277 seconds
2016-04-03T19:09:32.870-0800: 7076.103: Total time for which application threads were stopped: 0.0000913 seconds, Stopping threads took: 0.0000125 seconds
2016-04-03T19:09:32.870-0800: 7076.103: Total time for which application threads were stopped: 0.0000797 seconds, Stopping threads took: 0.0000102 seconds
2016-04-03T19:09:32.874-0800: 7076.107: Total time for which application threads were stopped: 0.0000968 seconds, Stopping threads took: 0.0000158 seconds
2016-04-03T19:09:32.875-0800: 7076.107: Total time for which application threads were stopped: 0.0000850 seconds, Stopping threads took: 0.0000096 seconds
2016-04-03T19:09:32.879-0800: 7076.112: Total time for which application threads were stopped: 0.0001625 seconds, Stopping threads took: 0.0000682 seconds
2016-04-03T19:09:32.879-0800: 7076.112: Total time for which application threads were stopped: 0.0001367 seconds, Stopping threads took: 0.0000431 seconds
2016-04-03T19:09:35.110-0800: 7078.342: Total time for which application threads were stopped: 0.0001177 seconds, Stopping threads took: 0.0000188 seconds
2016-04-03T19:09:35.110-0800: 7078.342: Total time for which application threads were stopped: 0.0000642 seconds, Stopping threads took: 0.0000068 seconds
2016-04-03T19:09:35.114-0800: 7078.347: Total time for which application threads were stopped: 0.0001578 seconds, Stopping threads took: 0.0000125 seconds
2016-04-03T19:09:35.114-0800: 7078.347: Total time for which application threads were stopped: 0.0001697 seconds, Stopping threads took: 0.0000619 seconds
2016-04-03T19:09:35.114-0800: 7078.347: Total time for which application threads were stopped: 0.0001812 seconds, Stopping threads took: 0.0000635 seconds
2016-04-03T19:09:36.304-0800: 7079.537: Total time for which application threads were stopped: 0.0001169 seconds, Stopping threads took: 0.0000175 seconds
2016-04-03T19:09:36.305-0800: 7079.537: Total time for which application threads were stopped: 0.0000497 seconds, Stopping threads took: 0.0000061 seconds
2016-04-03T19:09:36.308-0800: 7079.541: Total time for which application threads were stopped: 0.0001304 seconds, Stopping threads took: 0.0000126 seconds
2016-04-03T19:09:36.308-0800: 7079.541: Total time for which application threads were stopped: 0.0001243 seconds, Stopping threads took: 0.0000438 seconds
2016-04-03T19:09:36.329-0800: 7079.562: Total time for which application threads were stopped: 0.0000914 seconds, Stopping threads took: 0.0000122 seconds
2016-04-03T19:09:36.329-0800: 7079.562: Total time for which application threads were stopped: 0.0000766 seconds, Stopping threads took: 0.0000065 seconds
2016-04-03T19:09:36.334-0800: 7079.567: Total time for which application threads were stopped: 0.0001525 seconds, Stopping threads took: 0.0000539 seconds
2016-04-03T19:09:36.334-0800: 7079.567: Total time for which application threads were stopped: 0.0000676 seconds, Stopping threads took: 0.0000080 seconds
2016-04-03T19:12:15.365-0800: 7238.606: Total time for which application threads were stopped: 0.0001138 seconds, Stopping threads took: 0.0000183 seconds
2016-04-03T19:12:15.370-0800: 7238.611: Total time for which application threads were stopped: 0.0000689 seconds, Stopping threads took: 0.0000121 seconds
2016-04-03T19:12:15.371-0800: 7238.612: Total time for which application threads were stopped: 0.0000887 seconds, Stopping threads took: 0.0000274 seconds
2016-04-03T19:12:15.374-0800: 7238.614: Total time for which application threads were stopped: 0.0001506 seconds, Stopping threads took: 0.0000135 seconds
2016-04-03T19:12:15.374-0800: 7238.614: Total time for which application threads were stopped: 0.0000521 seconds, Stopping threads took: 0.0000070 seconds
2016-04-03T19:12:15.377-0800: 7238.617: Total time for which application threads were stopped: 0.0001133 seconds, Stopping threads took: 0.0000134 seconds
2016-04-03T19:12:15.377-0800: 7238.617: Total time for which application threads were stopped: 0.0000688 seconds, Stopping threads took: 0.0000091 seconds
2016-04-03T19:12:15.381-0800: 7238.622: Total time for which application threads were stopped: 0.0001902 seconds, Stopping threads took: 0.0000758 seconds
2016-04-03T19:12:15.381-0800: 7238.622: Total time for which application threads were stopped: 0.0001188 seconds, Stopping threads took: 0.0000536 seconds
2016-04-03T19:16:14.740-0800: 7477.993: Total time for which application threads were stopped: 0.0001725 seconds, Stopping threads took: 0.0000248 seconds
2016-04-03T19:16:14.924-0800: 7478.177: Total time for which application threads were stopped: 0.0001561 seconds, Stopping threads took: 0.0000206 seconds
2016-04-03T19:16:14.928-0800: 7478.180: Total time for which application threads were stopped: 0.0001187 seconds, Stopping threads took: 0.0000149 seconds
2016-04-03T19:16:14.933-0800: 7478.185: Total time for which application threads were stopped: 0.0001058 seconds, Stopping threads took: 0.0000145 seconds
2016-04-03T19:16:14.933-0800: 7478.185: Total time for which application threads were stopped: 0.0000557 seconds, Stopping threads took: 0.0000072 seconds
2016-04-03T19:16:14.983-0800: 7478.236: Total time for which application threads were stopped: 0.0001048 seconds, Stopping threads took: 0.0000192 seconds
2016-04-03T19:16:14.983-0800: 7478.236: Total time for which application threads were stopped: 0.0000485 seconds, Stopping threads took: 0.0000063 seconds
2016-04-03T19:16:14.993-0800: 7478.245: Total time for which application threads were stopped: 0.0001173 seconds, Stopping threads took: 0.0000143 seconds
2016-04-03T19:16:14.993-0800: 7478.246: Total time for which application threads were stopped: 0.0000849 seconds, Stopping threads took: 0.0000280 seconds
2016-04-03T19:16:14.994-0800: 7478.246: Total time for which application threads were stopped: 0.0000600 seconds, Stopping threads took: 0.0000201 seconds
2016-04-03T19:16:14.994-0800: 7478.246: Total time for which application threads were stopped: 0.0000796 seconds, Stopping threads took: 0.0000336 seconds
2016-04-03T19:16:14.994-0800: 7478.246: Total time for which application threads were stopped: 0.0000793 seconds, Stopping threads took: 0.0000285 seconds
2016-04-03T19:16:21.591-0800: 7484.844: Total time for which application threads were stopped: 0.0001165 seconds, Stopping threads took: 0.0000205 seconds
2016-04-03T19:16:21.607-0800: 7484.860: Total time for which application threads were stopped: 0.0001444 seconds, Stopping threads took: 0.0000196 seconds
2016-04-03T19:16:21.608-0800: 7484.860: Total time for which application threads were stopped: 0.0000810 seconds, Stopping threads took: 0.0000190 seconds
2016-04-03T19:16:21.608-0800: 7484.861: Total time for which application threads were stopped: 0.0000757 seconds, Stopping threads took: 0.0000225 seconds
2016-04-03T19:16:21.609-0800: 7484.862: Total time for which application threads were stopped: 0.0000618 seconds, Stopping threads took: 0.0000106 seconds
2016-04-03T19:16:21.609-0800: 7484.862: Total time for which application threads were stopped: 0.0000847 seconds, Stopping threads took: 0.0000233 seconds
2016-04-03T19:16:21.610-0800: 7484.863: Total time for which application threads were stopped: 0.0001287 seconds, Stopping threads took: 0.0000514 seconds
2016-04-03T19:16:21.610-0800: 7484.863: Total time for which application threads were stopped: 0.0001391 seconds, Stopping threads took: 0.0000573 seconds
2016-04-03T19:16:21.613-0800: 7484.866: Total time for which application threads were stopped: 0.0000724 seconds, Stopping threads took: 0.0000096 seconds
2016-04-03T19:16:21.613-0800: 7484.866: Total time for which application threads were stopped: 0.0001544 seconds, Stopping threads took: 0.0000541 seconds
2016-04-03T19:16:21.613-0800: 7484.866: Total time for which application threads were stopped: 0.0001165 seconds, Stopping threads took: 0.0000413 seconds
{Heap before GC invocations=19 (full 2):
 par new generation   total 109248K, used 99215K [0x00000007a0000000, 0x00000007a8000000, 0x00000007a8000000)
  eden space 87424K, 100% used [0x00000007a0000000, 0x00000007a5560000, 0x00000007a5560000)
  from space 21824K,  54% used [0x00000007a6ab0000, 0x00000007a7633fe0, 0x00000007a8000000)
  to   space 21824K,   0% used [0x00000007a5560000, 0x00000007a5560000, 0x00000007a6ab0000)
 concurrent mark-sweep generation total 393216K, used 22297K [0x00000007a8000000, 0x00000007c0000000, 0x00000007c0000000)
 Metaspace       used 37081K, capacity 37538K, committed 37852K, reserved 1083392K
  class space    used 4131K, capacity 4269K, committed 4296K, reserved 1048576K
2016-04-03T19:16:21.714-0800: 7484.967: [GC (Allocation Failure) 2016-04-03T19:16:21.714-0800: 7484.967: [ParNew
Desired survivor size 20112992 bytes, new threshold 8 (max 8)
- age   1:     929328 bytes,     929328 total
- age   2:     584128 bytes,    1513456 total
- age   3:     524784 bytes,    2038240 total
- age   4:    1679192 bytes,    3717432 total
- age   5:     310688 bytes,    4028120 total
- age   6:    2247144 bytes,    6275264 total
- age   7:    1933328 bytes,    8208592 total
- age   8:     459856 bytes,    8668448 total
: 99215K->10054K(109248K), 0.0049961 secs] 121513K->32391K(502464K), 0.0050477 secs] [Times: user=0.02 sys=0.00, real=0.00 secs] 
Heap after GC invocations=20 (full 2):
 par new generation   total 109248K, used 10054K [0x00000007a0000000, 0x00000007a8000000, 0x00000007a8000000)
  eden space 87424K,   0% used [0x00000007a0000000, 0x00000007a0000000, 0x00000007a5560000)
  from space 21824K,  46% used [0x00000007a5560000, 0x00000007a5f318c8, 0x00000007a6ab0000)
  to   space 21824K,   0% used [0x00000007a6ab0000, 0x00000007a6ab0000, 0x00000007a8000000)
 concurrent mark-sweep generation total 393216K, used 22337K [0x00000007a8000000, 0x00000007c0000000, 0x00000007c0000000)
 Metaspace       used 37081K, capacity 37538K, committed 37852K, reserved 1083392K
  class space    used 4131K, capacity 4269K, committed 4296K, reserved 1048576K
}
2016-04-03T19:16:21.719-0800: 7484.972: Total time for which application threads were stopped: 0.0052225 seconds, Stopping threads took: 0.0000173 seconds
2016-04-03T19:16:21.724-0800: 7484.977: Total time for which application threads were stopped: 0.0000926 seconds, Stopping threads took: 0.0000117 seconds
2016-04-03T19:16:21.724-0800: 7484.977: Total time for which application threads were stopped: 0.0000608 seconds, Stopping threads took: 0.0000064 seconds
2016-04-03T19:16:21.729-0800: 7484.982: Total time for which application threads were stopped: 0.0002149 seconds, Stopping threads took: 0.0000924 seconds
2016-04-03T19:16:21.729-0800: 7484.982: Total time for which application threads were stopped: 0.0000706 seconds, Stopping threads took: 0.0000190 seconds
2016-04-03T19:16:21.748-0800: 7485.000: Total time for which application threads were stopped: 0.0001127 seconds, Stopping threads took: 0.0000240 seconds
2016-04-03T19:16:21.748-0800: 7485.001: Total time for which application threads were stopped: 0.0000974 seconds, Stopping threads took: 0.0000450 seconds
2016-04-03T19:16:21.748-0800: 7485.001: Total time for which application threads were stopped: 0.0000676 seconds, Stopping threads took: 0.0000200 seconds
2016-04-03T19:16:21.748-0800: 7485.001: Total time for which application threads were stopped: 0.0000684 seconds, Stopping threads took: 0.0000222 seconds
2016-04-03T19:16:21.748-0800: 7485.001: Total time for which application threads were stopped: 0.0001599 seconds, Stopping threads took: 0.0000232 seconds
2016-04-03T19:16:21.752-0800: 7485.005: Total time for which application threads were stopped: 0.0000939 seconds, Stopping threads took: 0.0000190 seconds
2016-04-03T19:16:21.753-0800: 7485.005: Total time for which application threads were stopped: 0.0000712 seconds, Stopping threads took: 0.0000098 seconds
2016-04-03T19:16:21.757-0800: 7485.009: Total time for which application threads were stopped: 0.0001362 seconds, Stopping threads took: 0.0000468 seconds
2016-04-03T19:16:21.757-0800: 7485.010: Total time for which application threads were stopped: 0.0001155 seconds, Stopping threads took: 0.0000191 seconds
2016-04-03T19:16:22.997-0800: 7486.250: Total time for which application threads were stopped: 0.0001222 seconds, Stopping threads took: 0.0000185 seconds
2016-04-03T19:16:22.998-0800: 7486.250: Total time for which application threads were stopped: 0.0000808 seconds, Stopping threads took: 0.0000114 seconds
2016-04-03T19:16:22.998-0800: 7486.250: Total time for which application threads were stopped: 0.0000436 seconds, Stopping threads took: 0.0000059 seconds
2016-04-03T19:16:22.998-0800: 7486.250: Total time for which application threads were stopped: 0.0000417 seconds, Stopping threads took: 0.0000055 seconds
2016-04-03T19:16:22.998-0800: 7486.251: Total time for which application threads were stopped: 0.0000409 seconds, Stopping threads took: 0.0000054 seconds
2016-04-03T19:16:22.998-0800: 7486.251: Total time for which application threads were stopped: 0.0000404 seconds, Stopping threads took: 0.0000052 seconds
2016-04-03T19:16:22.998-0800: 7486.251: Total time for which application threads were stopped: 0.0000489 seconds, Stopping threads took: 0.0000075 seconds
2016-04-03T19:16:22.998-0800: 7486.251: Total time for which application threads were stopped: 0.0000427 seconds, Stopping threads took: 0.0000057 seconds
2016-04-03T19:16:22.998-0800: 7486.251: Total time for which application threads were stopped: 0.0000428 seconds, Stopping threads took: 0.0000056 seconds
2016-04-03T19:16:22.998-0800: 7486.251: Total time for which application threads were stopped: 0.0000521 seconds, Stopping threads took: 0.0000078 seconds
2016-04-03T19:16:22.999-0800: 7486.251: Total time for which application threads were stopped: 0.0000664 seconds, Stopping threads took: 0.0000090 seconds
2016-04-03T19:16:23.002-0800: 7486.255: Total time for which application threads were stopped: 0.0001246 seconds, Stopping threads took: 0.0000281 seconds
2016-04-03T19:16:23.002-0800: 7486.255: Total time for which application threads were stopped: 0.0000710 seconds, Stopping threads took: 0.0000098 seconds
2016-04-03T19:16:23.006-0800: 7486.259: Total time for which application threads were stopped: 0.0001072 seconds, Stopping threads took: 0.0000258 seconds
2016-04-03T19:16:23.006-0800: 7486.259: Total time for which application threads were stopped: 0.0000811 seconds, Stopping threads took: 0.0000164 seconds
2016-04-03T19:16:23.027-0800: 7486.280: Total time for which application threads were stopped: 0.0001051 seconds, Stopping threads took: 0.0000156 seconds
2016-04-03T19:16:23.027-0800: 7486.280: Total time for which application threads were stopped: 0.0000508 seconds, Stopping threads took: 0.0000061 seconds
2016-04-03T19:16:23.031-0800: 7486.284: Total time for which application threads were stopped: 0.0001798 seconds, Stopping threads took: 0.0000409 seconds
2016-04-03T19:16:23.032-0800: 7486.284: Total time for which application threads were stopped: 0.0001092 seconds, Stopping threads took: 0.0000118 seconds
2016-04-03T19:16:23.370-0800: 7486.623: Total time for which application threads were stopped: 0.0001179 seconds, Stopping threads took: 0.0000172 seconds
2016-04-03T19:16:23.370-0800: 7486.623: Total time for which application threads were stopped: 0.0000690 seconds, Stopping threads took: 0.0000095 seconds
2016-04-03T19:16:23.374-0800: 7486.627: Total time for which application threads were stopped: 0.0001193 seconds, Stopping threads took: 0.0000247 seconds
2016-04-03T19:16:23.375-0800: 7486.627: Total time for which application threads were stopped: 0.0001245 seconds, Stopping threads took: 0.0000496 seconds
2016-04-03T19:16:23.398-0800: 7486.651: Total time for which application threads were stopped: 0.0001300 seconds, Stopping threads took: 0.0000159 seconds
2016-04-03T19:16:23.398-0800: 7486.651: Total time for which application threads were stopped: 0.0000517 seconds, Stopping threads took: 0.0000065 seconds
2016-04-03T19:16:23.402-0800: 7486.655: Total time for which application threads were stopped: 0.0001515 seconds, Stopping threads took: 0.0000674 seconds
2016-04-03T19:16:23.402-0800: 7486.655: Total time for which application threads were stopped: 0.0001130 seconds, Stopping threads took: 0.0000499 seconds
2016-04-03T19:16:26.861-0800: 7490.114: Total time for which application threads were stopped: 0.0001826 seconds, Stopping threads took: 0.0000324 seconds
2016-04-03T19:16:26.861-0800: 7490.114: Total time for which application threads were stopped: 0.0000900 seconds, Stopping threads took: 0.0000107 seconds
2016-04-03T19:16:26.867-0800: 7490.120: Total time for which application threads were stopped: 0.0002108 seconds, Stopping threads took: 0.0000916 seconds
2016-04-03T19:16:26.867-0800: 7490.120: Total time for which application threads were stopped: 0.0001222 seconds, Stopping threads took: 0.0000119 seconds
2016-04-03T19:16:28.357-0800: 7491.610: Total time for which application threads were stopped: 0.0001259 seconds, Stopping threads took: 0.0000253 seconds
2016-04-03T19:16:28.357-0800: 7491.610: Total time for which application threads were stopped: 0.0000514 seconds, Stopping threads took: 0.0000067 seconds
2016-04-03T19:16:28.361-0800: 7491.614: Total time for which application threads were stopped: 0.0001000 seconds, Stopping threads took: 0.0000122 seconds
2016-04-03T19:16:28.361-0800: 7491.614: Total time for which application threads were stopped: 0.0001094 seconds, Stopping threads took: 0.0000507 seconds
2016-04-03T19:16:29.925-0800: 7493.178: Total time for which application threads were stopped: 0.0001289 seconds, Stopping threads took: 0.0000258 seconds
2016-04-03T19:16:29.925-0800: 7493.178: Total time for which application threads were stopped: 0.0000723 seconds, Stopping threads took: 0.0000094 seconds
2016-04-03T19:16:29.930-0800: 7493.183: Total time for which application threads were stopped: 0.0002426 seconds, Stopping threads took: 0.0000486 seconds
2016-04-03T19:16:29.930-0800: 7493.183: Total time for which application threads were stopped: 0.0001427 seconds, Stopping threads took: 0.0000100 seconds
2016-04-03T19:16:29.930-0800: 7493.183: Total time for which application threads were stopped: 0.0001093 seconds, Stopping threads took: 0.0000148 seconds
2016-04-03T19:16:29.954-0800: 7493.207: Total time for which application threads were stopped: 0.0001267 seconds, Stopping threads took: 0.0000341 seconds
2016-04-03T19:16:29.954-0800: 7493.207: Total time for which application threads were stopped: 0.0001228 seconds, Stopping threads took: 0.0000534 seconds
2016-04-03T19:16:29.958-0800: 7493.211: Total time for which application threads were stopped: 0.0001004 seconds, Stopping threads took: 0.0000239 seconds
2016-04-03T19:16:29.958-0800: 7493.211: Total time for which application threads were stopped: 0.0001803 seconds, Stopping threads took: 0.0000560 seconds
2016-04-03T19:16:31.615-0800: 7494.868: Total time for which application threads were stopped: 0.0001861 seconds, Stopping threads took: 0.0000354 seconds
2016-04-03T19:16:31.615-0800: 7494.868: Total time for which application threads were stopped: 0.0000920 seconds, Stopping threads took: 0.0000094 seconds
2016-04-03T19:16:31.620-0800: 7494.873: Total time for which application threads were stopped: 0.0001718 seconds, Stopping threads took: 0.0000311 seconds
2016-04-03T19:16:31.620-0800: 7494.874: Total time for which application threads were stopped: 0.0000779 seconds, Stopping threads took: 0.0000111 seconds
2016-04-03T19:16:32.569-0800: 7495.822: Total time for which application threads were stopped: 0.0001127 seconds, Stopping threads took: 0.0000165 seconds
2016-04-03T19:16:32.569-0800: 7495.822: Total time for which application threads were stopped: 0.0000487 seconds, Stopping threads took: 0.0000058 seconds
2016-04-03T19:16:32.573-0800: 7495.826: Total time for which application threads were stopped: 0.0001057 seconds, Stopping threads took: 0.0000187 seconds
2016-04-03T19:16:32.573-0800: 7495.827: Total time for which application threads were stopped: 0.0001245 seconds, Stopping threads took: 0.0000385 seconds
2016-04-03T19:16:32.594-0800: 7495.847: Total time for which application threads were stopped: 0.0001139 seconds, Stopping threads took: 0.0000157 seconds
2016-04-03T19:16:32.594-0800: 7495.847: Total time for which application threads were stopped: 0.0000605 seconds, Stopping threads took: 0.0000093 seconds
2016-04-03T19:16:32.598-0800: 7495.851: Total time for which application threads were stopped: 0.0001481 seconds, Stopping threads took: 0.0000469 seconds
2016-04-03T19:16:32.598-0800: 7495.851: Total time for which application threads were stopped: 0.0000660 seconds, Stopping threads took: 0.0000079 seconds
2016-04-03T19:21:11.702-0800: 7774.969: Total time for which application threads were stopped: 0.0001285 seconds, Stopping threads took: 0.0000305 seconds
2016-04-03T19:21:11.703-0800: 7774.970: Total time for which application threads were stopped: 0.0000692 seconds, Stopping threads took: 0.0000092 seconds
2016-04-03T19:21:11.703-0800: 7774.970: Total time for which application threads were stopped: 0.0000412 seconds, Stopping threads took: 0.0000062 seconds
2016-04-03T19:21:11.705-0800: 7774.972: Total time for which application threads were stopped: 0.0000802 seconds, Stopping threads took: 0.0000209 seconds
2016-04-03T19:21:11.706-0800: 7774.973: Total time for which application threads were stopped: 0.0000511 seconds, Stopping threads took: 0.0000161 seconds
2016-04-03T19:21:11.706-0800: 7774.973: Total time for which application threads were stopped: 0.0000532 seconds, Stopping threads took: 0.0000192 seconds
2016-04-03T19:21:11.706-0800: 7774.973: Total time for which application threads were stopped: 0.0000378 seconds, Stopping threads took: 0.0000061 seconds
2016-04-03T19:21:11.706-0800: 7774.973: Total time for which application threads were stopped: 0.0000336 seconds, Stopping threads took: 0.0000060 seconds
2016-04-03T19:21:11.707-0800: 7774.974: Total time for which application threads were stopped: 0.0000403 seconds, Stopping threads took: 0.0000133 seconds
2016-04-03T19:21:11.707-0800: 7774.974: Total time for which application threads were stopped: 0.0000358 seconds, Stopping threads took: 0.0000069 seconds
2016-04-03T19:21:11.707-0800: 7774.974: Total time for which application threads were stopped: 0.0000407 seconds, Stopping threads took: 0.0000074 seconds
2016-04-03T19:21:11.707-0800: 7774.974: Total time for which application threads were stopped: 0.0000347 seconds, Stopping threads took: 0.0000085 seconds
2016-04-03T19:21:11.707-0800: 7774.974: Total time for which application threads were stopped: 0.0000409 seconds, Stopping threads took: 0.0000068 seconds
2016-04-03T19:21:11.707-0800: 7774.974: Total time for which application threads were stopped: 0.0000349 seconds, Stopping threads took: 0.0000069 seconds
2016-04-03T19:21:11.707-0800: 7774.974: Total time for which application threads were stopped: 0.0000463 seconds, Stopping threads took: 0.0000165 seconds
2016-04-03T19:21:11.707-0800: 7774.974: Total time for which application threads were stopped: 0.0000624 seconds, Stopping threads took: 0.0000285 seconds
2016-04-03T19:21:11.707-0800: 7774.974: Total time for which application threads were stopped: 0.0000664 seconds, Stopping threads took: 0.0000285 seconds
2016-04-03T19:21:11.708-0800: 7774.974: Total time for which application threads were stopped: 0.0000547 seconds, Stopping threads took: 0.0000147 seconds
2016-04-03T19:21:11.708-0800: 7774.975: Total time for which application threads were stopped: 0.0000583 seconds, Stopping threads took: 0.0000291 seconds
2016-04-03T19:21:11.708-0800: 7774.975: Total time for which application threads were stopped: 0.0000514 seconds, Stopping threads took: 0.0000169 seconds
2016-04-03T19:21:11.708-0800: 7774.975: Total time for which application threads were stopped: 0.0000588 seconds, Stopping threads took: 0.0000300 seconds
2016-04-03T19:21:11.708-0800: 7774.975: Total time for which application threads were stopped: 0.0000465 seconds, Stopping threads took: 0.0000162 seconds
2016-04-03T19:21:11.708-0800: 7774.975: Total time for which application threads were stopped: 0.0000367 seconds, Stopping threads took: 0.0000065 seconds
2016-04-03T19:21:11.708-0800: 7774.975: Total time for which application threads were stopped: 0.0000536 seconds, Stopping threads took: 0.0000217 seconds
2016-04-03T19:21:11.709-0800: 7774.975: Total time for which application threads were stopped: 0.0000572 seconds, Stopping threads took: 0.0000283 seconds
2016-04-03T19:21:11.709-0800: 7774.976: Total time for which application threads were stopped: 0.0000505 seconds, Stopping threads took: 0.0000186 seconds
2016-04-03T19:21:11.709-0800: 7774.976: Total time for which application threads were stopped: 0.0000616 seconds, Stopping threads took: 0.0000298 seconds
2016-04-03T19:21:11.709-0800: 7774.976: Total time for which application threads were stopped: 0.0000422 seconds, Stopping threads took: 0.0000139 seconds
2016-04-03T19:21:11.709-0800: 7774.976: Total time for which application threads were stopped: 0.0000542 seconds, Stopping threads took: 0.0000277 seconds
2016-04-03T19:21:11.709-0800: 7774.976: Total time for which application threads were stopped: 0.0000648 seconds, Stopping threads took: 0.0000305 seconds
2016-04-03T19:21:11.712-0800: 7774.979: Total time for which application threads were stopped: 0.0002091 seconds, Stopping threads took: 0.0001577 seconds
Heap
 par new generation   total 109248K, used 24244K [0x00000007a0000000, 0x00000007a8000000, 0x00000007a8000000)
  eden space 87424K,  16% used [0x00000007a0000000, 0x00000007a0ddb888, 0x00000007a5560000)
  from space 21824K,  46% used [0x00000007a5560000, 0x00000007a5f318c8, 0x00000007a6ab0000)
  to   space 21824K,   0% used [0x00000007a6ab0000, 0x00000007a6ab0000, 0x00000007a8000000)
 concurrent mark-sweep generation total 393216K, used 22337K [0x00000007a8000000, 0x00000007c0000000, 0x00000007c0000000)
 Metaspace       used 37143K, capacity 37558K, committed 37852K, reserved 1083392K
  class space    used 4136K, capacity 4271K, committed 4296K, reserved 1048576K
